[kr36] 2026-04-23 21:48:44 starting daily brief run (no email)...
[kr36] PROJECT_ROOT=E:\AI\touzifenxi
[kr36] PYTHON_BIN=E:\AI\touzifenxi\.venv\Scripts\python.exe
[kr36] TIMEOUT=50s
[kr36] LOG_FILE=E:\AI\touzifenxi\logs\kr36\kr36_20260423_214843.log
[kr36] running: "E:\AI\touzifenxi\.venv\Scripts\python.exe" scripts\websearch.py run --source 36kr --timeout 50
2026-04-23 21:48:45 [kr36] cookie_quality sensors_short len=481
2026-04-23 21:48:45 [kr36] listing_begin report_date=2026-04-23 rounds_total=3 candidate_limit=120 mode=sequential step0.5_then_step1
2026-04-23 21:48:45 [kr36] step0.5_topic_round_start page=1 round=1/3 stage=topics url=https://36kr.com/topics/
2026-04-23 21:48:45 [kr36] 进入专题页(0.5步)，数据 0 条，累计 0 条
2026-04-23 21:48:45 [kr36] fetch_start url=https://36kr.com/topics/
2026-04-23 21:48:47 [kr36] fetch_ok method=curl url=https://36kr.com/topics/ html_length=73868
2026-04-23 21:48:48 [kr36] throttle_wait url=https://36kr.com/topics/3770543132934659 wait_ms=23488 global_wait_ms=23488 same_url_wait_ms=0 risk_wait_ms=0
2026-04-23 21:49:11 [kr36] fetch_start url=https://36kr.com/topics/3770543132934659
2026-04-23 21:49:13 [kr36] fetch_ok method=curl url=https://36kr.com/topics/3770543132934659 html_length=76044
2026-04-23 21:49:13 [kr36] throttle_wait url=https://36kr.com/video/3766585318896386 wait_ms=28636 global_wait_ms=28636 same_url_wait_ms=0 risk_wait_ms=0
2026-04-23 21:49:42 [kr36] fetch_start url=https://36kr.com/video/3766585318896386
2026-04-23 21:49:45 [kr36] fetch_ok method=curl url=https://36kr.com/video/3766585318896386 html_length=14308
2026-04-23 21:49:45 [kr36] throttle_wait url=https://m.36kr.com/video/3766585318896386 wait_ms=34349 global_wait_ms=34349 same_url_wait_ms=0 risk_wait_ms=0
2026-04-23 21:50:20 [kr36] fetch_start url=https://m.36kr.com/video/3766585318896386
2026-04-23 21:50:21 [kr36] fetch_ok method=curl url=https://m.36kr.com/video/3766585318896386 html_length=14308
2026-04-23 21:50:21 [kr36] topic_video_mobile_no_cdn page='https://m.36kr.com/video/3766585318896386' mobile_len=14308
2026-04-23 21:50:21 [kr36] topic_video_no_cdn_in_html page='https://36kr.com/video/3766585318896386' try_playwright reason=small_shell_len=14308
2026-04-23 21:50:21 [kr36] topic_video_playwright_recover reason=no_cdn_in_html page='https://36kr.com/video/3766585318896386'
2026-04-23 21:50:22 [kr36] playwright_slider_start phase='step4-video-nocookie' url=https://36kr.com/video/3766585318896386 headless=false channel='msedge'
2026-04-23 21:50:26 [kr36] playwright_skip_cookies phase='step4-video-nocookie' url=https://36kr.com/video/3766585318896386
2026-04-23 21:50:45 [kr36] playwright_slider_url_settled phase='step4-video-nocookie' final_url='https://36kr.com/video/3766585318896386'
2026-04-23 21:50:45 [kr36] playwright_slider_preloop phase='step4-video-nocookie' url=https://36kr.com/video/3766585318896386 wait_after_load_ms=1800 slider_ui_ready_max_ms=20000
2026-04-23 21:50:49 [kr36] playwright_slider_ok phase='step4-video-nocookie' url=https://36kr.com/video/3766585318896386 html_length=70074
2026-04-23 21:50:50 [kr36] topic_video_playwright_nocookie_ok page='https://36kr.com/video/3766585318896386' html_len=70074
2026-04-23 21:50:50 [kr36] topic_video_cdn_extract count=7 html_len=70074 preview='https://videos.36krcdn.com/20260414/v2_1776165984015_video_mp4_v11' page='https://36kr.com/video/3766585318896386'
2026-04-23 21:51:13 [kr36] topic_video_download_ok cdn='https://videos.36krcdn.com/20260414/v2_1776165984015_video_mp4_v11' local=E:\AI\touzifenxi\output\reports\kr36_report\kr36_search_202604232148\kr36_topic_downloads\本周有大事丨大疆八年熵减，汪滔十年修行；为了保住同伙，AI有多癫；新中产收割机，想挑战Lululemon_\2026-04-15\videos\氪大事___为了保住同伙，AI有多癫？_36kr_topic_video_3766585318896386.mp4
2026-04-23 21:51:22 [kr36] topic_asr_ok chars=1182 transcript=E:\AI\touzifenxi\output\reports\kr36_report\kr36_search_202604232148\kr36_topic_downloads\本周有大事丨大疆八年熵减，汪滔十年修行；为了保住同伙，AI有多癫；新中产收割机，想挑战Lululemon_\2026-04-15\videos\氪大事___为了保住同伙，AI有多癫？_36kr_topic_video_3766585318896386.transcript.txt code=20000000 role=topic_video_asr_transcript
2026-04-23 21:51:22 [kr36] fetch_start url=https://36kr.com/video/3764840757948933
2026-04-23 21:51:24 [kr36] fetch_ok method=curl url=https://36kr.com/video/3764840757948933 html_length=59738
2026-04-23 21:51:24 [kr36] topic_video_cdn_extract count=7 html_len=59738 preview='https://videos.36krcdn.com/20260413/v2_1776051795825_video_mp4_v11' page='https://36kr.com/video/3764840757948933'
2026-04-23 21:51:36 [kr36] topic_video_download_ok cdn='https://videos.36krcdn.com/20260413/v2_1776051795825_video_mp4_v11' local=E:\AI\touzifenxi\output\reports\kr36_report\kr36_search_202604232148\kr36_topic_downloads\本周有大事丨大疆八年熵减，汪滔十年修行；为了保住同伙，AI有多癫；新中产收割机，想挑战Lululemon_\2026-04-14\videos\于东来和魏建军，两个“最轴”的老板“约会”了_36kr_topic_video_3764840757948933.mp4
2026-04-23 21:51:43 [kr36] topic_asr_ok chars=418 transcript=E:\AI\touzifenxi\output\reports\kr36_report\kr36_search_202604232148\kr36_topic_downloads\本周有大事丨大疆八年熵减，汪滔十年修行；为了保住同伙，AI有多癫；新中产收割机，想挑战Lululemon_\2026-04-14\videos\于东来和魏建军，两个“最轴”的老板“约会”了_36kr_topic_video_3764840757948933.transcript.txt code=20000000 role=topic_video_asr_transcript
2026-04-23 21:51:43 [kr36] throttle_wait url=https://36kr.com/video/3765091828527880 wait_ms=18943 global_wait_ms=18943 same_url_wait_ms=0 risk_wait_ms=0
2026-04-23 21:52:02 [kr36] fetch_start url=https://36kr.com/video/3765091828527880
2026-04-23 21:52:05 [kr36] fetch_ok method=curl url=https://36kr.com/video/3765091828527880 html_length=58975
2026-04-23 21:52:05 [kr36] topic_video_cdn_extract count=7 html_len=58975 preview='https://videos.36krcdn.com/20260413/v2_1776074530156_video_mp4_v9' page='https://36kr.com/video/3765091828527880'
2026-04-23 21:52:25 [kr36] topic_video_download_ok cdn='https://videos.36krcdn.com/20260413/v2_1776074530156_video_mp4_v9' local=E:\AI\touzifenxi\output\reports\kr36_report\kr36_search_202604232148\kr36_topic_downloads\本周有大事丨大疆八年熵减，汪滔十年修行；为了保住同伙，AI有多癫；新中产收割机，想挑战Lululemon_\2026-04-13\videos\AI盗脸风波：当技术“越界”_如何守住自己的数字人格？_36kr_topic_video_3765091828527880.mp4
2026-04-23 21:52:33 [kr36] topic_asr_ok chars=1062 transcript=E:\AI\touzifenxi\output\reports\kr36_report\kr36_search_202604232148\kr36_topic_downloads\本周有大事丨大疆八年熵减，汪滔十年修行；为了保住同伙，AI有多癫；新中产收割机，想挑战Lululemon_\2026-04-13\videos\AI盗脸风波：当技术“越界”_如何守住自己的数字人格？_36kr_topic_video_3765091828527880.transcript.txt code=20000000 role=topic_video_asr_transcript
2026-04-23 21:52:33 [kr36] fetch_start url=https://36kr.com/topics/3771153216865028
2026-04-23 21:52:37 [kr36] fetch_ok method=curl url=https://36kr.com/topics/3771153216865028 html_length=60355
2026-04-23 21:52:37 [kr36] throttle_wait url=https://36kr.com/p/3770688595214857 wait_ms=32797 global_wait_ms=32797 same_url_wait_ms=0 risk_wait_ms=0
2026-04-23 21:53:09 [kr36] fetch_start url=https://36kr.com/p/3770688595214857
2026-04-23 21:53:12 [kr36] fetch_ok method=curl url=https://36kr.com/p/3770688595214857 html_length=75349
2026-04-23 21:53:12 [kr36] throttle_wait url=https://36kr.com/p/3766410231726855 wait_ms=37376 global_wait_ms=37376 same_url_wait_ms=0 risk_wait_ms=0
2026-04-23 21:53:49 [kr36] fetch_start url=https://36kr.com/p/3766410231726855
2026-04-23 21:53:51 [kr36] fetch_ok method=curl url=https://36kr.com/p/3766410231726855 html_length=81803
2026-04-23 21:53:52 [kr36] throttle_wait url=https://36kr.com/p/3764728843289089 wait_ms=25624 global_wait_ms=25624 same_url_wait_ms=0 risk_wait_ms=0
2026-04-23 21:54:17 [kr36] fetch_start url=https://36kr.com/p/3764728843289089
2026-04-23 21:54:19 [kr36] fetch_ok method=curl url=https://36kr.com/p/3764728843289089 html_length=1460
2026-04-23 21:54:19 [kr36] throttle_wait url=https://36kr.com/p/3766718158324489 wait_ms=35954 global_wait_ms=35954 same_url_wait_ms=0 risk_wait_ms=0
2026-04-23 21:54:55 [kr36] fetch_start url=https://36kr.com/p/3766718158324489
2026-04-23 21:54:57 [kr36] fetch_ok method=curl url=https://36kr.com/p/3766718158324489 html_length=1460
2026-04-23 21:54:57 [kr36] throttle_wait url=https://36kr.com/p/3765076875117314 wait_ms=29805 global_wait_ms=29805 same_url_wait_ms=0 risk_wait_ms=0
2026-04-23 21:55:27 [kr36] fetch_start url=https://36kr.com/p/3765076875117314
2026-04-23 21:55:29 [kr36] fetch_ok method=curl url=https://36kr.com/p/3765076875117314 html_length=1460
2026-04-23 21:55:29 [kr36] throttle_wait url=https://36kr.com/p/3764953900990977 wait_ms=25707 global_wait_ms=25707 same_url_wait_ms=0 risk_wait_ms=0
2026-04-23 21:55:55 [kr36] fetch_start url=https://36kr.com/p/3764953900990977
2026-04-23 21:55:57 [kr36] fetch_ok method=curl url=https://36kr.com/p/3764953900990977 html_length=1460
2026-04-23 21:55:57 [kr36] throttle_wait url=https://36kr.com/p/3757975636050695 wait_ms=32587 global_wait_ms=32587 same_url_wait_ms=0 risk_wait_ms=0
2026-04-23 21:56:30 [kr36] fetch_start url=https://36kr.com/p/3757975636050695
2026-04-23 21:56:31 [kr36] fetch_ok method=curl url=https://36kr.com/p/3757975636050695 html_length=1460
2026-04-23 21:56:31 [kr36] step0.5_topic_round_end page=1 round=1/3 stage=topics status=ok fetched=10 total_topic_refs=10 elapsed_ms=466738
2026-04-23 21:56:31 [kr36] 完成专题页(0.5步)，数据 10 条，累计 10 条
2026-04-23 21:56:31 [kr36] step1_listing_next round=2/3 stage=activity
2026-04-23 21:56:31 [kr36] step1_main_round_start page=2 round=2/3 stage=activity url=https://36kr.com/activity
2026-04-23 21:56:31 [kr36] 进入活动页，数据 0 条，累计 0 条
2026-04-23 21:56:31 [kr36] throttle_wait url=https://36kr.com/activity wait_ms=21669 global_wait_ms=21669 same_url_wait_ms=0 risk_wait_ms=0
2026-04-23 21:56:53 [kr36] fetch_start url=https://36kr.com/activity
2026-04-23 21:56:55 [kr36] topics_activity_enrich_direct_step4 reason=auto_solver url=https://36kr.com/activity page_kind=activity
2026-04-23 21:56:55 [kr36] playwright_slider_start phase='topics-activity-step4-activity' url=https://36kr.com/activity headless=false channel='msedge'
2026-04-23 21:57:21 [kr36] playwright_slider_url_settled phase='topics-activity-step4-activity' final_url='https://36kr.com/activity'
2026-04-23 21:57:21 [kr36] playwright_slider_preloop phase='topics-activity-step4-activity' url=https://36kr.com/activity wait_after_load_ms=1800 slider_ui_ready_max_ms=20000
2026-04-23 21:57:21 [kr36] playwright_slider_wait_ui phase='topics-activity-step4-activity' url=https://36kr.com/activity ui_ready=true
2026-04-23 21:57:26 [kr36] slider_captcha_solve_result attempted=true
2026-04-23 21:57:26 [kr36] playwright_slider_attempt phase='topics-activity-step4-activity' url=https://36kr.com/activity attempted=true
2026-04-23 21:57:35 [kr36] playwright_slider_csr_list_ready phase='topics-activity-step4-activity' url=https://36kr.com/activity selector='.activity-item, .kr-activity-list, .activity-list'
2026-04-23 21:57:35 [kr36] playwright_slider_after_solve phase='topics-activity-step4-activity' url=https://36kr.com/activity html_length=69859
2026-04-23 21:57:35 [kr36] playwright_slider_close_on_pass phase='topics-activity-step4-activity' url=https://36kr.com/activity
2026-04-23 21:57:36 [kr36] topics_activity_csr_enriched url=https://36kr.com/activity html_length=69859
2026-04-23 21:57:36 [kr36] fetch_ok method=curl_playwright_topics_activity url=https://36kr.com/activity html_length=69859
2026-04-23 21:57:36 [kr36] round_end page=2 round=2/3 stage=activity status=ok fetched=2 total_refs=2 elapsed_ms=64705
2026-04-23 21:57:36 [kr36] 完成活动页，数据 2 条，累计 2 条
2026-04-23 21:57:36 [kr36] round_next round=3/3 stage=search
2026-04-23 21:57:36 [kr36] round_start page=3 round=3/3 stage=search category=36氪独家 url=https://36kr.com/search/articles/36%E6%B0%AA%E7%8B%AC%E5%AE%B6 date_window=2026-04-17~2026-04-19
2026-04-23 21:57:36 [kr36] 进入搜索页(36氪独家)，数据 0 条，累计 2 条
2026-04-23 21:57:36 [kr36] fetch_start url=https://36kr.com/search/articles/36%E6%B0%AA%E7%8B%AC%E5%AE%B6
2026-04-23 21:57:39 [kr36] search_enrich_direct_step4 reason=auto_solver url=https://36kr.com/search/articles/36%E6%B0%AA%E7%8B%AC%E5%AE%B6
2026-04-23 21:57:39 [kr36] playwright_slider_start phase='search-listing-step4' url=https://36kr.com/search/articles/36%E6%B0%AA%E7%8B%AC%E5%AE%B6 headless=false channel='msedge'
2026-04-23 21:58:00 [kr36] playwright_slider_url_settled phase='search-listing-step4' final_url='https://36kr.com/search/articles/36%E6%B0%AA%E7%8B%AC%E5%AE%B6'
2026-04-23 21:58:00 [kr36] playwright_slider_preloop phase='search-listing-step4' url=https://36kr.com/search/articles/36%E6%B0%AA%E7%8B%AC%E5%AE%B6 wait_after_load_ms=1800 slider_ui_ready_max_ms=20000
2026-04-23 21:58:04 [kr36] playwright_slider_ok phase='search-listing-step4' url=https://36kr.com/search/articles/36%E6%B0%AA%E7%8B%AC%E5%AE%B6 html_length=102524
2026-04-23 21:58:05 [kr36] search_listing_csr_enriched url=https://36kr.com/search/articles/36%E6%B0%AA%E7%8B%AC%E5%AE%B6 html_length=102524
2026-04-23 21:58:05 [kr36] fetch_ok method=curl_playwright_search url=https://36kr.com/search/articles/36%E6%B0%AA%E7%8B%AC%E5%AE%B6 html_length=102524
2026-04-23 21:58:05 [kr36] search_date_filtered fixed_category=36氪独家 pub=2026-04-21 window=2026-04-17~2026-04-19
2026-04-23 21:58:05 [kr36] search_date_filtered fixed_category=36氪独家 pub=2026-04-20 window=2026-04-17~2026-04-19
2026-04-23 21:58:05 [kr36] search_date_filtered fixed_category=36氪独家 pub=2026-04-09 window=2026-04-17~2026-04-19
2026-04-23 21:58:05 [kr36] search_date_filtered fixed_category=36氪独家 pub=2026-04-02 window=2026-04-17~2026-04-19
2026-04-23 21:58:05 [kr36] search_date_filtered fixed_category=36氪独家 pub=2026-04-02 window=2026-04-17~2026-04-19
2026-04-23 21:58:05 [kr36] search_date_filtered fixed_category=36氪独家 pub=2026-03-26 window=2026-04-17~2026-04-19
2026-04-23 21:58:05 [kr36] search_date_filtered fixed_category=36氪独家 pub=2026-03-31 window=2026-04-17~2026-04-19
2026-04-23 21:58:05 [kr36] search_date_filtered fixed_category=36氪独家 pub=2026-03-19 window=2026-04-17~2026-04-19
2026-04-23 21:58:05 [kr36] search_date_filtered fixed_category=36氪独家 pub=2026-03-05 window=2026-04-17~2026-04-19
2026-04-23 21:58:05 [kr36] search_date_filtered fixed_category=36氪独家 pub=2026-03-16 window=2026-04-17~2026-04-19
2026-04-23 21:58:05 [kr36] search_date_filtered fixed_category=36氪独家 pub=2026-03-24 window=2026-04-17~2026-04-19
2026-04-23 21:58:05 [kr36] search_date_filtered fixed_category=36氪独家 pub=2026-03-04 window=2026-04-17~2026-04-19
2026-04-23 21:58:05 [kr36] search_date_filtered fixed_category=36氪独家 pub=2026-01-22 window=2026-04-17~2026-04-19
2026-04-23 21:58:05 [kr36] search_date_filtered fixed_category=36氪独家 pub=2026-01-15 window=2026-04-17~2026-04-19
2026-04-23 21:58:05 [kr36] search_date_filtered fixed_category=36氪独家 pub=2026-01-14 window=2026-04-17~2026-04-19
2026-04-23 21:58:05 [kr36] search_date_filtered fixed_category=36氪独家 pub=2026-01-07 window=2026-04-17~2026-04-19
2026-04-23 21:58:05 [kr36] search_date_filtered fixed_category=36氪独家 pub=2026-01-15 window=2026-04-17~2026-04-19
2026-04-23 21:58:05 [kr36] search_date_filtered fixed_category=36氪独家 pub=2026-01-26 window=2026-04-17~2026-04-19
2026-04-23 21:58:05 [kr36] search_date_filtered fixed_category=36氪独家 pub=2026-02-26 window=2026-04-17~2026-04-19
2026-04-23 21:58:05 [kr36] round_end page=3 round=3/3 stage=search category=36氪独家 status=ok fetched=1 total_refs=3 elapsed_ms=28576
2026-04-23 21:58:05 [kr36] 完成搜索页(36氪独家)，数据 1 条，累计 3 条
2026-04-23 21:58:05 [kr36] listing_end report_date=2026-04-23 total_refs=13 stopped_by=normal_complete
[kr36] 2026-04-23 22:04:09 finished with exit code 0.
