[kr36] 2026-04-27 11:33:14 starting daily brief run (no email)...
[kr36] PROJECT_ROOT=E:\AI\touzifenxi
[kr36] PYTHON_CMD="E:\AI\touzifenxi\.venv\Scripts\python.exe"
[kr36] TIMEOUT=50s
[kr36] LOG_FILE=E:\AI\touzifenxi\logs\kr36\kr36_20260427_113313.log
[kr36] running: "E:\AI\touzifenxi\.venv\Scripts\python.exe" scripts\websearch.py run --source 36kr --timeout 50
2026-04-27 11:33:21 [kr36] cookie_quality sensors_short len=481
2026-04-27 11:33:21 [kr36] listing_begin report_date=2026-04-27 rounds_total=5 candidate_limit=120 mode=sequential step0.5_then_step1
2026-04-27 11:33:21 [kr36] step0.5_topic_round_start page=1 round=1/5 stage=topics url=https://36kr.com/topics/
2026-04-27 11:33:21 [kr36] 进入专题页(0.5步)，数据 0 条，累计 0 条
2026-04-27 11:33:21 [kr36] fetch_start url=https://36kr.com/topics/
2026-04-27 11:33:22 [kr36] fetch_ok method=curl url=https://36kr.com/topics/ html_length=74118
2026-04-27 11:33:22 [kr36] throttle_wait url=https://36kr.com/topics/3780490016134406 wait_ms=24020 global_wait_ms=24020 same_url_wait_ms=0 risk_wait_ms=0
2026-04-27 11:33:46 [kr36] fetch_start url=https://36kr.com/topics/3780490016134406
2026-04-27 11:33:46 [kr36] fetch_ok method=curl url=https://36kr.com/topics/3780490016134406 html_length=75711
2026-04-27 11:33:46 [kr36] throttle_wait url=https://36kr.com/video/3775108051513856 wait_ms=26094 global_wait_ms=26094 same_url_wait_ms=0 risk_wait_ms=0
2026-04-27 11:34:12 [kr36] fetch_start url=https://36kr.com/video/3775108051513856
2026-04-27 11:34:13 [kr36] risk_cooldown_set url=https://36kr.com/video/3775108051513856 cooldown_ms=183742 base_ms=180000 jitter_ms=3742
2026-04-27 11:34:13 [kr36] risk_entered method=curl url=https://36kr.com/video/3775108051513856 html_length=0 has_cookie_refresh_action=false
2026-04-27 11:34:13 [kr36] risk_detected method=curl url=https://36kr.com/video/3775108051513856 no_cookie_refresh_action=1
2026-04-27 11:34:13 [kr36] risk_auto_recover_without_command url=https://36kr.com/video/3775108051513856 mode=slider_solver
2026-04-27 11:34:13 [slider] playwright_slider_start phase='fetch_text_risk_force_nocookie' url=https://36kr.com/video/3775108051513856 headless=false channel='msedge'
2026-04-27 11:34:17 [slider] playwright_skip_cookies phase='fetch_text_risk_force_nocookie' url=https://36kr.com/video/3775108051513856
2026-04-27 11:34:35 [slider] playwright_slider_url_settled phase='fetch_text_risk_force_nocookie' final_url='https://36kr.com/video/3775108051513856'
2026-04-27 11:34:35 [slider] playwright_slider_preloop phase='fetch_text_risk_force_nocookie' url=https://36kr.com/video/3775108051513856 wait_after_load_ms=1800 slider_ui_ready_max_ms=20000
2026-04-27 11:34:40 [slider] playwright_slider_ok phase='fetch_text_risk_force_nocookie' url=https://36kr.com/video/3775108051513856 html_length=70045
2026-04-27 11:34:40 [kr36] fetch_ok method=slider_force_recover_nocookie url=https://36kr.com/video/3775108051513856 html_length=70045
2026-04-27 11:34:40 [kr36] topic_video_cdn_extract count=7 html_len=70045 preview='https://videos.36krcdn.com/20260420/v2_1776686255537_video_mp4_v11' page='https://36kr.com/video/3775108051513856'
2026-04-27 11:35:04 [kr36] topic_video_download_ok cdn='https://videos.36krcdn.com/20260420/v2_1776686255537_video_mp4_v11' local=E:\AI\touzifenxi\output\reports\kr36_report\kr36_search_202604271133\kr36_topic_downloads\本周有大事丨蛋糕店为什么成了幽灵外卖的重灾区；AI短剧真的能赚钱吗；80后湖北老乡，拿走了王健林的万达电影\2026-04-21\videos\氪大事___三五百的蛋糕外包价不到80，蛋糕店为什么成了幽灵外卖的重灾区？_36kr_topic_video_3775108051513856.mp4
2026-04-27 11:35:27 [kr36] topic_asr_ok chars=1186 transcript=E:\AI\touzifenxi\output\reports\kr36_report\kr36_search_202604271133\kr36_topic_downloads\本周有大事丨蛋糕店为什么成了幽灵外卖的重灾区；AI短剧真的能赚钱吗；80后湖北老乡，拿走了王健林的万达电影\2026-04-21\videos\氪大事___三五百的蛋糕外包价不到80，蛋糕店为什么成了幽灵外卖的重灾区？_36kr_topic_video_3775108051513856.transcript.txt code=20000000 role=topic_video_asr_transcript
2026-04-27 11:35:27 [kr36] throttle_wait url=https://36kr.com/video/3773069882356484 wait_ms=109179 global_wait_ms=0 same_url_wait_ms=0 risk_wait_ms=109179
2026-04-27 11:37:16 [kr36] fetch_start url=https://36kr.com/video/3773069882356484
2026-04-27 11:37:17 [kr36] risk_cooldown_set url=https://36kr.com/video/3773069882356484 cooldown_ms=176120 base_ms=180000 jitter_ms=-3880
2026-04-27 11:37:17 [kr36] risk_entered method=curl url=https://36kr.com/video/3773069882356484 html_length=0 has_cookie_refresh_action=false
2026-04-27 11:37:17 [kr36] risk_detected method=curl url=https://36kr.com/video/3773069882356484 no_cookie_refresh_action=1
2026-04-27 11:37:17 [kr36] risk_auto_recover_without_command url=https://36kr.com/video/3773069882356484 mode=slider_solver
2026-04-27 11:37:17 [slider] playwright_slider_start phase='fetch_text_risk_force_nocookie' url=https://36kr.com/video/3773069882356484 headless=false channel='msedge'
2026-04-27 11:37:20 [slider] playwright_skip_cookies phase='fetch_text_risk_force_nocookie' url=https://36kr.com/video/3773069882356484
2026-04-27 11:37:39 [slider] playwright_slider_url_settled phase='fetch_text_risk_force_nocookie' final_url='https://36kr.com/video/3773069882356484'
2026-04-27 11:37:39 [slider] playwright_slider_preloop phase='fetch_text_risk_force_nocookie' url=https://36kr.com/video/3773069882356484 wait_after_load_ms=1800 slider_ui_ready_max_ms=20000
2026-04-27 11:37:43 [slider] playwright_slider_ok phase='fetch_text_risk_force_nocookie' url=https://36kr.com/video/3773069882356484 html_length=68956
2026-04-27 11:37:44 [kr36] fetch_ok method=slider_force_recover_nocookie url=https://36kr.com/video/3773069882356484 html_length=68956
2026-04-27 11:37:44 [kr36] topic_video_cdn_extract count=7 html_len=68956 preview='https://videos.36krcdn.com/20260419/v2_1776561497102_video_mp4_v9' page='https://36kr.com/video/3773069882356484'
2026-04-27 11:38:05 [kr36] topic_video_download_ok cdn='https://videos.36krcdn.com/20260419/v2_1776561497102_video_mp4_v9' local=E:\AI\touzifenxi\output\reports\kr36_report\kr36_search_202604271133\kr36_topic_downloads\本周有大事丨蛋糕店为什么成了幽灵外卖的重灾区；AI短剧真的能赚钱吗；80后湖北老乡，拿走了王健林的万达电影\2026-04-20\videos\全球医疗价值重估_老外涌进中国医院_36kr_topic_video_3773069882356484.mp4
2026-04-27 11:38:12 [kr36] topic_asr_ok chars=1075 transcript=E:\AI\touzifenxi\output\reports\kr36_report\kr36_search_202604271133\kr36_topic_downloads\本周有大事丨蛋糕店为什么成了幽灵外卖的重灾区；AI短剧真的能赚钱吗；80后湖北老乡，拿走了王健林的万达电影\2026-04-20\videos\全球医疗价值重估_老外涌进中国医院_36kr_topic_video_3773069882356484.transcript.txt code=20000000 role=topic_video_asr_transcript
2026-04-27 11:38:12 [kr36] throttle_wait url=https://36kr.com/video/3777825420063241 wait_ms=120742 global_wait_ms=0 same_url_wait_ms=0 risk_wait_ms=120742
2026-04-27 11:40:13 [kr36] fetch_start url=https://36kr.com/video/3777825420063241
2026-04-27 11:40:13 [kr36] risk_cooldown_set url=https://36kr.com/video/3777825420063241 cooldown_ms=185072 base_ms=180000 jitter_ms=5072
2026-04-27 11:40:13 [kr36] risk_entered method=curl url=https://36kr.com/video/3777825420063241 html_length=0 has_cookie_refresh_action=false
2026-04-27 11:40:13 [kr36] risk_detected method=curl url=https://36kr.com/video/3777825420063241 no_cookie_refresh_action=1
2026-04-27 11:40:13 [kr36] risk_auto_recover_without_command url=https://36kr.com/video/3777825420063241 mode=slider_solver
2026-04-27 11:40:13 [slider] playwright_slider_start phase='fetch_text_risk_force_nocookie' url=https://36kr.com/video/3777825420063241 headless=false channel='msedge'
2026-04-27 11:40:17 [slider] playwright_skip_cookies phase='fetch_text_risk_force_nocookie' url=https://36kr.com/video/3777825420063241
2026-04-27 11:40:37 [slider] playwright_slider_url_settled phase='fetch_text_risk_force_nocookie' final_url='https://36kr.com/video/3777825420063241'
2026-04-27 11:40:37 [slider] playwright_slider_preloop phase='fetch_text_risk_force_nocookie' url=https://36kr.com/video/3777825420063241 wait_after_load_ms=1800 slider_ui_ready_max_ms=20000
2026-04-27 11:40:37 [slider] playwright_slider_wait_ui phase='fetch_text_risk_force_nocookie' url=https://36kr.com/video/3777825420063241 ui_ready=true
2026-04-27 11:40:45 [kr36] slider_captcha_solve_result attempted=true
2026-04-27 11:40:45 [slider] playwright_slider_attempt phase='fetch_text_risk_force_nocookie' url=https://36kr.com/video/3777825420063241 attempted=true
2026-04-27 11:41:25 [slider] playwright_slider_wait_ui phase='fetch_text_risk_force_nocookie' url=https://36kr.com/video/3777825420063241 ui_ready=false
2026-04-27 11:41:25 [slider] playwright_slider_captcha_img_not_ready phase='fetch_text_risk_force_nocookie' url=https://36kr.com/video/3777825420063241 streak=1 backoff_s=30
2026-04-27 11:41:55 [slider] playwright_slider_ok phase='fetch_text_risk_force_nocookie' url=https://36kr.com/video/3777825420063241 html_length=70367
2026-04-27 11:41:56 [kr36] fetch_ok method=slider_force_recover_nocookie url=https://36kr.com/video/3777825420063241 html_length=70367
2026-04-27 11:41:56 [kr36] topic_video_cdn_extract count=7 html_len=70367 preview='https://videos.36krcdn.com/20260422/v2_1776851856830_video_mov_v11' page='https://36kr.com/video/3777825420063241'
2026-04-27 11:42:12 [kr36] topic_video_download_ok cdn='https://videos.36krcdn.com/20260422/v2_1776851856830_video_mov_v11' local=E:\AI\touzifenxi\output\reports\kr36_report\kr36_search_202604271133\kr36_topic_downloads\本周有大事丨蛋糕店为什么成了幽灵外卖的重灾区；AI短剧真的能赚钱吗；80后湖北老乡，拿走了王健林的万达电影\2026-04-22\videos\80后湖北老乡，拿走了王健林的万达电影_36kr_topic_video_3777825420063241.mp4
2026-04-27 11:42:34 [kr36] topic_asr_ok chars=780 transcript=E:\AI\touzifenxi\output\reports\kr36_report\kr36_search_202604271133\kr36_topic_downloads\本周有大事丨蛋糕店为什么成了幽灵外卖的重灾区；AI短剧真的能赚钱吗；80后湖北老乡，拿走了王健林的万达电影\2026-04-22\videos\80后湖北老乡，拿走了王健林的万达电影_36kr_topic_video_3777825420063241.transcript.txt code=20000000 role=topic_video_asr_transcript
2026-04-27 11:42:34 [kr36] throttle_wait url=https://36kr.com/video/3776684100317955 wait_ms=44319 global_wait_ms=0 same_url_wait_ms=0 risk_wait_ms=44319
2026-04-27 11:43:18 [kr36] fetch_start url=https://36kr.com/video/3776684100317955
2026-04-27 11:43:19 [kr36] risk_cooldown_set url=https://36kr.com/video/3776684100317955 cooldown_ms=172609 base_ms=180000 jitter_ms=-7391
2026-04-27 11:43:19 [kr36] risk_entered method=curl url=https://36kr.com/video/3776684100317955 html_length=0 has_cookie_refresh_action=false
2026-04-27 11:43:19 [kr36] risk_detected method=curl url=https://36kr.com/video/3776684100317955 no_cookie_refresh_action=1
2026-04-27 11:43:19 [kr36] risk_auto_recover_without_command url=https://36kr.com/video/3776684100317955 mode=slider_solver
2026-04-27 11:43:19 [slider] playwright_slider_start phase='fetch_text_risk_force_nocookie' url=https://36kr.com/video/3776684100317955 headless=false channel='msedge'
2026-04-27 11:43:22 [slider] playwright_skip_cookies phase='fetch_text_risk_force_nocookie' url=https://36kr.com/video/3776684100317955
2026-04-27 11:43:40 [slider] playwright_slider_url_settled phase='fetch_text_risk_force_nocookie' final_url='https://36kr.com/video/3776684100317955'
2026-04-27 11:43:40 [slider] playwright_slider_preloop phase='fetch_text_risk_force_nocookie' url=https://36kr.com/video/3776684100317955 wait_after_load_ms=1800 slider_ui_ready_max_ms=20000
2026-04-27 11:43:44 [slider] playwright_slider_ok phase='fetch_text_risk_force_nocookie' url=https://36kr.com/video/3776684100317955 html_length=70201
2026-04-27 11:43:45 [kr36] fetch_ok method=slider_force_recover_nocookie url=https://36kr.com/video/3776684100317955 html_length=70201
2026-04-27 11:43:45 [kr36] topic_video_cdn_extract count=7 html_len=70201 preview='https://videos.36krcdn.com/20260421/v2_1776782408195_video_mp4_v11' page='https://36kr.com/video/3776684100317955'
2026-04-27 11:44:11 [kr36] topic_video_download_ok cdn='https://videos.36krcdn.com/20260421/v2_1776782408195_video_mp4_v11' local=E:\AI\touzifenxi\output\reports\kr36_report\kr36_search_202604271133\kr36_topic_downloads\本周有大事丨蛋糕店为什么成了幽灵外卖的重灾区；AI短剧真的能赚钱吗；80后湖北老乡，拿走了王健林的万达电影\2026-04-22\videos\库克正式卸任，乔布斯的“退烧药”，终于用完了_36kr_topic_video_3776684100317955.mp4
2026-04-27 11:44:17 [kr36] topic_asr_ok chars=1150 transcript=E:\AI\touzifenxi\output\reports\kr36_report\kr36_search_202604271133\kr36_topic_downloads\本周有大事丨蛋糕店为什么成了幽灵外卖的重灾区；AI短剧真的能赚钱吗；80后湖北老乡，拿走了王健林的万达电影\2026-04-22\videos\库克正式卸任，乔布斯的“退烧药”，终于用完了_36kr_topic_video_3776684100317955.transcript.txt code=20000000 role=topic_video_asr_transcript
2026-04-27 11:44:17 [kr36] throttle_wait url=https://36kr.com/video/3779361122202119 wait_ms=113725 global_wait_ms=0 same_url_wait_ms=0 risk_wait_ms=113725
2026-04-27 11:46:11 [kr36] fetch_start url=https://36kr.com/video/3779361122202119
2026-04-27 11:46:11 [kr36] risk_cooldown_set url=https://36kr.com/video/3779361122202119 cooldown_ms=182203 base_ms=180000 jitter_ms=2203
2026-04-27 11:46:11 [kr36] risk_entered method=curl url=https://36kr.com/video/3779361122202119 html_length=0 has_cookie_refresh_action=false
2026-04-27 11:46:11 [kr36] risk_detected method=curl url=https://36kr.com/video/3779361122202119 no_cookie_refresh_action=1
2026-04-27 11:46:11 [kr36] risk_auto_recover_without_command url=https://36kr.com/video/3779361122202119 mode=slider_solver
2026-04-27 11:46:11 [slider] playwright_slider_start phase='fetch_text_risk_force_nocookie' url=https://36kr.com/video/3779361122202119 headless=false channel='msedge'
2026-04-27 11:46:15 [slider] playwright_skip_cookies phase='fetch_text_risk_force_nocookie' url=https://36kr.com/video/3779361122202119
2026-04-27 11:46:34 [slider] playwright_slider_url_settled phase='fetch_text_risk_force_nocookie' final_url='https://36kr.com/video/3779361122202119'
2026-04-27 11:46:34 [slider] playwright_slider_preloop phase='fetch_text_risk_force_nocookie' url=https://36kr.com/video/3779361122202119 wait_after_load_ms=1800 slider_ui_ready_max_ms=20000
2026-04-27 11:46:38 [slider] playwright_slider_ok phase='fetch_text_risk_force_nocookie' url=https://36kr.com/video/3779361122202119 html_length=68091
2026-04-27 11:46:39 [kr36] fetch_ok method=slider_force_recover_nocookie url=https://36kr.com/video/3779361122202119 html_length=68091
2026-04-27 11:46:39 [kr36] topic_video_cdn_extract count=7 html_len=68091 preview='https://videos.36krcdn.com/20260423/v2_1776945729905_video_mp4_v11' page='https://36kr.com/video/3779361122202119'
2026-04-27 11:47:08 [kr36] topic_video_download_ok cdn='https://videos.36krcdn.com/20260423/v2_1776945729905_video_mp4_v11' local=E:\AI\touzifenxi\output\reports\kr36_report\kr36_search_202604271133\kr36_topic_downloads\本周有大事丨蛋糕店为什么成了幽灵外卖的重灾区；AI短剧真的能赚钱吗；80后湖北老乡，拿走了王健林的万达电影\2026-04-23\videos\爱奇艺想拿AI当遮羞布_36kr_topic_video_3779361122202119.mp4
2026-04-27 11:47:47 [kr36] topic_asr_ok chars=1418 transcript=E:\AI\touzifenxi\output\reports\kr36_report\kr36_search_202604271133\kr36_topic_downloads\本周有大事丨蛋糕店为什么成了幽灵外卖的重灾区；AI短剧真的能赚钱吗；80后湖北老乡，拿走了王健林的万达电影\2026-04-23\videos\爱奇艺想拿AI当遮羞布_36kr_topic_video_3779361122202119.transcript.txt code=20000000 role=topic_video_asr_transcript
2026-04-27 11:47:47 [kr36] throttle_wait url=https://36kr.com/topics/3780865660869640 wait_ms=86183 global_wait_ms=0 same_url_wait_ms=0 risk_wait_ms=86183
2026-04-27 11:49:14 [kr36] fetch_start url=https://36kr.com/topics/3780865660869640
2026-04-27 11:49:14 [kr36] fetch_ok method=curl url=https://36kr.com/topics/3780865660869640 html_length=61506
2026-04-27 11:49:14 [kr36] throttle_wait url=https://36kr.com/p/3774566936216064 wait_ms=23914 global_wait_ms=23914 same_url_wait_ms=0 risk_wait_ms=0
2026-04-27 11:49:38 [kr36] fetch_start url=https://36kr.com/p/3774566936216064
2026-04-27 11:49:38 [kr36] fetch_ok method=curl url=https://36kr.com/p/3774566936216064 html_length=73176
2026-04-27 11:49:38 [kr36] throttle_wait url=https://36kr.com/p/3780375304312072 wait_ms=29630 global_wait_ms=29630 same_url_wait_ms=0 risk_wait_ms=0
2026-04-27 11:50:08 [kr36] fetch_start url=https://36kr.com/p/3780375304312072
2026-04-27 11:50:09 [kr36] fetch_ok method=curl url=https://36kr.com/p/3780375304312072 html_length=93781
2026-04-27 11:50:09 [kr36] throttle_wait url=https://36kr.com/p/3778135439709446 wait_ms=33460 global_wait_ms=33460 same_url_wait_ms=0 risk_wait_ms=0
2026-04-27 11:50:42 [kr36] fetch_start url=https://36kr.com/p/3778135439709446
2026-04-27 11:50:43 [kr36] fetch_ok method=curl url=https://36kr.com/p/3778135439709446 html_length=81600
2026-04-27 11:50:43 [kr36] throttle_wait url=https://36kr.com/p/3778121523025154 wait_ms=26353 global_wait_ms=26353 same_url_wait_ms=0 risk_wait_ms=0
2026-04-27 11:51:09 [kr36] fetch_start url=https://36kr.com/p/3778121523025154
2026-04-27 11:51:09 [kr36] fetch_ok method=curl url=https://36kr.com/p/3778121523025154 html_length=92761
2026-04-27 11:51:09 [kr36] throttle_wait url=https://36kr.com/p/3780191213229314 wait_ms=31978 global_wait_ms=31978 same_url_wait_ms=0 risk_wait_ms=0
2026-04-27 11:51:41 [kr36] fetch_start url=https://36kr.com/p/3780191213229314
2026-04-27 11:51:42 [kr36] fetch_ok method=curl url=https://36kr.com/p/3780191213229314 html_length=80155
2026-04-27 11:51:42 [kr36] throttle_wait url=https://36kr.com/p/3773892499096068 wait_ms=33682 global_wait_ms=33682 same_url_wait_ms=0 risk_wait_ms=0
2026-04-27 11:52:16 [kr36] fetch_start url=https://36kr.com/p/3773892499096068
2026-04-27 11:52:16 [kr36] fetch_ok method=curl url=https://36kr.com/p/3773892499096068 html_length=90133
2026-04-27 11:52:16 [kr36] throttle_wait url=https://36kr.com/p/3775892441301511 wait_ms=28669 global_wait_ms=28669 same_url_wait_ms=0 risk_wait_ms=0
2026-04-27 11:52:45 [kr36] fetch_start url=https://36kr.com/p/3775892441301511
2026-04-27 11:52:45 [kr36] fetch_ok method=curl url=https://36kr.com/p/3775892441301511 html_length=91908
2026-04-27 11:52:45 [kr36] step0.5_topic_round_end page=1 round=1/5 stage=topics status=ok fetched=12 total_topic_refs=12 elapsed_ms=1164357
2026-04-27 11:52:45 [kr36] 完成专题页(0.5步)，数据 12 条，累计 12 条
2026-04-27 11:52:45 [kr36] step1_listing_next round=2/5 stage=activity
2026-04-27 11:52:45 [kr36] step1_main_round_start page=2 round=2/5 stage=activity url=https://36kr.com/activity
2026-04-27 11:52:45 [kr36] 进入活动页，数据 0 条，累计 0 条
2026-04-27 11:52:45 [kr36] throttle_wait url=https://36kr.com/activity wait_ms=24997 global_wait_ms=24997 same_url_wait_ms=0 risk_wait_ms=0
2026-04-27 11:53:10 [kr36] fetch_start url=https://36kr.com/activity
2026-04-27 11:53:11 [kr36] topics_activity_enrich_direct_step4 reason=auto_solver url=https://36kr.com/activity page_kind=activity
2026-04-27 11:53:11 [slider] playwright_slider_start phase='topics-activity-step4-activity' url=https://36kr.com/activity headless=false channel='msedge'
2026-04-27 11:53:35 [slider] playwright_slider_url_settled phase='topics-activity-step4-activity' final_url='https://36kr.com/activity'
2026-04-27 11:53:35 [slider] playwright_slider_preloop phase='topics-activity-step4-activity' url=https://36kr.com/activity wait_after_load_ms=1800 slider_ui_ready_max_ms=20000
2026-04-27 11:53:35 [slider] playwright_slider_wait_ui phase='topics-activity-step4-activity' url=https://36kr.com/activity ui_ready=true
2026-04-27 11:53:41 [kr36] slider_captcha_solve_result attempted=true
2026-04-27 11:53:42 [slider] playwright_slider_attempt phase='topics-activity-step4-activity' url=https://36kr.com/activity attempted=true
2026-04-27 11:53:50 [slider] playwright_slider_csr_list_ready phase='topics-activity-step4-activity' url=https://36kr.com/activity selector='.activity-item, .kr-activity-list, .activity-list'
2026-04-27 11:53:50 [slider] playwright_slider_after_solve phase='topics-activity-step4-activity' url=https://36kr.com/activity html_length=69972
2026-04-27 11:53:50 [slider] playwright_slider_close_on_pass phase='topics-activity-step4-activity' url=https://36kr.com/activity
2026-04-27 11:53:51 [kr36] topics_activity_csr_enriched url=https://36kr.com/activity html_length=69972
2026-04-27 11:53:51 [kr36] fetch_ok method=curl_playwright_topics_activity url=https://36kr.com/activity html_length=69972
2026-04-27 11:53:51 [kr36] round_end page=2 round=2/5 stage=activity status=ok fetched=0 total_refs=0 elapsed_ms=65750
2026-04-27 11:53:51 [kr36] 完成活动页，数据 0 条，累计 0 条
2026-04-27 11:53:51 [kr36] round_next round=3/5 stage=search
2026-04-27 11:53:51 [kr36] round_start page=3 round=3/5 stage=search category=36氪独家 url=https://36kr.com/search/articles/36%E6%B0%AA%E7%8B%AC%E5%AE%B6 date_window=2026-04-20~2026-04-26
2026-04-27 11:53:51 [kr36] 进入搜索页(36氪独家)，数据 0 条，累计 0 条
2026-04-27 11:53:51 [kr36] fetch_start url=https://36kr.com/search/articles/36%E6%B0%AA%E7%8B%AC%E5%AE%B6
2026-04-27 11:53:51 [kr36] search_enrich_direct_step4 reason=auto_solver url=https://36kr.com/search/articles/36%E6%B0%AA%E7%8B%AC%E5%AE%B6
2026-04-27 11:53:51 [slider] playwright_slider_start phase='search-listing-step4' url=https://36kr.com/search/articles/36%E6%B0%AA%E7%8B%AC%E5%AE%B6 headless=false channel='msedge'
2026-04-27 11:54:10 [slider] playwright_slider_url_settled phase='search-listing-step4' final_url='https://36kr.com/search/articles/36%E6%B0%AA%E7%8B%AC%E5%AE%B6'
2026-04-27 11:54:10 [slider] playwright_slider_preloop phase='search-listing-step4' url=https://36kr.com/search/articles/36%E6%B0%AA%E7%8B%AC%E5%AE%B6 wait_after_load_ms=1800 slider_ui_ready_max_ms=20000
2026-04-27 11:54:14 [slider] playwright_slider_ok phase='search-listing-step4' url=https://36kr.com/search/articles/36%E6%B0%AA%E7%8B%AC%E5%AE%B6 html_length=102528
2026-04-27 11:54:14 [kr36] search_listing_csr_enriched url=https://36kr.com/search/articles/36%E6%B0%AA%E7%8B%AC%E5%AE%B6 html_length=102528
2026-04-27 11:54:14 [kr36] fetch_ok method=curl_playwright_search url=https://36kr.com/search/articles/36%E6%B0%AA%E7%8B%AC%E5%AE%B6 html_length=102528
2026-04-27 11:54:14 [kr36] search_date_filtered fixed_category=36氪独家 pub=2026-04-17 window=2026-04-20~2026-04-26
2026-04-27 11:54:14 [kr36] search_date_filtered fixed_category=36氪独家 pub=2026-04-09 window=2026-04-20~2026-04-26
2026-04-27 11:54:14 [kr36] search_date_filtered fixed_category=36氪独家 pub=2026-04-02 window=2026-04-20~2026-04-26
2026-04-27 11:54:14 [kr36] search_date_filtered fixed_category=36氪独家 pub=2026-04-02 window=2026-04-20~2026-04-26
2026-04-27 11:54:15 [kr36] search_date_filtered fixed_category=36氪独家 pub=2026-03-26 window=2026-04-20~2026-04-26
2026-04-27 11:54:15 [kr36] search_date_filtered fixed_category=36氪独家 pub=2026-03-31 window=2026-04-20~2026-04-26
2026-04-27 11:54:15 [kr36] search_date_filtered fixed_category=36氪独家 pub=2026-03-19 window=2026-04-20~2026-04-26
2026-04-27 11:54:15 [kr36] search_date_filtered fixed_category=36氪独家 pub=2026-03-16 window=2026-04-20~2026-04-26
2026-04-27 11:54:15 [kr36] search_date_filtered fixed_category=36氪独家 pub=2026-03-05 window=2026-04-20~2026-04-26
2026-04-27 11:54:15 [kr36] search_date_filtered fixed_category=36氪独家 pub=2026-03-24 window=2026-04-20~2026-04-26
2026-04-27 11:54:15 [kr36] search_date_filtered fixed_category=36氪独家 pub=2026-01-22 window=2026-04-20~2026-04-26
2026-04-27 11:54:15 [kr36] search_date_filtered fixed_category=36氪独家 pub=2026-03-04 window=2026-04-20~2026-04-26
2026-04-27 11:54:15 [kr36] search_date_filtered fixed_category=36氪独家 pub=2026-01-15 window=2026-04-20~2026-04-26
2026-04-27 11:54:15 [kr36] search_date_filtered fixed_category=36氪独家 pub=2026-01-14 window=2026-04-20~2026-04-26
2026-04-27 11:54:15 [kr36] search_date_filtered fixed_category=36氪独家 pub=2026-01-07 window=2026-04-20~2026-04-26
2026-04-27 11:54:15 [kr36] search_date_filtered fixed_category=36氪独家 pub=2026-01-15 window=2026-04-20~2026-04-26
2026-04-27 11:54:15 [kr36] search_date_filtered fixed_category=36氪独家 pub=2026-01-26 window=2026-04-20~2026-04-26
2026-04-27 11:54:15 [kr36] search_date_filtered fixed_category=36氪独家 pub=2026-02-26 window=2026-04-20~2026-04-26
2026-04-27 11:54:15 [kr36] round_end page=3 round=3/5 stage=search category=36氪独家 status=ok fetched=2 total_refs=2 elapsed_ms=23468
2026-04-27 11:54:15 [kr36] 完成搜索页(36氪独家)，数据 2 条，累计 2 条
2026-04-27 11:54:15 [kr36] round_next round=4/5 stage=search_or_channel
2026-04-27 11:54:15 [kr36] round_start page=4 round=4/5 stage=channel url=https://36kr.com/information/AI/
2026-04-27 11:54:15 [kr36] 进入频道页，数据 0 条，累计 2 条
2026-04-27 11:54:15 [kr36] throttle_wait url=https://36kr.com/information/AI/ wait_ms=15519 global_wait_ms=15519 same_url_wait_ms=0 risk_wait_ms=0
2026-04-27 11:54:30 [kr36] fetch_start url=https://36kr.com/information/AI/
2026-04-27 11:54:30 [kr36] fetch_ok method=curl url=https://36kr.com/information/AI/ html_length=1464
2026-04-27 11:54:30 [slider] step4_recover_trigger url=https://36kr.com/information/AI/ phase=step1-channel reason=risk_interstitial
2026-04-27 11:54:30 [slider] playwright_slider_start phase='step1-channel' url=https://36kr.com/information/AI/ headless=false channel='msedge'
2026-04-27 11:54:48 [slider] playwright_slider_url_settled phase='step1-channel' final_url='https://36kr.com/information/AI/'
2026-04-27 11:54:48 [slider] playwright_slider_preloop phase='step1-channel' url=https://36kr.com/information/AI/ wait_after_load_ms=1800 slider_ui_ready_max_ms=20000
2026-04-27 11:54:52 [slider] playwright_slider_ok phase='step1-channel' url=https://36kr.com/information/AI/ html_length=127084
2026-04-27 11:54:52 [kr36] round_end page=4 round=4/5 stage=channel status=ok url=https://36kr.com/information/AI/ fetched=54 total_refs=56 elapsed_ms=37867
2026-04-27 11:54:52 [kr36] 完成频道页，数据 54 条，累计 56 条
2026-04-27 11:54:52 [kr36] round_next round=5/5 stage=channel
2026-04-27 11:54:52 [kr36] round_start page=5 round=5/5 stage=channel url=https://36kr.com/information/contact/
2026-04-27 11:54:52 [kr36] 进入频道页，数据 0 条，累计 56 条
2026-04-27 11:54:52 [kr36] fetch_start url=https://36kr.com/information/contact/
2026-04-27 11:54:53 [kr36] fetch_ok method=curl url=https://36kr.com/information/contact/ html_length=1464
2026-04-27 11:54:53 [slider] step4_recover_trigger url=https://36kr.com/information/contact/ phase=step1-channel reason=risk_interstitial
2026-04-27 11:54:53 [slider] playwright_slider_start phase='step1-channel' url=https://36kr.com/information/contact/ headless=false channel='msedge'
2026-04-27 11:55:10 [slider] playwright_slider_url_settled phase='step1-channel' final_url='https://36kr.com/information/contact/'
2026-04-27 11:55:10 [slider] playwright_slider_preloop phase='step1-channel' url=https://36kr.com/information/contact/ wait_after_load_ms=1800 slider_ui_ready_max_ms=20000
2026-04-27 11:55:14 [slider] playwright_slider_ok phase='step1-channel' url=https://36kr.com/information/contact/ html_length=128332
2026-04-27 11:55:15 [kr36] round_end page=5 round=5/5 stage=channel status=ok url=https://36kr.com/information/contact/ fetched=4 total_refs=60 elapsed_ms=22604
2026-04-27 11:55:15 [kr36] 完成频道页，数据 4 条，累计 60 条
2026-04-27 11:55:15 [kr36] listing_end report_date=2026-04-27 total_refs=72 stopped_by=normal_complete
