[kr36] 2026-04-24 07:55:05 starting daily brief run (no email)...
[kr36] PROJECT_ROOT=E:\AI\touzifenxi
[kr36] PYTHON_BIN=E:\AI\touzifenxi\.venv\Scripts\python.exe
[kr36] TIMEOUT=50s
[kr36] LOG_FILE=E:\AI\touzifenxi\logs\kr36\kr36_20260424_075504.log
[kr36] running: "E:\AI\touzifenxi\.venv\Scripts\python.exe" scripts\websearch.py run --source 36kr --timeout 50
2026-04-24 07:55:06 [kr36] cookie_quality sensors_short len=0
2026-04-24 07:55:06 [kr36] listing_begin report_date=2026-04-24 rounds_total=5 candidate_limit=120 mode=sequential step0.5_then_step1
2026-04-24 07:55:06 [kr36] step0.5_topic_round_start page=1 round=1/5 stage=topics url=https://36kr.com/topics/
2026-04-24 07:55:06 [kr36] 进入专题页(0.5步)，数据 0 条，累计 0 条
2026-04-24 07:55:06 [kr36] fetch_start url=https://36kr.com/topics/
2026-04-24 07:55:08 [kr36] fetch_ok method=curl url=https://36kr.com/topics/ html_length=73868
2026-04-24 07:55:08 [kr36] throttle_wait url=https://36kr.com/topics/3770543132934659 wait_ms=29928 global_wait_ms=29928 same_url_wait_ms=0 risk_wait_ms=0
2026-04-24 07:55:38 [kr36] fetch_start url=https://36kr.com/topics/3770543132934659
2026-04-24 07:55:40 [kr36] fetch_ok method=curl url=https://36kr.com/topics/3770543132934659 html_length=76044
2026-04-24 07:55:40 [kr36] throttle_wait url=https://36kr.com/video/3766585318896386 wait_ms=23822 global_wait_ms=23822 same_url_wait_ms=0 risk_wait_ms=0
2026-04-24 07:56:04 [kr36] fetch_start url=https://36kr.com/video/3766585318896386
2026-04-24 07:56:06 [kr36] fetch_ok method=curl url=https://36kr.com/video/3766585318896386 html_length=60262
2026-04-24 07:56:06 [kr36] topic_video_cdn_extract count=7 html_len=60262 preview='https://videos.36krcdn.com/20260414/v2_1776165984015_video_mp4_v11' page='https://36kr.com/video/3766585318896386'
2026-04-24 07:56:29 [kr36] topic_video_download_ok cdn='https://videos.36krcdn.com/20260414/v2_1776165984015_video_mp4_v11' local=E:\AI\touzifenxi\output\reports\kr36_report\kr36_search_202604240755\kr36_topic_downloads\本周有大事丨大疆八年熵减，汪滔十年修行；为了保住同伙，AI有多癫；新中产收割机，想挑战Lululemon_\2026-04-15\videos\氪大事___为了保住同伙，AI有多癫？_36kr_topic_video_3766585318896386.mp4
2026-04-24 07:56:37 [kr36] topic_asr_ok chars=1183 transcript=E:\AI\touzifenxi\output\reports\kr36_report\kr36_search_202604240755\kr36_topic_downloads\本周有大事丨大疆八年熵减，汪滔十年修行；为了保住同伙，AI有多癫；新中产收割机，想挑战Lululemon_\2026-04-15\videos\氪大事___为了保住同伙，AI有多癫？_36kr_topic_video_3766585318896386.transcript.txt code=20000000 role=topic_video_asr_transcript
2026-04-24 07:56:37 [kr36] throttle_wait url=https://36kr.com/video/3764840757948933 wait_ms=953 global_wait_ms=953 same_url_wait_ms=0 risk_wait_ms=0
2026-04-24 07:56:38 [kr36] fetch_start url=https://36kr.com/video/3764840757948933
2026-04-24 07:56:40 [kr36] fetch_ok method=curl url=https://36kr.com/video/3764840757948933 html_length=59744
2026-04-24 07:56:40 [kr36] topic_video_cdn_extract count=7 html_len=59744 preview='https://videos.36krcdn.com/20260413/v2_1776051795825_video_mp4_v11' page='https://36kr.com/video/3764840757948933'
2026-04-24 08:02:47 [kr36] topic_video_download_ok cdn='https://videos.36krcdn.com/20260413/v2_1776051795825_video_mp4_v11' local=E:\AI\touzifenxi\output\reports\kr36_report\kr36_search_202604240755\kr36_topic_downloads\本周有大事丨大疆八年熵减，汪滔十年修行；为了保住同伙，AI有多癫；新中产收割机，想挑战Lululemon_\2026-04-14\videos\于东来和魏建军，两个“最轴”的老板“约会”了_36kr_topic_video_3764840757948933.mp4
2026-04-24 08:02:52 [kr36] topic_asr_ok chars=418 transcript=E:\AI\touzifenxi\output\reports\kr36_report\kr36_search_202604240755\kr36_topic_downloads\本周有大事丨大疆八年熵减，汪滔十年修行；为了保住同伙，AI有多癫；新中产收割机，想挑战Lululemon_\2026-04-14\videos\于东来和魏建军，两个“最轴”的老板“约会”了_36kr_topic_video_3764840757948933.transcript.txt code=20000000 role=topic_video_asr_transcript
2026-04-24 08:02:52 [kr36] fetch_start url=https://36kr.com/video/3765091828527880
2026-04-24 08:02:54 [kr36] fetch_ok method=curl url=https://36kr.com/video/3765091828527880 html_length=1460
2026-04-24 08:02:54 [kr36] throttle_wait url=https://m.36kr.com/video/3765091828527880 wait_ms=31158 global_wait_ms=31158 same_url_wait_ms=0 risk_wait_ms=0
2026-04-24 08:03:25 [kr36] fetch_start url=https://m.36kr.com/video/3765091828527880
2026-04-24 08:03:27 [kr36] fetch_ok method=curl url=https://m.36kr.com/video/3765091828527880 html_length=14308
2026-04-24 08:03:27 [kr36] topic_video_mobile_no_cdn page='https://m.36kr.com/video/3765091828527880' mobile_len=14308
2026-04-24 08:03:27 [kr36] topic_video_no_cdn_in_html page='https://36kr.com/video/3765091828527880' try_playwright reason=risk_interstitial,small_shell_len=1460
2026-04-24 08:03:27 [kr36] topic_video_playwright_recover reason=no_cdn_in_html page='https://36kr.com/video/3765091828527880'
2026-04-24 08:03:27 [kr36] playwright_slider_start phase='step4-video-nocookie' url=https://36kr.com/video/3765091828527880 headless=false channel='msedge'
2026-04-24 08:03:31 [kr36] playwright_skip_cookies phase='step4-video-nocookie' url=https://36kr.com/video/3765091828527880
2026-04-24 08:03:51 [kr36] playwright_slider_url_settled phase='step4-video-nocookie' final_url='https://36kr.com/video/3765091828527880'
2026-04-24 08:03:51 [kr36] playwright_slider_preloop phase='step4-video-nocookie' url=https://36kr.com/video/3765091828527880 wait_after_load_ms=1800 slider_ui_ready_max_ms=20000
2026-04-24 08:03:51 [kr36] playwright_slider_wait_ui phase='step4-video-nocookie' url=https://36kr.com/video/3765091828527880 ui_ready=true
2026-04-24 08:03:55 [kr36] slider_captcha_solve_result attempted=true
2026-04-24 08:03:55 [kr36] playwright_slider_attempt phase='step4-video-nocookie' url=https://36kr.com/video/3765091828527880 attempted=true
2026-04-24 08:04:07 [kr36] playwright_slider_ok phase='step4-video-nocookie' url=https://36kr.com/video/3765091828527880 html_length=67579
2026-04-24 08:04:08 [kr36] topic_video_playwright_nocookie_ok page='https://36kr.com/video/3765091828527880' html_len=67579
2026-04-24 08:04:08 [kr36] topic_video_cdn_extract count=7 html_len=67579 preview='https://videos.36krcdn.com/20260413/v2_1776074530156_video_mp4_v9' page='https://36kr.com/video/3765091828527880'
2026-04-24 08:07:10 [kr36] topic_video_download_ok cdn='https://videos.36krcdn.com/20260413/v2_1776074530156_video_mp4_v9' local=E:\AI\touzifenxi\output\reports\kr36_report\kr36_search_202604240755\kr36_topic_downloads\本周有大事丨大疆八年熵减，汪滔十年修行；为了保住同伙，AI有多癫；新中产收割机，想挑战Lululemon_\2026-04-13\videos\AI盗脸风波：当技术“越界”_如何守住自己的数字人格？_36kr_topic_video_3765091828527880.mp4
2026-04-24 08:07:18 [kr36] topic_asr_ok chars=1061 transcript=E:\AI\touzifenxi\output\reports\kr36_report\kr36_search_202604240755\kr36_topic_downloads\本周有大事丨大疆八年熵减，汪滔十年修行；为了保住同伙，AI有多癫；新中产收割机，想挑战Lululemon_\2026-04-13\videos\AI盗脸风波：当技术“越界”_如何守住自己的数字人格？_36kr_topic_video_3765091828527880.transcript.txt code=20000000 role=topic_video_asr_transcript
2026-04-24 08:07:18 [kr36] fetch_start url=https://36kr.com/topics/3771153216865028
2026-04-24 08:07:20 [kr36] fetch_ok method=curl url=https://36kr.com/topics/3771153216865028 html_length=60355
2026-04-24 08:07:20 [kr36] throttle_wait url=https://36kr.com/p/3770688595214857 wait_ms=29736 global_wait_ms=29736 same_url_wait_ms=0 risk_wait_ms=0
2026-04-24 08:07:49 [kr36] fetch_start url=https://36kr.com/p/3770688595214857
2026-04-24 08:07:52 [kr36] fetch_ok method=curl url=https://36kr.com/p/3770688595214857 html_length=75419
2026-04-24 08:07:52 [kr36] throttle_wait url=https://36kr.com/p/3766410231726855 wait_ms=35275 global_wait_ms=35275 same_url_wait_ms=0 risk_wait_ms=0
2026-04-24 08:08:27 [kr36] fetch_start url=https://36kr.com/p/3766410231726855
2026-04-24 08:08:29 [kr36] fetch_ok method=curl url=https://36kr.com/p/3766410231726855 html_length=81860
2026-04-24 08:08:29 [kr36] throttle_wait url=https://36kr.com/p/3764728843289089 wait_ms=29378 global_wait_ms=29378 same_url_wait_ms=0 risk_wait_ms=0
2026-04-24 08:08:59 [kr36] fetch_start url=https://36kr.com/p/3764728843289089
2026-04-24 08:09:01 [kr36] fetch_ok method=curl url=https://36kr.com/p/3764728843289089 html_length=84590
2026-04-24 08:09:01 [kr36] throttle_wait url=https://36kr.com/p/3766718158324489 wait_ms=36820 global_wait_ms=36820 same_url_wait_ms=0 risk_wait_ms=0
2026-04-24 08:09:38 [kr36] fetch_start url=https://36kr.com/p/3766718158324489
2026-04-24 08:09:40 [kr36] fetch_ok method=curl url=https://36kr.com/p/3766718158324489 html_length=86773
2026-04-24 08:09:40 [kr36] throttle_wait url=https://36kr.com/p/3765076875117314 wait_ms=31099 global_wait_ms=31099 same_url_wait_ms=0 risk_wait_ms=0
2026-04-24 08:10:11 [kr36] fetch_start url=https://36kr.com/p/3765076875117314
2026-04-24 08:10:13 [kr36] fetch_ok method=curl url=https://36kr.com/p/3765076875117314 html_length=90442
2026-04-24 08:10:13 [kr36] throttle_wait url=https://36kr.com/p/3764953900990977 wait_ms=31515 global_wait_ms=31515 same_url_wait_ms=0 risk_wait_ms=0
2026-04-24 08:10:45 [kr36] fetch_start url=https://36kr.com/p/3764953900990977
2026-04-24 08:10:47 [kr36] fetch_ok method=curl url=https://36kr.com/p/3764953900990977 html_length=89323
2026-04-24 08:10:47 [kr36] throttle_wait url=https://36kr.com/p/3757975636050695 wait_ms=25521 global_wait_ms=25521 same_url_wait_ms=0 risk_wait_ms=0
2026-04-24 08:11:13 [kr36] fetch_start url=https://36kr.com/p/3757975636050695
2026-04-24 08:11:15 [kr36] fetch_ok method=curl url=https://36kr.com/p/3757975636050695 html_length=79701
2026-04-24 08:11:15 [kr36] step0.5_topic_round_end page=1 round=1/5 stage=topics status=ok fetched=10 total_topic_refs=10 elapsed_ms=969415
2026-04-24 08:11:15 [kr36] 完成专题页(0.5步)，数据 10 条，累计 10 条
2026-04-24 08:11:15 [kr36] step1_listing_next round=2/5 stage=activity
2026-04-24 08:11:15 [kr36] step1_main_round_start page=2 round=2/5 stage=activity url=https://36kr.com/activity
2026-04-24 08:11:15 [kr36] 进入活动页，数据 0 条，累计 0 条
2026-04-24 08:11:15 [kr36] throttle_wait url=https://36kr.com/activity wait_ms=29639 global_wait_ms=29639 same_url_wait_ms=0 risk_wait_ms=0
2026-04-24 08:11:45 [kr36] fetch_start url=https://36kr.com/activity
2026-04-24 08:11:47 [kr36] fetch_ok method=curl url=https://36kr.com/activity html_length=61604
2026-04-24 08:11:47 [kr36] round_end page=2 round=2/5 stage=activity status=ok fetched=1 total_refs=1 elapsed_ms=31694
2026-04-24 08:11:47 [kr36] 完成活动页，数据 1 条，累计 1 条
2026-04-24 08:11:47 [kr36] round_next round=3/5 stage=search
2026-04-24 08:11:47 [kr36] round_start page=3 round=3/5 stage=search category=36氪独家 url=https://36kr.com/search/articles/36%E6%B0%AA%E7%8B%AC%E5%AE%B6 date_window=2026-04-13~2026-04-19
2026-04-24 08:11:47 [kr36] 进入搜索页(36氪独家)，数据 0 条，累计 1 条
2026-04-24 08:11:47 [kr36] throttle_wait url=https://36kr.com/search/articles/36%E6%B0%AA%E7%8B%AC%E5%AE%B6 wait_ms=28858 global_wait_ms=28858 same_url_wait_ms=0 risk_wait_ms=0
2026-04-24 08:12:16 [kr36] fetch_start url=https://36kr.com/search/articles/36%E6%B0%AA%E7%8B%AC%E5%AE%B6
2026-04-24 08:12:18 [kr36] search_enrich_direct_step4 reason=auto_solver url=https://36kr.com/search/articles/36%E6%B0%AA%E7%8B%AC%E5%AE%B6
2026-04-24 08:12:18 [kr36] playwright_slider_start phase='search-listing-step4' url=https://36kr.com/search/articles/36%E6%B0%AA%E7%8B%AC%E5%AE%B6 headless=false channel='msedge'
2026-04-24 08:12:38 [kr36] playwright_slider_url_settled phase='search-listing-step4' final_url='https://36kr.com/search/articles/36%E6%B0%AA%E7%8B%AC%E5%AE%B6'
2026-04-24 08:12:38 [kr36] playwright_slider_preloop phase='search-listing-step4' url=https://36kr.com/search/articles/36%E6%B0%AA%E7%8B%AC%E5%AE%B6 wait_after_load_ms=1800 slider_ui_ready_max_ms=20000
2026-04-24 08:12:42 [kr36] playwright_slider_ok phase='search-listing-step4' url=https://36kr.com/search/articles/36%E6%B0%AA%E7%8B%AC%E5%AE%B6 html_length=102528
2026-04-24 08:12:43 [kr36] search_listing_csr_enriched url=https://36kr.com/search/articles/36%E6%B0%AA%E7%8B%AC%E5%AE%B6 html_length=102528
2026-04-24 08:12:43 [kr36] fetch_ok method=curl_playwright_search url=https://36kr.com/search/articles/36%E6%B0%AA%E7%8B%AC%E5%AE%B6 html_length=102528
2026-04-24 08:12:43 [kr36] search_date_filtered fixed_category=36氪独家 pub=2026-04-21 window=2026-04-13~2026-04-19
2026-04-24 08:12:43 [kr36] search_date_filtered fixed_category=36氪独家 pub=2026-04-20 window=2026-04-13~2026-04-19
2026-04-24 08:12:43 [kr36] search_date_filtered fixed_category=36氪独家 pub=2026-04-09 window=2026-04-13~2026-04-19
2026-04-24 08:12:43 [kr36] search_date_filtered fixed_category=36氪独家 pub=2026-04-02 window=2026-04-13~2026-04-19
2026-04-24 08:12:43 [kr36] search_date_filtered fixed_category=36氪独家 pub=2026-04-02 window=2026-04-13~2026-04-19
2026-04-24 08:12:43 [kr36] search_date_filtered fixed_category=36氪独家 pub=2026-03-26 window=2026-04-13~2026-04-19
2026-04-24 08:12:43 [kr36] search_date_filtered fixed_category=36氪独家 pub=2026-03-31 window=2026-04-13~2026-04-19
2026-04-24 08:12:43 [kr36] search_date_filtered fixed_category=36氪独家 pub=2026-03-19 window=2026-04-13~2026-04-19
2026-04-24 08:12:43 [kr36] search_date_filtered fixed_category=36氪独家 pub=2026-03-16 window=2026-04-13~2026-04-19
2026-04-24 08:12:43 [kr36] search_date_filtered fixed_category=36氪独家 pub=2026-03-05 window=2026-04-13~2026-04-19
2026-04-24 08:12:43 [kr36] search_date_filtered fixed_category=36氪独家 pub=2026-03-24 window=2026-04-13~2026-04-19
2026-04-24 08:12:43 [kr36] search_date_filtered fixed_category=36氪独家 pub=2026-03-04 window=2026-04-13~2026-04-19
2026-04-24 08:12:43 [kr36] search_date_filtered fixed_category=36氪独家 pub=2026-01-22 window=2026-04-13~2026-04-19
2026-04-24 08:12:43 [kr36] search_date_filtered fixed_category=36氪独家 pub=2026-01-15 window=2026-04-13~2026-04-19
2026-04-24 08:12:43 [kr36] search_date_filtered fixed_category=36氪独家 pub=2026-01-14 window=2026-04-13~2026-04-19
2026-04-24 08:12:43 [kr36] search_date_filtered fixed_category=36氪独家 pub=2026-01-07 window=2026-04-13~2026-04-19
2026-04-24 08:12:43 [kr36] search_date_filtered fixed_category=36氪独家 pub=2026-01-15 window=2026-04-13~2026-04-19
2026-04-24 08:12:43 [kr36] search_date_filtered fixed_category=36氪独家 pub=2026-01-26 window=2026-04-13~2026-04-19
2026-04-24 08:12:43 [kr36] search_date_filtered fixed_category=36氪独家 pub=2026-02-26 window=2026-04-13~2026-04-19
2026-04-24 08:12:43 [kr36] round_end page=3 round=3/5 stage=search category=36氪独家 status=ok fetched=1 total_refs=2 elapsed_ms=56171
2026-04-24 08:12:43 [kr36] 完成搜索页(36氪独家)，数据 1 条，累计 2 条
2026-04-24 08:12:43 [kr36] round_next round=4/5 stage=search_or_channel
2026-04-24 08:12:43 [kr36] round_start page=4 round=4/5 stage=channel url=https://36kr.com/information/AI/
2026-04-24 08:12:43 [kr36] 进入频道页，数据 0 条，累计 2 条
2026-04-24 08:12:43 [kr36] fetch_start url=https://36kr.com/information/AI/
2026-04-24 08:12:45 [kr36] fetch_ok method=curl url=https://36kr.com/information/AI/ html_length=115154
2026-04-24 08:12:45 [kr36] round_end page=4 round=4/5 stage=channel status=ok url=https://36kr.com/information/AI/ fetched=54 total_refs=56 elapsed_ms=2352
2026-04-24 08:12:45 [kr36] 完成频道页，数据 54 条，累计 56 条
2026-04-24 08:12:45 [kr36] round_next round=5/5 stage=channel
2026-04-24 08:12:45 [kr36] round_start page=5 round=5/5 stage=channel url=https://36kr.com/information/contact/
2026-04-24 08:12:45 [kr36] 进入频道页，数据 0 条，累计 56 条
2026-04-24 08:12:45 [kr36] throttle_wait url=https://36kr.com/information/contact/ wait_ms=37565 global_wait_ms=37565 same_url_wait_ms=0 risk_wait_ms=0
2026-04-24 08:13:23 [kr36] fetch_start url=https://36kr.com/information/contact/
2026-04-24 08:13:25 [kr36] fetch_ok method=curl url=https://36kr.com/information/contact/ html_length=116338
2026-04-24 08:13:25 [kr36] round_end page=5 round=5/5 stage=channel status=ok url=https://36kr.com/information/contact/ fetched=20 total_refs=76 elapsed_ms=39893
2026-04-24 08:13:25 [kr36] 完成频道页，数据 20 条，累计 76 条
2026-04-24 08:13:25 [kr36] listing_end report_date=2026-04-24 total_refs=86 stopped_by=normal_complete
[kr36] 2026-04-24 08:36:54 finished with exit code 0.
