[kr36] 2026-04-23 11:57:30 starting daily brief run (no email)...
[kr36] PROJECT_ROOT=E:\AI\touzifenxi
[kr36] PYTHON_BIN=E:\AI\touzifenxi\.venv\Scripts\python.exe
[kr36] TIMEOUT=40s
[kr36] LOG_FILE=E:\AI\touzifenxi\logs\kr36\kr36_20260423_115729.log
[kr36] running: "E:\AI\touzifenxi\.venv\Scripts\python.exe" scripts\websearch.py run --source 36kr --timeout 40
2026-04-23 11:57:30 [kr36] listing_begin report_date=2026-04-23 rounds_total=12 candidate_limit=120 mode=sequential step0.5_then_step1
2026-04-23 11:57:30 [kr36] step0.5_topic_round_start page=1 round=1/12 stage=topics url=https://36kr.com/topics/
2026-04-23 11:57:30 [kr36] 进入专题页(0.5步)，数据 0 条，累计 0 条
2026-04-23 11:57:30 [kr36] fetch_start url=https://36kr.com/topics/
2026-04-23 11:57:33 [kr36] fetch_ok method=curl url=https://36kr.com/topics/ html_length=73868
2026-04-23 11:57:33 [kr36] throttle_wait url=https://36kr.com/topics/3770543132934659 wait_ms=23324 global_wait_ms=23324 same_url_wait_ms=0 risk_wait_ms=0
2026-04-23 11:57:57 [kr36] fetch_start url=https://36kr.com/topics/3770543132934659
2026-04-23 11:57:58 [kr36] fetch_ok method=curl url=https://36kr.com/topics/3770543132934659 html_length=1460
2026-04-23 11:57:58 [kr36] throttle_wait url=https://36kr.com/topics/3771153216865028 wait_ms=23756 global_wait_ms=23756 same_url_wait_ms=0 risk_wait_ms=0
2026-04-23 11:58:22 [kr36] fetch_start url=https://36kr.com/topics/3771153216865028
2026-04-23 11:58:24 [kr36] fetch_ok method=curl url=https://36kr.com/topics/3771153216865028 html_length=1460
2026-04-23 11:58:24 [kr36] step0.5_topic_round_end page=1 round=1/12 stage=topics status=ok fetched=2 total_topic_refs=2 elapsed_ms=53145
2026-04-23 11:58:24 [kr36] 完成专题页(0.5步)，数据 2 条，累计 2 条
2026-04-23 11:58:24 [kr36] step1_listing_next round=2/12 stage=activity
2026-04-23 11:58:24 [kr36] step1_main_round_start page=2 round=2/12 stage=activity url=https://36kr.com/activity
2026-04-23 11:58:24 [kr36] 进入活动页，数据 0 条，累计 0 条
2026-04-23 11:58:24 [kr36] throttle_wait url=https://36kr.com/activity wait_ms=19799 global_wait_ms=19799 same_url_wait_ms=0 risk_wait_ms=0
2026-04-23 11:58:43 [kr36] fetch_start url=https://36kr.com/activity
2026-04-23 11:58:45 [kr36] topics_activity_enrich_direct_step4 reason=auto_solver url=https://36kr.com/activity page_kind=activity
2026-04-23 11:58:45 [kr36] playwright_slider_start phase='topics-activity-step4-activity' url=https://36kr.com/activity headless=false channel='msedge'
2026-04-23 11:59:08 [kr36] playwright_slider_preloop phase='topics-activity-step4-activity' url=https://36kr.com/activity wait_after_load_ms=1800 slider_ui_ready_max_ms=20000
2026-04-23 11:59:08 [kr36] playwright_slider_wait_ui phase='topics-activity-step4-activity' url=https://36kr.com/activity ui_ready=true
2026-04-23 11:59:24 [kr36] slider_captcha_solve_result attempted=true
2026-04-23 11:59:24 [kr36] playwright_slider_attempt phase='topics-activity-step4-activity' url=https://36kr.com/activity attempted=true
2026-04-23 11:59:33 [kr36] playwright_slider_ok phase='topics-activity-step4-activity' url=https://36kr.com/activity html_length=3244
2026-04-23 11:59:34 [kr36] topics_activity_csr_enriched url=https://36kr.com/activity html_length=3244
2026-04-23 11:59:34 [kr36] fetch_ok method=curl_playwright_topics_activity url=https://36kr.com/activity html_length=3244
2026-04-23 11:59:34 [kr36] round_end page=2 round=2/12 stage=activity status=ok fetched=0 total_refs=0 elapsed_ms=70792
2026-04-23 11:59:34 [kr36] 完成活动页，数据 0 条，累计 0 条
2026-04-23 11:59:34 [kr36] round_next round=3/12 stage=search
2026-04-23 11:59:34 [kr36] round_start page=3 round=3/12 stage=search category=36氪独家 url=https://36kr.com/search/articles/36%E6%B0%AA%E7%8B%AC%E5%AE%B6 date_window=2026-04-13~2026-04-19
2026-04-23 11:59:34 [kr36] 进入搜索页(36氪独家)，数据 0 条，累计 0 条
2026-04-23 11:59:34 [kr36] fetch_start url=https://36kr.com/search/articles/36%E6%B0%AA%E7%8B%AC%E5%AE%B6
2026-04-23 11:59:36 [kr36] search_enrich_direct_step4 reason=auto_solver url=https://36kr.com/search/articles/36%E6%B0%AA%E7%8B%AC%E5%AE%B6
2026-04-23 11:59:36 [kr36] playwright_slider_start phase='search-listing-step4' url=https://36kr.com/search/articles/36%E6%B0%AA%E7%8B%AC%E5%AE%B6 headless=false channel='msedge'
2026-04-23 11:59:58 [kr36] playwright_slider_preloop phase='search-listing-step4' url=https://36kr.com/search/articles/36%E6%B0%AA%E7%8B%AC%E5%AE%B6 wait_after_load_ms=1800 slider_ui_ready_max_ms=20000
2026-04-23 11:59:58 [kr36] playwright_slider_wait_ui phase='search-listing-step4' url=https://36kr.com/search/articles/36%E6%B0%AA%E7%8B%AC%E5%AE%B6 ui_ready=true
2026-04-23 12:00:03 [kr36] slider_captcha_solve_result attempted=true
2026-04-23 12:00:03 [kr36] playwright_slider_attempt phase='search-listing-step4' url=https://36kr.com/search/articles/36%E6%B0%AA%E7%8B%AC%E5%AE%B6 attempted=true
2026-04-23 12:00:08 [kr36] playwright_slider_after_solve phase='search-listing-step4' url=https://36kr.com/search/articles/36%E6%B0%AA%E7%8B%AC%E5%AE%B6 html_length=53935
2026-04-23 12:00:08 [kr36] playwright_slider_close_on_pass phase='search-listing-step4' url=https://36kr.com/search/articles/36%E6%B0%AA%E7%8B%AC%E5%AE%B6
2026-04-23 12:00:09 [kr36] search_listing_csr_enriched url=https://36kr.com/search/articles/36%E6%B0%AA%E7%8B%AC%E5%AE%B6 html_length=53935
2026-04-23 12:00:09 [kr36] fetch_ok method=curl_playwright_search url=https://36kr.com/search/articles/36%E6%B0%AA%E7%8B%AC%E5%AE%B6 html_length=53935
2026-04-23 12:00:09 [kr36] round_end page=3 round=3/12 stage=search category=36氪独家 status=ok fetched=0 total_refs=0 elapsed_ms=34619
2026-04-23 12:00:09 [kr36] search_zero_result category=36氪独家 html_length=53935 has_list_main=false has_search_item=false has_p_link=false risk_like=false
2026-04-23 12:00:09 [kr36] 完成搜索页(36氪独家)，数据 0 条，累计 0 条
2026-04-23 12:00:09 [kr36] round_next round=4/12 stage=search_or_channel
2026-04-23 12:00:09 [kr36] round_start page=4 round=4/12 stage=search category=深氪 url=https://36kr.com/search/articles/%E6%B7%B1%E6%B0%AA date_window=2026-04-13~2026-04-19
2026-04-23 12:00:09 [kr36] 进入搜索页(深氪)，数据 0 条，累计 0 条
2026-04-23 12:00:09 [kr36] fetch_start url=https://36kr.com/search/articles/%E6%B7%B1%E6%B0%AA
2026-04-23 12:00:11 [kr36] search_enrich_direct_step4 reason=auto_solver url=https://36kr.com/search/articles/%E6%B7%B1%E6%B0%AA
2026-04-23 12:00:11 [kr36] playwright_slider_start phase='search-listing-step4' url=https://36kr.com/search/articles/%E6%B7%B1%E6%B0%AA headless=false channel='msedge'
2026-04-23 12:00:28 [kr36] playwright_slider_preloop phase='search-listing-step4' url=https://36kr.com/search/articles/%E6%B7%B1%E6%B0%AA wait_after_load_ms=1800 slider_ui_ready_max_ms=20000
2026-04-23 12:00:32 [kr36] playwright_slider_ok phase='search-listing-step4' url=https://36kr.com/search/articles/%E6%B7%B1%E6%B0%AA html_length=100521
2026-04-23 12:00:33 [kr36] search_listing_csr_enriched url=https://36kr.com/search/articles/%E6%B7%B1%E6%B0%AA html_length=100521
2026-04-23 12:00:33 [kr36] fetch_ok method=curl_playwright_search url=https://36kr.com/search/articles/%E6%B7%B1%E6%B0%AA html_length=100521
2026-04-23 12:00:33 [kr36] search_date_filtered fixed_category=深氪 pub=2026-01-09 window=2026-04-13~2026-04-19
2026-04-23 12:00:33 [kr36] search_date_filtered fixed_category=深氪 pub=2025-12-08 window=2026-04-13~2026-04-19
2026-04-23 12:00:33 [kr36] search_date_filtered fixed_category=深氪 pub=2025-12-12 window=2026-04-13~2026-04-19
2026-04-23 12:00:33 [kr36] search_date_filtered fixed_category=深氪 pub=2025-12-31 window=2026-04-13~2026-04-19
2026-04-23 12:00:33 [kr36] search_date_filtered fixed_category=深氪 pub=2025-09-17 window=2026-04-13~2026-04-19
2026-04-23 12:00:33 [kr36] search_date_filtered fixed_category=深氪 pub=2025-11-14 window=2026-04-13~2026-04-19
2026-04-23 12:00:33 [kr36] search_date_filtered fixed_category=深氪 pub=2025-10-24 window=2026-04-13~2026-04-19
2026-04-23 12:00:33 [kr36] search_date_filtered fixed_category=深氪 pub=2025-10-10 window=2026-04-13~2026-04-19
2026-04-23 12:00:33 [kr36] search_date_filtered fixed_category=深氪 pub=2025-07-12 window=2026-04-13~2026-04-19
2026-04-23 12:00:33 [kr36] search_date_filtered fixed_category=深氪 pub=2025-05-28 window=2026-04-13~2026-04-19
2026-04-23 12:00:33 [kr36] search_date_filtered fixed_category=深氪 pub=2025-07-23 window=2026-04-13~2026-04-19
2026-04-23 12:00:33 [kr36] search_date_filtered fixed_category=深氪 pub=2025-08-21 window=2026-04-13~2026-04-19
2026-04-23 12:00:33 [kr36] search_date_filtered fixed_category=深氪 pub=2025-07-14 window=2026-04-13~2026-04-19
2026-04-23 12:00:33 [kr36] search_date_filtered fixed_category=深氪 pub=2025-07-21 window=2026-04-13~2026-04-19
2026-04-23 12:00:33 [kr36] search_date_filtered fixed_category=深氪 pub=2024-08-01 window=2026-04-13~2026-04-19
2026-04-23 12:00:33 [kr36] search_date_filtered fixed_category=深氪 pub=2025-04-25 window=2026-04-13~2026-04-19
2026-04-23 12:00:33 [kr36] search_date_filtered fixed_category=深氪 pub=2025-06-06 window=2026-04-13~2026-04-19
2026-04-23 12:00:33 [kr36] search_date_filtered fixed_category=深氪 pub=2025-03-06 window=2026-04-13~2026-04-19
2026-04-23 12:00:33 [kr36] search_date_filtered fixed_category=深氪 pub=2025-07-28 window=2026-04-13~2026-04-19
2026-04-23 12:00:33 [kr36] search_date_filtered fixed_category=深氪 pub=2024-10-09 window=2026-04-13~2026-04-19
2026-04-23 12:00:33 [kr36] search_date_filtered fixed_category=深氪 pub=2026-01-09 window=2026-04-13~2026-04-19
2026-04-23 12:00:33 [kr36] search_date_filtered fixed_category=深氪 pub=2025-12-08 window=2026-04-13~2026-04-19
2026-04-23 12:00:33 [kr36] search_date_filtered fixed_category=深氪 pub=2025-12-12 window=2026-04-13~2026-04-19
2026-04-23 12:00:33 [kr36] search_date_filtered fixed_category=深氪 pub=2025-12-31 window=2026-04-13~2026-04-19
2026-04-23 12:00:33 [kr36] search_date_filtered fixed_category=深氪 pub=2025-09-17 window=2026-04-13~2026-04-19
2026-04-23 12:00:33 [kr36] search_date_filtered fixed_category=深氪 pub=2025-11-14 window=2026-04-13~2026-04-19
2026-04-23 12:00:33 [kr36] search_date_filtered fixed_category=深氪 pub=2025-10-24 window=2026-04-13~2026-04-19
2026-04-23 12:00:33 [kr36] search_date_filtered fixed_category=深氪 pub=2025-10-10 window=2026-04-13~2026-04-19
2026-04-23 12:00:33 [kr36] search_date_filtered fixed_category=深氪 pub=2025-07-12 window=2026-04-13~2026-04-19
2026-04-23 12:00:33 [kr36] search_date_filtered fixed_category=深氪 pub=2025-05-28 window=2026-04-13~2026-04-19
2026-04-23 12:00:33 [kr36] search_date_filtered fixed_category=深氪 pub=2025-05-28 window=2026-04-13~2026-04-19
2026-04-23 12:00:33 [kr36] search_date_filtered fixed_category=深氪 pub=2025-07-23 window=2026-04-13~2026-04-19
2026-04-23 12:00:33 [kr36] search_date_filtered fixed_category=深氪 pub=2025-08-21 window=2026-04-13~2026-04-19
2026-04-23 12:00:33 [kr36] search_date_filtered fixed_category=深氪 pub=2025-07-14 window=2026-04-13~2026-04-19
2026-04-23 12:00:33 [kr36] search_date_filtered fixed_category=深氪 pub=2025-07-21 window=2026-04-13~2026-04-19
2026-04-23 12:00:33 [kr36] search_date_filtered fixed_category=深氪 pub=2024-08-01 window=2026-04-13~2026-04-19
2026-04-23 12:00:33 [kr36] search_date_filtered fixed_category=深氪 pub=2025-04-25 window=2026-04-13~2026-04-19
2026-04-23 12:00:33 [kr36] search_date_filtered fixed_category=深氪 pub=2025-06-06 window=2026-04-13~2026-04-19
2026-04-23 12:00:33 [kr36] search_date_filtered fixed_category=深氪 pub=2025-03-06 window=2026-04-13~2026-04-19
2026-04-23 12:00:33 [kr36] search_date_filtered fixed_category=深氪 pub=2025-07-28 window=2026-04-13~2026-04-19
2026-04-23 12:00:33 [kr36] search_date_parse_failed fixed_category=深氪 window=2026-04-13~2026-04-19 item_html_len=1335 action=exclude
2026-04-23 12:00:33 [kr36] search_date_filtered fixed_category=深氪 pub=2026-01-09 window=2026-04-13~2026-04-19
2026-04-23 12:00:33 [kr36] search_date_filtered fixed_category=深氪 pub=2026-01-09 window=2026-04-13~2026-04-19
2026-04-23 12:00:33 [kr36] search_date_filtered fixed_category=深氪 pub=2025-12-08 window=2026-04-13~2026-04-19
2026-04-23 12:00:33 [kr36] search_date_filtered fixed_category=深氪 pub=2025-12-08 window=2026-04-13~2026-04-19
2026-04-23 12:00:33 [kr36] search_date_filtered fixed_category=深氪 pub=2025-12-12 window=2026-04-13~2026-04-19
2026-04-23 12:00:33 [kr36] search_date_filtered fixed_category=深氪 pub=2025-12-12 window=2026-04-13~2026-04-19
2026-04-23 12:00:33 [kr36] search_date_filtered fixed_category=深氪 pub=2025-12-31 window=2026-04-13~2026-04-19
2026-04-23 12:00:33 [kr36] search_date_filtered fixed_category=深氪 pub=2025-12-31 window=2026-04-13~2026-04-19
2026-04-23 12:00:33 [kr36] search_date_filtered fixed_category=深氪 pub=2025-09-17 window=2026-04-13~2026-04-19
2026-04-23 12:00:33 [kr36] search_date_filtered fixed_category=深氪 pub=2025-09-17 window=2026-04-13~2026-04-19
2026-04-23 12:00:33 [kr36] search_date_filtered fixed_category=深氪 pub=2025-11-14 window=2026-04-13~2026-04-19
2026-04-23 12:00:33 [kr36] search_date_filtered fixed_category=深氪 pub=2025-11-14 window=2026-04-13~2026-04-19
2026-04-23 12:00:33 [kr36] search_date_filtered fixed_category=深氪 pub=2025-10-24 window=2026-04-13~2026-04-19
2026-04-23 12:00:33 [kr36] search_date_filtered fixed_category=深氪 pub=2025-10-24 window=2026-04-13~2026-04-19
2026-04-23 12:00:33 [kr36] search_date_filtered fixed_category=深氪 pub=2025-10-10 window=2026-04-13~2026-04-19
2026-04-23 12:00:33 [kr36] search_date_filtered fixed_category=深氪 pub=2025-10-10 window=2026-04-13~2026-04-19
2026-04-23 12:00:33 [kr36] search_date_filtered fixed_category=深氪 pub=2025-07-12 window=2026-04-13~2026-04-19
2026-04-23 12:00:33 [kr36] search_date_filtered fixed_category=深氪 pub=2025-07-12 window=2026-04-13~2026-04-19
2026-04-23 12:00:33 [kr36] search_date_filtered fixed_category=深氪 pub=2025-05-28 window=2026-04-13~2026-04-19
2026-04-23 12:00:33 [kr36] search_date_filtered fixed_category=深氪 pub=2025-05-28 window=2026-04-13~2026-04-19
2026-04-23 12:00:33 [kr36] search_date_filtered fixed_category=深氪 pub=2025-07-23 window=2026-04-13~2026-04-19
2026-04-23 12:00:33 [kr36] search_date_filtered fixed_category=深氪 pub=2025-07-23 window=2026-04-13~2026-04-19
2026-04-23 12:00:33 [kr36] search_date_filtered fixed_category=深氪 pub=2025-08-21 window=2026-04-13~2026-04-19
2026-04-23 12:00:33 [kr36] search_date_filtered fixed_category=深氪 pub=2025-08-21 window=2026-04-13~2026-04-19
2026-04-23 12:00:33 [kr36] search_date_filtered fixed_category=深氪 pub=2025-07-14 window=2026-04-13~2026-04-19
2026-04-23 12:00:33 [kr36] search_date_filtered fixed_category=深氪 pub=2025-07-14 window=2026-04-13~2026-04-19
2026-04-23 12:00:33 [kr36] search_date_filtered fixed_category=深氪 pub=2025-07-21 window=2026-04-13~2026-04-19
2026-04-23 12:00:33 [kr36] search_date_filtered fixed_category=深氪 pub=2025-07-21 window=2026-04-13~2026-04-19
2026-04-23 12:00:33 [kr36] search_date_filtered fixed_category=深氪 pub=2024-08-01 window=2026-04-13~2026-04-19
2026-04-23 12:00:33 [kr36] search_date_filtered fixed_category=深氪 pub=2024-08-01 window=2026-04-13~2026-04-19
2026-04-23 12:00:33 [kr36] search_date_filtered fixed_category=深氪 pub=2025-04-25 window=2026-04-13~2026-04-19
2026-04-23 12:00:33 [kr36] search_date_filtered fixed_category=深氪 pub=2025-04-25 window=2026-04-13~2026-04-19
2026-04-23 12:00:33 [kr36] search_date_filtered fixed_category=深氪 pub=2025-06-06 window=2026-04-13~2026-04-19
2026-04-23 12:00:33 [kr36] search_date_filtered fixed_category=深氪 pub=2025-06-06 window=2026-04-13~2026-04-19
2026-04-23 12:00:33 [kr36] search_date_filtered fixed_category=深氪 pub=2025-03-06 window=2026-04-13~2026-04-19
2026-04-23 12:00:33 [kr36] search_date_filtered fixed_category=深氪 pub=2025-03-06 window=2026-04-13~2026-04-19
2026-04-23 12:00:33 [kr36] search_date_filtered fixed_category=深氪 pub=2025-07-28 window=2026-04-13~2026-04-19
2026-04-23 12:00:33 [kr36] search_date_filtered fixed_category=深氪 pub=2025-07-28 window=2026-04-13~2026-04-19
2026-04-23 12:00:33 [kr36] search_date_filtered fixed_category=深氪 pub=2024-10-09 window=2026-04-13~2026-04-19
2026-04-23 12:00:33 [kr36] search_date_filtered fixed_category=深氪 pub=2024-10-09 window=2026-04-13~2026-04-19
2026-04-23 12:00:33 [kr36] round_end page=4 round=4/12 stage=search category=深氪 status=ok fetched=0 total_refs=0 elapsed_ms=24083
2026-04-23 12:00:33 [kr36] search_zero_result category=深氪 html_length=100521 has_list_main=true has_search_item=true has_p_link=true risk_like=false
2026-04-23 12:00:33 [kr36] 完成搜索页(深氪)，数据 0 条，累计 0 条
2026-04-23 12:00:33 [kr36] round_next round=5/12 stage=search_or_channel
2026-04-23 12:00:33 [kr36] round_start page=5 round=5/12 stage=search category=后浪白皮书 url=https://36kr.com/search/articles/%E5%90%8E%E6%B5%AA%E7%99%BD%E7%9A%AE%E4%B9%A6 date_window=2026-04-13~2026-04-19
2026-04-23 12:00:33 [kr36] 进入搜索页(后浪白皮书)，数据 0 条，累计 0 条
2026-04-23 12:00:33 [kr36] throttle_wait url=https://36kr.com/search/articles/%E5%90%8E%E6%B5%AA%E7%99%BD%E7%9A%AE%E4%B9%A6 wait_ms=3429 global_wait_ms=3429 same_url_wait_ms=0 risk_wait_ms=0
2026-04-23 12:00:37 [kr36] fetch_start url=https://36kr.com/search/articles/%E5%90%8E%E6%B5%AA%E7%99%BD%E7%9A%AE%E4%B9%A6
2026-04-23 12:00:38 [kr36] search_enrich_direct_step4 reason=auto_solver url=https://36kr.com/search/articles/%E5%90%8E%E6%B5%AA%E7%99%BD%E7%9A%AE%E4%B9%A6
2026-04-23 12:00:38 [kr36] playwright_slider_start phase='search-listing-step4' url=https://36kr.com/search/articles/%E5%90%8E%E6%B5%AA%E7%99%BD%E7%9A%AE%E4%B9%A6 headless=false channel='msedge'
2026-04-23 12:00:54 [kr36] playwright_slider_preloop phase='search-listing-step4' url=https://36kr.com/search/articles/%E5%90%8E%E6%B5%AA%E7%99%BD%E7%9A%AE%E4%B9%A6 wait_after_load_ms=1800 slider_ui_ready_max_ms=20000
2026-04-23 12:00:58 [kr36] playwright_slider_ok phase='search-listing-step4' url=https://36kr.com/search/articles/%E5%90%8E%E6%B5%AA%E7%99%BD%E7%9A%AE%E4%B9%A6 html_length=67361
2026-04-23 12:00:59 [kr36] search_listing_csr_enriched url=https://36kr.com/search/articles/%E5%90%8E%E6%B5%AA%E7%99%BD%E7%9A%AE%E4%B9%A6 html_length=67361
2026-04-23 12:00:59 [kr36] fetch_ok method=curl_playwright_search url=https://36kr.com/search/articles/%E5%90%8E%E6%B5%AA%E7%99%BD%E7%9A%AE%E4%B9%A6 html_length=67361
2026-04-23 12:00:59 [kr36] search_date_filtered fixed_category=后浪白皮书 pub=2021-09-05 window=2026-04-13~2026-04-19
2026-04-23 12:00:59 [kr36] search_date_filtered fixed_category=后浪白皮书 pub=2023-01-28 window=2026-04-13~2026-04-19
2026-04-23 12:00:59 [kr36] search_date_filtered fixed_category=后浪白皮书 pub=2021-09-05 window=2026-04-13~2026-04-19
2026-04-23 12:00:59 [kr36] search_date_filtered fixed_category=后浪白皮书 pub=2023-01-28 window=2026-04-13~2026-04-19
2026-04-23 12:00:59 [kr36] search_date_parse_failed fixed_category=后浪白皮书 window=2026-04-13~2026-04-19 item_html_len=1335 action=exclude
2026-04-23 12:00:59 [kr36] search_date_filtered fixed_category=后浪白皮书 pub=2021-09-05 window=2026-04-13~2026-04-19
2026-04-23 12:00:59 [kr36] search_date_filtered fixed_category=后浪白皮书 pub=2021-09-05 window=2026-04-13~2026-04-19
2026-04-23 12:00:59 [kr36] search_date_filtered fixed_category=后浪白皮书 pub=2023-01-28 window=2026-04-13~2026-04-19
2026-04-23 12:00:59 [kr36] search_date_filtered fixed_category=后浪白皮书 pub=2023-01-28 window=2026-04-13~2026-04-19
2026-04-23 12:00:59 [kr36] round_end page=5 round=5/12 stage=search category=后浪白皮书 status=ok fetched=0 total_refs=0 elapsed_ms=25953
2026-04-23 12:00:59 [kr36] search_zero_result category=后浪白皮书 html_length=67361 has_list_main=true has_search_item=true has_p_link=true risk_like=false
2026-04-23 12:00:59 [kr36] 完成搜索页(后浪白皮书)，数据 0 条，累计 0 条
2026-04-23 12:00:59 [kr36] round_next round=6/12 stage=search_or_channel
2026-04-23 12:00:59 [kr36] round_start page=6 round=6/12 stage=search category=行业日报 url=https://36kr.com/search/articles/%E8%A1%8C%E4%B8%9A%E6%97%A5%E6%8A%A5 date_window=2026-04-13~2026-04-19
2026-04-23 12:00:59 [kr36] 进入搜索页(行业日报)，数据 0 条，累计 0 条
2026-04-23 12:00:59 [kr36] throttle_wait url=https://36kr.com/search/articles/%E8%A1%8C%E4%B8%9A%E6%97%A5%E6%8A%A5 wait_ms=6191 global_wait_ms=6191 same_url_wait_ms=0 risk_wait_ms=0
2026-04-23 12:01:05 [kr36] fetch_start url=https://36kr.com/search/articles/%E8%A1%8C%E4%B8%9A%E6%97%A5%E6%8A%A5
2026-04-23 12:01:07 [kr36] search_enrich_direct_step4 reason=auto_solver url=https://36kr.com/search/articles/%E8%A1%8C%E4%B8%9A%E6%97%A5%E6%8A%A5
2026-04-23 12:01:07 [kr36] playwright_slider_start phase='search-listing-step4' url=https://36kr.com/search/articles/%E8%A1%8C%E4%B8%9A%E6%97%A5%E6%8A%A5 headless=false channel='msedge'
2026-04-23 12:01:23 [kr36] playwright_slider_preloop phase='search-listing-step4' url=https://36kr.com/search/articles/%E8%A1%8C%E4%B8%9A%E6%97%A5%E6%8A%A5 wait_after_load_ms=1800 slider_ui_ready_max_ms=20000
2026-04-23 12:01:27 [kr36] playwright_slider_ok phase='search-listing-step4' url=https://36kr.com/search/articles/%E8%A1%8C%E4%B8%9A%E6%97%A5%E6%8A%A5 html_length=68624
2026-04-23 12:01:28 [kr36] search_listing_csr_enriched url=https://36kr.com/search/articles/%E8%A1%8C%E4%B8%9A%E6%97%A5%E6%8A%A5 html_length=68624
2026-04-23 12:01:28 [kr36] fetch_ok method=curl_playwright_search url=https://36kr.com/search/articles/%E8%A1%8C%E4%B8%9A%E6%97%A5%E6%8A%A5 html_length=68624
2026-04-23 12:01:28 [kr36] search_date_filtered fixed_category=行业日报 pub=2026-03-25 window=2026-04-13~2026-04-19
2026-04-23 12:01:28 [kr36] search_date_filtered fixed_category=行业日报 pub=2021-03-24 window=2026-04-13~2026-04-19
2026-04-23 12:01:28 [kr36] search_date_filtered fixed_category=行业日报 pub=2020-01-02 window=2026-04-13~2026-04-19
2026-04-23 12:01:28 [kr36] search_date_filtered fixed_category=行业日报 pub=2026-03-25 window=2026-04-13~2026-04-19
2026-04-23 12:01:28 [kr36] search_date_filtered fixed_category=行业日报 pub=2021-03-24 window=2026-04-13~2026-04-19
2026-04-23 12:01:28 [kr36] search_date_filtered fixed_category=行业日报 pub=2020-01-02 window=2026-04-13~2026-04-19
2026-04-23 12:01:28 [kr36] search_date_parse_failed fixed_category=行业日报 window=2026-04-13~2026-04-19 item_html_len=1335 action=exclude
2026-04-23 12:01:28 [kr36] search_date_filtered fixed_category=行业日报 pub=2026-03-25 window=2026-04-13~2026-04-19
2026-04-23 12:01:28 [kr36] search_date_filtered fixed_category=行业日报 pub=2026-03-25 window=2026-04-13~2026-04-19
2026-04-23 12:01:28 [kr36] search_date_filtered fixed_category=行业日报 pub=2021-03-24 window=2026-04-13~2026-04-19
2026-04-23 12:01:28 [kr36] search_date_filtered fixed_category=行业日报 pub=2021-03-24 window=2026-04-13~2026-04-19
2026-04-23 12:01:28 [kr36] search_date_filtered fixed_category=行业日报 pub=2020-01-02 window=2026-04-13~2026-04-19
2026-04-23 12:01:28 [kr36] search_date_filtered fixed_category=行业日报 pub=2020-01-02 window=2026-04-13~2026-04-19
2026-04-23 12:01:28 [kr36] round_end page=6 round=6/12 stage=search category=行业日报 status=ok fetched=0 total_refs=0 elapsed_ms=29064
2026-04-23 12:01:28 [kr36] search_zero_result category=行业日报 html_length=68624 has_list_main=true has_search_item=true has_p_link=true risk_like=false
2026-04-23 12:01:28 [kr36] 完成搜索页(行业日报)，数据 0 条，累计 0 条
2026-04-23 12:01:28 [kr36] round_next round=7/12 stage=search_or_channel
2026-04-23 12:01:28 [kr36] round_start page=7 round=7/12 stage=search category=Long China 50 url=https://36kr.com/search/articles/Long%20China%2050 date_window=2026-04-13~2026-04-19
2026-04-23 12:01:28 [kr36] 进入搜索页(Long China 50)，数据 0 条，累计 0 条
2026-04-23 12:01:28 [kr36] throttle_wait url=https://36kr.com/search/articles/Long%20China%2050 wait_ms=1869 global_wait_ms=1869 same_url_wait_ms=0 risk_wait_ms=0
2026-04-23 12:01:30 [kr36] fetch_start url=https://36kr.com/search/articles/Long%20China%2050
2026-04-23 12:01:32 [kr36] search_enrich_direct_step4 reason=auto_solver url=https://36kr.com/search/articles/Long%20China%2050
2026-04-23 12:01:32 [kr36] playwright_slider_start phase='search-listing-step4' url=https://36kr.com/search/articles/Long%20China%2050 headless=false channel='msedge'
2026-04-23 12:01:49 [kr36] playwright_slider_preloop phase='search-listing-step4' url=https://36kr.com/search/articles/Long%20China%2050 wait_after_load_ms=1800 slider_ui_ready_max_ms=20000
2026-04-23 12:01:53 [kr36] playwright_slider_ok phase='search-listing-step4' url=https://36kr.com/search/articles/Long%20China%2050 html_length=102187
2026-04-23 12:01:54 [kr36] search_listing_csr_enriched url=https://36kr.com/search/articles/Long%20China%2050 html_length=102187
2026-04-23 12:01:54 [kr36] fetch_ok method=curl_playwright_search url=https://36kr.com/search/articles/Long%20China%2050 html_length=102187
2026-04-23 12:01:54 [kr36] search_date_filtered fixed_category=Long China 50 pub=2024-05-29 window=2026-04-13~2026-04-19
2026-04-23 12:01:54 [kr36] search_date_filtered fixed_category=Long China 50 pub=2024-04-29 window=2026-04-13~2026-04-19
2026-04-23 12:01:54 [kr36] search_date_filtered fixed_category=Long China 50 pub=2024-05-24 window=2026-04-13~2026-04-19
2026-04-23 12:01:54 [kr36] search_date_filtered fixed_category=Long China 50 pub=2024-03-13 window=2026-04-13~2026-04-19
2026-04-23 12:01:54 [kr36] search_date_filtered fixed_category=Long China 50 pub=2023-07-20 window=2026-04-13~2026-04-19
2026-04-23 12:01:54 [kr36] search_date_filtered fixed_category=Long China 50 pub=2023-02-17 window=2026-04-13~2026-04-19
2026-04-23 12:01:54 [kr36] search_date_filtered fixed_category=Long China 50 pub=2024-02-23 window=2026-04-13~2026-04-19
2026-04-23 12:01:54 [kr36] search_date_filtered fixed_category=Long China 50 pub=2022-06-12 window=2026-04-13~2026-04-19
2026-04-23 12:01:54 [kr36] search_date_filtered fixed_category=Long China 50 pub=2022-08-24 window=2026-04-13~2026-04-19
2026-04-23 12:01:54 [kr36] search_date_filtered fixed_category=Long China 50 pub=2023-02-20 window=2026-04-13~2026-04-19
2026-04-23 12:01:54 [kr36] search_date_filtered fixed_category=Long China 50 pub=2022-08-05 window=2026-04-13~2026-04-19
2026-04-23 12:01:54 [kr36] search_date_filtered fixed_category=Long China 50 pub=2023-02-20 window=2026-04-13~2026-04-19
2026-04-23 12:01:54 [kr36] search_date_filtered fixed_category=Long China 50 pub=2022-08-22 window=2026-04-13~2026-04-19
2026-04-23 12:01:54 [kr36] search_date_filtered fixed_category=Long China 50 pub=2023-03-09 window=2026-04-13~2026-04-19
2026-04-23 12:01:54 [kr36] search_date_filtered fixed_category=Long China 50 pub=2022-07-19 window=2026-04-13~2026-04-19
2026-04-23 12:01:54 [kr36] search_date_filtered fixed_category=Long China 50 pub=2023-01-15 window=2026-04-13~2026-04-19
2026-04-23 12:01:54 [kr36] search_date_filtered fixed_category=Long China 50 pub=2022-08-19 window=2026-04-13~2026-04-19
2026-04-23 12:01:54 [kr36] search_date_filtered fixed_category=Long China 50 pub=2022-06-03 window=2026-04-13~2026-04-19
2026-04-23 12:01:54 [kr36] search_date_filtered fixed_category=Long China 50 pub=2023-03-08 window=2026-04-13~2026-04-19
2026-04-23 12:01:54 [kr36] search_date_filtered fixed_category=Long China 50 pub=2023-03-09 window=2026-04-13~2026-04-19
2026-04-23 12:01:54 [kr36] search_date_filtered fixed_category=Long China 50 pub=2024-05-29 window=2026-04-13~2026-04-19
2026-04-23 12:01:54 [kr36] search_date_filtered fixed_category=Long China 50 pub=2024-04-29 window=2026-04-13~2026-04-19
2026-04-23 12:01:54 [kr36] search_date_filtered fixed_category=Long China 50 pub=2024-05-24 window=2026-04-13~2026-04-19
2026-04-23 12:01:54 [kr36] search_date_filtered fixed_category=Long China 50 pub=2024-03-13 window=2026-04-13~2026-04-19
2026-04-23 12:01:54 [kr36] search_date_filtered fixed_category=Long China 50 pub=2023-07-20 window=2026-04-13~2026-04-19
2026-04-23 12:01:54 [kr36] search_date_filtered fixed_category=Long China 50 pub=2023-02-17 window=2026-04-13~2026-04-19
2026-04-23 12:01:54 [kr36] search_date_filtered fixed_category=Long China 50 pub=2024-02-23 window=2026-04-13~2026-04-19
2026-04-23 12:01:54 [kr36] search_date_filtered fixed_category=Long China 50 pub=2022-06-12 window=2026-04-13~2026-04-19
2026-04-23 12:01:54 [kr36] search_date_filtered fixed_category=Long China 50 pub=2022-08-24 window=2026-04-13~2026-04-19
2026-04-23 12:01:54 [kr36] search_date_filtered fixed_category=Long China 50 pub=2023-02-20 window=2026-04-13~2026-04-19
2026-04-23 12:01:54 [kr36] search_date_filtered fixed_category=Long China 50 pub=2023-02-20 window=2026-04-13~2026-04-19
2026-04-23 12:01:54 [kr36] search_date_filtered fixed_category=Long China 50 pub=2022-08-05 window=2026-04-13~2026-04-19
2026-04-23 12:01:54 [kr36] search_date_filtered fixed_category=Long China 50 pub=2023-02-20 window=2026-04-13~2026-04-19
2026-04-23 12:01:54 [kr36] search_date_filtered fixed_category=Long China 50 pub=2022-08-22 window=2026-04-13~2026-04-19
2026-04-23 12:01:54 [kr36] search_date_filtered fixed_category=Long China 50 pub=2023-03-09 window=2026-04-13~2026-04-19
2026-04-23 12:01:54 [kr36] search_date_filtered fixed_category=Long China 50 pub=2022-07-19 window=2026-04-13~2026-04-19
2026-04-23 12:01:54 [kr36] search_date_filtered fixed_category=Long China 50 pub=2023-01-15 window=2026-04-13~2026-04-19
2026-04-23 12:01:54 [kr36] search_date_filtered fixed_category=Long China 50 pub=2022-08-19 window=2026-04-13~2026-04-19
2026-04-23 12:01:54 [kr36] search_date_filtered fixed_category=Long China 50 pub=2022-06-03 window=2026-04-13~2026-04-19
2026-04-23 12:01:54 [kr36] search_date_filtered fixed_category=Long China 50 pub=2023-03-08 window=2026-04-13~2026-04-19
2026-04-23 12:01:54 [kr36] search_date_parse_failed fixed_category=Long China 50 window=2026-04-13~2026-04-19 item_html_len=1335 action=exclude
2026-04-23 12:01:54 [kr36] search_date_filtered fixed_category=Long China 50 pub=2024-05-29 window=2026-04-13~2026-04-19
2026-04-23 12:01:54 [kr36] search_date_filtered fixed_category=Long China 50 pub=2024-05-29 window=2026-04-13~2026-04-19
2026-04-23 12:01:54 [kr36] search_date_filtered fixed_category=Long China 50 pub=2024-04-29 window=2026-04-13~2026-04-19
2026-04-23 12:01:54 [kr36] search_date_filtered fixed_category=Long China 50 pub=2024-04-29 window=2026-04-13~2026-04-19
2026-04-23 12:01:54 [kr36] search_date_filtered fixed_category=Long China 50 pub=2024-05-24 window=2026-04-13~2026-04-19
2026-04-23 12:01:54 [kr36] search_date_filtered fixed_category=Long China 50 pub=2024-05-24 window=2026-04-13~2026-04-19
2026-04-23 12:01:54 [kr36] search_date_filtered fixed_category=Long China 50 pub=2024-03-13 window=2026-04-13~2026-04-19
2026-04-23 12:01:54 [kr36] search_date_filtered fixed_category=Long China 50 pub=2024-03-13 window=2026-04-13~2026-04-19
2026-04-23 12:01:54 [kr36] search_date_filtered fixed_category=Long China 50 pub=2023-07-20 window=2026-04-13~2026-04-19
2026-04-23 12:01:54 [kr36] search_date_filtered fixed_category=Long China 50 pub=2023-07-20 window=2026-04-13~2026-04-19
2026-04-23 12:01:54 [kr36] search_date_filtered fixed_category=Long China 50 pub=2023-02-17 window=2026-04-13~2026-04-19
2026-04-23 12:01:54 [kr36] search_date_filtered fixed_category=Long China 50 pub=2023-02-17 window=2026-04-13~2026-04-19
2026-04-23 12:01:54 [kr36] search_date_filtered fixed_category=Long China 50 pub=2024-02-23 window=2026-04-13~2026-04-19
2026-04-23 12:01:54 [kr36] search_date_filtered fixed_category=Long China 50 pub=2024-02-23 window=2026-04-13~2026-04-19
2026-04-23 12:01:54 [kr36] search_date_filtered fixed_category=Long China 50 pub=2022-06-12 window=2026-04-13~2026-04-19
2026-04-23 12:01:54 [kr36] search_date_filtered fixed_category=Long China 50 pub=2022-06-12 window=2026-04-13~2026-04-19
2026-04-23 12:01:54 [kr36] search_date_filtered fixed_category=Long China 50 pub=2022-08-24 window=2026-04-13~2026-04-19
2026-04-23 12:01:54 [kr36] search_date_filtered fixed_category=Long China 50 pub=2022-08-24 window=2026-04-13~2026-04-19
2026-04-23 12:01:54 [kr36] search_date_filtered fixed_category=Long China 50 pub=2023-02-20 window=2026-04-13~2026-04-19
2026-04-23 12:01:54 [kr36] search_date_filtered fixed_category=Long China 50 pub=2023-02-20 window=2026-04-13~2026-04-19
2026-04-23 12:01:54 [kr36] search_date_filtered fixed_category=Long China 50 pub=2022-08-05 window=2026-04-13~2026-04-19
2026-04-23 12:01:54 [kr36] search_date_filtered fixed_category=Long China 50 pub=2022-08-05 window=2026-04-13~2026-04-19
2026-04-23 12:01:54 [kr36] search_date_filtered fixed_category=Long China 50 pub=2023-02-20 window=2026-04-13~2026-04-19
2026-04-23 12:01:54 [kr36] search_date_filtered fixed_category=Long China 50 pub=2023-02-20 window=2026-04-13~2026-04-19
2026-04-23 12:01:55 [kr36] search_date_filtered fixed_category=Long China 50 pub=2022-08-22 window=2026-04-13~2026-04-19
2026-04-23 12:01:55 [kr36] search_date_filtered fixed_category=Long China 50 pub=2022-08-22 window=2026-04-13~2026-04-19
2026-04-23 12:01:55 [kr36] search_date_filtered fixed_category=Long China 50 pub=2023-03-09 window=2026-04-13~2026-04-19
2026-04-23 12:01:55 [kr36] search_date_filtered fixed_category=Long China 50 pub=2023-03-09 window=2026-04-13~2026-04-19
2026-04-23 12:01:55 [kr36] search_date_filtered fixed_category=Long China 50 pub=2022-07-19 window=2026-04-13~2026-04-19
2026-04-23 12:01:55 [kr36] search_date_filtered fixed_category=Long China 50 pub=2022-07-19 window=2026-04-13~2026-04-19
2026-04-23 12:01:55 [kr36] search_date_filtered fixed_category=Long China 50 pub=2023-01-15 window=2026-04-13~2026-04-19
2026-04-23 12:01:55 [kr36] search_date_filtered fixed_category=Long China 50 pub=2023-01-15 window=2026-04-13~2026-04-19
2026-04-23 12:01:55 [kr36] search_date_filtered fixed_category=Long China 50 pub=2022-08-19 window=2026-04-13~2026-04-19
2026-04-23 12:01:55 [kr36] search_date_filtered fixed_category=Long China 50 pub=2022-08-19 window=2026-04-13~2026-04-19
2026-04-23 12:01:55 [kr36] search_date_filtered fixed_category=Long China 50 pub=2022-06-03 window=2026-04-13~2026-04-19
2026-04-23 12:01:55 [kr36] search_date_filtered fixed_category=Long China 50 pub=2022-06-03 window=2026-04-13~2026-04-19
2026-04-23 12:01:55 [kr36] search_date_filtered fixed_category=Long China 50 pub=2023-03-08 window=2026-04-13~2026-04-19
2026-04-23 12:01:55 [kr36] search_date_filtered fixed_category=Long China 50 pub=2023-03-08 window=2026-04-13~2026-04-19
2026-04-23 12:01:55 [kr36] search_date_filtered fixed_category=Long China 50 pub=2023-03-09 window=2026-04-13~2026-04-19
2026-04-23 12:01:55 [kr36] search_date_filtered fixed_category=Long China 50 pub=2023-03-09 window=2026-04-13~2026-04-19
2026-04-23 12:01:55 [kr36] round_end page=7 round=7/12 stage=search category=Long China 50 status=ok fetched=0 total_refs=0 elapsed_ms=26425
2026-04-23 12:01:55 [kr36] search_zero_result category=Long China 50 html_length=102187 has_list_main=true has_search_item=true has_p_link=true risk_like=false
2026-04-23 12:01:55 [kr36] 完成搜索页(Long China 50)，数据 0 条，累计 0 条
2026-04-23 12:01:55 [kr36] round_next round=8/12 stage=search_or_channel
2026-04-23 12:01:55 [kr36] round_start page=8 round=8/12 stage=search category=投资派 url=https://36kr.com/search/articles/%E6%8A%95%E8%B5%84%E6%B4%BE date_window=2026-04-13~2026-04-19
2026-04-23 12:01:55 [kr36] 进入搜索页(投资派)，数据 0 条，累计 0 条
2026-04-23 12:01:55 [kr36] throttle_wait url=https://36kr.com/search/articles/%E6%8A%95%E8%B5%84%E6%B4%BE wait_ms=13135 global_wait_ms=13135 same_url_wait_ms=0 risk_wait_ms=0
2026-04-23 12:02:08 [kr36] fetch_start url=https://36kr.com/search/articles/%E6%8A%95%E8%B5%84%E6%B4%BE
2026-04-23 12:02:10 [kr36] search_enrich_direct_step4 reason=auto_solver url=https://36kr.com/search/articles/%E6%8A%95%E8%B5%84%E6%B4%BE
2026-04-23 12:02:10 [kr36] playwright_slider_start phase='search-listing-step4' url=https://36kr.com/search/articles/%E6%8A%95%E8%B5%84%E6%B4%BE headless=false channel='msedge'
2026-04-23 12:02:30 [kr36] playwright_slider_preloop phase='search-listing-step4' url=https://36kr.com/search/articles/%E6%8A%95%E8%B5%84%E6%B4%BE wait_after_load_ms=1800 slider_ui_ready_max_ms=20000
2026-04-23 12:02:34 [kr36] playwright_slider_ok phase='search-listing-step4' url=https://36kr.com/search/articles/%E6%8A%95%E8%B5%84%E6%B4%BE html_length=99956
2026-04-23 12:02:35 [kr36] search_listing_csr_enriched url=https://36kr.com/search/articles/%E6%8A%95%E8%B5%84%E6%B4%BE html_length=99956
2026-04-23 12:02:35 [kr36] fetch_ok method=curl_playwright_search url=https://36kr.com/search/articles/%E6%8A%95%E8%B5%84%E6%B4%BE html_length=99956
2026-04-23 12:02:35 [kr36] search_date_filtered fixed_category=投资派 pub=2024-06-05 window=2026-04-13~2026-04-19
2026-04-23 12:02:35 [kr36] search_date_filtered fixed_category=投资派 pub=2024-06-26 window=2026-04-13~2026-04-19
2026-04-23 12:02:35 [kr36] search_date_filtered fixed_category=投资派 pub=2024-07-11 window=2026-04-13~2026-04-19
2026-04-23 12:02:35 [kr36] search_date_filtered fixed_category=投资派 pub=2024-04-26 window=2026-04-13~2026-04-19
2026-04-23 12:02:35 [kr36] search_date_filtered fixed_category=投资派 pub=2024-04-23 window=2026-04-13~2026-04-19
2026-04-23 12:02:35 [kr36] search_date_filtered fixed_category=投资派 pub=2024-04-27 window=2026-04-13~2026-04-19
2026-04-23 12:02:35 [kr36] search_date_filtered fixed_category=投资派 pub=2024-05-06 window=2026-04-13~2026-04-19
2026-04-23 12:02:35 [kr36] search_date_filtered fixed_category=投资派 pub=2023-09-07 window=2026-04-13~2026-04-19
2026-04-23 12:02:35 [kr36] search_date_filtered fixed_category=投资派 pub=2023-08-24 window=2026-04-13~2026-04-19
2026-04-23 12:02:35 [kr36] search_date_filtered fixed_category=投资派 pub=2022-08-19 window=2026-04-13~2026-04-19
2026-04-23 12:02:35 [kr36] search_date_filtered fixed_category=投资派 pub=2022-02-17 window=2026-04-13~2026-04-19
2026-04-23 12:02:35 [kr36] search_date_filtered fixed_category=投资派 pub=2023-08-17 window=2026-04-13~2026-04-19
2026-04-23 12:02:35 [kr36] search_date_filtered fixed_category=投资派 pub=2022-02-11 window=2026-04-13~2026-04-19
2026-04-23 12:02:35 [kr36] search_date_filtered fixed_category=投资派 pub=2021-10-20 window=2026-04-13~2026-04-19
2026-04-23 12:02:35 [kr36] search_date_filtered fixed_category=投资派 pub=2022-01-12 window=2026-04-13~2026-04-19
2026-04-23 12:02:35 [kr36] search_date_filtered fixed_category=投资派 pub=2022-02-11 window=2026-04-13~2026-04-19
2026-04-23 12:02:35 [kr36] search_date_filtered fixed_category=投资派 pub=2022-02-09 window=2026-04-13~2026-04-19
2026-04-23 12:02:35 [kr36] search_date_filtered fixed_category=投资派 pub=2022-02-21 window=2026-04-13~2026-04-19
2026-04-23 12:02:35 [kr36] search_date_filtered fixed_category=投资派 pub=2021-10-27 window=2026-04-13~2026-04-19
2026-04-23 12:02:35 [kr36] search_date_filtered fixed_category=投资派 pub=2022-01-05 window=2026-04-13~2026-04-19
2026-04-23 12:02:35 [kr36] search_date_filtered fixed_category=投资派 pub=2024-06-05 window=2026-04-13~2026-04-19
2026-04-23 12:02:35 [kr36] search_date_filtered fixed_category=投资派 pub=2024-06-26 window=2026-04-13~2026-04-19
2026-04-23 12:02:35 [kr36] search_date_filtered fixed_category=投资派 pub=2024-07-11 window=2026-04-13~2026-04-19
2026-04-23 12:02:35 [kr36] search_date_filtered fixed_category=投资派 pub=2024-04-26 window=2026-04-13~2026-04-19
2026-04-23 12:02:35 [kr36] search_date_filtered fixed_category=投资派 pub=2024-04-23 window=2026-04-13~2026-04-19
2026-04-23 12:02:35 [kr36] search_date_filtered fixed_category=投资派 pub=2024-04-27 window=2026-04-13~2026-04-19
2026-04-23 12:02:35 [kr36] search_date_filtered fixed_category=投资派 pub=2024-05-06 window=2026-04-13~2026-04-19
2026-04-23 12:02:35 [kr36] search_date_filtered fixed_category=投资派 pub=2023-09-07 window=2026-04-13~2026-04-19
2026-04-23 12:02:35 [kr36] search_date_filtered fixed_category=投资派 pub=2023-08-24 window=2026-04-13~2026-04-19
2026-04-23 12:02:35 [kr36] search_date_filtered fixed_category=投资派 pub=2022-08-19 window=2026-04-13~2026-04-19
2026-04-23 12:02:35 [kr36] search_date_filtered fixed_category=投资派 pub=2022-08-19 window=2026-04-13~2026-04-19
2026-04-23 12:02:35 [kr36] search_date_filtered fixed_category=投资派 pub=2022-02-17 window=2026-04-13~2026-04-19
2026-04-23 12:02:35 [kr36] search_date_filtered fixed_category=投资派 pub=2023-08-17 window=2026-04-13~2026-04-19
2026-04-23 12:02:35 [kr36] search_date_filtered fixed_category=投资派 pub=2022-02-11 window=2026-04-13~2026-04-19
2026-04-23 12:02:35 [kr36] search_date_filtered fixed_category=投资派 pub=2021-10-20 window=2026-04-13~2026-04-19
2026-04-23 12:02:35 [kr36] search_date_filtered fixed_category=投资派 pub=2022-01-12 window=2026-04-13~2026-04-19
2026-04-23 12:02:35 [kr36] search_date_filtered fixed_category=投资派 pub=2022-02-11 window=2026-04-13~2026-04-19
2026-04-23 12:02:35 [kr36] search_date_filtered fixed_category=投资派 pub=2022-02-09 window=2026-04-13~2026-04-19
2026-04-23 12:02:35 [kr36] search_date_filtered fixed_category=投资派 pub=2022-02-21 window=2026-04-13~2026-04-19
2026-04-23 12:02:35 [kr36] search_date_filtered fixed_category=投资派 pub=2021-10-27 window=2026-04-13~2026-04-19
2026-04-23 12:02:35 [kr36] search_date_parse_failed fixed_category=投资派 window=2026-04-13~2026-04-19 item_html_len=1335 action=exclude
2026-04-23 12:02:35 [kr36] search_date_filtered fixed_category=投资派 pub=2024-06-05 window=2026-04-13~2026-04-19
2026-04-23 12:02:35 [kr36] search_date_filtered fixed_category=投资派 pub=2024-06-05 window=2026-04-13~2026-04-19
2026-04-23 12:02:35 [kr36] search_date_filtered fixed_category=投资派 pub=2024-06-26 window=2026-04-13~2026-04-19
2026-04-23 12:02:35 [kr36] search_date_filtered fixed_category=投资派 pub=2024-06-26 window=2026-04-13~2026-04-19
2026-04-23 12:02:35 [kr36] search_date_filtered fixed_category=投资派 pub=2024-07-11 window=2026-04-13~2026-04-19
2026-04-23 12:02:35 [kr36] search_date_filtered fixed_category=投资派 pub=2024-07-11 window=2026-04-13~2026-04-19
2026-04-23 12:02:35 [kr36] search_date_filtered fixed_category=投资派 pub=2024-04-26 window=2026-04-13~2026-04-19
2026-04-23 12:02:35 [kr36] search_date_filtered fixed_category=投资派 pub=2024-04-26 window=2026-04-13~2026-04-19
2026-04-23 12:02:35 [kr36] search_date_filtered fixed_category=投资派 pub=2024-04-23 window=2026-04-13~2026-04-19
2026-04-23 12:02:35 [kr36] search_date_filtered fixed_category=投资派 pub=2024-04-23 window=2026-04-13~2026-04-19
2026-04-23 12:02:35 [kr36] search_date_filtered fixed_category=投资派 pub=2024-04-27 window=2026-04-13~2026-04-19
2026-04-23 12:02:35 [kr36] search_date_filtered fixed_category=投资派 pub=2024-04-27 window=2026-04-13~2026-04-19
2026-04-23 12:02:35 [kr36] search_date_filtered fixed_category=投资派 pub=2024-05-06 window=2026-04-13~2026-04-19
2026-04-23 12:02:35 [kr36] search_date_filtered fixed_category=投资派 pub=2024-05-06 window=2026-04-13~2026-04-19
2026-04-23 12:02:35 [kr36] search_date_filtered fixed_category=投资派 pub=2023-09-07 window=2026-04-13~2026-04-19
2026-04-23 12:02:35 [kr36] search_date_filtered fixed_category=投资派 pub=2023-09-07 window=2026-04-13~2026-04-19
2026-04-23 12:02:35 [kr36] search_date_filtered fixed_category=投资派 pub=2023-08-24 window=2026-04-13~2026-04-19
2026-04-23 12:02:35 [kr36] search_date_filtered fixed_category=投资派 pub=2023-08-24 window=2026-04-13~2026-04-19
2026-04-23 12:02:35 [kr36] search_date_filtered fixed_category=投资派 pub=2022-08-19 window=2026-04-13~2026-04-19
2026-04-23 12:02:35 [kr36] search_date_filtered fixed_category=投资派 pub=2022-08-19 window=2026-04-13~2026-04-19
2026-04-23 12:02:35 [kr36] search_date_filtered fixed_category=投资派 pub=2022-02-17 window=2026-04-13~2026-04-19
2026-04-23 12:02:35 [kr36] search_date_filtered fixed_category=投资派 pub=2022-02-17 window=2026-04-13~2026-04-19
2026-04-23 12:02:35 [kr36] search_date_filtered fixed_category=投资派 pub=2023-08-17 window=2026-04-13~2026-04-19
2026-04-23 12:02:35 [kr36] search_date_filtered fixed_category=投资派 pub=2023-08-17 window=2026-04-13~2026-04-19
2026-04-23 12:02:35 [kr36] search_date_filtered fixed_category=投资派 pub=2022-02-11 window=2026-04-13~2026-04-19
2026-04-23 12:02:35 [kr36] search_date_filtered fixed_category=投资派 pub=2022-02-11 window=2026-04-13~2026-04-19
2026-04-23 12:02:35 [kr36] search_date_filtered fixed_category=投资派 pub=2021-10-20 window=2026-04-13~2026-04-19
2026-04-23 12:02:35 [kr36] search_date_filtered fixed_category=投资派 pub=2021-10-20 window=2026-04-13~2026-04-19
2026-04-23 12:02:35 [kr36] search_date_filtered fixed_category=投资派 pub=2022-01-12 window=2026-04-13~2026-04-19
2026-04-23 12:02:35 [kr36] search_date_filtered fixed_category=投资派 pub=2022-01-12 window=2026-04-13~2026-04-19
2026-04-23 12:02:35 [kr36] search_date_filtered fixed_category=投资派 pub=2022-02-11 window=2026-04-13~2026-04-19
2026-04-23 12:02:35 [kr36] search_date_filtered fixed_category=投资派 pub=2022-02-11 window=2026-04-13~2026-04-19
2026-04-23 12:02:35 [kr36] search_date_filtered fixed_category=投资派 pub=2022-02-09 window=2026-04-13~2026-04-19
2026-04-23 12:02:35 [kr36] search_date_filtered fixed_category=投资派 pub=2022-02-09 window=2026-04-13~2026-04-19
2026-04-23 12:02:35 [kr36] search_date_filtered fixed_category=投资派 pub=2022-02-21 window=2026-04-13~2026-04-19
2026-04-23 12:02:35 [kr36] search_date_filtered fixed_category=投资派 pub=2022-02-21 window=2026-04-13~2026-04-19
2026-04-23 12:02:35 [kr36] search_date_filtered fixed_category=投资派 pub=2021-10-27 window=2026-04-13~2026-04-19
2026-04-23 12:02:35 [kr36] search_date_filtered fixed_category=投资派 pub=2021-10-27 window=2026-04-13~2026-04-19
2026-04-23 12:02:35 [kr36] search_date_filtered fixed_category=投资派 pub=2022-01-05 window=2026-04-13~2026-04-19
2026-04-23 12:02:35 [kr36] search_date_filtered fixed_category=投资派 pub=2022-01-05 window=2026-04-13~2026-04-19
2026-04-23 12:02:35 [kr36] round_end page=8 round=8/12 stage=search category=投资派 status=ok fetched=0 total_refs=0 elapsed_ms=40859
2026-04-23 12:02:35 [kr36] search_zero_result category=投资派 html_length=99956 has_list_main=true has_search_item=true has_p_link=true risk_like=false
2026-04-23 12:02:36 [kr36] 完成搜索页(投资派)，数据 0 条，累计 0 条
2026-04-23 12:02:36 [kr36] round_next round=9/12 stage=search_or_channel
2026-04-23 12:02:36 [kr36] round_start page=9 round=9/12 stage=search category=新青年观察 url=https://36kr.com/search/articles/%E6%96%B0%E9%9D%92%E5%B9%B4%E8%A7%82%E5%AF%9F date_window=2026-04-13~2026-04-19
2026-04-23 12:02:36 [kr36] 进入搜索页(新青年观察)，数据 0 条，累计 0 条
2026-04-23 12:02:36 [kr36] throttle_wait url=https://36kr.com/search/articles/%E6%96%B0%E9%9D%92%E5%B9%B4%E8%A7%82%E5%AF%9F wait_ms=8405 global_wait_ms=8405 same_url_wait_ms=0 risk_wait_ms=0
2026-04-23 12:02:44 [kr36] fetch_start url=https://36kr.com/search/articles/%E6%96%B0%E9%9D%92%E5%B9%B4%E8%A7%82%E5%AF%9F
2026-04-23 12:02:46 [kr36] search_enrich_direct_step4 reason=auto_solver url=https://36kr.com/search/articles/%E6%96%B0%E9%9D%92%E5%B9%B4%E8%A7%82%E5%AF%9F
2026-04-23 12:02:46 [kr36] playwright_slider_start phase='search-listing-step4' url=https://36kr.com/search/articles/%E6%96%B0%E9%9D%92%E5%B9%B4%E8%A7%82%E5%AF%9F headless=false channel='msedge'
2026-04-23 12:03:05 [kr36] playwright_slider_preloop phase='search-listing-step4' url=https://36kr.com/search/articles/%E6%96%B0%E9%9D%92%E5%B9%B4%E8%A7%82%E5%AF%9F wait_after_load_ms=1800 slider_ui_ready_max_ms=20000
2026-04-23 12:03:09 [kr36] playwright_slider_ok phase='search-listing-step4' url=https://36kr.com/search/articles/%E6%96%B0%E9%9D%92%E5%B9%B4%E8%A7%82%E5%AF%9F html_length=68711
2026-04-23 12:03:10 [kr36] search_listing_csr_enriched url=https://36kr.com/search/articles/%E6%96%B0%E9%9D%92%E5%B9%B4%E8%A7%82%E5%AF%9F html_length=68711
2026-04-23 12:03:10 [kr36] fetch_ok method=curl_playwright_search url=https://36kr.com/search/articles/%E6%96%B0%E9%9D%92%E5%B9%B4%E8%A7%82%E5%AF%9F html_length=68711
2026-04-23 12:03:10 [kr36] search_date_filtered fixed_category=新青年观察 pub=2022-04-24 window=2026-04-13~2026-04-19
2026-04-23 12:03:10 [kr36] search_date_filtered fixed_category=新青年观察 pub=2020-09-18 window=2026-04-13~2026-04-19
2026-04-23 12:03:10 [kr36] search_date_filtered fixed_category=新青年观察 pub=2019-07-10 window=2026-04-13~2026-04-19
2026-04-23 12:03:10 [kr36] search_date_filtered fixed_category=新青年观察 pub=2022-04-24 window=2026-04-13~2026-04-19
2026-04-23 12:03:10 [kr36] search_date_filtered fixed_category=新青年观察 pub=2020-09-18 window=2026-04-13~2026-04-19
2026-04-23 12:03:10 [kr36] search_date_filtered fixed_category=新青年观察 pub=2019-07-10 window=2026-04-13~2026-04-19
2026-04-23 12:03:10 [kr36] search_date_parse_failed fixed_category=新青年观察 window=2026-04-13~2026-04-19 item_html_len=1335 action=exclude
2026-04-23 12:03:10 [kr36] search_date_filtered fixed_category=新青年观察 pub=2022-04-24 window=2026-04-13~2026-04-19
2026-04-23 12:03:10 [kr36] search_date_filtered fixed_category=新青年观察 pub=2022-04-24 window=2026-04-13~2026-04-19
2026-04-23 12:03:10 [kr36] search_date_filtered fixed_category=新青年观察 pub=2020-09-18 window=2026-04-13~2026-04-19
2026-04-23 12:03:10 [kr36] search_date_filtered fixed_category=新青年观察 pub=2020-09-18 window=2026-04-13~2026-04-19
2026-04-23 12:03:10 [kr36] search_date_filtered fixed_category=新青年观察 pub=2019-07-10 window=2026-04-13~2026-04-19
2026-04-23 12:03:10 [kr36] search_date_filtered fixed_category=新青年观察 pub=2019-07-10 window=2026-04-13~2026-04-19
2026-04-23 12:03:10 [kr36] round_end page=9 round=9/12 stage=search category=新青年观察 status=ok fetched=0 total_refs=0 elapsed_ms=34305
2026-04-23 12:03:10 [kr36] search_zero_result category=新青年观察 html_length=68711 has_list_main=true has_search_item=true has_p_link=true risk_like=false
2026-04-23 12:03:10 [kr36] 完成搜索页(新青年观察)，数据 0 条，累计 0 条
2026-04-23 12:03:10 [kr36] round_next round=10/12 stage=search_or_channel
2026-04-23 12:03:10 [kr36] round_start page=10 round=10/12 stage=search category=KRLab url=https://36kr.com/search/articles/KRLab date_window=2026-04-13~2026-04-19
2026-04-23 12:03:10 [kr36] 进入搜索页(KRLab)，数据 0 条，累计 0 条
2026-04-23 12:03:10 [kr36] throttle_wait url=https://36kr.com/search/articles/KRLab wait_ms=10763 global_wait_ms=10763 same_url_wait_ms=0 risk_wait_ms=0
2026-04-23 12:03:21 [kr36] fetch_start url=https://36kr.com/search/articles/KRLab
2026-04-23 12:03:22 [kr36] search_enrich_direct_step4 reason=auto_solver url=https://36kr.com/search/articles/KRLab
2026-04-23 12:03:22 [kr36] playwright_slider_start phase='search-listing-step4' url=https://36kr.com/search/articles/KRLab headless=false channel='msedge'
2026-04-23 12:03:38 [kr36] playwright_slider_preloop phase='search-listing-step4' url=https://36kr.com/search/articles/KRLab wait_after_load_ms=1800 slider_ui_ready_max_ms=20000
2026-04-23 12:03:42 [kr36] playwright_slider_ok phase='search-listing-step4' url=https://36kr.com/search/articles/KRLab html_length=62642
2026-04-23 12:03:43 [kr36] search_listing_csr_enriched url=https://36kr.com/search/articles/KRLab html_length=62642
2026-04-23 12:03:43 [kr36] fetch_ok method=curl_playwright_search url=https://36kr.com/search/articles/KRLab html_length=62642
2026-04-23 12:03:43 [kr36] search_date_parse_failed fixed_category=KRLab window=2026-04-13~2026-04-19 item_html_len=1335 action=exclude
2026-04-23 12:03:43 [kr36] round_end page=10 round=10/12 stage=search category=KRLab status=ok fetched=0 total_refs=0 elapsed_ms=33056
2026-04-23 12:03:43 [kr36] search_zero_result category=KRLab html_length=62642 has_list_main=false has_search_item=false has_p_link=true risk_like=false
2026-04-23 12:03:43 [kr36] 完成搜索页(KRLab)，数据 0 条，累计 0 条
2026-04-23 12:03:43 [kr36] round_next round=11/12 stage=search_or_channel
2026-04-23 12:03:43 [kr36] round_start page=11 round=11/12 stage=search category=AI协同创新中心 url=https://36kr.com/search/articles/AI%E5%8D%8F%E5%90%8C%E5%88%9B%E6%96%B0%E4%B8%AD%E5%BF%83 date_window=2026-04-13~2026-04-19
2026-04-23 12:03:43 [kr36] 进入搜索页(AI协同创新中心)，数据 0 条，累计 0 条
2026-04-23 12:03:43 [kr36] throttle_wait url=https://36kr.com/search/articles/AI%E5%8D%8F%E5%90%8C%E5%88%9B%E6%96%B0%E4%B8%AD%E5%BF%83 wait_ms=15138 global_wait_ms=15138 same_url_wait_ms=0 risk_wait_ms=0
[kr36] 2026-04-23 12:03:56 finished with exit code -1073741510.
