[kr36] 2026-04-22 11:10:50 starting daily brief run (no email)...
[kr36] PROJECT_ROOT=E:\AI\touzifenxi
[kr36] PYTHON_BIN=E:\AI\touzifenxi\.venv\Scripts\python.exe
[kr36] TIMEOUT=30s
[kr36] LOG_FILE=E:\AI\touzifenxi\logs\kr36\kr36_20260422_111049.log
[kr36] running: "E:\AI\touzifenxi\.venv\Scripts\python.exe" scripts\websearch.py run --source 36kr --timeout 30
2026-04-22 11:10:52 [kr36] listing_begin report_date=2026-04-22 rounds_total=11 candidate_limit=120
2026-04-22 11:10:52 [kr36] round_start page=1 round=1/11 stage=topics url=https://36kr.com/topics/
2026-04-22 11:10:52 [kr36] 进入专题页，数据 0 条，累计 0 条
2026-04-22 11:10:52 [kr36] fetch_start url=https://36kr.com/topics/
2026-04-22 11:10:52 [kr36] fetch_ok method=curl url=https://36kr.com/topics/ html_length=73732
2026-04-22 11:10:52 [kr36] round_end page=1 round=1/11 stage=topics status=ok fetched=22 total_refs=22 elapsed_ms=638
2026-04-22 11:10:52 [kr36] 完成专题页，数据 22 条，累计 22 条
2026-04-22 11:10:52 [kr36] round_next round=2/11 stage=activity
2026-04-22 11:10:52 [kr36] round_start page=2 round=2/11 stage=activity url=https://36kr.com/activity
2026-04-22 11:10:52 [kr36] 进入活动页，数据 0 条，累计 22 条
2026-04-22 11:10:52 [kr36] throttle_wait url=https://36kr.com/activity wait_ms=34476 global_wait_ms=34476 same_url_wait_ms=0 risk_wait_ms=0
2026-04-22 11:11:27 [kr36] fetch_start url=https://36kr.com/activity
2026-04-22 11:11:27 [kr36] risk_cooldown_set url=https://36kr.com/activity cooldown_ms=173816 base_ms=180000 jitter_ms=-6184
2026-04-22 11:11:27 [kr36] risk_entered method=curl url=https://36kr.com/activity html_length=1460 has_cookie_refresh_action=true
2026-04-22 11:11:27 [kr36] risk_verification_delay_before_command wait_ms=3000 url=https://36kr.com/activity
2026-04-22 11:11:30 [kr36] risk_verification_invoking_command url=https://36kr.com/activity
2026-04-22 11:13:20 [kr36] slider_captcha_solve_result attempted=true
2026-04-22 11:13:20 [kr36] risk_cookie_refresh_slider_solve_attempt url=https://36kr.com/activity attempted=true
2026-04-22 11:13:23 [kr36] risk_cookie_refresh_cookies_saved_after_slider url=https://36kr.com/activity has_sv=True has_sensors=True
2026-04-22 11:13:23 [kr36] risk_cookie_refresh_slider_done url=https://36kr.com/activity html_usable=true
2026-04-22 11:13:24 [kr36] risk_cookie_refresh_end url=https://36kr.com/activity ok=true changed=true key_changed=true has_required_fields=true html_usable=true
2026-04-22 11:13:25 [kr36] throttle_wait url=https://36kr.com/activity wait_ms=55950 global_wait_ms=0 same_url_wait_ms=0 risk_wait_ms=55950
2026-04-22 11:14:21 [kr36] fetch_ok method=risk_cookie_refresh url=https://36kr.com/activity html_length=61717
2026-04-22 11:14:21 [kr36] round_end page=2 round=2/11 stage=activity status=ok fetched=8 total_refs=30 elapsed_ms=209063
2026-04-22 11:14:21 [kr36] 完成活动页，数据 8 条，累计 30 条
2026-04-22 11:14:21 [kr36] round_next round=3/11 stage=search
2026-04-22 11:14:21 [kr36] round_start page=3 round=3/11 stage=search category=36氪独家 url=https://36kr.com/search/articles/36%E6%B0%AA%E7%8B%AC%E5%AE%B6
2026-04-22 11:14:21 [kr36] 进入搜索页(36氪独家)，数据 0 条，累计 30 条
2026-04-22 11:14:22 [kr36] throttle_wait url=https://36kr.com/search/articles/36%E6%B0%AA%E7%8B%AC%E5%AE%B6 wait_ms=25415 global_wait_ms=25415 same_url_wait_ms=0 risk_wait_ms=0
2026-04-22 11:14:47 [kr36] fetch_start url=https://36kr.com/search/articles/36%E6%B0%AA%E7%8B%AC%E5%AE%B6
2026-04-22 11:14:47 [kr36] search_playwright_start url=https://36kr.com/search/articles/36%E6%B0%AA%E7%8B%AC%E5%AE%B6 timeout_ms=35000 max_attempts=2
2026-04-22 11:15:00 [kr36] search_playwright_once_end url=https://36kr.com/search/articles/36%E6%B0%AA%E7%8B%AC%E5%AE%B6 html_length=103942
2026-04-22 11:15:00 [kr36] search_playwright_ok attempt=1 url=https://36kr.com/search/articles/36%E6%B0%AA%E7%8B%AC%E5%AE%B6 html_length=103942
2026-04-22 11:15:00 [kr36] search_listing_csr_enriched url=https://36kr.com/search/articles/36%E6%B0%AA%E7%8B%AC%E5%AE%B6 html_length=103942
2026-04-22 11:15:00 [kr36] fetch_ok method=curl_playwright_search url=https://36kr.com/search/articles/36%E6%B0%AA%E7%8B%AC%E5%AE%B6 html_length=103942
2026-04-22 11:15:00 [kr36] round_end page=3 round=3/11 stage=search category=36氪独家 status=ok fetched=5 total_refs=35 elapsed_ms=38554
2026-04-22 11:15:00 [kr36] 完成搜索页(36氪独家)，数据 5 条，累计 35 条
2026-04-22 11:15:00 [kr36] round_next round=4/11 stage=search_or_channel
2026-04-22 11:15:00 [kr36] round_start page=4 round=4/11 stage=search category=深氪 url=https://36kr.com/search/articles/%E6%B7%B1%E6%B0%AA
2026-04-22 11:15:00 [kr36] 进入搜索页(深氪)，数据 0 条，累计 35 条
2026-04-22 11:15:00 [kr36] throttle_wait url=https://36kr.com/search/articles/%E6%B7%B1%E6%B0%AA wait_ms=23318 global_wait_ms=23318 same_url_wait_ms=0 risk_wait_ms=0
2026-04-22 11:15:23 [kr36] fetch_start url=https://36kr.com/search/articles/%E6%B7%B1%E6%B0%AA
2026-04-22 11:15:24 [kr36] search_playwright_start url=https://36kr.com/search/articles/%E6%B7%B1%E6%B0%AA timeout_ms=35000 max_attempts=2
2026-04-22 11:15:36 [kr36] search_playwright_once_end url=https://36kr.com/search/articles/%E6%B7%B1%E6%B0%AA html_length=101741
2026-04-22 11:15:36 [kr36] search_playwright_ok attempt=1 url=https://36kr.com/search/articles/%E6%B7%B1%E6%B0%AA html_length=101741
2026-04-22 11:15:36 [kr36] search_listing_csr_enriched url=https://36kr.com/search/articles/%E6%B7%B1%E6%B0%AA html_length=101741
2026-04-22 11:15:36 [kr36] fetch_ok method=curl_playwright_search url=https://36kr.com/search/articles/%E6%B7%B1%E6%B0%AA html_length=101741
2026-04-22 11:15:36 [kr36] round_end page=4 round=4/11 stage=search category=深氪 status=ok fetched=5 total_refs=40 elapsed_ms=35929
2026-04-22 11:15:36 [kr36] 完成搜索页(深氪)，数据 5 条，累计 40 条
2026-04-22 11:15:36 [kr36] round_next round=5/11 stage=search_or_channel
2026-04-22 11:15:36 [kr36] round_start page=5 round=5/11 stage=search category=后浪白皮书 url=https://36kr.com/search/articles/%E5%90%8E%E6%B5%AA%E7%99%BD%E7%9A%AE%E4%B9%A6
2026-04-22 11:15:36 [kr36] 进入搜索页(后浪白皮书)，数据 0 条，累计 40 条
2026-04-22 11:15:36 [kr36] throttle_wait url=https://36kr.com/search/articles/%E5%90%8E%E6%B5%AA%E7%99%BD%E7%9A%AE%E4%B9%A6 wait_ms=11071 global_wait_ms=11071 same_url_wait_ms=0 risk_wait_ms=0
2026-04-22 11:15:47 [kr36] fetch_start url=https://36kr.com/search/articles/%E5%90%8E%E6%B5%AA%E7%99%BD%E7%9A%AE%E4%B9%A6
2026-04-22 11:15:47 [kr36] search_playwright_start url=https://36kr.com/search/articles/%E5%90%8E%E6%B5%AA%E7%99%BD%E7%9A%AE%E4%B9%A6 timeout_ms=35000 max_attempts=2
2026-04-22 11:16:01 [kr36] search_playwright_once_end url=https://36kr.com/search/articles/%E5%90%8E%E6%B5%AA%E7%99%BD%E7%9A%AE%E4%B9%A6 html_length=68271
2026-04-22 11:16:01 [kr36] search_playwright_ok attempt=1 url=https://36kr.com/search/articles/%E5%90%8E%E6%B5%AA%E7%99%BD%E7%9A%AE%E4%B9%A6 html_length=68271
2026-04-22 11:16:01 [kr36] search_listing_csr_enriched url=https://36kr.com/search/articles/%E5%90%8E%E6%B5%AA%E7%99%BD%E7%9A%AE%E4%B9%A6 html_length=68271
2026-04-22 11:16:01 [kr36] fetch_ok method=curl_playwright_search url=https://36kr.com/search/articles/%E5%90%8E%E6%B5%AA%E7%99%BD%E7%9A%AE%E4%B9%A6 html_length=68271
2026-04-22 11:16:01 [kr36] round_end page=5 round=5/11 stage=search category=后浪白皮书 status=ok fetched=3 total_refs=43 elapsed_ms=24909
2026-04-22 11:16:01 [kr36] 完成搜索页(后浪白皮书)，数据 3 条，累计 43 条
2026-04-22 11:16:01 [kr36] round_next round=6/11 stage=search_or_channel
2026-04-22 11:16:01 [kr36] round_start page=6 round=6/11 stage=search category=行业日报 url=https://36kr.com/search/articles/%E8%A1%8C%E4%B8%9A%E6%97%A5%E6%8A%A5
2026-04-22 11:16:01 [kr36] 进入搜索页(行业日报)，数据 0 条，累计 43 条
2026-04-22 11:16:01 [kr36] throttle_wait url=https://36kr.com/search/articles/%E8%A1%8C%E4%B8%9A%E6%97%A5%E6%8A%A5 wait_ms=14258 global_wait_ms=14258 same_url_wait_ms=0 risk_wait_ms=0
2026-04-22 11:16:15 [kr36] fetch_start url=https://36kr.com/search/articles/%E8%A1%8C%E4%B8%9A%E6%97%A5%E6%8A%A5
2026-04-22 11:16:16 [kr36] search_playwright_start url=https://36kr.com/search/articles/%E8%A1%8C%E4%B8%9A%E6%97%A5%E6%8A%A5 timeout_ms=35000 max_attempts=2
2026-04-22 11:16:31 [kr36] search_playwright_once_end url=https://36kr.com/search/articles/%E8%A1%8C%E4%B8%9A%E6%97%A5%E6%8A%A5 html_length=69533
2026-04-22 11:16:31 [kr36] search_playwright_ok attempt=1 url=https://36kr.com/search/articles/%E8%A1%8C%E4%B8%9A%E6%97%A5%E6%8A%A5 html_length=69533
2026-04-22 11:16:31 [kr36] search_listing_csr_enriched url=https://36kr.com/search/articles/%E8%A1%8C%E4%B8%9A%E6%97%A5%E6%8A%A5 html_length=69533
2026-04-22 11:16:31 [kr36] fetch_ok method=curl_playwright_search url=https://36kr.com/search/articles/%E8%A1%8C%E4%B8%9A%E6%97%A5%E6%8A%A5 html_length=69533
2026-04-22 11:16:31 [kr36] round_end page=6 round=6/11 stage=search category=行业日报 status=ok fetched=4 total_refs=47 elapsed_ms=30215
2026-04-22 11:16:31 [kr36] 完成搜索页(行业日报)，数据 4 条，累计 47 条
2026-04-22 11:16:31 [kr36] round_next round=7/11 stage=search_or_channel
2026-04-22 11:16:31 [kr36] round_start page=7 round=7/11 stage=search category=Long China 50 url=https://36kr.com/search/articles/Long%20China%2050
2026-04-22 11:16:31 [kr36] 进入搜索页(Long China 50)，数据 0 条，累计 47 条
2026-04-22 11:16:31 [kr36] throttle_wait url=https://36kr.com/search/articles/Long%20China%2050 wait_ms=20266 global_wait_ms=20266 same_url_wait_ms=0 risk_wait_ms=0
2026-04-22 11:16:51 [kr36] fetch_start url=https://36kr.com/search/articles/Long%20China%2050
2026-04-22 11:16:52 [kr36] search_playwright_start url=https://36kr.com/search/articles/Long%20China%2050 timeout_ms=35000 max_attempts=2
2026-04-22 11:17:05 [kr36] search_playwright_once_end url=https://36kr.com/search/articles/Long%20China%2050 html_length=103370
2026-04-22 11:17:05 [kr36] search_playwright_ok attempt=1 url=https://36kr.com/search/articles/Long%20China%2050 html_length=103370
2026-04-22 11:17:05 [kr36] search_listing_csr_enriched url=https://36kr.com/search/articles/Long%20China%2050 html_length=103370
2026-04-22 11:17:05 [kr36] fetch_ok method=curl_playwright_search url=https://36kr.com/search/articles/Long%20China%2050 html_length=103370
2026-04-22 11:17:05 [kr36] round_end page=7 round=7/11 stage=search category=Long China 50 status=ok fetched=5 total_refs=52 elapsed_ms=33869
2026-04-22 11:17:05 [kr36] 完成搜索页(Long China 50)，数据 5 条，累计 52 条
2026-04-22 11:17:05 [kr36] round_next round=8/11 stage=search_or_channel
2026-04-22 11:17:05 [kr36] round_start page=8 round=8/11 stage=search category=投资派 url=https://36kr.com/search/articles/%E6%8A%95%E8%B5%84%E6%B4%BE
2026-04-22 11:17:05 [kr36] 进入搜索页(投资派)，数据 0 条，累计 52 条
2026-04-22 11:17:05 [kr36] throttle_wait url=https://36kr.com/search/articles/%E6%8A%95%E8%B5%84%E6%B4%BE wait_ms=25027 global_wait_ms=25027 same_url_wait_ms=0 risk_wait_ms=0
2026-04-22 11:17:30 [kr36] fetch_start url=https://36kr.com/search/articles/%E6%8A%95%E8%B5%84%E6%B4%BE
2026-04-22 11:17:30 [kr36] risk_cooldown_set url=https://36kr.com/search/articles/%E6%8A%95%E8%B5%84%E6%B4%BE cooldown_ms=173533 base_ms=180000 jitter_ms=-6467
2026-04-22 11:17:30 [kr36] risk_entered method=curl url=https://36kr.com/search/articles/%E6%8A%95%E8%B5%84%E6%B4%BE html_length=2117 has_cookie_refresh_action=true
2026-04-22 11:17:30 [kr36] risk_verification_delay_before_command wait_ms=3000 url=https://36kr.com/search/articles/%E6%8A%95%E8%B5%84%E6%B4%BE
2026-04-22 11:17:33 [kr36] risk_verification_invoking_command url=https://36kr.com/search/articles/%E6%8A%95%E8%B5%84%E6%B4%BE
2026-04-22 11:19:14 [kr36] slider_captcha_solve_result attempted=true
2026-04-22 11:19:14 [kr36] risk_cookie_refresh_slider_solve_attempt url=https://36kr.com/search/articles/%E6%8A%95%E8%B5%84%E6%B4%BE attempted=true
2026-04-22 11:19:17 [kr36] risk_cookie_refresh_cookies_saved_after_slider url=https://36kr.com/search/articles/%E6%8A%95%E8%B5%84%E6%B4%BE has_sv=True has_sensors=True
2026-04-22 11:19:17 [kr36] risk_cookie_refresh_slider_done url=https://36kr.com/search/articles/%E6%8A%95%E8%B5%84%E6%B4%BE html_usable=true
2026-04-22 11:19:18 [kr36] risk_cookie_refresh_end url=https://36kr.com/search/articles/%E6%8A%95%E8%B5%84%E6%B4%BE ok=true changed=true key_changed=true has_required_fields=true html_usable=true
2026-04-22 11:19:19 [kr36] throttle_wait url=https://36kr.com/search/articles/%E6%8A%95%E8%B5%84%E6%B4%BE wait_ms=65245 global_wait_ms=0 same_url_wait_ms=0 risk_wait_ms=65245
2026-04-22 11:20:24 [kr36] fetch_ok method=risk_cookie_refresh url=https://36kr.com/search/articles/%E6%8A%95%E8%B5%84%E6%B4%BE html_length=43891
2026-04-22 11:20:24 [kr36] round_end page=8 round=8/11 stage=search category=投资派 status=ok fetched=0 total_refs=52 elapsed_ms=199332
2026-04-22 11:20:24 [kr36] search_zero_result category=投资派 html_length=43891 has_list_main=false has_search_item=false has_p_link=false risk_like=false
2026-04-22 11:20:24 [kr36] 完成搜索页(投资派)，数据 0 条，累计 52 条
2026-04-22 11:20:24 [kr36] round_next round=9/11 stage=search_or_channel
2026-04-22 11:20:24 [kr36] round_start page=9 round=9/11 stage=search category=新青年观察 url=https://36kr.com/search/articles/%E6%96%B0%E9%9D%92%E5%B9%B4%E8%A7%82%E5%AF%9F
2026-04-22 11:20:24 [kr36] 进入搜索页(新青年观察)，数据 0 条，累计 52 条
2026-04-22 11:20:24 [kr36] throttle_wait url=https://36kr.com/search/articles/%E6%96%B0%E9%9D%92%E5%B9%B4%E8%A7%82%E5%AF%9F wait_ms=38461 global_wait_ms=38461 same_url_wait_ms=0 risk_wait_ms=0
2026-04-22 11:21:03 [kr36] fetch_start url=https://36kr.com/search/articles/%E6%96%B0%E9%9D%92%E5%B9%B4%E8%A7%82%E5%AF%9F
2026-04-22 11:21:03 [kr36] search_playwright_start url=https://36kr.com/search/articles/%E6%96%B0%E9%9D%92%E5%B9%B4%E8%A7%82%E5%AF%9F timeout_ms=35000 max_attempts=2
2026-04-22 11:21:15 [kr36] search_playwright_once_end url=https://36kr.com/search/articles/%E6%96%B0%E9%9D%92%E5%B9%B4%E8%A7%82%E5%AF%9F html_length=69620
2026-04-22 11:21:16 [kr36] search_playwright_ok attempt=1 url=https://36kr.com/search/articles/%E6%96%B0%E9%9D%92%E5%B9%B4%E8%A7%82%E5%AF%9F html_length=69620
2026-04-22 11:21:16 [kr36] search_listing_csr_enriched url=https://36kr.com/search/articles/%E6%96%B0%E9%9D%92%E5%B9%B4%E8%A7%82%E5%AF%9F html_length=69620
2026-04-22 11:21:16 [kr36] fetch_ok method=curl_playwright_search url=https://36kr.com/search/articles/%E6%96%B0%E9%9D%92%E5%B9%B4%E8%A7%82%E5%AF%9F html_length=69620
2026-04-22 11:21:16 [kr36] round_end page=9 round=9/11 stage=search category=新青年观察 status=ok fetched=4 total_refs=56 elapsed_ms=51445
2026-04-22 11:21:16 [kr36] 完成搜索页(新青年观察)，数据 4 条，累计 56 条
2026-04-22 11:21:16 [kr36] round_next round=10/11 stage=search_or_channel
2026-04-22 11:21:16 [kr36] round_start page=10 round=10/11 stage=search category=KRLab url=https://36kr.com/search/articles/KRLab
2026-04-22 11:21:16 [kr36] 进入搜索页(KRLab)，数据 0 条，累计 56 条
2026-04-22 11:21:16 [kr36] throttle_wait url=https://36kr.com/search/articles/KRLab wait_ms=26878 global_wait_ms=26878 same_url_wait_ms=0 risk_wait_ms=0
2026-04-22 11:21:43 [kr36] fetch_start url=https://36kr.com/search/articles/KRLab
2026-04-22 11:21:43 [kr36] search_playwright_start url=https://36kr.com/search/articles/KRLab timeout_ms=35000 max_attempts=2
2026-04-22 11:22:13 [kr36] search_playwright_selector_timeout url=https://36kr.com/search/articles/KRLab selector=ul.kr-search-result-list-main
2026-04-22 11:22:31 [kr36] search_playwright_selector_timeout url=https://36kr.com/search/articles/KRLab selector=li.search-result-list-item-article
2026-04-22 11:22:35 [kr36] search_playwright_once_end url=https://36kr.com/search/articles/KRLab html_length=4271
2026-04-22 11:22:35 [kr36] search_playwright_suspicious_body attempt=1/2 url=https://36kr.com/search/articles/KRLab html_length=4271 hint=risk_or_transient
2026-04-22 11:23:10 [kr36] search_playwright_selector_timeout url=https://36kr.com/search/articles/KRLab selector=ul.kr-search-result-list-main
2026-04-22 11:23:28 [kr36] search_playwright_selector_timeout url=https://36kr.com/search/articles/KRLab selector=li.search-result-list-item-article
2026-04-22 11:23:31 [kr36] search_playwright_once_end url=https://36kr.com/search/articles/KRLab html_length=3618
2026-04-22 11:23:31 [kr36] search_playwright_suspicious_body attempt=2/2 url=https://36kr.com/search/articles/KRLab html_length=3618 hint=risk_or_transient
2026-04-22 11:23:31 [kr36] search_cookie_refresh_start url=https://36kr.com/search/articles/KRLab
2026-04-22 11:25:27 [kr36] slider_captcha_solve_result attempted=true
2026-04-22 11:25:27 [kr36] risk_cookie_refresh_slider_solve_attempt url=https://36kr.com/search/articles/KRLab attempted=true
2026-04-22 11:25:30 [kr36] risk_cookie_refresh_cookies_saved_after_slider url=https://36kr.com/search/articles/KRLab has_sv=True has_sensors=True
2026-04-22 11:25:30 [kr36] risk_cookie_refresh_slider_done url=https://36kr.com/search/articles/KRLab html_usable=true
2026-04-22 11:25:30 [kr36] risk_cookie_refresh_end url=https://36kr.com/search/articles/KRLab ok=true changed=true key_changed=true has_required_fields=true html_usable=true
2026-04-22 11:25:31 [kr36] search_playwright_start url=https://36kr.com/search/articles/KRLab timeout_ms=35000 max_attempts=2
2026-04-22 11:26:03 [kr36] search_playwright_selector_timeout url=https://36kr.com/search/articles/KRLab selector=ul.kr-search-result-list-main
2026-04-22 11:26:21 [kr36] search_playwright_selector_timeout url=https://36kr.com/search/articles/KRLab selector=li.search-result-list-item-article
2026-04-22 11:26:24 [kr36] search_playwright_once_end url=https://36kr.com/search/articles/KRLab html_length=63551
2026-04-22 11:26:24 [kr36] search_playwright_ok attempt=1 url=https://36kr.com/search/articles/KRLab html_length=63551
2026-04-22 11:26:24 [kr36] search_cookie_refresh_ok url=https://36kr.com/search/articles/KRLab html_length=63551
2026-04-22 11:26:24 [kr36] search_listing_csr_enriched url=https://36kr.com/search/articles/KRLab html_length=63551
2026-04-22 11:26:24 [kr36] fetch_ok method=curl_playwright_search url=https://36kr.com/search/articles/KRLab html_length=63551
2026-04-22 11:26:24 [kr36] round_end page=10 round=10/11 stage=search category=KRLab status=ok fetched=1 total_refs=57 elapsed_ms=308282
2026-04-22 11:26:24 [kr36] 完成搜索页(KRLab)，数据 1 条，累计 57 条
2026-04-22 11:26:24 [kr36] round_next round=11/11 stage=search_or_channel
2026-04-22 11:26:24 [kr36] round_start page=11 round=11/11 stage=search category=数智前瞻 url=https://36kr.com/search/articles/%E6%95%B0%E6%99%BA%E5%89%8D%E7%9E%BB
2026-04-22 11:26:24 [kr36] 进入搜索页(数智前瞻)，数据 0 条，累计 57 条
2026-04-22 11:26:24 [kr36] fetch_start url=https://36kr.com/search/articles/%E6%95%B0%E6%99%BA%E5%89%8D%E7%9E%BB
2026-04-22 11:26:25 [kr36] search_playwright_start url=https://36kr.com/search/articles/%E6%95%B0%E6%99%BA%E5%89%8D%E7%9E%BB timeout_ms=35000 max_attempts=2
2026-04-22 11:26:41 [kr36] search_playwright_once_end url=https://36kr.com/search/articles/%E6%95%B0%E6%99%BA%E5%89%8D%E7%9E%BB html_length=101501
2026-04-22 11:26:41 [kr36] search_playwright_ok attempt=1 url=https://36kr.com/search/articles/%E6%95%B0%E6%99%BA%E5%89%8D%E7%9E%BB html_length=101501
2026-04-22 11:26:41 [kr36] search_listing_csr_enriched url=https://36kr.com/search/articles/%E6%95%B0%E6%99%BA%E5%89%8D%E7%9E%BB html_length=101501
2026-04-22 11:26:41 [kr36] fetch_ok method=curl_playwright_search url=https://36kr.com/search/articles/%E6%95%B0%E6%99%BA%E5%89%8D%E7%9E%BB html_length=101501
2026-04-22 11:26:41 [kr36] round_end page=11 round=11/11 stage=search category=数智前瞻 status=ok fetched=5 total_refs=62 elapsed_ms=17307
2026-04-22 11:26:41 [kr36] 完成搜索页(数智前瞻)，数据 5 条，累计 62 条
2026-04-22 11:26:41 [kr36] listing_end report_date=2026-04-22 total_refs=62 stopped_by=normal_complete
[kr36] 2026-04-22 11:39:20 finished with exit code 1.
