[kr36-topics-only] DATE=2026-04-22 started
[kr36-topics-only] cmd: "E:\AI\touzifenxi\.venv\Scripts\python.exe" -u -m kr36.cli kr36-topics-only --date 2026-04-22
2026-04-22 19:00:17 [kr36] listing_begin report_date=2026-04-22 rounds_total=1 candidate_limit=120
2026-04-22 19:00:17 [kr36] round_start page=1 round=1/1 stage=topics url=https://36kr.com/topics/
2026-04-22 19:00:17 [kr36] 进入专题页，数据 0 条，累计 0 条
2026-04-22 19:00:17 [kr36] fetch_start url=https://36kr.com/topics/
2026-04-22 19:00:18 [kr36] fetch_ok method=curl url=https://36kr.com/topics/ html_length=73982
2026-04-22 19:00:18 [kr36] throttle_wait url=https://36kr.com/topics/3770543132934659 wait_ms=20497 global_wait_ms=20497 same_url_wait_ms=0 risk_wait_ms=0
2026-04-22 19:00:38 [kr36] fetch_start url=https://36kr.com/topics/3770543132934659
2026-04-22 19:00:39 [kr36] risk_cooldown_set url=https://36kr.com/topics/3770543132934659 cooldown_ms=178231 base_ms=180000 jitter_ms=-1769
2026-04-22 19:00:39 [kr36] risk_entered method=curl url=https://36kr.com/topics/3770543132934659 html_length=1460 has_cookie_refresh_action=true
2026-04-22 19:00:39 [kr36] risk_verification_delay_before_command wait_ms=3000 url=https://36kr.com/topics/3770543132934659
2026-04-22 19:00:42 [kr36] risk_verification_invoking_command url=https://36kr.com/topics/3770543132934659
2026-04-22 19:02:23 [kr36] slider_captcha_solve_result attempted=true
2026-04-22 19:02:23 [kr36] risk_cookie_refresh_slider_solve_attempt url=https://36kr.com/topics/3770543132934659 attempted=true
2026-04-22 19:02:26 [kr36] risk_cookie_refresh_cookies_saved_after_slider url=https://36kr.com/topics/3770543132934659 has_sv=True has_sensors=True
2026-04-22 19:02:26 [kr36] risk_cookie_refresh_slider_done url=https://36kr.com/topics/3770543132934659 html_usable=true
2026-04-22 19:02:26 [kr36] risk_cookie_refresh_end url=https://36kr.com/topics/3770543132934659 ok=true changed=true key_changed=true has_required_fields=true html_usable=true
2026-04-22 19:02:27 [kr36] throttle_wait url=https://36kr.com/topics/3770543132934659 wait_ms=70183 global_wait_ms=0 same_url_wait_ms=0 risk_wait_ms=70183
2026-04-22 19:03:37 [kr36] fetch_ok method=risk_cookie_refresh url=https://36kr.com/topics/3770543132934659 html_length=76158
2026-04-22 19:03:37 [kr36] throttle_wait url=https://36kr.com/video/3766585318896386 wait_ms=37997 global_wait_ms=37997 same_url_wait_ms=0 risk_wait_ms=0
2026-04-22 19:04:15 [kr36] fetch_start url=https://36kr.com/video/3766585318896386
2026-04-22 19:04:16 [kr36] fetch_ok method=curl url=https://36kr.com/video/3766585318896386 html_length=14308
2026-04-22 19:04:16 [kr36] throttle_wait url=https://36kr.com/video/3764840757948933 wait_ms=24509 global_wait_ms=24509 same_url_wait_ms=0 risk_wait_ms=0
2026-04-22 19:04:40 [kr36] fetch_start url=https://36kr.com/video/3764840757948933
2026-04-22 19:04:40 [kr36] fetch_ok method=curl url=https://36kr.com/video/3764840757948933 html_length=14308
2026-04-22 19:04:41 [kr36] throttle_wait url=https://36kr.com/video/3765091828527880 wait_ms=31184 global_wait_ms=31184 same_url_wait_ms=0 risk_wait_ms=0
2026-04-22 19:05:12 [kr36] fetch_start url=https://36kr.com/video/3765091828527880
2026-04-22 19:05:12 [kr36] fetch_ok method=curl url=https://36kr.com/video/3765091828527880 html_length=14308
2026-04-22 19:05:12 [kr36] throttle_wait url=https://36kr.com/topics/3771153216865028 wait_ms=37718 global_wait_ms=37718 same_url_wait_ms=0 risk_wait_ms=0
2026-04-22 19:05:50 [kr36] fetch_start url=https://36kr.com/topics/3771153216865028
2026-04-22 19:05:50 [kr36] fetch_ok method=curl url=https://36kr.com/topics/3771153216865028 html_length=60469
2026-04-22 19:05:50 [kr36] throttle_wait url=https://36kr.com/p/3770688595214857 wait_ms=32362 global_wait_ms=32362 same_url_wait_ms=0 risk_wait_ms=0
2026-04-22 19:06:23 [kr36] fetch_start url=https://36kr.com/p/3770688595214857
2026-04-22 19:06:23 [kr36] fetch_ok method=curl url=https://36kr.com/p/3770688595214857 html_length=75432
2026-04-22 19:06:23 [kr36] throttle_wait url=https://36kr.com/p/3766410231726855 wait_ms=25751 global_wait_ms=25751 same_url_wait_ms=0 risk_wait_ms=0
2026-04-22 19:06:49 [kr36] fetch_start url=https://36kr.com/p/3766410231726855
2026-04-22 19:06:49 [kr36] fetch_ok method=curl url=https://36kr.com/p/3766410231726855 html_length=81959
2026-04-22 19:06:49 [kr36] throttle_wait url=https://36kr.com/p/3764728843289089 wait_ms=36861 global_wait_ms=36861 same_url_wait_ms=0 risk_wait_ms=0
2026-04-22 19:07:26 [kr36] fetch_start url=https://36kr.com/p/3764728843289089
2026-04-22 19:07:27 [kr36] fetch_ok method=curl url=https://36kr.com/p/3764728843289089 html_length=84689
2026-04-22 19:07:27 [kr36] throttle_wait url=https://36kr.com/p/3766718158324489 wait_ms=27800 global_wait_ms=27800 same_url_wait_ms=0 risk_wait_ms=0
2026-04-22 19:07:54 [kr36] fetch_start url=https://36kr.com/p/3766718158324489
2026-04-22 19:07:55 [kr36] fetch_ok method=curl url=https://36kr.com/p/3766718158324489 html_length=86877
2026-04-22 19:07:55 [kr36] throttle_wait url=https://36kr.com/p/3765076875117314 wait_ms=34943 global_wait_ms=34943 same_url_wait_ms=0 risk_wait_ms=0
2026-04-22 19:08:30 [kr36] fetch_start url=https://36kr.com/p/3765076875117314
2026-04-22 19:08:30 [kr36] fetch_ok method=curl url=https://36kr.com/p/3765076875117314 html_length=90536
2026-04-22 19:08:30 [kr36] throttle_wait url=https://36kr.com/p/3764953900990977 wait_ms=38032 global_wait_ms=38032 same_url_wait_ms=0 risk_wait_ms=0
2026-04-22 19:09:08 [kr36] fetch_start url=https://36kr.com/p/3764953900990977
2026-04-22 19:09:09 [kr36] fetch_ok method=curl url=https://36kr.com/p/3764953900990977 html_length=89353
2026-04-22 19:09:09 [kr36] throttle_wait url=https://36kr.com/p/3757975636050695 wait_ms=27040 global_wait_ms=27040 same_url_wait_ms=0 risk_wait_ms=0
2026-04-22 19:09:36 [kr36] fetch_start url=https://36kr.com/p/3757975636050695
2026-04-22 19:09:36 [kr36] fetch_ok method=curl url=https://36kr.com/p/3757975636050695 html_length=79803
2026-04-22 19:09:36 [kr36] round_end page=1 round=1/1 stage=topics status=ok fetched=10 total_refs=10 elapsed_ms=559362
2026-04-22 19:09:36 [kr36] 完成专题页，数据 10 条，累计 10 条
2026-04-22 19:09:36 [kr36] listing_topics_only=true 跳过活动/搜索/频道
2026-04-22 19:09:36 [kr36] listing_end report_date=2026-04-22 total_refs=10 stopped_by=normal_complete
[kr36-topics-only] finished exit=0
