[kr36] 2026-04-22 15:00:02 starting daily brief run (no email)...
[kr36] PROJECT_ROOT=E:\AI\touzifenxi
[kr36] PYTHON_BIN=E:\AI\touzifenxi\.venv\Scripts\python.exe
[kr36] TIMEOUT=50s
[kr36] LOG_FILE=E:\AI\touzifenxi\logs\kr36\kr36_20260422_150001.log
[kr36] running: "E:\AI\touzifenxi\.venv\Scripts\python.exe" scripts\websearch.py run --source 36kr --timeout 50
2026-04-22 15:00:03 [kr36] listing_begin report_date=2026-04-22 rounds_total=11 candidate_limit=120
2026-04-22 15:00:03 [kr36] round_start page=1 round=1/11 stage=topics url=https://36kr.com/topics/
2026-04-22 15:00:03 [kr36] 进入专题页，数据 0 条，累计 0 条
2026-04-22 15:00:03 [kr36] fetch_start url=https://36kr.com/topics/
2026-04-22 15:00:06 [kr36] fetch_ok method=curl url=https://36kr.com/topics/ html_length=73732
2026-04-22 15:00:06 [kr36] round_end page=1 round=1/11 stage=topics status=ok fetched=22 total_refs=22 elapsed_ms=3338
2026-04-22 15:00:06 [kr36] 完成专题页，数据 22 条，累计 22 条
2026-04-22 15:00:06 [kr36] round_next round=2/11 stage=activity
2026-04-22 15:00:06 [kr36] round_start page=2 round=2/11 stage=activity url=https://36kr.com/activity
2026-04-22 15:00:06 [kr36] 进入活动页，数据 0 条，累计 22 条
2026-04-22 15:00:06 [kr36] throttle_wait url=https://36kr.com/activity wait_ms=31625 global_wait_ms=31625 same_url_wait_ms=0 risk_wait_ms=0
2026-04-22 15:00:38 [kr36] fetch_start url=https://36kr.com/activity
2026-04-22 15:00:40 [kr36] fetch_ok method=curl url=https://36kr.com/activity html_length=61717
2026-04-22 15:00:40 [kr36] round_end page=2 round=2/11 stage=activity status=ok fetched=8 total_refs=30 elapsed_ms=33588
2026-04-22 15:00:40 [kr36] 完成活动页，数据 8 条，累计 30 条
2026-04-22 15:00:40 [kr36] round_next round=3/11 stage=search
2026-04-22 15:00:40 [kr36] round_start page=3 round=3/11 stage=search category=36氪独家 url=https://36kr.com/search/articles/36%E6%B0%AA%E7%8B%AC%E5%AE%B6
2026-04-22 15:00:40 [kr36] 进入搜索页(36氪独家)，数据 0 条，累计 30 条
2026-04-22 15:00:40 [kr36] throttle_wait url=https://36kr.com/search/articles/36%E6%B0%AA%E7%8B%AC%E5%AE%B6 wait_ms=27096 global_wait_ms=27096 same_url_wait_ms=0 risk_wait_ms=0
2026-04-22 15:01:07 [kr36] fetch_start url=https://36kr.com/search/articles/36%E6%B0%AA%E7%8B%AC%E5%AE%B6
2026-04-22 15:01:08 [kr36] search_playwright_start url=https://36kr.com/search/articles/36%E6%B0%AA%E7%8B%AC%E5%AE%B6 timeout_ms=35000 max_attempts=2
2026-04-22 15:01:36 [kr36] search_playwright_once_end url=https://36kr.com/search/articles/36%E6%B0%AA%E7%8B%AC%E5%AE%B6 html_length=103786
2026-04-22 15:01:36 [kr36] search_playwright_ok attempt=1 url=https://36kr.com/search/articles/36%E6%B0%AA%E7%8B%AC%E5%AE%B6 html_length=103786
2026-04-22 15:01:36 [kr36] search_listing_csr_enriched url=https://36kr.com/search/articles/36%E6%B0%AA%E7%8B%AC%E5%AE%B6 html_length=103786
2026-04-22 15:01:36 [kr36] fetch_ok method=curl_playwright_search url=https://36kr.com/search/articles/36%E6%B0%AA%E7%8B%AC%E5%AE%B6 html_length=103786
2026-04-22 15:01:36 [kr36] round_end page=3 round=3/11 stage=search category=36氪独家 status=ok fetched=5 total_refs=35 elapsed_ms=56066
2026-04-22 15:01:36 [kr36] 完成搜索页(36氪独家)，数据 5 条，累计 35 条
2026-04-22 15:01:36 [kr36] round_next round=4/11 stage=search_or_channel
2026-04-22 15:01:36 [kr36] round_start page=4 round=4/11 stage=search category=深氪 url=https://36kr.com/search/articles/%E6%B7%B1%E6%B0%AA
2026-04-22 15:01:36 [kr36] 进入搜索页(深氪)，数据 0 条，累计 35 条
2026-04-22 15:01:36 [kr36] throttle_wait url=https://36kr.com/search/articles/%E6%B7%B1%E6%B0%AA wait_ms=5161 global_wait_ms=5161 same_url_wait_ms=0 risk_wait_ms=0
2026-04-22 15:01:41 [kr36] fetch_start url=https://36kr.com/search/articles/%E6%B7%B1%E6%B0%AA
2026-04-22 15:01:41 [kr36] search_playwright_start url=https://36kr.com/search/articles/%E6%B7%B1%E6%B0%AA timeout_ms=35000 max_attempts=2
2026-04-22 15:01:58 [kr36] search_playwright_once_end url=https://36kr.com/search/articles/%E6%B7%B1%E6%B0%AA html_length=101606
2026-04-22 15:01:58 [kr36] search_playwright_ok attempt=1 url=https://36kr.com/search/articles/%E6%B7%B1%E6%B0%AA html_length=101606
2026-04-22 15:01:58 [kr36] search_listing_csr_enriched url=https://36kr.com/search/articles/%E6%B7%B1%E6%B0%AA html_length=101606
2026-04-22 15:01:58 [kr36] fetch_ok method=curl_playwright_search url=https://36kr.com/search/articles/%E6%B7%B1%E6%B0%AA html_length=101606
2026-04-22 15:01:58 [kr36] round_end page=4 round=4/11 stage=search category=深氪 status=ok fetched=5 total_refs=40 elapsed_ms=22255
2026-04-22 15:01:58 [kr36] 完成搜索页(深氪)，数据 5 条，累计 40 条
2026-04-22 15:01:58 [kr36] round_next round=5/11 stage=search_or_channel
2026-04-22 15:01:58 [kr36] round_start page=5 round=5/11 stage=search category=后浪白皮书 url=https://36kr.com/search/articles/%E5%90%8E%E6%B5%AA%E7%99%BD%E7%9A%AE%E4%B9%A6
2026-04-22 15:01:58 [kr36] 进入搜索页(后浪白皮书)，数据 0 条，累计 40 条
2026-04-22 15:01:58 [kr36] throttle_wait url=https://36kr.com/search/articles/%E5%90%8E%E6%B5%AA%E7%99%BD%E7%9A%AE%E4%B9%A6 wait_ms=11200 global_wait_ms=11200 same_url_wait_ms=0 risk_wait_ms=0
2026-04-22 15:02:09 [kr36] fetch_start url=https://36kr.com/search/articles/%E5%90%8E%E6%B5%AA%E7%99%BD%E7%9A%AE%E4%B9%A6
2026-04-22 15:02:10 [kr36] search_playwright_start url=https://36kr.com/search/articles/%E5%90%8E%E6%B5%AA%E7%99%BD%E7%9A%AE%E4%B9%A6 timeout_ms=35000 max_attempts=2
2026-04-22 15:02:28 [kr36] search_playwright_once_end url=https://36kr.com/search/articles/%E5%90%8E%E6%B5%AA%E7%99%BD%E7%9A%AE%E4%B9%A6 html_length=68112
2026-04-22 15:02:28 [kr36] search_playwright_ok attempt=1 url=https://36kr.com/search/articles/%E5%90%8E%E6%B5%AA%E7%99%BD%E7%9A%AE%E4%B9%A6 html_length=68112
2026-04-22 15:02:28 [kr36] search_listing_csr_enriched url=https://36kr.com/search/articles/%E5%90%8E%E6%B5%AA%E7%99%BD%E7%9A%AE%E4%B9%A6 html_length=68112
2026-04-22 15:02:28 [kr36] fetch_ok method=curl_playwright_search url=https://36kr.com/search/articles/%E5%90%8E%E6%B5%AA%E7%99%BD%E7%9A%AE%E4%B9%A6 html_length=68112
2026-04-22 15:02:28 [kr36] round_end page=5 round=5/11 stage=search category=后浪白皮书 status=ok fetched=3 total_refs=43 elapsed_ms=29783
2026-04-22 15:02:28 [kr36] 完成搜索页(后浪白皮书)，数据 3 条，累计 43 条
2026-04-22 15:02:28 [kr36] round_next round=6/11 stage=search_or_channel
2026-04-22 15:02:28 [kr36] round_start page=6 round=6/11 stage=search category=行业日报 url=https://36kr.com/search/articles/%E8%A1%8C%E4%B8%9A%E6%97%A5%E6%8A%A5
2026-04-22 15:02:28 [kr36] 进入搜索页(行业日报)，数据 0 条，累计 43 条
2026-04-22 15:02:28 [kr36] throttle_wait url=https://36kr.com/search/articles/%E8%A1%8C%E4%B8%9A%E6%97%A5%E6%8A%A5 wait_ms=4455 global_wait_ms=4455 same_url_wait_ms=0 risk_wait_ms=0
2026-04-22 15:02:32 [kr36] fetch_start url=https://36kr.com/search/articles/%E8%A1%8C%E4%B8%9A%E6%97%A5%E6%8A%A5
2026-04-22 15:02:33 [kr36] search_playwright_start url=https://36kr.com/search/articles/%E8%A1%8C%E4%B8%9A%E6%97%A5%E6%8A%A5 timeout_ms=35000 max_attempts=2
2026-04-22 15:02:52 [kr36] search_playwright_once_end url=https://36kr.com/search/articles/%E8%A1%8C%E4%B8%9A%E6%97%A5%E6%8A%A5 html_length=69375
2026-04-22 15:02:52 [kr36] search_playwright_ok attempt=1 url=https://36kr.com/search/articles/%E8%A1%8C%E4%B8%9A%E6%97%A5%E6%8A%A5 html_length=69375
2026-04-22 15:02:52 [kr36] search_listing_csr_enriched url=https://36kr.com/search/articles/%E8%A1%8C%E4%B8%9A%E6%97%A5%E6%8A%A5 html_length=69375
2026-04-22 15:02:52 [kr36] fetch_ok method=curl_playwright_search url=https://36kr.com/search/articles/%E8%A1%8C%E4%B8%9A%E6%97%A5%E6%8A%A5 html_length=69375
2026-04-22 15:02:52 [kr36] round_end page=6 round=6/11 stage=search category=行业日报 status=ok fetched=4 total_refs=47 elapsed_ms=24543
2026-04-22 15:02:52 [kr36] 完成搜索页(行业日报)，数据 4 条，累计 47 条
2026-04-22 15:02:52 [kr36] round_next round=7/11 stage=search_or_channel
2026-04-22 15:02:52 [kr36] round_start page=7 round=7/11 stage=search category=Long China 50 url=https://36kr.com/search/articles/Long%20China%2050
2026-04-22 15:02:52 [kr36] 进入搜索页(Long China 50)，数据 0 条，累计 47 条
2026-04-22 15:02:52 [kr36] throttle_wait url=https://36kr.com/search/articles/Long%20China%2050 wait_ms=10567 global_wait_ms=10567 same_url_wait_ms=0 risk_wait_ms=0
2026-04-22 15:03:03 [kr36] fetch_start url=https://36kr.com/search/articles/Long%20China%2050
2026-04-22 15:03:04 [kr36] search_playwright_start url=https://36kr.com/search/articles/Long%20China%2050 timeout_ms=35000 max_attempts=2
2026-04-22 15:03:22 [kr36] search_playwright_once_end url=https://36kr.com/search/articles/Long%20China%2050 html_length=103112
2026-04-22 15:03:22 [kr36] search_playwright_ok attempt=1 url=https://36kr.com/search/articles/Long%20China%2050 html_length=103112
2026-04-22 15:03:22 [kr36] search_listing_csr_enriched url=https://36kr.com/search/articles/Long%20China%2050 html_length=103112
2026-04-22 15:03:22 [kr36] fetch_ok method=curl_playwright_search url=https://36kr.com/search/articles/Long%20China%2050 html_length=103112
2026-04-22 15:03:22 [kr36] round_end page=7 round=7/11 stage=search category=Long China 50 status=ok fetched=5 total_refs=52 elapsed_ms=29973
2026-04-22 15:03:22 [kr36] 完成搜索页(Long China 50)，数据 5 条，累计 52 条
2026-04-22 15:03:22 [kr36] round_next round=8/11 stage=search_or_channel
2026-04-22 15:03:22 [kr36] round_start page=8 round=8/11 stage=search category=投资派 url=https://36kr.com/search/articles/%E6%8A%95%E8%B5%84%E6%B4%BE
2026-04-22 15:03:22 [kr36] 进入搜索页(投资派)，数据 0 条，累计 52 条
2026-04-22 15:03:22 [kr36] throttle_wait url=https://36kr.com/search/articles/%E6%8A%95%E8%B5%84%E6%B4%BE wait_ms=5322 global_wait_ms=5322 same_url_wait_ms=0 risk_wait_ms=0
2026-04-22 15:03:28 [kr36] fetch_start url=https://36kr.com/search/articles/%E6%8A%95%E8%B5%84%E6%B4%BE
2026-04-22 15:03:28 [kr36] search_playwright_start url=https://36kr.com/search/articles/%E6%8A%95%E8%B5%84%E6%B4%BE timeout_ms=35000 max_attempts=2
2026-04-22 15:03:51 [kr36] search_playwright_once_end url=https://36kr.com/search/articles/%E6%8A%95%E8%B5%84%E6%B4%BE html_length=100797
2026-04-22 15:03:51 [kr36] search_playwright_ok attempt=1 url=https://36kr.com/search/articles/%E6%8A%95%E8%B5%84%E6%B4%BE html_length=100797
2026-04-22 15:03:51 [kr36] search_listing_csr_enriched url=https://36kr.com/search/articles/%E6%8A%95%E8%B5%84%E6%B4%BE html_length=100797
2026-04-22 15:03:51 [kr36] fetch_ok method=curl_playwright_search url=https://36kr.com/search/articles/%E6%8A%95%E8%B5%84%E6%B4%BE html_length=100797
2026-04-22 15:03:51 [kr36] round_end page=8 round=8/11 stage=search category=投资派 status=ok fetched=5 total_refs=57 elapsed_ms=28152
2026-04-22 15:03:51 [kr36] 完成搜索页(投资派)，数据 5 条，累计 57 条
2026-04-22 15:03:51 [kr36] round_next round=9/11 stage=search_or_channel
2026-04-22 15:03:51 [kr36] round_start page=9 round=9/11 stage=search category=新青年观察 url=https://36kr.com/search/articles/%E6%96%B0%E9%9D%92%E5%B9%B4%E8%A7%82%E5%AF%9F
2026-04-22 15:03:51 [kr36] 进入搜索页(新青年观察)，数据 0 条，累计 57 条
2026-04-22 15:03:51 [kr36] throttle_wait url=https://36kr.com/search/articles/%E6%96%B0%E9%9D%92%E5%B9%B4%E8%A7%82%E5%AF%9F wait_ms=9670 global_wait_ms=9670 same_url_wait_ms=0 risk_wait_ms=0
2026-04-22 15:04:00 [kr36] fetch_start url=https://36kr.com/search/articles/%E6%96%B0%E9%9D%92%E5%B9%B4%E8%A7%82%E5%AF%9F
2026-04-22 15:04:01 [kr36] search_playwright_start url=https://36kr.com/search/articles/%E6%96%B0%E9%9D%92%E5%B9%B4%E8%A7%82%E5%AF%9F timeout_ms=35000 max_attempts=2
2026-04-22 15:04:20 [kr36] search_playwright_once_end url=https://36kr.com/search/articles/%E6%96%B0%E9%9D%92%E5%B9%B4%E8%A7%82%E5%AF%9F html_length=69464
2026-04-22 15:04:20 [kr36] search_playwright_ok attempt=1 url=https://36kr.com/search/articles/%E6%96%B0%E9%9D%92%E5%B9%B4%E8%A7%82%E5%AF%9F html_length=69464
2026-04-22 15:04:20 [kr36] search_listing_csr_enriched url=https://36kr.com/search/articles/%E6%96%B0%E9%9D%92%E5%B9%B4%E8%A7%82%E5%AF%9F html_length=69464
2026-04-22 15:04:20 [kr36] fetch_ok method=curl_playwright_search url=https://36kr.com/search/articles/%E6%96%B0%E9%9D%92%E5%B9%B4%E8%A7%82%E5%AF%9F html_length=69464
2026-04-22 15:04:20 [kr36] round_end page=9 round=9/11 stage=search category=新青年观察 status=ok fetched=4 total_refs=61 elapsed_ms=29238
2026-04-22 15:04:20 [kr36] 完成搜索页(新青年观察)，数据 4 条，累计 61 条
2026-04-22 15:04:20 [kr36] round_next round=10/11 stage=search_or_channel
2026-04-22 15:04:20 [kr36] round_start page=10 round=10/11 stage=search category=KRLab url=https://36kr.com/search/articles/KRLab
2026-04-22 15:04:20 [kr36] 进入搜索页(KRLab)，数据 0 条，累计 61 条
2026-04-22 15:04:20 [kr36] throttle_wait url=https://36kr.com/search/articles/KRLab wait_ms=7184 global_wait_ms=7184 same_url_wait_ms=0 risk_wait_ms=0
2026-04-22 15:04:27 [kr36] fetch_start url=https://36kr.com/search/articles/KRLab
2026-04-22 15:04:27 [kr36] search_playwright_start url=https://36kr.com/search/articles/KRLab timeout_ms=35000 max_attempts=2
2026-04-22 15:05:02 [kr36] search_playwright_selector_timeout url=https://36kr.com/search/articles/KRLab selector=ul.kr-search-result-list-main
2026-04-22 15:05:20 [kr36] search_playwright_selector_timeout url=https://36kr.com/search/articles/KRLab selector=li.search-result-list-item-article
2026-04-22 15:05:23 [kr36] search_playwright_once_end url=https://36kr.com/search/articles/KRLab html_length=63393
2026-04-22 15:05:24 [kr36] search_playwright_ok attempt=1 url=https://36kr.com/search/articles/KRLab html_length=63393
2026-04-22 15:05:24 [kr36] search_listing_csr_enriched url=https://36kr.com/search/articles/KRLab html_length=63393
2026-04-22 15:05:24 [kr36] fetch_ok method=curl_playwright_search url=https://36kr.com/search/articles/KRLab html_length=63393
2026-04-22 15:05:24 [kr36] round_end page=10 round=10/11 stage=search category=KRLab status=ok fetched=1 total_refs=62 elapsed_ms=64277
2026-04-22 15:05:24 [kr36] 完成搜索页(KRLab)，数据 1 条，累计 62 条
2026-04-22 15:05:24 [kr36] round_next round=11/11 stage=search_or_channel
2026-04-22 15:05:24 [kr36] round_start page=11 round=11/11 stage=search category=数智前瞻 url=https://36kr.com/search/articles/%E6%95%B0%E6%99%BA%E5%89%8D%E7%9E%BB
2026-04-22 15:05:24 [kr36] 进入搜索页(数智前瞻)，数据 0 条，累计 62 条
2026-04-22 15:05:24 [kr36] fetch_start url=https://36kr.com/search/articles/%E6%95%B0%E6%99%BA%E5%89%8D%E7%9E%BB
2026-04-22 15:05:25 [kr36] search_playwright_start url=https://36kr.com/search/articles/%E6%95%B0%E6%99%BA%E5%89%8D%E7%9E%BB timeout_ms=35000 max_attempts=2
2026-04-22 15:05:43 [kr36] search_playwright_once_end url=https://36kr.com/search/articles/%E6%95%B0%E6%99%BA%E5%89%8D%E7%9E%BB html_length=101343
2026-04-22 15:05:43 [kr36] search_playwright_ok attempt=1 url=https://36kr.com/search/articles/%E6%95%B0%E6%99%BA%E5%89%8D%E7%9E%BB html_length=101343
2026-04-22 15:05:43 [kr36] search_listing_csr_enriched url=https://36kr.com/search/articles/%E6%95%B0%E6%99%BA%E5%89%8D%E7%9E%BB html_length=101343
2026-04-22 15:05:43 [kr36] fetch_ok method=curl_playwright_search url=https://36kr.com/search/articles/%E6%95%B0%E6%99%BA%E5%89%8D%E7%9E%BB html_length=101343
2026-04-22 15:05:43 [kr36] round_end page=11 round=11/11 stage=search category=数智前瞻 status=ok fetched=5 total_refs=67 elapsed_ms=19192
2026-04-22 15:05:43 [kr36] 完成搜索页(数智前瞻)，数据 5 条，累计 67 条
2026-04-22 15:05:43 [kr36] listing_end report_date=2026-04-22 total_refs=67 stopped_by=normal_complete
2026-04-22 15:10:13 [kr36] step4_playwright_slider_start url=https://36kr.com/p/3618211929555974 headless=true
2026-04-22 15:10:16 [kr36] step4_playwright_slider_start url=https://36kr.com/p/2785354366305413 headless=true
2026-04-22 15:10:17 [kr36] step4_playwright_slider_start url=https://36kr.com/p/2754311490730760 headless=true
2026-04-22 15:10:18 [kr36] step4_playwright_slider_start url=https://36kr.com/p/3470301182891396 headless=true
2026-04-22 15:10:19 [kr36] step4_playwright_slider_start url=https://36kr.com/p/2788351176311687 headless=true
2026-04-22 15:10:19 [kr36] step4_playwright_slider_start url=https://36kr.com/p/2684326515309572 headless=true
2026-04-22 15:10:21 [kr36] step4_playwright_slider_start url=https://36kr.com/p/2199303305939075 headless=true
2026-04-22 15:10:47 [kr36] slider_captcha_solve_result attempted=true
2026-04-22 15:10:47 [kr36] step4_slider_attempt url=https://36kr.com/p/2785354366305413 attempted=true
2026-04-22 15:10:48 [kr36] slider_captcha_solve_result attempted=true
2026-04-22 15:10:48 [kr36] step4_slider_attempt url=https://36kr.com/p/3618211929555974 attempted=true
2026-04-22 15:10:48 [kr36] slider_captcha_solve_result attempted=true
2026-04-22 15:10:48 [kr36] step4_slider_attempt url=https://36kr.com/p/2754311490730760 attempted=true
2026-04-22 15:10:51 [kr36] slider_captcha_solve_result attempted=true
2026-04-22 15:10:51 [kr36] step4_slider_attempt url=https://36kr.com/p/2788351176311687 attempted=true
2026-04-22 15:11:19 [kr36] slider_captcha_solve_result attempted=true
2026-04-22 15:11:19 [kr36] step4_slider_attempt url=https://36kr.com/p/2199303305939075 attempted=true
2026-04-22 15:12:08 [kr36] slider_captcha_solve_result attempted=true
2026-04-22 15:12:08 [kr36] step4_slider_attempt url=https://36kr.com/p/2785354366305413 attempted=true
2026-04-22 15:12:11 [kr36] step4_playwright_after_slider url=https://36kr.com/p/2785354366305413 html_length=89528
2026-04-22 15:12:27 [kr36] slider_captcha_solve_result attempted=true
2026-04-22 15:12:27 [kr36] step4_slider_attempt url=https://36kr.com/p/3470301182891396 attempted=true
2026-04-22 15:12:30 [kr36] step4_playwright_after_slider url=https://36kr.com/p/3470301182891396 html_length=123003
2026-04-22 15:12:43 [kr36] slider_captcha_solve_result attempted=true
2026-04-22 15:12:43 [kr36] step4_slider_attempt url=https://36kr.com/p/2754311490730760 attempted=true
2026-04-22 15:12:44 [kr36] slider_captcha_solve_result attempted=true
2026-04-22 15:12:44 [kr36] step4_slider_attempt url=https://36kr.com/p/3618211929555974 attempted=true
2026-04-22 15:12:46 [kr36] slider_captcha_solve_result attempted=true
2026-04-22 15:12:46 [kr36] step4_slider_attempt url=https://36kr.com/p/2684326515309572 attempted=true
2026-04-22 15:12:46 [kr36] step4_playwright_after_slider url=https://36kr.com/p/2754311490730760 html_length=90785
2026-04-22 15:12:46 [kr36] slider_captcha_solve_result attempted=true
2026-04-22 15:12:46 [kr36] step4_slider_attempt url=https://36kr.com/p/2788351176311687 attempted=true
2026-04-22 15:12:47 [kr36] step4_playwright_after_slider url=https://36kr.com/p/3618211929555974 html_length=108295
2026-04-22 15:12:49 [kr36] step4_playwright_after_slider url=https://36kr.com/p/2684326515309572 html_length=94415
2026-04-22 15:12:49 [kr36] step4_playwright_after_slider url=https://36kr.com/p/2788351176311687 html_length=85767
2026-04-22 15:13:15 [kr36] slider_captcha_solve_result attempted=true
2026-04-22 15:13:15 [kr36] step4_slider_attempt url=https://36kr.com/p/2199303305939075 attempted=true
2026-04-22 15:13:18 [kr36] step4_playwright_after_slider url=https://36kr.com/p/2199303305939075 html_length=90128
