[kr36] 2026-04-24 07:36:39 starting daily brief run (no email)...
[kr36] PROJECT_ROOT=E:\AI\touzifenxi
[kr36] PYTHON_BIN=E:\AI\touzifenxi\.venv\Scripts\python.exe
[kr36] TIMEOUT=30s
[kr36] LOG_FILE=E:\AI\touzifenxi\logs\kr36\kr36_20260424_073638.log
[kr36] running: "E:\AI\touzifenxi\.venv\Scripts\python.exe" scripts\websearch.py run --source 36kr --timeout 30
2026-04-24 07:36:39 [kr36] cookie_quality sensors_short len=481
2026-04-24 07:36:39 [kr36] listing_begin report_date=2026-04-24 rounds_total=5 candidate_limit=120 mode=sequential step0.5_then_step1
2026-04-24 07:36:39 [kr36] step0.5_topic_round_start page=1 round=1/5 stage=topics url=https://36kr.com/topics/
2026-04-24 07:36:39 [kr36] 进入专题页(0.5步)，数据 0 条，累计 0 条
2026-04-24 07:36:39 [kr36] fetch_start url=https://36kr.com/topics/
2026-04-24 07:36:42 [kr36] fetch_ok method=curl url=https://36kr.com/topics/ html_length=73868
2026-04-24 07:36:42 [kr36] throttle_wait url=https://36kr.com/topics/3770543132934659 wait_ms=24182 global_wait_ms=24182 same_url_wait_ms=0 risk_wait_ms=0
2026-04-24 07:37:06 [kr36] fetch_start url=https://36kr.com/topics/3770543132934659
2026-04-24 07:37:08 [kr36] fetch_ok method=curl url=https://36kr.com/topics/3770543132934659 html_length=76044
2026-04-24 07:37:08 [kr36] throttle_wait url=https://36kr.com/video/3766585318896386 wait_ms=20353 global_wait_ms=20353 same_url_wait_ms=0 risk_wait_ms=0
2026-04-24 07:37:28 [kr36] fetch_start url=https://36kr.com/video/3766585318896386
2026-04-24 07:37:30 [kr36] fetch_ok method=curl url=https://36kr.com/video/3766585318896386 html_length=14308
2026-04-24 07:37:30 [kr36] throttle_wait url=https://m.36kr.com/video/3766585318896386 wait_ms=37085 global_wait_ms=37085 same_url_wait_ms=0 risk_wait_ms=0
2026-04-24 07:38:07 [kr36] fetch_start url=https://m.36kr.com/video/3766585318896386
2026-04-24 07:38:09 [kr36] fetch_ok method=curl url=https://m.36kr.com/video/3766585318896386 html_length=14308
2026-04-24 07:38:09 [kr36] topic_video_mobile_no_cdn page='https://m.36kr.com/video/3766585318896386' mobile_len=14308
2026-04-24 07:38:09 [kr36] topic_video_no_cdn_in_html page='https://36kr.com/video/3766585318896386' try_playwright reason=small_shell_len=14308
2026-04-24 07:38:09 [kr36] topic_video_playwright_recover reason=no_cdn_in_html page='https://36kr.com/video/3766585318896386'
2026-04-24 07:38:10 [kr36] playwright_slider_start phase='step4-video-nocookie' url=https://36kr.com/video/3766585318896386 headless=false channel='msedge'
2026-04-24 07:38:15 [kr36] playwright_skip_cookies phase='step4-video-nocookie' url=https://36kr.com/video/3766585318896386
2026-04-24 07:38:33 [kr36] playwright_slider_url_settled phase='step4-video-nocookie' final_url='https://36kr.com/video/3766585318896386'
2026-04-24 07:38:33 [kr36] playwright_slider_preloop phase='step4-video-nocookie' url=https://36kr.com/video/3766585318896386 wait_after_load_ms=1800 slider_ui_ready_max_ms=20000
2026-04-24 07:38:38 [kr36] playwright_slider_ok phase='step4-video-nocookie' url=https://36kr.com/video/3766585318896386 html_length=70067
2026-04-24 07:38:39 [kr36] topic_video_playwright_nocookie_ok page='https://36kr.com/video/3766585318896386' html_len=70067
2026-04-24 07:38:39 [kr36] topic_video_cdn_extract count=7 html_len=70067 preview='https://videos.36krcdn.com/20260414/v2_1776165984015_video_mp4_v11' page='https://36kr.com/video/3766585318896386'
2026-04-24 07:39:01 [kr36] topic_video_download_ok cdn='https://videos.36krcdn.com/20260414/v2_1776165984015_video_mp4_v11' local=E:\AI\touzifenxi\output\reports\kr36_report\kr36_search_202604240736\kr36_topic_downloads\本周有大事丨大疆八年熵减，汪滔十年修行；为了保住同伙，AI有多癫；新中产收割机，想挑战Lululemon_\2026-04-15\videos\氪大事___为了保住同伙，AI有多癫？_36kr_topic_video_3766585318896386.mp4
2026-04-24 07:39:09 [kr36] topic_asr_ok chars=1182 transcript=E:\AI\touzifenxi\output\reports\kr36_report\kr36_search_202604240736\kr36_topic_downloads\本周有大事丨大疆八年熵减，汪滔十年修行；为了保住同伙，AI有多癫；新中产收割机，想挑战Lululemon_\2026-04-15\videos\氪大事___为了保住同伙，AI有多癫？_36kr_topic_video_3766585318896386.transcript.txt code=20000000 role=topic_video_asr_transcript
2026-04-24 07:39:09 [kr36] fetch_start url=https://36kr.com/video/3764840757948933
2026-04-24 07:39:11 [kr36] fetch_ok method=curl url=https://36kr.com/video/3764840757948933 html_length=1460
2026-04-24 07:39:11 [kr36] throttle_wait url=https://m.36kr.com/video/3764840757948933 wait_ms=30321 global_wait_ms=30321 same_url_wait_ms=0 risk_wait_ms=0
2026-04-24 07:39:41 [kr36] fetch_start url=https://m.36kr.com/video/3764840757948933
2026-04-24 07:39:43 [kr36] fetch_ok method=curl url=https://m.36kr.com/video/3764840757948933 html_length=270
2026-04-24 07:39:43 [kr36] topic_video_mobile_no_cdn page='https://m.36kr.com/video/3764840757948933' mobile_len=270
2026-04-24 07:39:43 [kr36] topic_video_no_cdn_in_html page='https://36kr.com/video/3764840757948933' try_playwright reason=risk_interstitial,small_shell_len=1460
2026-04-24 07:39:43 [kr36] topic_video_playwright_recover reason=no_cdn_in_html page='https://36kr.com/video/3764840757948933'
2026-04-24 07:39:43 [kr36] playwright_slider_start phase='step4-video-nocookie' url=https://36kr.com/video/3764840757948933 headless=false channel='msedge'
2026-04-24 07:39:48 [kr36] playwright_skip_cookies phase='step4-video-nocookie' url=https://36kr.com/video/3764840757948933
2026-04-24 07:40:09 [kr36] playwright_slider_url_settled phase='step4-video-nocookie' final_url='https://36kr.com/video/3764840757948933'
2026-04-24 07:40:09 [kr36] playwright_slider_preloop phase='step4-video-nocookie' url=https://36kr.com/video/3764840757948933 wait_after_load_ms=1800 slider_ui_ready_max_ms=20000
2026-04-24 07:40:09 [kr36] playwright_slider_wait_ui phase='step4-video-nocookie' url=https://36kr.com/video/3764840757948933 ui_ready=true
2026-04-24 07:40:14 [kr36] slider_captcha_solve_result attempted=true
2026-04-24 07:40:14 [kr36] playwright_slider_attempt phase='step4-video-nocookie' url=https://36kr.com/video/3764840757948933 attempted=true
2026-04-24 07:40:26 [kr36] playwright_slider_ok phase='step4-video-nocookie' url=https://36kr.com/video/3764840757948933 html_length=68329
2026-04-24 07:40:27 [kr36] topic_video_playwright_nocookie_ok page='https://36kr.com/video/3764840757948933' html_len=68329
2026-04-24 07:40:27 [kr36] topic_video_cdn_extract count=7 html_len=68329 preview='https://videos.36krcdn.com/20260413/v2_1776051795825_video_mp4_v11' page='https://36kr.com/video/3764840757948933'
2026-04-24 07:50:24 [kr36] topic_video_download_ok cdn='https://videos.36krcdn.com/20260413/v2_1776051795825_video_mp4_v11' local=E:\AI\touzifenxi\output\reports\kr36_report\kr36_search_202604240736\kr36_topic_downloads\本周有大事丨大疆八年熵减，汪滔十年修行；为了保住同伙，AI有多癫；新中产收割机，想挑战Lululemon_\2026-04-14\videos\于东来和魏建军，两个“最轴”的老板“约会”了_36kr_topic_video_3764840757948933.mp4
2026-04-24 07:50:30 [kr36] topic_asr_ok chars=418 transcript=E:\AI\touzifenxi\output\reports\kr36_report\kr36_search_202604240736\kr36_topic_downloads\本周有大事丨大疆八年熵减，汪滔十年修行；为了保住同伙，AI有多癫；新中产收割机，想挑战Lululemon_\2026-04-14\videos\于东来和魏建军，两个“最轴”的老板“约会”了_36kr_topic_video_3764840757948933.transcript.txt code=20000000 role=topic_video_asr_transcript
2026-04-24 07:50:30 [kr36] fetch_start url=https://36kr.com/video/3765091828527880
2026-04-24 07:50:31 [kr36] fetch_ok method=curl url=https://36kr.com/video/3765091828527880 html_length=14308
2026-04-24 07:50:31 [kr36] throttle_wait url=https://m.36kr.com/video/3765091828527880 wait_ms=29794 global_wait_ms=29794 same_url_wait_ms=0 risk_wait_ms=0
2026-04-24 07:51:01 [kr36] fetch_start url=https://m.36kr.com/video/3765091828527880
2026-04-24 07:51:03 [kr36] fetch_ok method=curl url=https://m.36kr.com/video/3765091828527880 html_length=14308
2026-04-24 07:51:03 [kr36] topic_video_mobile_no_cdn page='https://m.36kr.com/video/3765091828527880' mobile_len=14308
2026-04-24 07:51:03 [kr36] topic_video_no_cdn_in_html page='https://36kr.com/video/3765091828527880' try_playwright reason=small_shell_len=14308
2026-04-24 07:51:03 [kr36] topic_video_playwright_recover reason=no_cdn_in_html page='https://36kr.com/video/3765091828527880'
2026-04-24 07:51:03 [kr36] playwright_slider_start phase='step4-video-nocookie' url=https://36kr.com/video/3765091828527880 headless=false channel='msedge'
2026-04-24 07:51:07 [kr36] playwright_skip_cookies phase='step4-video-nocookie' url=https://36kr.com/video/3765091828527880
2026-04-24 07:51:28 [kr36] playwright_slider_url_settled phase='step4-video-nocookie' final_url='https://36kr.com/video/3765091828527880'
2026-04-24 07:51:28 [kr36] playwright_slider_preloop phase='step4-video-nocookie' url=https://36kr.com/video/3765091828527880 wait_after_load_ms=1800 slider_ui_ready_max_ms=20000
2026-04-24 07:51:28 [kr36] playwright_slider_wait_ui phase='step4-video-nocookie' url=https://36kr.com/video/3765091828527880 ui_ready=true
2026-04-24 07:51:32 [kr36] slider_captcha_solve_result attempted=true
2026-04-24 07:51:32 [kr36] playwright_slider_attempt phase='step4-video-nocookie' url=https://36kr.com/video/3765091828527880 attempted=true
2026-04-24 07:51:44 [kr36] playwright_slider_ok phase='step4-video-nocookie' url=https://36kr.com/video/3765091828527880 html_length=67566
2026-04-24 07:51:45 [kr36] topic_video_playwright_nocookie_ok page='https://36kr.com/video/3765091828527880' html_len=67566
2026-04-24 07:51:45 [kr36] topic_video_cdn_extract count=7 html_len=67566 preview='https://videos.36krcdn.com/20260413/v2_1776074530156_video_mp4_v9' page='https://36kr.com/video/3765091828527880'
2026-04-24 07:52:05 [kr36] topic_video_download_ok cdn='https://videos.36krcdn.com/20260413/v2_1776074530156_video_mp4_v9' local=E:\AI\touzifenxi\output\reports\kr36_report\kr36_search_202604240736\kr36_topic_downloads\本周有大事丨大疆八年熵减，汪滔十年修行；为了保住同伙，AI有多癫；新中产收割机，想挑战Lululemon_\2026-04-13\videos\AI盗脸风波：当技术“越界”_如何守住自己的数字人格？_36kr_topic_video_3765091828527880.mp4
2026-04-24 07:52:12 [kr36] topic_asr_ok chars=1063 transcript=E:\AI\touzifenxi\output\reports\kr36_report\kr36_search_202604240736\kr36_topic_downloads\本周有大事丨大疆八年熵减，汪滔十年修行；为了保住同伙，AI有多癫；新中产收割机，想挑战Lululemon_\2026-04-13\videos\AI盗脸风波：当技术“越界”_如何守住自己的数字人格？_36kr_topic_video_3765091828527880.transcript.txt code=20000000 role=topic_video_asr_transcript
2026-04-24 07:52:12 [kr36] fetch_start url=https://36kr.com/topics/3771153216865028
2026-04-24 07:52:14 [kr36] fetch_ok method=curl url=https://36kr.com/topics/3771153216865028 html_length=60355
2026-04-24 07:52:15 [kr36] throttle_wait url=https://36kr.com/p/3770688595214857 wait_ms=29020 global_wait_ms=29020 same_url_wait_ms=0 risk_wait_ms=0
2026-04-24 07:52:44 [kr36] fetch_start url=https://36kr.com/p/3770688595214857
2026-04-24 07:52:46 [kr36] fetch_ok method=curl url=https://36kr.com/p/3770688595214857 html_length=75366
2026-04-24 07:52:46 [kr36] throttle_wait url=https://36kr.com/p/3766410231726855 wait_ms=32341 global_wait_ms=32341 same_url_wait_ms=0 risk_wait_ms=0
2026-04-24 07:53:18 [kr36] fetch_start url=https://36kr.com/p/3766410231726855
2026-04-24 07:53:20 [kr36] fetch_ok method=curl url=https://36kr.com/p/3766410231726855 html_length=81820
2026-04-24 07:53:20 [kr36] throttle_wait url=https://36kr.com/p/3764728843289089 wait_ms=28572 global_wait_ms=28572 same_url_wait_ms=0 risk_wait_ms=0
2026-04-24 07:53:49 [kr36] fetch_start url=https://36kr.com/p/3764728843289089
2026-04-24 07:53:51 [kr36] fetch_ok method=curl url=https://36kr.com/p/3764728843289089 html_length=84550
2026-04-24 07:53:51 [kr36] throttle_wait url=https://36kr.com/p/3766718158324489 wait_ms=34811 global_wait_ms=34811 same_url_wait_ms=0 risk_wait_ms=0
2026-04-24 07:54:26 [kr36] fetch_start url=https://36kr.com/p/3766718158324489
2026-04-24 07:54:28 [kr36] fetch_ok method=curl url=https://36kr.com/p/3766718158324489 html_length=86738
2026-04-24 07:54:28 [kr36] throttle_wait url=https://36kr.com/p/3765076875117314 wait_ms=29003 global_wait_ms=29003 same_url_wait_ms=0 risk_wait_ms=0
