[kr36] 2026-04-23 07:58:55 starting daily brief run (no email)...
[kr36] PROJECT_ROOT=E:\AI\touzifenxi
[kr36] PYTHON_BIN=E:\AI\touzifenxi\.venv\Scripts\python.exe
[kr36] TIMEOUT=40s
[kr36] LOG_FILE=E:\AI\touzifenxi\logs\kr36\kr36_20260423_075854.log
[kr36] running: "E:\AI\touzifenxi\.venv\Scripts\python.exe" scripts\websearch.py run --source 36kr --timeout 40
2026-04-23 07:58:56 [kr36] listing_begin report_date=2026-04-23 rounds_total=11 candidate_limit=120
2026-04-23 07:58:56 [kr36] round_start page=1 round=1/11 stage=topics url=https://36kr.com/topics/
2026-04-23 07:58:56 [kr36] 进入专题页，数据 0 条，累计 0 条
2026-04-23 07:58:56 [kr36] fetch_start url=https://36kr.com/topics/
2026-04-23 07:58:56 [kr36] fetch_ok method=curl url=https://36kr.com/topics/ html_length=73982
2026-04-23 07:58:56 [kr36] throttle_wait url=https://36kr.com/topics/3770543132934659 wait_ms=37797 global_wait_ms=37797 same_url_wait_ms=0 risk_wait_ms=0
2026-04-23 07:59:34 [kr36] fetch_start url=https://36kr.com/topics/3770543132934659
2026-04-23 07:59:34 [kr36] fetch_ok method=curl url=https://36kr.com/topics/3770543132934659 html_length=76158
2026-04-23 07:59:34 [kr36] throttle_wait url=https://36kr.com/video/3766585318896386 wait_ms=27193 global_wait_ms=27193 same_url_wait_ms=0 risk_wait_ms=0
2026-04-23 08:00:02 [kr36] fetch_start url=https://36kr.com/video/3766585318896386
2026-04-23 08:00:02 [kr36] fetch_ok method=curl url=https://36kr.com/video/3766585318896386 html_length=14308
2026-04-23 08:00:02 [kr36] topic_video_no_cdn_in_html len=14308 page='https://36kr.com/video/3766585318896386' trying_playwright_slider
2026-04-23 08:00:02 [kr36] topic_video_playwright_recover reason=no_cdn_in_html page='https://36kr.com/video/3766585318896386'
2026-04-23 08:00:02 [kr36] step4_playwright_slider_start url=https://36kr.com/video/3766585318896386 headless=false
2026-04-23 08:00:10 [kr36] step4_playwright_ok url=https://36kr.com/video/3766585318896386 html_length=70187
2026-04-23 08:00:11 [kr36] throttle_wait url=https://36kr.com/video/3766585318896386 wait_ms=27751 global_wait_ms=27751 same_url_wait_ms=0 risk_wait_ms=0
2026-04-23 08:00:39 [kr36] fetch_start url=https://36kr.com/video/3766585318896386
2026-04-23 08:00:39 [kr36] fetch_ok method=curl url=https://36kr.com/video/3766585318896386 html_length=60400
2026-04-23 08:00:39 [kr36] topic_video_cdn_extract count=7 html_len=60400 preview='https://videos.36krcdn.com/20260414/v2_1776165984015_video_mp4_v11' page='https://36kr.com/video/3766585318896386'
2026-04-23 08:00:59 [kr36] topic_video_download_ok cdn='https://videos.36krcdn.com/20260414/v2_1776165984015_video_mp4_v11' local=E:\AI\touzifenxi\output\reports\kr36_report\kr36_search_202604230758\kr36_topic_downloads\本周有大事丨大疆八年熵减，汪滔十年修行；为了保住同伙，AI有多癫；新中产收割机，想挑战Lululemon_\2026-04-15\videos\氪大事___为了保住同伙，AI有多癫？_36kr_topic_video_3766585318896386.mp4
2026-04-23 08:01:04 [kr36] topic_asr_ok chars=1182 transcript=E:\AI\touzifenxi\output\reports\kr36_report\kr36_search_202604230758\kr36_topic_downloads\本周有大事丨大疆八年熵减，汪滔十年修行；为了保住同伙，AI有多癫；新中产收割机，想挑战Lululemon_\2026-04-15\videos\氪大事___为了保住同伙，AI有多癫？_36kr_topic_video_3766585318896386.transcript.txt code=20000000 role=topic_video_asr_transcript
2026-04-23 08:01:04 [kr36] fetch_start url=https://36kr.com/video/3764840757948933
2026-04-23 08:01:05 [kr36] fetch_ok method=curl url=https://36kr.com/video/3764840757948933 html_length=59882
2026-04-23 08:01:05 [kr36] topic_video_cdn_extract count=7 html_len=59882 preview='https://videos.36krcdn.com/20260413/v2_1776051795825_video_mp4_v11' page='https://36kr.com/video/3764840757948933'
2026-04-23 08:01:14 [kr36] topic_video_download_ok cdn='https://videos.36krcdn.com/20260413/v2_1776051795825_video_mp4_v11' local=E:\AI\touzifenxi\output\reports\kr36_report\kr36_search_202604230758\kr36_topic_downloads\本周有大事丨大疆八年熵减，汪滔十年修行；为了保住同伙，AI有多癫；新中产收割机，想挑战Lululemon_\2026-04-14\videos\于东来和魏建军，两个“最轴”的老板“约会”了_36kr_topic_video_3764840757948933.mp4
2026-04-23 08:01:17 [kr36] topic_asr_ok chars=418 transcript=E:\AI\touzifenxi\output\reports\kr36_report\kr36_search_202604230758\kr36_topic_downloads\本周有大事丨大疆八年熵减，汪滔十年修行；为了保住同伙，AI有多癫；新中产收割机，想挑战Lululemon_\2026-04-14\videos\于东来和魏建军，两个“最轴”的老板“约会”了_36kr_topic_video_3764840757948933.transcript.txt code=20000000 role=topic_video_asr_transcript
2026-04-23 08:01:17 [kr36] throttle_wait url=https://36kr.com/video/3765091828527880 wait_ms=10487 global_wait_ms=10487 same_url_wait_ms=0 risk_wait_ms=0
2026-04-23 08:01:27 [kr36] fetch_start url=https://36kr.com/video/3765091828527880
2026-04-23 08:01:28 [kr36] fetch_ok method=curl url=https://36kr.com/video/3765091828527880 html_length=59125
2026-04-23 08:01:28 [kr36] topic_video_cdn_extract count=7 html_len=59125 preview='https://videos.36krcdn.com/20260413/v2_1776074530156_video_mp4_v9' page='https://36kr.com/video/3765091828527880'
2026-04-23 08:01:46 [kr36] topic_video_download_ok cdn='https://videos.36krcdn.com/20260413/v2_1776074530156_video_mp4_v9' local=E:\AI\touzifenxi\output\reports\kr36_report\kr36_search_202604230758\kr36_topic_downloads\本周有大事丨大疆八年熵减，汪滔十年修行；为了保住同伙，AI有多癫；新中产收割机，想挑战Lululemon_\2026-04-13\videos\AI盗脸风波：当技术“越界”_如何守住自己的数字人格？_36kr_topic_video_3765091828527880.mp4
2026-04-23 08:01:50 [kr36] topic_asr_ok chars=1064 transcript=E:\AI\touzifenxi\output\reports\kr36_report\kr36_search_202604230758\kr36_topic_downloads\本周有大事丨大疆八年熵减，汪滔十年修行；为了保住同伙，AI有多癫；新中产收割机，想挑战Lululemon_\2026-04-13\videos\AI盗脸风波：当技术“越界”_如何守住自己的数字人格？_36kr_topic_video_3765091828527880.transcript.txt code=20000000 role=topic_video_asr_transcript
2026-04-23 08:01:50 [kr36] throttle_wait url=https://36kr.com/topics/3771153216865028 wait_ms=9029 global_wait_ms=9029 same_url_wait_ms=0 risk_wait_ms=0
2026-04-23 08:01:59 [kr36] fetch_start url=https://36kr.com/topics/3771153216865028
2026-04-23 08:02:00 [kr36] fetch_ok method=curl url=https://36kr.com/topics/3771153216865028 html_length=60469
2026-04-23 08:02:00 [kr36] throttle_wait url=https://36kr.com/p/3770688595214857 wait_ms=32751 global_wait_ms=32751 same_url_wait_ms=0 risk_wait_ms=0
2026-04-23 08:02:32 [kr36] fetch_start url=https://36kr.com/p/3770688595214857
2026-04-23 08:02:33 [kr36] fetch_ok method=curl url=https://36kr.com/p/3770688595214857 html_length=75451
2026-04-23 08:02:33 [kr36] throttle_wait url=https://36kr.com/p/3766410231726855 wait_ms=30643 global_wait_ms=30643 same_url_wait_ms=0 risk_wait_ms=0
2026-04-23 08:03:04 [kr36] fetch_start url=https://36kr.com/p/3766410231726855
2026-04-23 08:03:04 [kr36] fetch_ok method=curl url=https://36kr.com/p/3766410231726855 html_length=81978
2026-04-23 08:03:04 [kr36] throttle_wait url=https://36kr.com/p/3764728843289089 wait_ms=33634 global_wait_ms=33634 same_url_wait_ms=0 risk_wait_ms=0
2026-04-23 08:03:38 [kr36] fetch_start url=https://36kr.com/p/3764728843289089
2026-04-23 08:03:38 [kr36] fetch_ok method=curl url=https://36kr.com/p/3764728843289089 html_length=84708
2026-04-23 08:03:38 [kr36] throttle_wait url=https://36kr.com/p/3766718158324489 wait_ms=30898 global_wait_ms=30898 same_url_wait_ms=0 risk_wait_ms=0
2026-04-23 08:04:09 [kr36] fetch_start url=https://36kr.com/p/3766718158324489
2026-04-23 08:04:09 [kr36] risk_cooldown_set url=https://36kr.com/p/3766718158324489 cooldown_ms=186449 base_ms=180000 jitter_ms=6449
2026-04-23 08:04:09 [kr36] risk_entered method=curl url=https://36kr.com/p/3766718158324489 html_length=1460 has_cookie_refresh_action=true
2026-04-23 08:04:09 [kr36] risk_verification_delay_before_command wait_ms=3000 url=https://36kr.com/p/3766718158324489
2026-04-23 08:04:12 [kr36] risk_verification_invoking_command url=https://36kr.com/p/3766718158324489
2026-04-23 08:06:19 [kr36] slider_captcha_solve_result attempted=true
2026-04-23 08:06:19 [kr36] risk_cookie_refresh_slider_solve_attempt url=https://36kr.com/p/3766718158324489 attempted=true
2026-04-23 08:06:22 [kr36] risk_cookie_refresh_cookies_saved_after_slider url=https://36kr.com/p/3766718158324489 has_sv=True has_sensors=True
2026-04-23 08:06:22 [kr36] risk_cookie_refresh_slider_done url=https://36kr.com/p/3766718158324489 html_usable=true
2026-04-23 08:06:22 [kr36] risk_cookie_refresh_end url=https://36kr.com/p/3766718158324489 ok=true changed=true key_changed=true has_required_fields=true html_usable=true
2026-04-23 08:06:23 [kr36] throttle_wait url=https://36kr.com/p/3766718158324489 wait_ms=52839 global_wait_ms=0 same_url_wait_ms=0 risk_wait_ms=52839
2026-04-23 08:07:16 [kr36] fetch_ok method=risk_cookie_refresh url=https://36kr.com/p/3766718158324489 html_length=86896
2026-04-23 08:07:16 [kr36] throttle_wait url=https://36kr.com/p/3765076875117314 wait_ms=38030 global_wait_ms=38030 same_url_wait_ms=0 risk_wait_ms=0
2026-04-23 08:07:54 [kr36] fetch_start url=https://36kr.com/p/3765076875117314
2026-04-23 08:07:55 [kr36] fetch_ok method=curl url=https://36kr.com/p/3765076875117314 html_length=90393
2026-04-23 08:07:55 [kr36] throttle_wait url=https://36kr.com/p/3764953900990977 wait_ms=22276 global_wait_ms=22276 same_url_wait_ms=0 risk_wait_ms=0
2026-04-23 08:08:17 [kr36] fetch_start url=https://36kr.com/p/3764953900990977
2026-04-23 08:08:18 [kr36] fetch_ok method=curl url=https://36kr.com/p/3764953900990977 html_length=89360
2026-04-23 08:08:18 [kr36] throttle_wait url=https://36kr.com/p/3757975636050695 wait_ms=30982 global_wait_ms=30982 same_url_wait_ms=0 risk_wait_ms=0
2026-04-23 08:08:49 [kr36] fetch_start url=https://36kr.com/p/3757975636050695
2026-04-23 08:08:49 [kr36] fetch_ok method=curl url=https://36kr.com/p/3757975636050695 html_length=79868
2026-04-23 08:08:49 [kr36] round_end page=1 round=1/11 stage=topics status=ok fetched=10 total_refs=10 elapsed_ms=593245
2026-04-23 08:08:49 [kr36] 完成专题页，数据 10 条，累计 10 条
2026-04-23 08:08:49 [kr36] round_next round=2/11 stage=activity
2026-04-23 08:08:49 [kr36] round_start page=2 round=2/11 stage=activity url=https://36kr.com/activity
2026-04-23 08:08:49 [kr36] 进入活动页，数据 0 条，累计 10 条
2026-04-23 08:08:49 [kr36] throttle_wait url=https://36kr.com/activity wait_ms=32298 global_wait_ms=32298 same_url_wait_ms=0 risk_wait_ms=0
2026-04-23 08:09:21 [kr36] fetch_start url=https://36kr.com/activity
2026-04-23 08:09:22 [kr36] fetch_ok method=curl url=https://36kr.com/activity html_length=61718
2026-04-23 08:09:22 [kr36] round_end page=2 round=2/11 stage=activity status=ok fetched=8 total_refs=18 elapsed_ms=32775
2026-04-23 08:09:22 [kr36] 完成活动页，数据 8 条，累计 18 条
2026-04-23 08:09:22 [kr36] round_next round=3/11 stage=search
2026-04-23 08:09:22 [kr36] round_start page=3 round=3/11 stage=search category=36氪独家 url=https://36kr.com/search/articles/36%E6%B0%AA%E7%8B%AC%E5%AE%B6
2026-04-23 08:09:22 [kr36] 进入搜索页(36氪独家)，数据 0 条，累计 18 条
2026-04-23 08:09:22 [kr36] throttle_wait url=https://36kr.com/search/articles/36%E6%B0%AA%E7%8B%AC%E5%AE%B6 wait_ms=32223 global_wait_ms=32223 same_url_wait_ms=0 risk_wait_ms=0
2026-04-23 08:09:54 [kr36] fetch_start url=https://36kr.com/search/articles/36%E6%B0%AA%E7%8B%AC%E5%AE%B6
2026-04-23 08:09:55 [kr36] search_playwright_start url=https://36kr.com/search/articles/36%E6%B0%AA%E7%8B%AC%E5%AE%B6 timeout_ms=35000 max_attempts=2
2026-04-23 08:10:07 [kr36] search_playwright_once_end url=https://36kr.com/search/articles/36%E6%B0%AA%E7%8B%AC%E5%AE%B6 html_length=103947
2026-04-23 08:10:07 [kr36] search_playwright_ok attempt=1 url=https://36kr.com/search/articles/36%E6%B0%AA%E7%8B%AC%E5%AE%B6 html_length=103947
2026-04-23 08:10:07 [kr36] search_listing_csr_enriched url=https://36kr.com/search/articles/36%E6%B0%AA%E7%8B%AC%E5%AE%B6 html_length=103947
2026-04-23 08:10:07 [kr36] fetch_ok method=curl_playwright_search url=https://36kr.com/search/articles/36%E6%B0%AA%E7%8B%AC%E5%AE%B6 html_length=103947
2026-04-23 08:10:07 [kr36] round_end page=3 round=3/11 stage=search category=36氪独家 status=ok fetched=5 total_refs=23 elapsed_ms=45487
2026-04-23 08:10:07 [kr36] 完成搜索页(36氪独家)，数据 5 条，累计 23 条
2026-04-23 08:10:07 [kr36] round_next round=4/11 stage=search_or_channel
2026-04-23 08:10:07 [kr36] round_start page=4 round=4/11 stage=search category=深氪 url=https://36kr.com/search/articles/%E6%B7%B1%E6%B0%AA
2026-04-23 08:10:07 [kr36] 进入搜索页(深氪)，数据 0 条，累计 23 条
2026-04-23 08:10:07 [kr36] throttle_wait url=https://36kr.com/search/articles/%E6%B7%B1%E6%B0%AA wait_ms=21142 global_wait_ms=21142 same_url_wait_ms=0 risk_wait_ms=0
2026-04-23 08:10:28 [kr36] fetch_start url=https://36kr.com/search/articles/%E6%B7%B1%E6%B0%AA
2026-04-23 08:10:29 [kr36] search_playwright_start url=https://36kr.com/search/articles/%E6%B7%B1%E6%B0%AA timeout_ms=35000 max_attempts=2
2026-04-23 08:10:40 [kr36] search_playwright_once_end url=https://36kr.com/search/articles/%E6%B7%B1%E6%B0%AA html_length=101741
2026-04-23 08:10:40 [kr36] search_playwright_ok attempt=1 url=https://36kr.com/search/articles/%E6%B7%B1%E6%B0%AA html_length=101741
2026-04-23 08:10:40 [kr36] search_listing_csr_enriched url=https://36kr.com/search/articles/%E6%B7%B1%E6%B0%AA html_length=101741
2026-04-23 08:10:40 [kr36] fetch_ok method=curl_playwright_search url=https://36kr.com/search/articles/%E6%B7%B1%E6%B0%AA html_length=101741
2026-04-23 08:10:40 [kr36] round_end page=4 round=4/11 stage=search category=深氪 status=ok fetched=5 total_refs=28 elapsed_ms=32299
2026-04-23 08:10:40 [kr36] 完成搜索页(深氪)，数据 5 条，累计 28 条
2026-04-23 08:10:40 [kr36] round_next round=5/11 stage=search_or_channel
2026-04-23 08:10:40 [kr36] round_start page=5 round=5/11 stage=search category=后浪白皮书 url=https://36kr.com/search/articles/%E5%90%8E%E6%B5%AA%E7%99%BD%E7%9A%AE%E4%B9%A6
2026-04-23 08:10:40 [kr36] 进入搜索页(后浪白皮书)，数据 0 条，累计 28 条
2026-04-23 08:10:40 [kr36] throttle_wait url=https://36kr.com/search/articles/%E5%90%8E%E6%B5%AA%E7%99%BD%E7%9A%AE%E4%B9%A6 wait_ms=24926 global_wait_ms=24926 same_url_wait_ms=0 risk_wait_ms=0
2026-04-23 08:11:04 [kr36] fetch_start url=https://36kr.com/search/articles/%E5%90%8E%E6%B5%AA%E7%99%BD%E7%9A%AE%E4%B9%A6
2026-04-23 08:11:05 [kr36] search_playwright_start url=https://36kr.com/search/articles/%E5%90%8E%E6%B5%AA%E7%99%BD%E7%9A%AE%E4%B9%A6 timeout_ms=35000 max_attempts=2
2026-04-23 08:11:17 [kr36] search_playwright_once_end url=https://36kr.com/search/articles/%E5%90%8E%E6%B5%AA%E7%99%BD%E7%9A%AE%E4%B9%A6 html_length=68271
2026-04-23 08:11:18 [kr36] search_playwright_ok attempt=1 url=https://36kr.com/search/articles/%E5%90%8E%E6%B5%AA%E7%99%BD%E7%9A%AE%E4%B9%A6 html_length=68271
2026-04-23 08:11:18 [kr36] search_listing_csr_enriched url=https://36kr.com/search/articles/%E5%90%8E%E6%B5%AA%E7%99%BD%E7%9A%AE%E4%B9%A6 html_length=68271
2026-04-23 08:11:18 [kr36] fetch_ok method=curl_playwright_search url=https://36kr.com/search/articles/%E5%90%8E%E6%B5%AA%E7%99%BD%E7%9A%AE%E4%B9%A6 html_length=68271
2026-04-23 08:11:18 [kr36] round_end page=5 round=5/11 stage=search category=后浪白皮书 status=ok fetched=3 total_refs=31 elapsed_ms=37977
2026-04-23 08:11:18 [kr36] 完成搜索页(后浪白皮书)，数据 3 条，累计 31 条
2026-04-23 08:11:18 [kr36] round_next round=6/11 stage=search_or_channel
2026-04-23 08:11:18 [kr36] round_start page=6 round=6/11 stage=search category=行业日报 url=https://36kr.com/search/articles/%E8%A1%8C%E4%B8%9A%E6%97%A5%E6%8A%A5
2026-04-23 08:11:18 [kr36] 进入搜索页(行业日报)，数据 0 条，累计 31 条
2026-04-23 08:11:18 [kr36] throttle_wait url=https://36kr.com/search/articles/%E8%A1%8C%E4%B8%9A%E6%97%A5%E6%8A%A5 wait_ms=15712 global_wait_ms=15712 same_url_wait_ms=0 risk_wait_ms=0
2026-04-23 08:11:33 [kr36] fetch_start url=https://36kr.com/search/articles/%E8%A1%8C%E4%B8%9A%E6%97%A5%E6%8A%A5
2026-04-23 08:11:34 [kr36] search_playwright_start url=https://36kr.com/search/articles/%E8%A1%8C%E4%B8%9A%E6%97%A5%E6%8A%A5 timeout_ms=35000 max_attempts=2
2026-04-23 08:11:46 [kr36] search_playwright_once_end url=https://36kr.com/search/articles/%E8%A1%8C%E4%B8%9A%E6%97%A5%E6%8A%A5 html_length=69531
2026-04-23 08:11:46 [kr36] search_playwright_ok attempt=1 url=https://36kr.com/search/articles/%E8%A1%8C%E4%B8%9A%E6%97%A5%E6%8A%A5 html_length=69531
2026-04-23 08:11:46 [kr36] search_listing_csr_enriched url=https://36kr.com/search/articles/%E8%A1%8C%E4%B8%9A%E6%97%A5%E6%8A%A5 html_length=69531
2026-04-23 08:11:46 [kr36] fetch_ok method=curl_playwright_search url=https://36kr.com/search/articles/%E8%A1%8C%E4%B8%9A%E6%97%A5%E6%8A%A5 html_length=69531
2026-04-23 08:11:46 [kr36] round_end page=6 round=6/11 stage=search category=行业日报 status=ok fetched=4 total_refs=35 elapsed_ms=28031
2026-04-23 08:11:46 [kr36] 完成搜索页(行业日报)，数据 4 条，累计 35 条
2026-04-23 08:11:46 [kr36] round_next round=7/11 stage=search_or_channel
2026-04-23 08:11:46 [kr36] round_start page=7 round=7/11 stage=search category=Long China 50 url=https://36kr.com/search/articles/Long%20China%2050
2026-04-23 08:11:46 [kr36] 进入搜索页(Long China 50)，数据 0 条，累计 35 条
2026-04-23 08:11:46 [kr36] throttle_wait url=https://36kr.com/search/articles/Long%20China%2050 wait_ms=18765 global_wait_ms=18765 same_url_wait_ms=0 risk_wait_ms=0
2026-04-23 08:12:04 [kr36] fetch_start url=https://36kr.com/search/articles/Long%20China%2050
2026-04-23 08:12:05 [kr36] search_playwright_start url=https://36kr.com/search/articles/Long%20China%2050 timeout_ms=35000 max_attempts=2
2026-04-23 08:12:17 [kr36] search_playwright_once_end url=https://36kr.com/search/articles/Long%20China%2050 html_length=103370
2026-04-23 08:12:17 [kr36] search_playwright_ok attempt=1 url=https://36kr.com/search/articles/Long%20China%2050 html_length=103370
2026-04-23 08:12:17 [kr36] search_listing_csr_enriched url=https://36kr.com/search/articles/Long%20China%2050 html_length=103370
2026-04-23 08:12:17 [kr36] fetch_ok method=curl_playwright_search url=https://36kr.com/search/articles/Long%20China%2050 html_length=103370
2026-04-23 08:12:17 [kr36] round_end page=7 round=7/11 stage=search category=Long China 50 status=ok fetched=5 total_refs=40 elapsed_ms=31262
2026-04-23 08:12:17 [kr36] 完成搜索页(Long China 50)，数据 5 条，累计 40 条
2026-04-23 08:12:17 [kr36] round_next round=8/11 stage=search_or_channel
2026-04-23 08:12:17 [kr36] round_start page=8 round=8/11 stage=search category=投资派 url=https://36kr.com/search/articles/%E6%8A%95%E8%B5%84%E6%B4%BE
2026-04-23 08:12:17 [kr36] 进入搜索页(投资派)，数据 0 条，累计 40 条
2026-04-23 08:12:17 [kr36] throttle_wait url=https://36kr.com/search/articles/%E6%8A%95%E8%B5%84%E6%B4%BE wait_ms=14870 global_wait_ms=14870 same_url_wait_ms=0 risk_wait_ms=0
2026-04-23 08:12:32 [kr36] fetch_start url=https://36kr.com/search/articles/%E6%8A%95%E8%B5%84%E6%B4%BE
2026-04-23 08:12:32 [kr36] risk_cooldown_set url=https://36kr.com/search/articles/%E6%8A%95%E8%B5%84%E6%B4%BE cooldown_ms=177363 base_ms=180000 jitter_ms=-2637
2026-04-23 08:12:32 [kr36] risk_entered method=curl url=https://36kr.com/search/articles/%E6%8A%95%E8%B5%84%E6%B4%BE html_length=2117 has_cookie_refresh_action=true
2026-04-23 08:12:32 [kr36] risk_verification_delay_before_command wait_ms=3000 url=https://36kr.com/search/articles/%E6%8A%95%E8%B5%84%E6%B4%BE
2026-04-23 08:12:35 [kr36] risk_verification_invoking_command url=https://36kr.com/search/articles/%E6%8A%95%E8%B5%84%E6%B4%BE
2026-04-23 08:14:28 [kr36] slider_captcha_solve_result attempted=true
2026-04-23 08:14:28 [kr36] risk_cookie_refresh_slider_solve_attempt url=https://36kr.com/search/articles/%E6%8A%95%E8%B5%84%E6%B4%BE attempted=true
2026-04-23 08:14:31 [kr36] risk_cookie_refresh_cookies_saved_after_slider url=https://36kr.com/search/articles/%E6%8A%95%E8%B5%84%E6%B4%BE has_sv=True has_sensors=True
2026-04-23 08:14:31 [kr36] risk_cookie_refresh_slider_done url=https://36kr.com/search/articles/%E6%8A%95%E8%B5%84%E6%B4%BE html_usable=true
2026-04-23 08:14:32 [kr36] risk_cookie_refresh_end url=https://36kr.com/search/articles/%E6%8A%95%E8%B5%84%E6%B4%BE ok=true changed=true key_changed=true has_required_fields=true html_usable=true
2026-04-23 08:14:32 [kr36] throttle_wait url=https://36kr.com/search/articles/%E6%8A%95%E8%B5%84%E6%B4%BE wait_ms=57098 global_wait_ms=0 same_url_wait_ms=0 risk_wait_ms=57098
2026-04-23 08:15:30 [kr36] page_result page=8 stage=search category=投资派 status=deferred_blocked url=https://36kr.com/search/articles/%E6%8A%95%E8%B5%84%E6%B4%BE fetched=0 total_refs=40
2026-04-23 08:15:30 [kr36] round_end page=8 round=8/11 stage=search category=投资派 status=ok fetched=0 total_refs=40 elapsed_ms=192763
2026-04-23 08:15:30 [kr36] 完成搜索页(投资派)，数据 0 条，累计 40 条
2026-04-23 08:15:30 [kr36] round_next round=9/11 stage=search_or_channel
2026-04-23 08:15:30 [kr36] round_start page=9 round=9/11 stage=search category=新青年观察 url=https://36kr.com/search/articles/%E6%96%B0%E9%9D%92%E5%B9%B4%E8%A7%82%E5%AF%9F
2026-04-23 08:15:30 [kr36] 进入搜索页(新青年观察)，数据 0 条，累计 40 条
2026-04-23 08:15:30 [kr36] throttle_wait url=https://36kr.com/search/articles/%E6%96%B0%E9%9D%92%E5%B9%B4%E8%A7%82%E5%AF%9F wait_ms=39305 global_wait_ms=39305 same_url_wait_ms=0 risk_wait_ms=0
2026-04-23 08:16:09 [kr36] fetch_start url=https://36kr.com/search/articles/%E6%96%B0%E9%9D%92%E5%B9%B4%E8%A7%82%E5%AF%9F
2026-04-23 08:16:09 [kr36] risk_cooldown_set url=https://36kr.com/search/articles/%E6%96%B0%E9%9D%92%E5%B9%B4%E8%A7%82%E5%AF%9F cooldown_ms=185821 base_ms=180000 jitter_ms=5821
2026-04-23 08:16:09 [kr36] risk_entered method=curl url=https://36kr.com/search/articles/%E6%96%B0%E9%9D%92%E5%B9%B4%E8%A7%82%E5%AF%9F html_length=1460 has_cookie_refresh_action=true
2026-04-23 08:16:09 [kr36] risk_verification_delay_before_command wait_ms=3000 url=https://36kr.com/search/articles/%E6%96%B0%E9%9D%92%E5%B9%B4%E8%A7%82%E5%AF%9F
2026-04-23 08:16:12 [kr36] risk_verification_invoking_command url=https://36kr.com/search/articles/%E6%96%B0%E9%9D%92%E5%B9%B4%E8%A7%82%E5%AF%9F
2026-04-23 08:16:50 [kr36] slider_captcha_solve_result attempted=true
2026-04-23 08:16:50 [kr36] risk_cookie_refresh_slider_solve_attempt url=https://36kr.com/search/articles/%E6%96%B0%E9%9D%92%E5%B9%B4%E8%A7%82%E5%AF%9F attempted=true
2026-04-23 08:16:53 [kr36] risk_cookie_refresh_slider_post_navigate url=https://36kr.com/search/articles/%E6%96%B0%E9%9D%92%E5%B9%B4%E8%A7%82%E5%AF%9F reason=html_not_usable
2026-04-23 08:16:58 [kr36] risk_cookie_refresh_cookies_saved_after_slider url=https://36kr.com/search/articles/%E6%96%B0%E9%9D%92%E5%B9%B4%E8%A7%82%E5%AF%9F has_sv=True has_sensors=False
2026-04-23 08:16:58 [kr36] risk_cookie_refresh_slider_done url=https://36kr.com/search/articles/%E6%96%B0%E9%9D%92%E5%B9%B4%E8%A7%82%E5%AF%9F html_usable=false
2026-04-23 08:16:59 [kr36] risk_cookie_refresh_end url=https://36kr.com/search/articles/%E6%96%B0%E9%9D%92%E5%B9%B4%E8%A7%82%E5%AF%9F ok=true changed=true key_changed=true has_required_fields=false html_usable=false
2026-04-23 08:16:59 [kr36] throttle_wait url=https://36kr.com/search/articles/%E6%96%B0%E9%9D%92%E5%B9%B4%E8%A7%82%E5%AF%9F wait_ms=135643 global_wait_ms=0 same_url_wait_ms=0 risk_wait_ms=135643
2026-04-23 08:19:15 [kr36] page_result page=9 stage=search category=新青年观察 status=deferred_blocked url=https://36kr.com/search/articles/%E6%96%B0%E9%9D%92%E5%B9%B4%E8%A7%82%E5%AF%9F fetched=0 total_refs=40
2026-04-23 08:19:15 [kr36] round_end page=9 round=9/11 stage=search category=新青年观察 status=ok fetched=0 total_refs=40 elapsed_ms=225703
2026-04-23 08:19:15 [kr36] 完成搜索页(新青年观察)，数据 0 条，累计 40 条
2026-04-23 08:19:15 [kr36] round_next round=10/11 stage=search_or_channel
2026-04-23 08:19:15 [kr36] round_start page=10 round=10/11 stage=search category=KRLab url=https://36kr.com/search/articles/KRLab
2026-04-23 08:19:15 [kr36] 进入搜索页(KRLab)，数据 0 条，累计 40 条
2026-04-23 08:19:15 [kr36] throttle_wait url=https://36kr.com/search/articles/KRLab wait_ms=20507 global_wait_ms=20507 same_url_wait_ms=0 risk_wait_ms=0
2026-04-23 08:19:36 [kr36] fetch_start url=https://36kr.com/search/articles/KRLab
2026-04-23 08:19:36 [kr36] risk_cooldown_set url=https://36kr.com/search/articles/KRLab cooldown_ms=172812 base_ms=180000 jitter_ms=-7188
2026-04-23 08:19:36 [kr36] risk_entered method=curl url=https://36kr.com/search/articles/KRLab html_length=1460 has_cookie_refresh_action=true
2026-04-23 08:19:36 [kr36] risk_verification_delay_before_command wait_ms=3000 url=https://36kr.com/search/articles/KRLab
2026-04-23 08:19:39 [kr36] risk_verification_invoking_command url=https://36kr.com/search/articles/KRLab
2026-04-23 08:21:02 [kr36] slider_captcha_solve_result attempted=true
2026-04-23 08:21:02 [kr36] risk_cookie_refresh_slider_solve_attempt url=https://36kr.com/search/articles/KRLab attempted=true
2026-04-23 08:21:05 [kr36] risk_cookie_refresh_slider_post_navigate url=https://36kr.com/search/articles/KRLab reason=html_not_usable
2026-04-23 08:21:10 [kr36] risk_cookie_refresh_cookies_saved_after_slider url=https://36kr.com/search/articles/KRLab has_sv=True has_sensors=False
2026-04-23 08:21:10 [kr36] risk_cookie_refresh_slider_done url=https://36kr.com/search/articles/KRLab html_usable=false
2026-04-23 08:21:11 [kr36] risk_cookie_refresh_end url=https://36kr.com/search/articles/KRLab ok=false changed=false key_changed=false has_required_fields=false html_usable=false
2026-04-23 08:21:11 [kr36] page_result page=10 stage=search category=KRLab status=deferred_blocked url=https://36kr.com/search/articles/KRLab fetched=0 total_refs=40
2026-04-23 08:21:11 [kr36] round_end page=10 round=10/11 stage=search category=KRLab status=ok fetched=0 total_refs=40 elapsed_ms=115581
2026-04-23 08:21:11 [kr36] 完成搜索页(KRLab)，数据 0 条，累计 40 条
2026-04-23 08:21:11 [kr36] round_next round=11/11 stage=search_or_channel
2026-04-23 08:21:11 [kr36] round_start page=11 round=11/11 stage=search category=数智前瞻 url=https://36kr.com/search/articles/%E6%95%B0%E6%99%BA%E5%89%8D%E7%9E%BB
2026-04-23 08:21:11 [kr36] 进入搜索页(数智前瞻)，数据 0 条，累计 40 条
2026-04-23 08:21:11 [kr36] throttle_wait url=https://36kr.com/search/articles/%E6%95%B0%E6%99%BA%E5%89%8D%E7%9E%BB wait_ms=77992 global_wait_ms=0 same_url_wait_ms=0 risk_wait_ms=77992
2026-04-23 08:22:29 [kr36] fetch_start url=https://36kr.com/search/articles/%E6%95%B0%E6%99%BA%E5%89%8D%E7%9E%BB
2026-04-23 08:22:29 [kr36] risk_cooldown_set url=https://36kr.com/search/articles/%E6%95%B0%E6%99%BA%E5%89%8D%E7%9E%BB cooldown_ms=184046 base_ms=180000 jitter_ms=4046
2026-04-23 08:22:29 [kr36] risk_entered method=curl url=https://36kr.com/search/articles/%E6%95%B0%E6%99%BA%E5%89%8D%E7%9E%BB html_length=1460 has_cookie_refresh_action=true
2026-04-23 08:22:29 [kr36] risk_verification_delay_before_command wait_ms=3000 url=https://36kr.com/search/articles/%E6%95%B0%E6%99%BA%E5%89%8D%E7%9E%BB
2026-04-23 08:22:32 [kr36] risk_verification_invoking_command url=https://36kr.com/search/articles/%E6%95%B0%E6%99%BA%E5%89%8D%E7%9E%BB
2026-04-23 08:23:56 [kr36] slider_captcha_solve_result attempted=true
2026-04-23 08:23:56 [kr36] risk_cookie_refresh_slider_solve_attempt url=https://36kr.com/search/articles/%E6%95%B0%E6%99%BA%E5%89%8D%E7%9E%BB attempted=true
2026-04-23 08:23:59 [kr36] risk_cookie_refresh_slider_post_navigate url=https://36kr.com/search/articles/%E6%95%B0%E6%99%BA%E5%89%8D%E7%9E%BB reason=html_not_usable
2026-04-23 08:24:04 [kr36] risk_cookie_refresh_cookies_saved_after_slider url=https://36kr.com/search/articles/%E6%95%B0%E6%99%BA%E5%89%8D%E7%9E%BB has_sv=True has_sensors=False
2026-04-23 08:24:04 [kr36] risk_cookie_refresh_slider_done url=https://36kr.com/search/articles/%E6%95%B0%E6%99%BA%E5%89%8D%E7%9E%BB html_usable=false
2026-04-23 08:24:05 [kr36] risk_cookie_refresh_end url=https://36kr.com/search/articles/%E6%95%B0%E6%99%BA%E5%89%8D%E7%9E%BB ok=false changed=false key_changed=false has_required_fields=false html_usable=false
2026-04-23 08:24:05 [kr36] page_result page=11 stage=search category=数智前瞻 status=deferred_blocked url=https://36kr.com/search/articles/%E6%95%B0%E6%99%BA%E5%89%8D%E7%9E%BB fetched=0 total_refs=40
2026-04-23 08:24:05 [kr36] round_end page=11 round=11/11 stage=search category=数智前瞻 status=ok fetched=0 total_refs=40 elapsed_ms=173894
2026-04-23 08:24:05 [kr36] 完成搜索页(数智前瞻)，数据 0 条，累计 40 条
2026-04-23 08:24:05 [kr36] deferred_retry_round_start total=4 attempts_per_page=3
2026-04-23 08:24:05 [kr36] deferred_retry_start retry_page=1/4 attempt=1/3 stage=search category=投资派 url=https://36kr.com/search/articles/%E6%8A%95%E8%B5%84%E6%B4%BE
2026-04-23 08:24:05 [kr36] throttle_wait url=https://36kr.com/search/articles/%E6%8A%95%E8%B5%84%E6%B4%BE wait_ms=88418 global_wait_ms=0 same_url_wait_ms=0 risk_wait_ms=88418
2026-04-23 08:25:33 [kr36] fetch_start url=https://36kr.com/search/articles/%E6%8A%95%E8%B5%84%E6%B4%BE
2026-04-23 08:25:34 [kr36] risk_cooldown_set url=https://36kr.com/search/articles/%E6%8A%95%E8%B5%84%E6%B4%BE cooldown_ms=180712 base_ms=180000 jitter_ms=712
2026-04-23 08:25:34 [kr36] risk_entered method=curl url=https://36kr.com/search/articles/%E6%8A%95%E8%B5%84%E6%B4%BE html_length=1460 has_cookie_refresh_action=true
2026-04-23 08:25:34 [kr36] risk_verification_delay_before_command wait_ms=3000 url=https://36kr.com/search/articles/%E6%8A%95%E8%B5%84%E6%B4%BE
2026-04-23 08:25:37 [kr36] risk_verification_invoking_command url=https://36kr.com/search/articles/%E6%8A%95%E8%B5%84%E6%B4%BE
2026-04-23 08:26:59 [kr36] slider_captcha_solve_result attempted=true
2026-04-23 08:26:59 [kr36] risk_cookie_refresh_slider_solve_attempt url=https://36kr.com/search/articles/%E6%8A%95%E8%B5%84%E6%B4%BE attempted=true
2026-04-23 08:27:02 [kr36] risk_cookie_refresh_slider_post_navigate url=https://36kr.com/search/articles/%E6%8A%95%E8%B5%84%E6%B4%BE reason=html_not_usable
2026-04-23 08:27:07 [kr36] risk_cookie_refresh_cookies_saved_after_slider url=https://36kr.com/search/articles/%E6%8A%95%E8%B5%84%E6%B4%BE has_sv=True has_sensors=False
2026-04-23 08:27:07 [kr36] risk_cookie_refresh_slider_done url=https://36kr.com/search/articles/%E6%8A%95%E8%B5%84%E6%B4%BE html_usable=false
2026-04-23 08:27:08 [kr36] risk_cookie_refresh_end url=https://36kr.com/search/articles/%E6%8A%95%E8%B5%84%E6%B4%BE ok=false changed=false key_changed=false has_required_fields=false html_usable=false
2026-04-23 08:27:08 [kr36] deferred_retry_attempt_blocked retry_page=1/4 attempt=1/3 stage=search category=投资派 url=https://36kr.com/search/articles/%E6%8A%95%E8%B5%84%E6%B4%BE
2026-04-23 08:27:08 [kr36] deferred_retry_pre_attempt_wait retry_page=1/4 attempt=2/3 wait_ms=143937 base_wait_ms=141276 backoff_wait_ms=0 jitter_ms=2661
2026-04-23 08:29:32 [kr36] deferred_retry_start retry_page=1/4 attempt=2/3 stage=search category=投资派 url=https://36kr.com/search/articles/%E6%8A%95%E8%B5%84%E6%B4%BE
2026-04-23 08:29:32 [kr36] fetch_start url=https://36kr.com/search/articles/%E6%8A%95%E8%B5%84%E6%B4%BE
2026-04-23 08:29:32 [kr36] risk_cooldown_set url=https://36kr.com/search/articles/%E6%8A%95%E8%B5%84%E6%B4%BE cooldown_ms=184119 base_ms=180000 jitter_ms=4119
2026-04-23 08:29:32 [kr36] risk_entered method=curl url=https://36kr.com/search/articles/%E6%8A%95%E8%B5%84%E6%B4%BE html_length=1460 has_cookie_refresh_action=true
2026-04-23 08:29:32 [kr36] risk_verification_delay_before_command wait_ms=3000 url=https://36kr.com/search/articles/%E6%8A%95%E8%B5%84%E6%B4%BE
2026-04-23 08:29:35 [kr36] risk_verification_invoking_command url=https://36kr.com/search/articles/%E6%8A%95%E8%B5%84%E6%B4%BE
2026-04-23 08:30:28 [kr36] slider_captcha_solve_result attempted=true
2026-04-23 08:30:28 [kr36] risk_cookie_refresh_slider_solve_attempt url=https://36kr.com/search/articles/%E6%8A%95%E8%B5%84%E6%B4%BE attempted=true
2026-04-23 08:30:32 [kr36] risk_cookie_refresh_error url=https://36kr.com/search/articles/%E6%8A%95%E8%B5%84%E6%B4%BE error=Page.wait_for_timeout: Target page, context or browser has been closed
2026-04-23 08:30:32 [kr36] risk_cookie_refresh_end url=https://36kr.com/search/articles/%E6%8A%95%E8%B5%84%E6%B4%BE ok=false changed=false key_changed=false has_required_fields=false html_usable=false
2026-04-23 08:30:32 [kr36] deferred_retry_attempt_blocked retry_page=1/4 attempt=2/3 stage=search category=投资派 url=https://36kr.com/search/articles/%E6%8A%95%E8%B5%84%E6%B4%BE
2026-04-23 08:30:32 [kr36] deferred_retry_pre_attempt_wait retry_page=1/4 attempt=3/3 wait_ms=159977 base_wait_ms=92734 backoff_wait_ms=60000 jitter_ms=7243
2026-04-23 08:33:12 [kr36] deferred_retry_start retry_page=1/4 attempt=3/3 stage=search category=投资派 url=https://36kr.com/search/articles/%E6%8A%95%E8%B5%84%E6%B4%BE
2026-04-23 08:33:12 [kr36] fetch_start url=https://36kr.com/search/articles/%E6%8A%95%E8%B5%84%E6%B4%BE
2026-04-23 08:33:12 [kr36] risk_cooldown_set url=https://36kr.com/search/articles/%E6%8A%95%E8%B5%84%E6%B4%BE cooldown_ms=187077 base_ms=180000 jitter_ms=7077
2026-04-23 08:33:12 [kr36] risk_entered method=curl url=https://36kr.com/search/articles/%E6%8A%95%E8%B5%84%E6%B4%BE html_length=1460 has_cookie_refresh_action=true
2026-04-23 08:33:12 [kr36] risk_verification_delay_before_command wait_ms=3000 url=https://36kr.com/search/articles/%E6%8A%95%E8%B5%84%E6%B4%BE
2026-04-23 08:33:15 [kr36] risk_verification_invoking_command url=https://36kr.com/search/articles/%E6%8A%95%E8%B5%84%E6%B4%BE
2026-04-23 08:33:15 [kr36] risk_verification_skipped_limit url=https://36kr.com/search/articles/%E6%8A%95%E8%B5%84%E6%B4%BE max_rounds=3
2026-04-23 08:33:15 [kr36] deferred_retry_attempt_blocked retry_page=1/4 attempt=3/3 stage=search category=投资派 url=https://36kr.com/search/articles/%E6%8A%95%E8%B5%84%E6%B4%BE
2026-04-23 08:33:15 [kr36] deferred_retry_result retry_page=1/4 stage=search category=投资派 status=still_blocked attempted=3 url=https://36kr.com/search/articles/%E6%8A%95%E8%B5%84%E6%B4%BE fetched=0 total_refs=40
2026-04-23 08:33:15 [kr36] deferred_retry_start retry_page=2/4 attempt=1/3 stage=search category=新青年观察 url=https://36kr.com/search/articles/%E6%96%B0%E9%9D%92%E5%B9%B4%E8%A7%82%E5%AF%9F
2026-04-23 08:33:15 [kr36] throttle_wait url=https://36kr.com/search/articles/%E6%96%B0%E9%9D%92%E5%B9%B4%E8%A7%82%E5%AF%9F wait_ms=184048 global_wait_ms=31111 same_url_wait_ms=0 risk_wait_ms=184048
[kr36]  finished with exit code -1073741510.
