[kr36] 2026-04-24 06:46:28 starting daily brief run (no email)...
[kr36] PROJECT_ROOT=E:\AI\touzifenxi
[kr36] PYTHON_BIN=E:\AI\touzifenxi\.venv\Scripts\python.exe
[kr36] TIMEOUT=30s
[kr36] LOG_FILE=E:\AI\touzifenxi\logs\kr36\kr36_20260424_064627.log
[kr36] running: "E:\AI\touzifenxi\.venv\Scripts\python.exe" scripts\websearch.py run --source 36kr --timeout 30
2026-04-24 06:46:29 [kr36] cookie_quality sensors_short len=481
2026-04-24 06:46:29 [kr36] listing_begin report_date=2026-04-24 rounds_total=5 candidate_limit=120 mode=sequential step0.5_then_step1
2026-04-24 06:46:29 [kr36] step0.5_topic_round_start page=1 round=1/5 stage=topics url=https://36kr.com/topics/
2026-04-24 06:46:29 [kr36] 进入专题页(0.5步)，数据 0 条，累计 0 条
2026-04-24 06:46:29 [kr36] fetch_start url=https://36kr.com/topics/
2026-04-24 06:46:31 [kr36] topics_activity_enrich_direct_step4 reason=auto_solver url=https://36kr.com/topics/ page_kind=topics
2026-04-24 06:46:31 [kr36] playwright_slider_start phase='topics-activity-step4-topics' url=https://36kr.com/topics/ headless=false channel='msedge'
2026-04-24 06:47:00 [kr36] playwright_slider_url_settled phase='topics-activity-step4-topics' final_url='https://36kr.com/topics/'
2026-04-24 06:47:00 [kr36] playwright_slider_preloop phase='topics-activity-step4-topics' url=https://36kr.com/topics/ wait_after_load_ms=1800 slider_ui_ready_max_ms=20000
2026-04-24 06:47:00 [kr36] playwright_slider_wait_ui phase='topics-activity-step4-topics' url=https://36kr.com/topics/ ui_ready=true
2026-04-24 06:47:07 [kr36] slider_captcha_solve_result attempted=true
2026-04-24 06:47:07 [kr36] playwright_slider_attempt phase='topics-activity-step4-topics' url=https://36kr.com/topics/ attempted=true
2026-04-24 06:47:22 [kr36] playwright_slider_csr_list_wait_timeout phase='topics-activity-step4-topics' url=https://36kr.com/topics/ selector='.topic-list-item, .topic-item, .kr-topic-item'
2026-04-24 06:47:25 [kr36] playwright_slider_after_solve phase='topics-activity-step4-topics' url=https://36kr.com/topics/ html_length=88025
2026-04-24 06:47:25 [kr36] playwright_slider_close_on_pass phase='topics-activity-step4-topics' url=https://36kr.com/topics/
2026-04-24 06:47:27 [kr36] topics_activity_csr_enriched url=https://36kr.com/topics/ html_length=88025
2026-04-24 06:47:27 [kr36] fetch_ok method=curl_playwright_topics_activity url=https://36kr.com/topics/ html_length=88025
2026-04-24 06:47:27 [kr36] fetch_start url=https://36kr.com/topics/3770543132934659
2026-04-24 06:47:29 [kr36] fetch_ok method=curl url=https://36kr.com/topics/3770543132934659 html_length=76044
2026-04-24 06:47:29 [kr36] throttle_wait url=https://36kr.com/topics/3771153216865028 wait_ms=21756 global_wait_ms=21756 same_url_wait_ms=0 risk_wait_ms=0
2026-04-24 06:47:51 [kr36] fetch_start url=https://36kr.com/topics/3771153216865028
2026-04-24 06:47:53 [kr36] fetch_ok method=curl url=https://36kr.com/topics/3771153216865028 html_length=60355
2026-04-24 06:47:53 [kr36] step0.5_topic_round_end page=1 round=1/5 stage=topics status=ok fetched=2 total_topic_refs=2 elapsed_ms=83931
2026-04-24 06:47:53 [kr36] 完成专题页(0.5步)，数据 2 条，累计 2 条
2026-04-24 06:47:53 [kr36] step1_listing_next round=2/5 stage=activity
2026-04-24 06:47:53 [kr36] step1_main_round_start page=2 round=2/5 stage=activity url=https://36kr.com/activity
2026-04-24 06:47:53 [kr36] 进入活动页，数据 0 条，累计 0 条
2026-04-24 06:47:53 [kr36] throttle_wait url=https://36kr.com/activity wait_ms=33629 global_wait_ms=33629 same_url_wait_ms=0 risk_wait_ms=0
2026-04-24 06:48:26 [kr36] fetch_start url=https://36kr.com/activity
2026-04-24 06:48:28 [kr36] fetch_ok method=curl url=https://36kr.com/activity html_length=61604
2026-04-24 06:48:28 [kr36] round_end page=2 round=2/5 stage=activity status=ok fetched=2 total_refs=2 elapsed_ms=35757
2026-04-24 06:48:28 [kr36] 完成活动页，数据 2 条，累计 2 条
2026-04-24 06:48:28 [kr36] round_next round=3/5 stage=search
2026-04-24 06:48:28 [kr36] round_start page=3 round=3/5 stage=search category=36氪独家 url=https://36kr.com/search/articles/36%E6%B0%AA%E7%8B%AC%E5%AE%B6 date_window=2026-04-20~2026-04-24
2026-04-24 06:48:28 [kr36] 进入搜索页(36氪独家)，数据 0 条，累计 2 条
2026-04-24 06:48:28 [kr36] throttle_wait url=https://36kr.com/search/articles/36%E6%B0%AA%E7%8B%AC%E5%AE%B6 wait_ms=36755 global_wait_ms=36755 same_url_wait_ms=0 risk_wait_ms=0
2026-04-24 06:49:05 [kr36] fetch_start url=https://36kr.com/search/articles/36%E6%B0%AA%E7%8B%AC%E5%AE%B6
2026-04-24 06:49:07 [kr36] search_enrich_direct_step4 reason=auto_solver url=https://36kr.com/search/articles/36%E6%B0%AA%E7%8B%AC%E5%AE%B6
2026-04-24 06:49:07 [kr36] playwright_slider_start phase='search-listing-step4' url=https://36kr.com/search/articles/36%E6%B0%AA%E7%8B%AC%E5%AE%B6 headless=false channel='msedge'
2026-04-24 06:49:39 [kr36] playwright_slider_url_settled phase='search-listing-step4' final_url='https://36kr.com/search/articles/36%E6%B0%AA%E7%8B%AC%E5%AE%B6'
2026-04-24 06:49:39 [kr36] playwright_slider_preloop phase='search-listing-step4' url=https://36kr.com/search/articles/36%E6%B0%AA%E7%8B%AC%E5%AE%B6 wait_after_load_ms=1800 slider_ui_ready_max_ms=20000
2026-04-24 06:49:43 [kr36] playwright_slider_ok phase='search-listing-step4' url=https://36kr.com/search/articles/36%E6%B0%AA%E7%8B%AC%E5%AE%B6 html_length=102527
2026-04-24 06:49:44 [kr36] search_listing_csr_enriched url=https://36kr.com/search/articles/36%E6%B0%AA%E7%8B%AC%E5%AE%B6 html_length=102527
2026-04-24 06:49:44 [kr36] fetch_ok method=curl_playwright_search url=https://36kr.com/search/articles/36%E6%B0%AA%E7%8B%AC%E5%AE%B6 html_length=102527
2026-04-24 06:49:44 [kr36] search_date_filtered fixed_category=36氪独家 pub=2026-04-17 window=2026-04-20~2026-04-24
2026-04-24 06:49:44 [kr36] search_date_filtered fixed_category=36氪独家 pub=2026-04-09 window=2026-04-20~2026-04-24
2026-04-24 06:49:44 [kr36] search_date_filtered fixed_category=36氪独家 pub=2026-04-02 window=2026-04-20~2026-04-24
2026-04-24 06:49:44 [kr36] search_date_filtered fixed_category=36氪独家 pub=2026-04-02 window=2026-04-20~2026-04-24
2026-04-24 06:49:44 [kr36] search_date_filtered fixed_category=36氪独家 pub=2026-03-26 window=2026-04-20~2026-04-24
2026-04-24 06:49:44 [kr36] search_date_filtered fixed_category=36氪独家 pub=2026-03-31 window=2026-04-20~2026-04-24
2026-04-24 06:49:44 [kr36] search_date_filtered fixed_category=36氪独家 pub=2026-03-19 window=2026-04-20~2026-04-24
2026-04-24 06:49:44 [kr36] search_date_filtered fixed_category=36氪独家 pub=2026-03-05 window=2026-04-20~2026-04-24
2026-04-24 06:49:44 [kr36] search_date_filtered fixed_category=36氪独家 pub=2026-03-16 window=2026-04-20~2026-04-24
2026-04-24 06:49:44 [kr36] search_date_filtered fixed_category=36氪独家 pub=2026-03-24 window=2026-04-20~2026-04-24
2026-04-24 06:49:44 [kr36] search_date_filtered fixed_category=36氪独家 pub=2026-03-04 window=2026-04-20~2026-04-24
2026-04-24 06:49:44 [kr36] search_date_filtered fixed_category=36氪独家 pub=2026-01-22 window=2026-04-20~2026-04-24
2026-04-24 06:49:44 [kr36] search_date_filtered fixed_category=36氪独家 pub=2026-01-15 window=2026-04-20~2026-04-24
2026-04-24 06:49:44 [kr36] search_date_filtered fixed_category=36氪独家 pub=2026-01-14 window=2026-04-20~2026-04-24
2026-04-24 06:49:44 [kr36] search_date_filtered fixed_category=36氪独家 pub=2026-01-07 window=2026-04-20~2026-04-24
2026-04-24 06:49:44 [kr36] search_date_filtered fixed_category=36氪独家 pub=2026-01-15 window=2026-04-20~2026-04-24
2026-04-24 06:49:44 [kr36] search_date_filtered fixed_category=36氪独家 pub=2026-01-26 window=2026-04-20~2026-04-24
2026-04-24 06:49:44 [kr36] search_date_filtered fixed_category=36氪独家 pub=2026-02-26 window=2026-04-20~2026-04-24
2026-04-24 06:49:44 [kr36] round_end page=3 round=3/5 stage=search category=36氪独家 status=ok fetched=2 total_refs=4 elapsed_ms=75191
2026-04-24 06:49:44 [kr36] 完成搜索页(36氪独家)，数据 2 条，累计 4 条
2026-04-24 06:49:44 [kr36] round_next round=4/5 stage=search_or_channel
2026-04-24 06:49:44 [kr36] round_start page=4 round=4/5 stage=channel url=https://36kr.com/information/AI/
2026-04-24 06:49:44 [kr36] 进入频道页，数据 0 条，累计 4 条
2026-04-24 06:49:44 [kr36] fetch_start url=https://36kr.com/information/AI/
2026-04-24 06:49:46 [kr36] fetch_ok method=curl url=https://36kr.com/information/AI/ html_length=115186
2026-04-24 06:49:46 [kr36] round_end page=4 round=4/5 stage=channel status=ok url=https://36kr.com/information/AI/ fetched=61 total_refs=65 elapsed_ms=2290
2026-04-24 06:49:46 [kr36] 完成频道页，数据 61 条，累计 65 条
2026-04-24 06:49:46 [kr36] round_next round=5/5 stage=channel
2026-04-24 06:49:46 [kr36] round_start page=5 round=5/5 stage=channel url=https://36kr.com/information/contact/
2026-04-24 06:49:46 [kr36] 进入频道页，数据 0 条，累计 65 条
2026-04-24 06:49:46 [kr36] throttle_wait url=https://36kr.com/information/contact/ wait_ms=37503 global_wait_ms=37503 same_url_wait_ms=0 risk_wait_ms=0
2026-04-24 06:50:23 [kr36] fetch_start url=https://36kr.com/information/contact/
2026-04-24 06:50:26 [kr36] fetch_ok method=curl url=https://36kr.com/information/contact/ html_length=116452
2026-04-24 06:50:26 [kr36] round_end page=5 round=5/5 stage=channel status=limit_reached url=https://36kr.com/information/contact/ fetched=55 total_refs=120 elapsed_ms=39813 limit_reached=true
2026-04-24 06:50:26 [kr36] 完成频道页，数据 55 条，累计 120 条
2026-04-24 06:50:26 [kr36] listing_end report_date=2026-04-24 total_refs=120 stopped_by=candidate_limit
2026-04-24 06:50:26 [kr36] listing_sequential_merged_trim before=122 after=120 limit=120
2026-04-24 06:50:26 [kr36] listing_end report_date=2026-04-24 total_refs=120 stopped_by=normal_complete
[kr36] 2026-04-24 07:10:26 finished with exit code 0.
