[kr36] 2026-04-29 08:00:02 starting daily brief run (no email)...
[kr36] PROJECT_ROOT=E:\AI\touzifenxi
[kr36] PYTHON_CMD="E:\AI\touzifenxi\.venv\Scripts\python.exe"
[kr36] TIMEOUT=50s
[kr36] LOG_FILE=E:\AI\touzifenxi\logs\kr36\kr36_20260429_080001.log
[kr36] running: "E:\AI\touzifenxi\.venv\Scripts\python.exe" "E:\AI\touzifenxi\scripts\websearch.py" run --source 36kr --timeout 50
2026-04-29 08:00:14 [kr36] cookie_quality sensors_short len=479
2026-04-29 08:00:14 [kr36] listing_begin report_date=2026-04-29 rounds_total=5 candidate_limit=120 mode=sequential step0.5_then_step1
2026-04-29 08:00:14 [kr36] step0.5_topic_round_start page=1 round=1/5 stage=topics url=https://36kr.com/topics/
2026-04-29 08:00:14 [kr36] 进入专题页(0.5步)，数据 0 条，累计 0 条
2026-04-29 08:00:14 [kr36] fetch_start url=https://36kr.com/topics/
2026-04-29 08:00:15 [kr36] fetch_ok method=curl url=https://36kr.com/topics/ html_length=74118
2026-04-29 08:00:15 [kr36] throttle_wait url=https://36kr.com/topics/3780490016134406 wait_ms=19716 global_wait_ms=19716 same_url_wait_ms=0 risk_wait_ms=0
2026-04-29 08:00:35 [kr36] fetch_start url=https://36kr.com/topics/3780490016134406
2026-04-29 08:00:35 [kr36] fetch_ok method=curl url=https://36kr.com/topics/3780490016134406 html_length=75711
2026-04-29 08:00:35 [kr36] throttle_wait url=https://36kr.com/topics/3780865660869640 wait_ms=36605 global_wait_ms=36605 same_url_wait_ms=0 risk_wait_ms=0
2026-04-29 08:01:12 [kr36] fetch_start url=https://36kr.com/topics/3780865660869640
2026-04-29 08:01:12 [kr36] fetch_ok method=curl url=https://36kr.com/topics/3780865660869640 html_length=61506
2026-04-29 08:01:12 [kr36] step0.5_topic_round_end page=1 round=1/5 stage=topics status=ok fetched=2 total_topic_refs=2 elapsed_ms=57845
2026-04-29 08:01:12 [kr36] 完成专题页(0.5步)，数据 2 条，累计 2 条
2026-04-29 08:01:12 [kr36] step1_listing_next round=2/5 stage=activity
2026-04-29 08:01:12 [kr36] step1_main_round_start page=2 round=2/5 stage=activity url=https://36kr.com/activity
2026-04-29 08:01:12 [kr36] 进入活动页，数据 0 条，累计 0 条
2026-04-29 08:01:12 [kr36] throttle_wait url=https://36kr.com/activity wait_ms=37286 global_wait_ms=37286 same_url_wait_ms=0 risk_wait_ms=0
2026-04-29 08:01:50 [kr36] fetch_start url=https://36kr.com/activity
2026-04-29 08:01:50 [kr36] fetch_ok method=curl url=https://36kr.com/activity html_length=61831
2026-04-29 08:01:50 [kr36] round_end page=2 round=2/5 stage=activity status=ok fetched=1 total_refs=1 elapsed_ms=37740
2026-04-29 08:01:50 [kr36] 完成活动页，数据 1 条，累计 1 条
2026-04-29 08:01:50 [kr36] round_next round=3/5 stage=search
2026-04-29 08:01:50 [kr36] round_start page=3 round=3/5 stage=search category=36氪独家 url=https://36kr.com/search/articles/36%E6%B0%AA%E7%8B%AC%E5%AE%B6 date_window=2026-04-25~2026-04-29
2026-04-29 08:01:50 [kr36] 进入搜索页(36氪独家)，数据 0 条，累计 1 条
2026-04-29 08:01:50 [kr36] throttle_wait url=https://36kr.com/search/articles/36%E6%B0%AA%E7%8B%AC%E5%AE%B6 wait_ms=29913 global_wait_ms=29913 same_url_wait_ms=0 risk_wait_ms=0
2026-04-29 08:02:20 [kr36] fetch_start url=https://36kr.com/search/articles/36%E6%B0%AA%E7%8B%AC%E5%AE%B6
2026-04-29 08:02:20 [kr36] search_enrich_direct_step4 reason=auto_solver url=https://36kr.com/search/articles/36%E6%B0%AA%E7%8B%AC%E5%AE%B6
2026-04-29 08:02:20 [slider] playwright_slider_start phase='search-listing-step4' url=https://36kr.com/search/articles/36%E6%B0%AA%E7%8B%AC%E5%AE%B6 headless=false channel='msedge'
2026-04-29 08:02:33 [slider] playwright_slider_url_settled phase='search-listing-step4' final_url='https://36kr.com/search/articles/36%E6%B0%AA%E7%8B%AC%E5%AE%B6'
2026-04-29 08:02:33 [slider] playwright_slider_preloop phase='search-listing-step4' url=https://36kr.com/search/articles/36%E6%B0%AA%E7%8B%AC%E5%AE%B6 wait_after_load_ms=1800 slider_ui_ready_max_ms=20000
2026-04-29 08:02:37 [slider] playwright_slider_ok phase='search-listing-step4' url=https://36kr.com/search/articles/36%E6%B0%AA%E7%8B%AC%E5%AE%B6 html_length=102684
2026-04-29 08:02:44 [kr36] search_listing_csr_enriched url=https://36kr.com/search/articles/36%E6%B0%AA%E7%8B%AC%E5%AE%B6 html_length=102684
2026-04-29 08:02:44 [kr36] fetch_ok method=curl_playwright_search url=https://36kr.com/search/articles/36%E6%B0%AA%E7%8B%AC%E5%AE%B6 html_length=102684
2026-04-29 08:02:44 [kr36] search_date_filtered fixed_category=36氪独家 pub=2026-04-21 window=2026-04-25~2026-04-29
2026-04-29 08:02:44 [kr36] search_date_filtered fixed_category=36氪独家 pub=2026-04-17 window=2026-04-25~2026-04-29
2026-04-29 08:02:44 [kr36] search_date_filtered fixed_category=36氪独家 pub=2026-04-09 window=2026-04-25~2026-04-29
2026-04-29 08:02:44 [kr36] search_date_filtered fixed_category=36氪独家 pub=2026-04-20 window=2026-04-25~2026-04-29
2026-04-29 08:02:44 [kr36] search_date_filtered fixed_category=36氪独家 pub=2026-04-02 window=2026-04-25~2026-04-29
2026-04-29 08:02:44 [kr36] search_date_filtered fixed_category=36氪独家 pub=2026-04-02 window=2026-04-25~2026-04-29
2026-04-29 08:02:44 [kr36] search_date_filtered fixed_category=36氪独家 pub=2026-03-26 window=2026-04-25~2026-04-29
2026-04-29 08:02:44 [kr36] search_date_filtered fixed_category=36氪独家 pub=2026-03-31 window=2026-04-25~2026-04-29
2026-04-29 08:02:44 [kr36] search_date_filtered fixed_category=36氪独家 pub=2026-03-19 window=2026-04-25~2026-04-29
2026-04-29 08:02:44 [kr36] search_date_filtered fixed_category=36氪独家 pub=2026-03-05 window=2026-04-25~2026-04-29
2026-04-29 08:02:44 [kr36] search_date_filtered fixed_category=36氪独家 pub=2026-03-16 window=2026-04-25~2026-04-29
2026-04-29 08:02:44 [kr36] search_date_filtered fixed_category=36氪独家 pub=2026-03-24 window=2026-04-25~2026-04-29
2026-04-29 08:02:44 [kr36] search_date_filtered fixed_category=36氪独家 pub=2026-01-22 window=2026-04-25~2026-04-29
2026-04-29 08:02:44 [kr36] search_date_filtered fixed_category=36氪独家 pub=2026-03-04 window=2026-04-25~2026-04-29
2026-04-29 08:02:44 [kr36] search_date_filtered fixed_category=36氪独家 pub=2026-01-15 window=2026-04-25~2026-04-29
2026-04-29 08:02:44 [kr36] search_date_filtered fixed_category=36氪独家 pub=2026-01-14 window=2026-04-25~2026-04-29
2026-04-29 08:02:44 [kr36] search_date_filtered fixed_category=36氪独家 pub=2026-01-07 window=2026-04-25~2026-04-29
2026-04-29 08:02:44 [kr36] search_date_filtered fixed_category=36氪独家 pub=2026-01-15 window=2026-04-25~2026-04-29
2026-04-29 08:02:44 [kr36] search_date_filtered fixed_category=36氪独家 pub=2026-01-26 window=2026-04-25~2026-04-29
2026-04-29 08:02:44 [kr36] search_date_filtered fixed_category=36氪独家 pub=2026-02-26 window=2026-04-25~2026-04-29
2026-04-29 08:02:44 [kr36] search_date_filtered fixed_category=36氪独家 pub=2026-04-21 window=2026-04-25~2026-04-29
2026-04-29 08:02:44 [kr36] search_date_filtered fixed_category=36氪独家 pub=2026-04-17 window=2026-04-25~2026-04-29
2026-04-29 08:02:44 [kr36] search_date_filtered fixed_category=36氪独家 pub=2026-04-09 window=2026-04-25~2026-04-29
2026-04-29 08:02:44 [kr36] search_date_filtered fixed_category=36氪独家 pub=2026-04-20 window=2026-04-25~2026-04-29
2026-04-29 08:02:44 [kr36] search_date_filtered fixed_category=36氪独家 pub=2026-04-02 window=2026-04-25~2026-04-29
2026-04-29 08:02:44 [kr36] search_date_filtered fixed_category=36氪独家 pub=2026-04-02 window=2026-04-25~2026-04-29
2026-04-29 08:02:44 [kr36] search_date_filtered fixed_category=36氪独家 pub=2026-03-26 window=2026-04-25~2026-04-29
2026-04-29 08:02:44 [kr36] search_date_filtered fixed_category=36氪独家 pub=2026-03-31 window=2026-04-25~2026-04-29
2026-04-29 08:02:44 [kr36] search_date_filtered fixed_category=36氪独家 pub=2026-03-19 window=2026-04-25~2026-04-29
2026-04-29 08:02:44 [kr36] search_date_filtered fixed_category=36氪独家 pub=2026-03-05 window=2026-04-25~2026-04-29
2026-04-29 08:02:44 [kr36] search_date_filtered fixed_category=36氪独家 pub=2026-03-05 window=2026-04-25~2026-04-29
2026-04-29 08:02:44 [kr36] search_date_filtered fixed_category=36氪独家 pub=2026-03-16 window=2026-04-25~2026-04-29
2026-04-29 08:02:44 [kr36] search_date_filtered fixed_category=36氪独家 pub=2026-03-24 window=2026-04-25~2026-04-29
2026-04-29 08:02:44 [kr36] search_date_filtered fixed_category=36氪独家 pub=2026-01-22 window=2026-04-25~2026-04-29
2026-04-29 08:02:44 [kr36] search_date_filtered fixed_category=36氪独家 pub=2026-03-04 window=2026-04-25~2026-04-29
2026-04-29 08:02:44 [kr36] search_date_filtered fixed_category=36氪独家 pub=2026-01-15 window=2026-04-25~2026-04-29
2026-04-29 08:02:44 [kr36] search_date_filtered fixed_category=36氪独家 pub=2026-01-14 window=2026-04-25~2026-04-29
2026-04-29 08:02:44 [kr36] search_date_filtered fixed_category=36氪独家 pub=2026-01-07 window=2026-04-25~2026-04-29
2026-04-29 08:02:44 [kr36] search_date_filtered fixed_category=36氪独家 pub=2026-01-15 window=2026-04-25~2026-04-29
2026-04-29 08:02:44 [kr36] search_date_filtered fixed_category=36氪独家 pub=2026-01-26 window=2026-04-25~2026-04-29
2026-04-29 08:02:44 [kr36] search_date_parse_failed fixed_category=36氪独家 window=2026-04-25~2026-04-29 item_html_len=1335 action=exclude
2026-04-29 08:02:44 [kr36] search_date_filtered fixed_category=36氪独家 pub=2026-04-21 window=2026-04-25~2026-04-29
2026-04-29 08:02:44 [kr36] search_date_filtered fixed_category=36氪独家 pub=2026-04-21 window=2026-04-25~2026-04-29
2026-04-29 08:02:44 [kr36] search_date_filtered fixed_category=36氪独家 pub=2026-04-17 window=2026-04-25~2026-04-29
2026-04-29 08:02:44 [kr36] search_date_filtered fixed_category=36氪独家 pub=2026-04-17 window=2026-04-25~2026-04-29
2026-04-29 08:02:44 [kr36] search_date_filtered fixed_category=36氪独家 pub=2026-04-09 window=2026-04-25~2026-04-29
2026-04-29 08:02:44 [kr36] search_date_filtered fixed_category=36氪独家 pub=2026-04-09 window=2026-04-25~2026-04-29
2026-04-29 08:02:44 [kr36] search_date_filtered fixed_category=36氪独家 pub=2026-04-20 window=2026-04-25~2026-04-29
2026-04-29 08:02:44 [kr36] search_date_filtered fixed_category=36氪独家 pub=2026-04-20 window=2026-04-25~2026-04-29
2026-04-29 08:02:44 [kr36] search_date_filtered fixed_category=36氪独家 pub=2026-04-02 window=2026-04-25~2026-04-29
2026-04-29 08:02:44 [kr36] search_date_filtered fixed_category=36氪独家 pub=2026-04-02 window=2026-04-25~2026-04-29
2026-04-29 08:02:44 [kr36] search_date_filtered fixed_category=36氪独家 pub=2026-04-02 window=2026-04-25~2026-04-29
2026-04-29 08:02:44 [kr36] search_date_filtered fixed_category=36氪独家 pub=2026-04-02 window=2026-04-25~2026-04-29
2026-04-29 08:02:44 [kr36] search_date_filtered fixed_category=36氪独家 pub=2026-03-26 window=2026-04-25~2026-04-29
2026-04-29 08:02:44 [kr36] search_date_filtered fixed_category=36氪独家 pub=2026-03-26 window=2026-04-25~2026-04-29
2026-04-29 08:02:44 [kr36] search_date_filtered fixed_category=36氪独家 pub=2026-03-31 window=2026-04-25~2026-04-29
2026-04-29 08:02:44 [kr36] search_date_filtered fixed_category=36氪独家 pub=2026-03-31 window=2026-04-25~2026-04-29
2026-04-29 08:02:44 [kr36] search_date_filtered fixed_category=36氪独家 pub=2026-03-19 window=2026-04-25~2026-04-29
2026-04-29 08:02:44 [kr36] search_date_filtered fixed_category=36氪独家 pub=2026-03-19 window=2026-04-25~2026-04-29
2026-04-29 08:02:44 [kr36] search_date_filtered fixed_category=36氪独家 pub=2026-03-05 window=2026-04-25~2026-04-29
2026-04-29 08:02:44 [kr36] search_date_filtered fixed_category=36氪独家 pub=2026-03-05 window=2026-04-25~2026-04-29
2026-04-29 08:02:44 [kr36] search_date_filtered fixed_category=36氪独家 pub=2026-03-16 window=2026-04-25~2026-04-29
2026-04-29 08:02:44 [kr36] search_date_filtered fixed_category=36氪独家 pub=2026-03-16 window=2026-04-25~2026-04-29
2026-04-29 08:02:44 [kr36] search_date_filtered fixed_category=36氪独家 pub=2026-03-24 window=2026-04-25~2026-04-29
2026-04-29 08:02:44 [kr36] search_date_filtered fixed_category=36氪独家 pub=2026-03-24 window=2026-04-25~2026-04-29
2026-04-29 08:02:44 [kr36] search_date_filtered fixed_category=36氪独家 pub=2026-01-22 window=2026-04-25~2026-04-29
2026-04-29 08:02:44 [kr36] search_date_filtered fixed_category=36氪独家 pub=2026-01-22 window=2026-04-25~2026-04-29
2026-04-29 08:02:44 [kr36] search_date_filtered fixed_category=36氪独家 pub=2026-03-04 window=2026-04-25~2026-04-29
2026-04-29 08:02:44 [kr36] search_date_filtered fixed_category=36氪独家 pub=2026-03-04 window=2026-04-25~2026-04-29
2026-04-29 08:02:44 [kr36] search_date_filtered fixed_category=36氪独家 pub=2026-01-15 window=2026-04-25~2026-04-29
2026-04-29 08:02:44 [kr36] search_date_filtered fixed_category=36氪独家 pub=2026-01-15 window=2026-04-25~2026-04-29
2026-04-29 08:02:44 [kr36] search_date_filtered fixed_category=36氪独家 pub=2026-01-14 window=2026-04-25~2026-04-29
2026-04-29 08:02:44 [kr36] search_date_filtered fixed_category=36氪独家 pub=2026-01-14 window=2026-04-25~2026-04-29
2026-04-29 08:02:44 [kr36] search_date_filtered fixed_category=36氪独家 pub=2026-01-07 window=2026-04-25~2026-04-29
2026-04-29 08:02:44 [kr36] search_date_filtered fixed_category=36氪独家 pub=2026-01-07 window=2026-04-25~2026-04-29
2026-04-29 08:02:44 [kr36] search_date_filtered fixed_category=36氪独家 pub=2026-01-15 window=2026-04-25~2026-04-29
2026-04-29 08:02:44 [kr36] search_date_filtered fixed_category=36氪独家 pub=2026-01-15 window=2026-04-25~2026-04-29
2026-04-29 08:02:44 [kr36] search_date_filtered fixed_category=36氪独家 pub=2026-01-26 window=2026-04-25~2026-04-29
2026-04-29 08:02:44 [kr36] search_date_filtered fixed_category=36氪独家 pub=2026-01-26 window=2026-04-25~2026-04-29
2026-04-29 08:02:44 [kr36] search_date_filtered fixed_category=36氪独家 pub=2026-02-26 window=2026-04-25~2026-04-29
2026-04-29 08:02:44 [kr36] search_date_filtered fixed_category=36氪独家 pub=2026-02-26 window=2026-04-25~2026-04-29
2026-04-29 08:02:44 [kr36] round_end page=3 round=3/5 stage=search category=36氪独家 status=ok fetched=0 total_refs=1 elapsed_ms=53859
2026-04-29 08:02:44 [kr36] search_zero_result category=36氪独家 html_length=102684 has_list_main=true has_search_item=true has_p_link=true risk_like=false
2026-04-29 08:02:44 [kr36] 完成搜索页(36氪独家)，数据 0 条，累计 1 条
2026-04-29 08:02:44 [kr36] round_next round=4/5 stage=search_or_channel
2026-04-29 08:02:44 [kr36] round_start page=4 round=4/5 stage=channel url=https://36kr.com/information/AI/
2026-04-29 08:02:44 [kr36] 进入频道页，数据 0 条，累计 1 条
2026-04-29 08:02:44 [kr36] throttle_wait url=https://36kr.com/information/AI/ wait_ms=1388 global_wait_ms=1388 same_url_wait_ms=0 risk_wait_ms=0
2026-04-29 08:02:45 [kr36] fetch_start url=https://36kr.com/information/AI/
2026-04-29 08:02:46 [kr36] fetch_ok method=curl url=https://36kr.com/information/AI/ html_length=114698
2026-04-29 08:02:46 [kr36] round_end page=4 round=4/5 stage=channel status=ok url=https://36kr.com/information/AI/ fetched=56 total_refs=57 elapsed_ms=1994
2026-04-29 08:02:46 [kr36] 完成频道页，数据 56 条，累计 57 条
2026-04-29 08:02:46 [kr36] round_next round=5/5 stage=channel
2026-04-29 08:02:46 [kr36] round_start page=5 round=5/5 stage=channel url=https://36kr.com/information/contact/
2026-04-29 08:02:46 [kr36] 进入频道页，数据 0 条，累计 57 条
2026-04-29 08:02:46 [kr36] throttle_wait url=https://36kr.com/information/contact/ wait_ms=32115 global_wait_ms=32115 same_url_wait_ms=0 risk_wait_ms=0
2026-04-29 08:03:18 [kr36] fetch_start url=https://36kr.com/information/contact/
2026-04-29 08:03:18 [kr36] fetch_ok method=curl url=https://36kr.com/information/contact/ html_length=116192
2026-04-29 08:03:18 [kr36] round_end page=5 round=5/5 stage=channel status=ok url=https://36kr.com/information/contact/ fetched=10 total_refs=67 elapsed_ms=32645
2026-04-29 08:03:18 [kr36] 完成频道页，数据 10 条，累计 67 条
2026-04-29 08:03:18 [kr36] listing_end report_date=2026-04-29 total_refs=69 stopped_by=normal_complete
[kr36] 2026-04-29 08:15:15 finished with exit code 0.
