[kr36] 2026-04-23 09:54:53 starting daily brief run (no email)...
[kr36] PROJECT_ROOT=E:\AI\touzifenxi
[kr36] PYTHON_BIN=E:\AI\touzifenxi\.venv\Scripts\python.exe
[kr36] TIMEOUT=50s
[kr36] LOG_FILE=E:\AI\touzifenxi\logs\kr36\kr36_20260423_095452.log
[kr36] running: "E:\AI\touzifenxi\.venv\Scripts\python.exe" scripts\websearch.py run --source 36kr --timeout 50
2026-04-23 09:54:53 [kr36] listing_begin report_date=2026-04-23 rounds_total=11 candidate_limit=120 parallel=true step0.5_plus_step1
2026-04-23 09:54:53 [kr36] step0.5_topic_round_start page=1 round=1/11 stage=topics url=https://36kr.com/topics/
2026-04-23 09:54:53 [kr36] step1_listing_next round=2/11 stage=activity
2026-04-23 09:54:53 [kr36] 进入专题页(0.5步)，数据 0 条，累计 0 条
 url=https://36kr.com/activity
2026-04-23 09:54:53 [kr36] fetch_start url=https://36kr.com/topics/
条
2026-04-23 09:54:53 [kr36] fetch_start url=https://36kr.com/activity
2026-04-23 09:54:55 [kr36] fetch_ok method=curl url=https://36kr.com/activity html_length=2118
2026-04-23 09:54:55 [kr36] round_end page=2 round=2/11 stage=activity status=ok fetched=0 total_refs=0 elapsed_ms=1602
2026-04-23 09:54:55 [kr36] step0.5_topic_round_end page=1 round=1/11 stage=topics status=ok fetched=0 total_topic_refs=0 elapsed_ms=1607
2026-04-23 09:54:55 [kr36] 完成活动页，数据 0 条，累计 0 条
2026-04-23 09:54:55 [kr36] 完成专题页(0.5步)，数据 0 条，累计 0 条
2026-04-23 09:54:55 [kr36] round_next round=3/11 stage=search
2026-04-23 09:54:55 [kr36] round_start page=3 round=3/11 stage=search category=36氪独家 url=https://36kr.com/search/articles/36%E6%B0%AA%E7%8B%AC%E5%AE%B6
2026-04-23 09:54:55 [kr36] 进入搜索页(36氪独家)，数据 0 条，累计 0 条
2026-04-23 09:54:55 [kr36] throttle_wait url=https://36kr.com/search/articles/36%E6%B0%AA%E7%8B%AC%E5%AE%B6 wait_ms=28596 global_wait_ms=28596 same_url_wait_ms=0 risk_wait_ms=0
2026-04-23 09:55:24 [kr36] fetch_start url=https://36kr.com/search/articles/36%E6%B0%AA%E7%8B%AC%E5%AE%B6
2026-04-23 09:55:25 [kr36] search_playwright_start url=https://36kr.com/search/articles/36%E6%B0%AA%E7%8B%AC%E5%AE%B6 timeout_ms=35000 max_attempts=2
2026-04-23 09:56:12 [kr36] search_playwright_selector_timeout url=https://36kr.com/search/articles/36%E6%B0%AA%E7%8B%AC%E5%AE%B6 selector=ul.kr-search-result-list-main
2026-04-23 09:56:30 [kr36] search_playwright_selector_timeout url=https://36kr.com/search/articles/36%E6%B0%AA%E7%8B%AC%E5%AE%B6 selector=li.search-result-list-item-article
2026-04-23 09:56:33 [kr36] search_playwright_once_end url=https://36kr.com/search/articles/36%E6%B0%AA%E7%8B%AC%E5%AE%B6 html_length=3687
2026-04-23 09:56:33 [kr36] search_playwright_suspicious_body attempt=1/2 url=https://36kr.com/search/articles/36%E6%B0%AA%E7%8B%AC%E5%AE%B6 html_length=3687 hint=risk_or_transient
2026-04-23 09:57:22 [kr36] search_playwright_selector_timeout url=https://36kr.com/search/articles/36%E6%B0%AA%E7%8B%AC%E5%AE%B6 selector=ul.kr-search-result-list-main
2026-04-23 09:57:40 [kr36] search_playwright_selector_timeout url=https://36kr.com/search/articles/36%E6%B0%AA%E7%8B%AC%E5%AE%B6 selector=li.search-result-list-item-article
2026-04-23 09:57:44 [kr36] search_playwright_once_end url=https://36kr.com/search/articles/36%E6%B0%AA%E7%8B%AC%E5%AE%B6 html_length=3687
2026-04-23 09:57:44 [kr36] search_playwright_suspicious_body attempt=2/2 url=https://36kr.com/search/articles/36%E6%B0%AA%E7%8B%AC%E5%AE%B6 html_length=3687 hint=risk_or_transient
2026-04-23 09:57:44 [kr36] search_cookie_refresh_start url=https://36kr.com/search/articles/36%E6%B0%AA%E7%8B%AC%E5%AE%B6
2026-04-23 09:58:00 [kr36] risk_cookie_refresh_ok url=https://36kr.com/search/articles/36%E6%B0%AA%E7%8B%AC%E5%AE%B6 html_length=3657
2026-04-23 09:58:00 [kr36] risk_cookie_refresh_end url=https://36kr.com/search/articles/36%E6%B0%AA%E7%8B%AC%E5%AE%B6 ok=false changed=false key_changed=false has_required_fields=false html_usable=false
2026-04-23 09:58:00 [kr36] search_cookie_refresh_failed url=https://36kr.com/search/articles/36%E6%B0%AA%E7%8B%AC%E5%AE%B6
2026-04-23 09:58:00 [kr36] search_cookie_refresh_still_bad url=https://36kr.com/search/articles/36%E6%B0%AA%E7%8B%AC%E5%AE%B6 html_length=0
2026-04-23 09:58:00 [kr36] fetch_ok method=curl url=https://36kr.com/search/articles/36%E6%B0%AA%E7%8B%AC%E5%AE%B6 html_length=1460
2026-04-23 09:58:00 [kr36] round_end page=3 round=3/11 stage=search category=36氪独家 status=ok fetched=0 total_refs=0 elapsed_ms=185595
2026-04-23 09:58:00 [kr36] search_zero_result category=36氪独家 html_length=1460 has_list_main=false has_search_item=false has_p_link=false risk_like=false
2026-04-23 09:58:00 [kr36] 完成搜索页(36氪独家)，数据 0 条，累计 0 条
2026-04-23 09:58:00 [kr36] round_next round=4/11 stage=search_or_channel
2026-04-23 09:58:00 [kr36] round_start page=4 round=4/11 stage=search category=深氪 url=https://36kr.com/search/articles/%E6%B7%B1%E6%B0%AA
2026-04-23 09:58:00 [kr36] 进入搜索页(深氪)，数据 0 条，累计 0 条
2026-04-23 09:58:00 [kr36] fetch_start url=https://36kr.com/search/articles/%E6%B7%B1%E6%B0%AA
2026-04-23 09:58:02 [kr36] search_playwright_start url=https://36kr.com/search/articles/%E6%B7%B1%E6%B0%AA timeout_ms=35000 max_attempts=2
2026-04-23 09:58:46 [kr36] search_playwright_selector_timeout url=https://36kr.com/search/articles/%E6%B7%B1%E6%B0%AA selector=ul.kr-search-result-list-main
2026-04-23 09:59:04 [kr36] search_playwright_selector_timeout url=https://36kr.com/search/articles/%E6%B7%B1%E6%B0%AA selector=li.search-result-list-item-article
2026-04-23 09:59:07 [kr36] search_playwright_once_end url=https://36kr.com/search/articles/%E6%B7%B1%E6%B0%AA html_length=3687
2026-04-23 09:59:07 [kr36] search_playwright_suspicious_body attempt=1/2 url=https://36kr.com/search/articles/%E6%B7%B1%E6%B0%AA html_length=3687 hint=risk_or_transient
2026-04-23 09:59:56 [kr36] search_playwright_selector_timeout url=https://36kr.com/search/articles/%E6%B7%B1%E6%B0%AA selector=ul.kr-search-result-list-main
2026-04-23 10:00:14 [kr36] search_playwright_selector_timeout url=https://36kr.com/search/articles/%E6%B7%B1%E6%B0%AA selector=li.search-result-list-item-article
2026-04-23 10:00:18 [kr36] search_playwright_once_end url=https://36kr.com/search/articles/%E6%B7%B1%E6%B0%AA html_length=3687
2026-04-23 10:00:18 [kr36] search_playwright_suspicious_body attempt=2/2 url=https://36kr.com/search/articles/%E6%B7%B1%E6%B0%AA html_length=3687 hint=risk_or_transient
2026-04-23 10:00:18 [kr36] search_cookie_refresh_start url=https://36kr.com/search/articles/%E6%B7%B1%E6%B0%AA
2026-04-23 10:00:33 [kr36] risk_cookie_refresh_ok url=https://36kr.com/search/articles/%E6%B7%B1%E6%B0%AA html_length=3657
2026-04-23 10:00:34 [kr36] risk_cookie_refresh_end url=https://36kr.com/search/articles/%E6%B7%B1%E6%B0%AA ok=false changed=false key_changed=false has_required_fields=false html_usable=false
2026-04-23 10:00:34 [kr36] search_cookie_refresh_failed url=https://36kr.com/search/articles/%E6%B7%B1%E6%B0%AA
2026-04-23 10:00:34 [kr36] search_cookie_refresh_still_bad url=https://36kr.com/search/articles/%E6%B7%B1%E6%B0%AA html_length=0
2026-04-23 10:00:34 [kr36] fetch_ok method=curl url=https://36kr.com/search/articles/%E6%B7%B1%E6%B0%AA html_length=1460
2026-04-23 10:00:34 [kr36] round_end page=4 round=4/11 stage=search category=深氪 status=ok fetched=0 total_refs=0 elapsed_ms=153676
2026-04-23 10:00:34 [kr36] search_zero_result category=深氪 html_length=1460 has_list_main=false has_search_item=false has_p_link=false risk_like=false
2026-04-23 10:00:34 [kr36] 完成搜索页(深氪)，数据 0 条，累计 0 条
2026-04-23 10:00:34 [kr36] round_next round=5/11 stage=search_or_channel
2026-04-23 10:00:34 [kr36] round_start page=5 round=5/11 stage=search category=后浪白皮书 url=https://36kr.com/search/articles/%E5%90%8E%E6%B5%AA%E7%99%BD%E7%9A%AE%E4%B9%A6
2026-04-23 10:00:34 [kr36] 进入搜索页(后浪白皮书)，数据 0 条，累计 0 条
2026-04-23 10:00:34 [kr36] fetch_start url=https://36kr.com/search/articles/%E5%90%8E%E6%B5%AA%E7%99%BD%E7%9A%AE%E4%B9%A6
2026-04-23 10:00:36 [kr36] search_playwright_start url=https://36kr.com/search/articles/%E5%90%8E%E6%B5%AA%E7%99%BD%E7%9A%AE%E4%B9%A6 timeout_ms=35000 max_attempts=2
