[kr36] 2026-04-23 08:58:44 starting daily brief run (no email)...
[kr36] PROJECT_ROOT=E:\AI\touzifenxi
[kr36] PYTHON_BIN=E:\AI\touzifenxi\.venv\Scripts\python.exe
[kr36] TIMEOUT=50s
[kr36] LOG_FILE=E:\AI\touzifenxi\logs\kr36\kr36_20260423_085843.log
[kr36] running: "E:\AI\touzifenxi\.venv\Scripts\python.exe" scripts\websearch.py run --source 36kr --timeout 50
2026-04-23 08:58:45 [kr36] listing_begin report_date=2026-04-23 rounds_total=11 candidate_limit=120 parallel=true step0.5_plus_step1
2026-04-23 08:58:45 [kr36] step1_listing_next round=2/11 stage=activity
age=topics url=https://36kr.com/topics/
2026-04-23 08:58:45 [kr36] 进入专题页(0.5步)，数据 0 条，累计 0 条
 url=https://36kr.com/activity
2026-04-23 08:58:45 [kr36] 进入活动页，数据 0 条，累计 0 条
2026-04-23 08:58:45 [kr36] fetch_start url=https://36kr.com/activity
2026-04-23 08:58:47 [kr36] fetch_ok method=curl url=https://36kr.com/activity html_length=61604
2026-04-23 08:58:47 [kr36] round_end page=2 round=2/11 stage=activity status=ok fetched=8 total_refs=8 elapsed_ms=2189
2026-04-23 08:58:47 [kr36] 完成活动页，数据 8 条，累计 8 条
2026-04-23 08:58:47 [kr36] round_next round=3/11 stage=search
2026-04-23 08:58:47 [kr36] round_start page=3 round=3/11 stage=search category=36氪独家 url=https://36kr.com/search/articles/36%E6%B0%AA%E7%8B%AC%E5%AE%B6
2026-04-23 08:58:47 [kr36] 进入搜索页(36氪独家)，数据 0 条，累计 8 条
2026-04-23 08:58:47 [kr36] throttle_wait url=https://36kr.com/search/articles/36%E6%B0%AA%E7%8B%AC%E5%AE%B6 wait_ms=19996 global_wait_ms=19996 same_url_wait_ms=0 risk_wait_ms=0
2026-04-23 08:58:48 [kr36] fetch_ok method=curl url=https://36kr.com/topics/ html_length=73868
2026-04-23 08:58:48 [kr36] throttle_wait url=https://36kr.com/topics/3770543132934659 wait_ms=21565 global_wait_ms=21565 same_url_wait_ms=0 risk_wait_ms=0
2026-04-23 08:59:07 [kr36] fetch_start url=https://36kr.com/search/articles/36%E6%B0%AA%E7%8B%AC%E5%AE%B6
2026-04-23 08:59:09 [kr36] fetch_start url=https://36kr.com/topics/3770543132934659
2026-04-23 08:59:10 [kr36] search_playwright_start url=https://36kr.com/search/articles/36%E6%B0%AA%E7%8B%AC%E5%AE%B6 timeout_ms=35000 max_attempts=2
2026-04-23 08:59:11 [kr36] fetch_ok method=curl url=https://36kr.com/topics/3770543132934659 html_length=1460
2026-04-23 08:59:11 [kr36] throttle_wait url=https://36kr.com/topics/3771153216865028 wait_ms=25968 global_wait_ms=25968 same_url_wait_ms=0 risk_wait_ms=0
2026-04-23 08:59:37 [kr36] fetch_start url=https://36kr.com/topics/3771153216865028
2026-04-23 08:59:38 [kr36] fetch_ok method=curl url=https://36kr.com/topics/3771153216865028 html_length=1460
2026-04-23 08:59:38 [kr36] step0.5_topic_round_end page=1 round=1/11 stage=topics status=ok fetched=2 total_topic_refs=2 elapsed_ms=52930
2026-04-23 08:59:38 [kr36] 完成专题页(0.5步)，数据 2 条，累计 2 条
2026-04-23 09:00:01 [kr36] search_playwright_selector_timeout url=https://36kr.com/search/articles/36%E6%B0%AA%E7%8B%AC%E5%AE%B6 selector=ul.kr-search-result-list-main
2026-04-23 09:00:19 [kr36] search_playwright_selector_timeout url=https://36kr.com/search/articles/36%E6%B0%AA%E7%8B%AC%E5%AE%B6 selector=li.search-result-list-item-article
2026-04-23 09:00:22 [kr36] search_playwright_once_end url=https://36kr.com/search/articles/36%E6%B0%AA%E7%8B%AC%E5%AE%B6 html_length=3687
2026-04-23 09:00:22 [kr36] search_playwright_suspicious_body attempt=1/2 url=https://36kr.com/search/articles/36%E6%B0%AA%E7%8B%AC%E5%AE%B6 html_length=3687 hint=risk_or_transient
2026-04-23 09:01:16 [kr36] search_playwright_selector_timeout url=https://36kr.com/search/articles/36%E6%B0%AA%E7%8B%AC%E5%AE%B6 selector=ul.kr-search-result-list-main
2026-04-23 09:01:34 [kr36] search_playwright_selector_timeout url=https://36kr.com/search/articles/36%E6%B0%AA%E7%8B%AC%E5%AE%B6 selector=li.search-result-list-item-article
2026-04-23 09:01:37 [kr36] search_playwright_once_end url=https://36kr.com/search/articles/36%E6%B0%AA%E7%8B%AC%E5%AE%B6 html_length=3687
2026-04-23 09:01:37 [kr36] search_playwright_suspicious_body attempt=2/2 url=https://36kr.com/search/articles/36%E6%B0%AA%E7%8B%AC%E5%AE%B6 html_length=3687 hint=risk_or_transient
2026-04-23 09:01:37 [kr36] search_cookie_refresh_start url=https://36kr.com/search/articles/36%E6%B0%AA%E7%8B%AC%E5%AE%B6
2026-04-23 09:01:53 [kr36] risk_cookie_refresh_ok url=https://36kr.com/search/articles/36%E6%B0%AA%E7%8B%AC%E5%AE%B6 html_length=3657
2026-04-23 09:01:54 [kr36] risk_cookie_refresh_end url=https://36kr.com/search/articles/36%E6%B0%AA%E7%8B%AC%E5%AE%B6 ok=false changed=false key_changed=false has_required_fields=false html_usable=false
2026-04-23 09:01:54 [kr36] search_cookie_refresh_failed url=https://36kr.com/search/articles/36%E6%B0%AA%E7%8B%AC%E5%AE%B6
2026-04-23 09:01:54 [kr36] search_cookie_refresh_still_bad url=https://36kr.com/search/articles/36%E6%B0%AA%E7%8B%AC%E5%AE%B6 html_length=0
2026-04-23 09:01:54 [kr36] fetch_ok method=curl url=https://36kr.com/search/articles/36%E6%B0%AA%E7%8B%AC%E5%AE%B6 html_length=1460
2026-04-23 09:01:54 [kr36] round_end page=3 round=3/11 stage=search category=36氪独家 status=ok fetched=0 total_refs=8 elapsed_ms=186124
2026-04-23 09:01:54 [kr36] search_zero_result category=36氪独家 html_length=1460 has_list_main=false has_search_item=false has_p_link=false risk_like=false
2026-04-23 09:01:54 [kr36] 完成搜索页(36氪独家)，数据 0 条，累计 8 条
2026-04-23 09:01:54 [kr36] round_next round=4/11 stage=search_or_channel
2026-04-23 09:01:54 [kr36] round_start page=4 round=4/11 stage=search category=深氪 url=https://36kr.com/search/articles/%E6%B7%B1%E6%B0%AA
2026-04-23 09:01:54 [kr36] 进入搜索页(深氪)，数据 0 条，累计 8 条
2026-04-23 09:01:54 [kr36] fetch_start url=https://36kr.com/search/articles/%E6%B7%B1%E6%B0%AA
2026-04-23 09:01:55 [kr36] search_playwright_start url=https://36kr.com/search/articles/%E6%B7%B1%E6%B0%AA timeout_ms=35000 max_attempts=2
2026-04-23 09:02:37 [kr36] search_playwright_selector_timeout url=https://36kr.com/search/articles/%E6%B7%B1%E6%B0%AA selector=ul.kr-search-result-list-main
2026-04-23 09:02:55 [kr36] search_playwright_selector_timeout url=https://36kr.com/search/articles/%E6%B7%B1%E6%B0%AA selector=li.search-result-list-item-article
2026-04-23 09:02:58 [kr36] search_playwright_once_end url=https://36kr.com/search/articles/%E6%B7%B1%E6%B0%AA html_length=3687
2026-04-23 09:02:58 [kr36] search_playwright_suspicious_body attempt=1/2 url=https://36kr.com/search/articles/%E6%B7%B1%E6%B0%AA html_length=3687 hint=risk_or_transient
2026-04-23 09:03:44 [kr36] search_playwright_selector_timeout url=https://36kr.com/search/articles/%E6%B7%B1%E6%B0%AA selector=ul.kr-search-result-list-main
2026-04-23 09:04:03 [kr36] search_playwright_selector_timeout url=https://36kr.com/search/articles/%E6%B7%B1%E6%B0%AA selector=li.search-result-list-item-article
2026-04-23 09:04:06 [kr36] search_playwright_once_end url=https://36kr.com/search/articles/%E6%B7%B1%E6%B0%AA html_length=3687
2026-04-23 09:04:06 [kr36] search_playwright_suspicious_body attempt=2/2 url=https://36kr.com/search/articles/%E6%B7%B1%E6%B0%AA html_length=3687 hint=risk_or_transient
2026-04-23 09:04:06 [kr36] search_cookie_refresh_start url=https://36kr.com/search/articles/%E6%B7%B1%E6%B0%AA
2026-04-23 09:04:21 [kr36] risk_cookie_refresh_ok url=https://36kr.com/search/articles/%E6%B7%B1%E6%B0%AA html_length=3657
2026-04-23 09:04:22 [kr36] risk_cookie_refresh_end url=https://36kr.com/search/articles/%E6%B7%B1%E6%B0%AA ok=false changed=false key_changed=false has_required_fields=false html_usable=false
2026-04-23 09:04:22 [kr36] search_cookie_refresh_failed url=https://36kr.com/search/articles/%E6%B7%B1%E6%B0%AA
2026-04-23 09:04:22 [kr36] search_cookie_refresh_still_bad url=https://36kr.com/search/articles/%E6%B7%B1%E6%B0%AA html_length=0
2026-04-23 09:04:22 [kr36] fetch_ok method=curl url=https://36kr.com/search/articles/%E6%B7%B1%E6%B0%AA html_length=1460
2026-04-23 09:04:22 [kr36] round_end page=4 round=4/11 stage=search category=深氪 status=ok fetched=0 total_refs=8 elapsed_ms=148614
2026-04-23 09:04:22 [kr36] search_zero_result category=深氪 html_length=1460 has_list_main=false has_search_item=false has_p_link=false risk_like=false
2026-04-23 09:04:22 [kr36] 完成搜索页(深氪)，数据 0 条，累计 8 条
2026-04-23 09:04:22 [kr36] round_next round=5/11 stage=search_or_channel
2026-04-23 09:04:22 [kr36] round_start page=5 round=5/11 stage=search category=后浪白皮书 url=https://36kr.com/search/articles/%E5%90%8E%E6%B5%AA%E7%99%BD%E7%9A%AE%E4%B9%A6
2026-04-23 09:04:22 [kr36] 进入搜索页(后浪白皮书)，数据 0 条，累计 8 条
2026-04-23 09:04:22 [kr36] fetch_start url=https://36kr.com/search/articles/%E5%90%8E%E6%B5%AA%E7%99%BD%E7%9A%AE%E4%B9%A6
2026-04-23 09:04:24 [kr36] search_playwright_start url=https://36kr.com/search/articles/%E5%90%8E%E6%B5%AA%E7%99%BD%E7%9A%AE%E4%B9%A6 timeout_ms=35000 max_attempts=2
2026-04-23 09:04:30 [kr36] playwright_chromium_channel_launch_failed err=Exception('BrowserType.launch: Connection closed while reading from the driver') channel='msedge' retry=bundled_chromium
2026-04-23 09:04:30 [kr36] search_playwright_unexpected url=https://36kr.com/search/articles/%E5%90%8E%E6%B5%AA%E7%99%BD%E7%9A%AE%E4%B9%A6 error=BrowserType.launch: Connection closed while reading from the driver
2026-04-23 09:04:30 [kr36] search_playwright_suspicious_body attempt=1/2 url=https://36kr.com/search/articles/%E5%90%8E%E6%B5%AA%E7%99%BD%E7%9A%AE%E4%B9%A6 html_length=0 hint=risk_or_transient
2026-04-23 09:05:18 [kr36] search_playwright_selector_timeout url=https://36kr.com/search/articles/%E5%90%8E%E6%B5%AA%E7%99%BD%E7%9A%AE%E4%B9%A6 selector=ul.kr-search-result-list-main
2026-04-23 09:05:36 [kr36] search_playwright_selector_timeout url=https://36kr.com/search/articles/%E5%90%8E%E6%B5%AA%E7%99%BD%E7%9A%AE%E4%B9%A6 selector=li.search-result-list-item-article
2026-04-23 09:05:39 [kr36] search_playwright_once_end url=https://36kr.com/search/articles/%E5%90%8E%E6%B5%AA%E7%99%BD%E7%9A%AE%E4%B9%A6 html_length=3687
2026-04-23 09:05:39 [kr36] search_playwright_suspicious_body attempt=2/2 url=https://36kr.com/search/articles/%E5%90%8E%E6%B5%AA%E7%99%BD%E7%9A%AE%E4%B9%A6 html_length=3687 hint=risk_or_transient
2026-04-23 09:05:39 [kr36] search_cookie_refresh_start url=https://36kr.com/search/articles/%E5%90%8E%E6%B5%AA%E7%99%BD%E7%9A%AE%E4%B9%A6
2026-04-23 09:05:55 [kr36] risk_cookie_refresh_ok url=https://36kr.com/search/articles/%E5%90%8E%E6%B5%AA%E7%99%BD%E7%9A%AE%E4%B9%A6 html_length=3657
2026-04-23 09:05:55 [kr36] risk_cookie_refresh_end url=https://36kr.com/search/articles/%E5%90%8E%E6%B5%AA%E7%99%BD%E7%9A%AE%E4%B9%A6 ok=false changed=false key_changed=false has_required_fields=false html_usable=false
2026-04-23 09:05:55 [kr36] search_cookie_refresh_failed url=https://36kr.com/search/articles/%E5%90%8E%E6%B5%AA%E7%99%BD%E7%9A%AE%E4%B9%A6
2026-04-23 09:05:55 [kr36] search_cookie_refresh_still_bad url=https://36kr.com/search/articles/%E5%90%8E%E6%B5%AA%E7%99%BD%E7%9A%AE%E4%B9%A6 html_length=0
2026-04-23 09:05:55 [kr36] fetch_ok method=curl url=https://36kr.com/search/articles/%E5%90%8E%E6%B5%AA%E7%99%BD%E7%9A%AE%E4%B9%A6 html_length=1460
2026-04-23 09:05:55 [kr36] round_end page=5 round=5/11 stage=search category=后浪白皮书 status=ok fetched=0 total_refs=8 elapsed_ms=93234
2026-04-23 09:05:55 [kr36] search_zero_result category=后浪白皮书 html_length=1460 has_list_main=false has_search_item=false has_p_link=false risk_like=false
2026-04-23 09:05:55 [kr36] 完成搜索页(后浪白皮书)，数据 0 条，累计 8 条
2026-04-23 09:05:55 [kr36] round_next round=6/11 stage=search_or_channel
2026-04-23 09:05:55 [kr36] round_start page=6 round=6/11 stage=search category=行业日报 url=https://36kr.com/search/articles/%E8%A1%8C%E4%B8%9A%E6%97%A5%E6%8A%A5
2026-04-23 09:05:55 [kr36] 进入搜索页(行业日报)，数据 0 条，累计 8 条
2026-04-23 09:05:55 [kr36] fetch_start url=https://36kr.com/search/articles/%E8%A1%8C%E4%B8%9A%E6%97%A5%E6%8A%A5
2026-04-23 09:05:57 [kr36] search_playwright_start url=https://36kr.com/search/articles/%E8%A1%8C%E4%B8%9A%E6%97%A5%E6%8A%A5 timeout_ms=35000 max_attempts=2
2026-04-23 09:06:07 [kr36] search_playwright_error url=https://36kr.com/search/articles/%E8%A1%8C%E4%B8%9A%E6%97%A5%E6%8A%A5 error=BrowserContext.add_cookies: Target page, context or browser has been closed
Browser logs:

<launching> C:\Program Files (x86)\Microsoft\Edge\Application\msedge.exe --disable-field-trial-config --disable-background-networking --disable-background-timer-throttling --disable-backgrounding-occluded-windows --disable-back-forward-cache --disable-breakpad --disable-client-side-phishing-detection --disable-component-extensions-with-background-pages --disable-component-update --no-default-browser-check --disable-default-apps --disable-dev-shm-usage --disable-extensions --disable-features=AvoidUnnecessaryBeforeUnloadCheckSync,BoundaryEventDispatchTracksNodeRemoval,DestroyProfileOnBrowserClose,DialMediaRouteProvider,GlobalMediaControls,HttpsUpgrades,LensOverlay,MediaRouter,PaintHolding,ThirdPartyStoragePartitioning,Translate,AutoDeElevate,RenderDocument,OptimizationHints --enable-features=CDPScreenshotNewSurface --allow-pre-commit-input --disable-hang-monitor --disable-ipc-flooding-protection --disable-popup-blocking --disable-prompt-on-repost --disable-renderer-backgrounding --force-color-profile=srgb --metrics-recording-only --no-first-run --password-store=basic --use-mock-keychain --no-service-autorun --export-tagged-pdf --disable-search-engine-choice-screen --unsafely-disable-devtools-self-xss-warnings --edge-skip-compat-layer-relaunch --enable-automation --disable-infobars --disable-search-engine-choice-screen --disable-sync --enable-unsafe-swiftshader --headless --hide-scrollbars --mute-audio --blink-settings=primaryHoverType=2,availableHoverTypes=2,primaryPointerType=4,availablePointerTypes=4 --no-sandbox --disable-blink-features=AutomationControlled --user-data-dir=C:\temp\playwright_chromiumdev_profile-6QgTmf --remote-debugging-pipe --no-startup-window
<launched> pid=29636
[pid=29636] <gracefully close start>
2026-04-23 09:06:07 [kr36] search_playwright_suspicious_body attempt=1/2 url=https://36kr.com/search/articles/%E8%A1%8C%E4%B8%9A%E6%97%A5%E6%8A%A5 html_length=0 hint=risk_or_transient
