[kr36-topics-only] DATE=2026-04-22 started
[kr36-topics-only] cmd: "E:\AI\touzifenxi\.venv\Scripts\python.exe" -u -m kr36.cli kr36-topics-only --date 2026-04-22
2026-04-22 18:31:38 [kr36] listing_begin report_date=2026-04-22 rounds_total=1 candidate_limit=120
2026-04-22 18:31:38 [kr36] round_start page=1 round=1/1 stage=topics url=https://36kr.com/topics/
2026-04-22 18:31:38 [kr36] 进入专题页，数据 0 条，累计 0 条
2026-04-22 18:31:38 [kr36] fetch_start url=https://36kr.com/topics/
2026-04-22 18:31:39 [kr36] fetch_ok method=curl url=https://36kr.com/topics/ html_length=73982
2026-04-22 18:31:39 [kr36] throttle_wait url=https://36kr.com/topics/3770543132934659 wait_ms=24536 global_wait_ms=24536 same_url_wait_ms=0 risk_wait_ms=0
2026-04-22 18:32:03 [kr36] fetch_start url=https://36kr.com/topics/3770543132934659
2026-04-22 18:32:04 [kr36] fetch_ok method=curl url=https://36kr.com/topics/3770543132934659 html_length=76158
2026-04-22 18:32:04 [kr36] throttle_wait url=https://36kr.com/video/3766585318896386 wait_ms=36381 global_wait_ms=36381 same_url_wait_ms=0 risk_wait_ms=0
2026-04-22 18:32:40 [kr36] fetch_start url=https://36kr.com/video/3766585318896386
2026-04-22 18:32:41 [kr36] risk_cooldown_set url=https://36kr.com/video/3766585318896386 cooldown_ms=185109 base_ms=180000 jitter_ms=5109
2026-04-22 18:32:41 [kr36] risk_entered method=curl url=https://36kr.com/video/3766585318896386 html_length=1460 has_cookie_refresh_action=true
2026-04-22 18:32:41 [kr36] risk_verification_delay_before_command wait_ms=3000 url=https://36kr.com/video/3766585318896386
2026-04-22 18:32:44 [kr36] risk_verification_invoking_command url=https://36kr.com/video/3766585318896386
2026-04-22 18:34:29 [kr36] slider_captcha_solve_result attempted=true
2026-04-22 18:34:29 [kr36] risk_cookie_refresh_slider_solve_attempt url=https://36kr.com/video/3766585318896386 attempted=true
2026-04-22 18:34:32 [kr36] risk_cookie_refresh_cookies_saved_after_slider url=https://36kr.com/video/3766585318896386 has_sv=True has_sensors=True
2026-04-22 18:34:32 [kr36] risk_cookie_refresh_slider_done url=https://36kr.com/video/3766585318896386 html_usable=true
2026-04-22 18:34:32 [kr36] risk_cookie_refresh_end url=https://36kr.com/video/3766585318896386 ok=true changed=true key_changed=true has_required_fields=true html_usable=true
2026-04-22 18:34:33 [kr36] throttle_wait url=https://36kr.com/video/3766585318896386 wait_ms=72544 global_wait_ms=0 same_url_wait_ms=0 risk_wait_ms=72544
2026-04-22 18:35:46 [kr36] fetch_ok method=risk_cookie_refresh url=https://36kr.com/video/3766585318896386 html_length=60430
2026-04-22 18:36:09 [kr36] topic_asr_error video=E:\AI\touzifenxi\output\reports\kr36_report\kr36_hot_topics_202604221831\kr36_topic_downloads\本周有大事丨大疆八年熵减，汪滔十年修行；为了保住同伙，AI有多癫；新中产收割机，想挑战Lululemon_\2026-04-15\videos\氪大事___为了保住同伙，AI有多癫？_36kr_topic_video_3766585318896386.mp4 err=volc speech HTTP 401: {"header":{"reqid":"e516835c-b5d2-4350-9b24-9de6a56e01ba","code":45000010,"message":"Invalid X-Api-Key"}}
2026-04-22 18:36:09 [kr36] throttle_wait url=https://36kr.com/video/3764840757948933 wait_ms=16703 global_wait_ms=16703 same_url_wait_ms=0 risk_wait_ms=0
2026-04-22 18:36:25 [kr36] fetch_start url=https://36kr.com/video/3764840757948933
2026-04-22 18:36:26 [kr36] fetch_ok method=curl url=https://36kr.com/video/3764840757948933 html_length=59912
2026-04-22 18:36:40 [kr36] topic_asr_error video=E:\AI\touzifenxi\output\reports\kr36_report\kr36_hot_topics_202604221831\kr36_topic_downloads\本周有大事丨大疆八年熵减，汪滔十年修行；为了保住同伙，AI有多癫；新中产收割机，想挑战Lululemon_\2026-04-14\videos\于东来和魏建军，两个“最轴”的老板“约会”了_36kr_topic_video_3764840757948933.mp4 err=volc speech HTTP 401: {"header":{"reqid":"0c702ec1-0bdf-4355-8a09-4a042b0b7078","code":45000010,"message":"Invalid X-Api-Key"}}
2026-04-22 18:36:40 [kr36] throttle_wait url=https://36kr.com/video/3765091828527880 wait_ms=6619 global_wait_ms=6619 same_url_wait_ms=0 risk_wait_ms=0
2026-04-22 18:36:46 [kr36] fetch_start url=https://36kr.com/video/3765091828527880
2026-04-22 18:36:47 [kr36] fetch_ok method=curl url=https://36kr.com/video/3765091828527880 html_length=59155
2026-04-22 18:37:07 [kr36] topic_asr_error video=E:\AI\touzifenxi\output\reports\kr36_report\kr36_hot_topics_202604221831\kr36_topic_downloads\本周有大事丨大疆八年熵减，汪滔十年修行；为了保住同伙，AI有多癫；新中产收割机，想挑战Lululemon_\2026-04-13\videos\AI盗脸风波：当技术“越界”_如何守住自己的数字人格？_36kr_topic_video_3765091828527880.mp4 err=volc speech HTTP 401: {"header":{"reqid":"fadab384-4fdb-4011-8e8f-1265b6bc587e","code":45000010,"message":"Invalid X-Api-Key"}}
2026-04-22 18:37:07 [kr36] throttle_wait url=https://36kr.com/topics/3771153216865028 wait_ms=5450 global_wait_ms=5450 same_url_wait_ms=0 risk_wait_ms=0
2026-04-22 18:37:13 [kr36] fetch_start url=https://36kr.com/topics/3771153216865028
2026-04-22 18:37:13 [kr36] fetch_ok method=curl url=https://36kr.com/topics/3771153216865028 html_length=60469
2026-04-22 18:37:13 [kr36] throttle_wait url=https://36kr.com/p/3770688595214857 wait_ms=37994 global_wait_ms=37994 same_url_wait_ms=0 risk_wait_ms=0
2026-04-22 18:37:51 [kr36] fetch_start url=https://36kr.com/p/3770688595214857
2026-04-22 18:37:51 [kr36] fetch_ok method=curl url=https://36kr.com/p/3770688595214857 html_length=75439
2026-04-22 18:37:51 [kr36] throttle_wait url=https://36kr.com/p/3766410231726855 wait_ms=26458 global_wait_ms=26458 same_url_wait_ms=0 risk_wait_ms=0
2026-04-22 18:38:18 [kr36] fetch_start url=https://36kr.com/p/3766410231726855
2026-04-22 18:38:18 [kr36] fetch_ok method=curl url=https://36kr.com/p/3766410231726855 html_length=81966
2026-04-22 18:38:18 [kr36] throttle_wait url=https://36kr.com/p/3764728843289089 wait_ms=38176 global_wait_ms=38176 same_url_wait_ms=0 risk_wait_ms=0
2026-04-22 18:38:57 [kr36] fetch_start url=https://36kr.com/p/3764728843289089
2026-04-22 18:38:57 [kr36] fetch_ok method=curl url=https://36kr.com/p/3764728843289089 html_length=84696
2026-04-22 18:38:57 [kr36] throttle_wait url=https://36kr.com/p/3766718158324489 wait_ms=28317 global_wait_ms=28317 same_url_wait_ms=0 risk_wait_ms=0
2026-04-22 18:39:25 [kr36] fetch_start url=https://36kr.com/p/3766718158324489
2026-04-22 18:39:28 [kr36] fetch_ok method=curl url=https://36kr.com/p/3766718158324489 html_length=86878
2026-04-22 18:39:28 [kr36] throttle_wait url=https://36kr.com/p/3765076875117314 wait_ms=19718 global_wait_ms=19718 same_url_wait_ms=0 risk_wait_ms=0
2026-04-22 18:39:47 [kr36] fetch_start url=https://36kr.com/p/3765076875117314
2026-04-22 18:39:48 [kr36] fetch_ok method=curl url=https://36kr.com/p/3765076875117314 html_length=90537
2026-04-22 18:39:48 [kr36] throttle_wait url=https://36kr.com/p/3764953900990977 wait_ms=23372 global_wait_ms=23372 same_url_wait_ms=0 risk_wait_ms=0
2026-04-22 18:40:11 [kr36] fetch_start url=https://36kr.com/p/3764953900990977
2026-04-22 18:40:12 [kr36] fetch_ok method=curl url=https://36kr.com/p/3764953900990977 html_length=89334
2026-04-22 18:40:12 [kr36] throttle_wait url=https://36kr.com/p/3757975636050695 wait_ms=26502 global_wait_ms=26502 same_url_wait_ms=0 risk_wait_ms=0
2026-04-22 18:40:38 [kr36] fetch_start url=https://36kr.com/p/3757975636050695
2026-04-22 18:40:39 [kr36] fetch_ok method=curl url=https://36kr.com/p/3757975636050695 html_length=79784
2026-04-22 18:40:39 [kr36] round_end page=1 round=1/1 stage=topics status=ok fetched=10 total_refs=10 elapsed_ms=540399
2026-04-22 18:40:39 [kr36] 完成专题页，数据 10 条，累计 10 条
2026-04-22 18:40:39 [kr36] listing_topics_only=true 跳过活动/搜索/频道
2026-04-22 18:40:39 [kr36] listing_end report_date=2026-04-22 total_refs=10 stopped_by=normal_complete
[kr36-topics-only] finished exit=0
