[kr36] 2026-04-26 21:21:36 starting daily brief run (no email)...
[kr36] PROJECT_ROOT=e:\AI\touzifenxi
[kr36] PYTHON_CMD="e:\AI\touzifenxi\.venv\Scripts\python.exe"
[kr36] TIMEOUT=40s
[kr36] LOG_FILE=e:\AI\touzifenxi\logs\kr36\kr36_20260426_212136.log
[kr36] running: "e:\AI\touzifenxi\.venv\Scripts\python.exe" scripts\websearch.py run --source 36kr --timeout 40
2026-04-26 21:21:40 [kr36] cookie_quality sensors_short len=479
2026-04-26 21:21:40 [kr36] listing_begin report_date=2026-04-26 rounds_total=5 candidate_limit=120 mode=sequential step0.5_then_step1
2026-04-26 21:21:40 [kr36] step0.5_topic_round_start page=1 round=1/5 stage=topics url=https://36kr.com/topics/
2026-04-26 21:21:40 [kr36] 进入专题页(0.5步)，数据 0 条，累计 0 条
2026-04-26 21:21:40 [kr36] fetch_start url=https://36kr.com/topics/
2026-04-26 21:21:40 [kr36] fetch_ok method=curl url=https://36kr.com/topics/ html_length=74118
2026-04-26 21:21:40 [kr36] throttle_wait url=https://36kr.com/topics/3780490016134406 wait_ms=39181 global_wait_ms=39181 same_url_wait_ms=0 risk_wait_ms=0
2026-04-26 21:22:19 [kr36] fetch_start url=https://36kr.com/topics/3780490016134406
2026-04-26 21:22:20 [kr36] fetch_ok method=curl url=https://36kr.com/topics/3780490016134406 html_length=1460
2026-04-26 21:22:20 [slider] step4_recover_trigger url=https://36kr.com/topics/3780490016134406 phase=topic-detail reason=risk_interstitial
2026-04-26 21:22:20 [slider] playwright_slider_start phase='topic-detail' url=https://36kr.com/topics/3780490016134406 headless=false channel='msedge'
2026-04-26 21:22:37 [slider] playwright_slider_url_settled phase='topic-detail' final_url='https://36kr.com/topics/3780490016134406'
2026-04-26 21:22:37 [slider] playwright_slider_preloop phase='topic-detail' url=https://36kr.com/topics/3780490016134406 wait_after_load_ms=1800 slider_ui_ready_max_ms=20000
2026-04-26 21:22:37 [slider] playwright_slider_wait_ui phase='topic-detail' url=https://36kr.com/topics/3780490016134406 ui_ready=true
2026-04-26 21:22:41 [kr36] slider_captcha_solve_result attempted=true
2026-04-26 21:22:41 [slider] playwright_slider_attempt phase='topic-detail' url=https://36kr.com/topics/3780490016134406 attempted=true
2026-04-26 21:22:57 [slider] playwright_slider_csr_list_wait_timeout phase='topic-detail' url=https://36kr.com/topics/3780490016134406 selector='.topic-list-item, .topic-item, .kr-topic-item'
2026-04-26 21:23:00 [slider] playwright_slider_after_solve phase='topic-detail' url=https://36kr.com/topics/3780490016134406 html_length=88196
2026-04-26 21:23:00 [slider] playwright_slider_close_on_pass phase='topic-detail' url=https://36kr.com/topics/3780490016134406
2026-04-26 21:23:01 [kr36] fetch_start url=https://36kr.com/video/3775108051513856
2026-04-26 21:23:01 [kr36] fetch_ok method=curl url=https://36kr.com/video/3775108051513856 html_length=14308
2026-04-26 21:23:01 [kr36] throttle_wait url=https://m.36kr.com/video/3775108051513856 wait_ms=25063 global_wait_ms=25063 same_url_wait_ms=0 risk_wait_ms=0
2026-04-26 21:23:26 [kr36] fetch_start url=https://m.36kr.com/video/3775108051513856
2026-04-26 21:23:26 [kr36] fetch_ok method=curl url=https://m.36kr.com/video/3775108051513856 html_length=14308
2026-04-26 21:23:26 [kr36] topic_video_mobile_no_cdn page='https://m.36kr.com/video/3775108051513856' mobile_len=14308
2026-04-26 21:23:26 [kr36] topic_video_no_cdn_in_html page='https://36kr.com/video/3775108051513856' try_playwright reason=small_shell_len=14308
2026-04-26 21:23:26 [kr36] topic_video_playwright_recover reason=no_cdn_in_html page='https://36kr.com/video/3775108051513856'
2026-04-26 21:23:26 [slider] playwright_slider_start phase='step4-video-nocookie' url=https://36kr.com/video/3775108051513856 headless=false channel='msedge'
2026-04-26 21:23:32 [slider] playwright_skip_cookies phase='step4-video-nocookie' url=https://36kr.com/video/3775108051513856
2026-04-26 21:23:46 [slider] playwright_slider_url_settled phase='step4-video-nocookie' final_url='https://36kr.com/video/3775108051513856'
2026-04-26 21:23:46 [slider] playwright_slider_preloop phase='step4-video-nocookie' url=https://36kr.com/video/3775108051513856 wait_after_load_ms=1800 slider_ui_ready_max_ms=20000
2026-04-26 21:23:50 [slider] playwright_slider_ok phase='step4-video-nocookie' url=https://36kr.com/video/3775108051513856 html_length=70158
2026-04-26 21:23:51 [kr36] topic_video_playwright_nocookie_ok page='https://36kr.com/video/3775108051513856' html_len=70158
2026-04-26 21:23:51 [kr36] topic_video_cdn_extract count=7 html_len=70158 preview='https://videos.36krcdn.com/20260420/v2_1776686255537_video_mp4_v11' page='https://36kr.com/video/3775108051513856'
2026-04-26 21:24:13 [kr36] topic_video_download_ok cdn='https://videos.36krcdn.com/20260420/v2_1776686255537_video_mp4_v11' local=E:\AI\touzifenxi\output\reports\kr36_report\kr36_search_202604262121\kr36_topic_downloads\本周有大事丨蛋糕店为什么成了幽灵外卖的重灾区；AI短剧真的能赚钱吗；80后湖北老乡，拿走了王健林的万达电影\2026-04-21\videos\氪大事___三五百的蛋糕外包价不到80，蛋糕店为什么成了幽灵外卖的重灾区？_36kr_topic_video_3775108051513856.mp4
2026-04-26 21:24:21 [kr36] topic_asr_ok chars=1186 transcript=E:\AI\touzifenxi\output\reports\kr36_report\kr36_search_202604262121\kr36_topic_downloads\本周有大事丨蛋糕店为什么成了幽灵外卖的重灾区；AI短剧真的能赚钱吗；80后湖北老乡，拿走了王健林的万达电影\2026-04-21\videos\氪大事___三五百的蛋糕外包价不到80，蛋糕店为什么成了幽灵外卖的重灾区？_36kr_topic_video_3775108051513856.transcript.txt code=20000000 role=topic_video_asr_transcript
2026-04-26 21:24:21 [kr36] fetch_start url=https://36kr.com/video/3773069882356484
2026-04-26 21:24:22 [kr36] fetch_ok method=curl url=https://36kr.com/video/3773069882356484 html_length=59245
2026-04-26 21:24:22 [kr36] topic_video_cdn_extract count=7 html_len=59245 preview='https://videos.36krcdn.com/20260419/v2_1776561497102_video_mp4_v9' page='https://36kr.com/video/3773069882356484'
2026-04-26 21:24:41 [kr36] topic_video_download_ok cdn='https://videos.36krcdn.com/20260419/v2_1776561497102_video_mp4_v9' local=E:\AI\touzifenxi\output\reports\kr36_report\kr36_search_202604262121\kr36_topic_downloads\本周有大事丨蛋糕店为什么成了幽灵外卖的重灾区；AI短剧真的能赚钱吗；80后湖北老乡，拿走了王健林的万达电影\2026-04-20\videos\全球医疗价值重估_老外涌进中国医院_36kr_topic_video_3773069882356484.mp4
2026-04-26 21:24:46 [kr36] topic_asr_ok chars=1078 transcript=E:\AI\touzifenxi\output\reports\kr36_report\kr36_search_202604262121\kr36_topic_downloads\本周有大事丨蛋糕店为什么成了幽灵外卖的重灾区；AI短剧真的能赚钱吗；80后湖北老乡，拿走了王健林的万达电影\2026-04-20\videos\全球医疗价值重估_老外涌进中国医院_36kr_topic_video_3773069882356484.transcript.txt code=20000000 role=topic_video_asr_transcript
2026-04-26 21:24:46 [kr36] throttle_wait url=https://36kr.com/video/3777825420063241 wait_ms=823 global_wait_ms=823 same_url_wait_ms=0 risk_wait_ms=0
2026-04-26 21:24:47 [kr36] fetch_start url=https://36kr.com/video/3777825420063241
2026-04-26 21:24:47 [kr36] fetch_ok method=curl url=https://36kr.com/video/3777825420063241 html_length=60654
2026-04-26 21:24:47 [kr36] topic_video_cdn_extract count=7 html_len=60654 preview='https://videos.36krcdn.com/20260422/v2_1776851856830_video_mov_v11' page='https://36kr.com/video/3777825420063241'
2026-04-26 21:25:02 [kr36] topic_video_download_ok cdn='https://videos.36krcdn.com/20260422/v2_1776851856830_video_mov_v11' local=E:\AI\touzifenxi\output\reports\kr36_report\kr36_search_202604262121\kr36_topic_downloads\本周有大事丨蛋糕店为什么成了幽灵外卖的重灾区；AI短剧真的能赚钱吗；80后湖北老乡，拿走了王健林的万达电影\2026-04-22\videos\80后湖北老乡，拿走了王健林的万达电影_36kr_topic_video_3777825420063241.mp4
2026-04-26 21:25:22 [kr36] topic_asr_ok chars=781 transcript=E:\AI\touzifenxi\output\reports\kr36_report\kr36_search_202604262121\kr36_topic_downloads\本周有大事丨蛋糕店为什么成了幽灵外卖的重灾区；AI短剧真的能赚钱吗；80后湖北老乡，拿走了王健林的万达电影\2026-04-22\videos\80后湖北老乡，拿走了王健林的万达电影_36kr_topic_video_3777825420063241.transcript.txt code=20000000 role=topic_video_asr_transcript
2026-04-26 21:25:22 [kr36] fetch_start url=https://36kr.com/video/3776684100317955
2026-04-26 21:25:22 [kr36] fetch_ok method=curl url=https://36kr.com/video/3776684100317955 html_length=60490
2026-04-26 21:25:22 [kr36] topic_video_cdn_extract count=7 html_len=60490 preview='https://videos.36krcdn.com/20260421/v2_1776782408195_video_mp4_v11' page='https://36kr.com/video/3776684100317955'
2026-04-26 21:25:46 [kr36] topic_video_download_ok cdn='https://videos.36krcdn.com/20260421/v2_1776782408195_video_mp4_v11' local=E:\AI\touzifenxi\output\reports\kr36_report\kr36_search_202604262121\kr36_topic_downloads\本周有大事丨蛋糕店为什么成了幽灵外卖的重灾区；AI短剧真的能赚钱吗；80后湖北老乡，拿走了王健林的万达电影\2026-04-22\videos\库克正式卸任，乔布斯的“退烧药”，终于用完了_36kr_topic_video_3776684100317955.mp4
2026-04-26 21:26:18 [kr36] topic_asr_ok chars=1150 transcript=E:\AI\touzifenxi\output\reports\kr36_report\kr36_search_202604262121\kr36_topic_downloads\本周有大事丨蛋糕店为什么成了幽灵外卖的重灾区；AI短剧真的能赚钱吗；80后湖北老乡，拿走了王健林的万达电影\2026-04-22\videos\库克正式卸任，乔布斯的“退烧药”，终于用完了_36kr_topic_video_3776684100317955.transcript.txt code=20000000 role=topic_video_asr_transcript
2026-04-26 21:26:18 [kr36] fetch_start url=https://36kr.com/video/3779361122202119
2026-04-26 21:26:18 [kr36] fetch_ok method=curl url=https://36kr.com/video/3779361122202119 html_length=58380
2026-04-26 21:26:18 [kr36] topic_video_cdn_extract count=7 html_len=58380 preview='https://videos.36krcdn.com/20260423/v2_1776945729905_video_mp4_v11' page='https://36kr.com/video/3779361122202119'
2026-04-26 21:26:44 [kr36] topic_video_download_ok cdn='https://videos.36krcdn.com/20260423/v2_1776945729905_video_mp4_v11' local=E:\AI\touzifenxi\output\reports\kr36_report\kr36_search_202604262121\kr36_topic_downloads\本周有大事丨蛋糕店为什么成了幽灵外卖的重灾区；AI短剧真的能赚钱吗；80后湖北老乡，拿走了王健林的万达电影\2026-04-23\videos\爱奇艺想拿AI当遮羞布_36kr_topic_video_3779361122202119.mp4
2026-04-26 21:27:33 [kr36] topic_asr_ok chars=1421 transcript=E:\AI\touzifenxi\output\reports\kr36_report\kr36_search_202604262121\kr36_topic_downloads\本周有大事丨蛋糕店为什么成了幽灵外卖的重灾区；AI短剧真的能赚钱吗；80后湖北老乡，拿走了王健林的万达电影\2026-04-23\videos\爱奇艺想拿AI当遮羞布_36kr_topic_video_3779361122202119.transcript.txt code=20000000 role=topic_video_asr_transcript
2026-04-26 21:27:33 [kr36] fetch_start url=https://36kr.com/topics/3780865660869640
2026-04-26 21:27:34 [kr36] fetch_ok method=curl url=https://36kr.com/topics/3780865660869640 html_length=61506
2026-04-26 21:27:34 [kr36] throttle_wait url=https://36kr.com/p/3774566936216064 wait_ms=25401 global_wait_ms=25401 same_url_wait_ms=0 risk_wait_ms=0
2026-04-26 21:27:59 [kr36] fetch_start url=https://36kr.com/p/3774566936216064
2026-04-26 21:27:59 [kr36] fetch_ok method=curl url=https://36kr.com/p/3774566936216064 html_length=73138
2026-04-26 21:28:00 [kr36] throttle_wait url=https://36kr.com/p/3780375304312072 wait_ms=23753 global_wait_ms=23753 same_url_wait_ms=0 risk_wait_ms=0
2026-04-26 21:28:23 [kr36] fetch_start url=https://36kr.com/p/3780375304312072
2026-04-26 21:28:24 [kr36] fetch_ok method=curl url=https://36kr.com/p/3780375304312072 html_length=93743
2026-04-26 21:28:24 [kr36] throttle_wait url=https://36kr.com/p/3778135439709446 wait_ms=30685 global_wait_ms=30685 same_url_wait_ms=0 risk_wait_ms=0
2026-04-26 21:28:54 [kr36] fetch_start url=https://36kr.com/p/3778135439709446
2026-04-26 21:28:55 [kr36] fetch_ok method=curl url=https://36kr.com/p/3778135439709446 html_length=81572
2026-04-26 21:28:55 [kr36] throttle_wait url=https://36kr.com/p/3778121523025154 wait_ms=32646 global_wait_ms=32646 same_url_wait_ms=0 risk_wait_ms=0
2026-04-26 21:29:28 [kr36] fetch_start url=https://36kr.com/p/3778121523025154
2026-04-26 21:29:28 [kr36] fetch_ok method=curl url=https://36kr.com/p/3778121523025154 html_length=92746
2026-04-26 21:29:28 [kr36] throttle_wait url=https://36kr.com/p/3780191213229314 wait_ms=34262 global_wait_ms=34262 same_url_wait_ms=0 risk_wait_ms=0
2026-04-26 21:30:02 [kr36] fetch_start url=https://36kr.com/p/3780191213229314
2026-04-26 21:30:03 [kr36] fetch_ok method=curl url=https://36kr.com/p/3780191213229314 html_length=80127
2026-04-26 21:30:03 [kr36] throttle_wait url=https://36kr.com/p/3773892499096068 wait_ms=20855 global_wait_ms=20855 same_url_wait_ms=0 risk_wait_ms=0
2026-04-26 21:30:24 [kr36] fetch_start url=https://36kr.com/p/3773892499096068
2026-04-26 21:30:24 [kr36] fetch_ok method=curl url=https://36kr.com/p/3773892499096068 html_length=90115
2026-04-26 21:30:24 [kr36] throttle_wait url=https://36kr.com/p/3775892441301511 wait_ms=30316 global_wait_ms=30316 same_url_wait_ms=0 risk_wait_ms=0
2026-04-26 21:30:55 [kr36] fetch_start url=https://36kr.com/p/3775892441301511
2026-04-26 21:30:55 [kr36] fetch_ok method=curl url=https://36kr.com/p/3775892441301511 html_length=91909
2026-04-26 21:30:55 [kr36] step0.5_topic_round_end page=1 round=1/5 stage=topics status=ok fetched=12 total_topic_refs=12 elapsed_ms=555499
2026-04-26 21:30:55 [kr36] 完成专题页(0.5步)，数据 12 条，累计 12 条
2026-04-26 21:30:55 [kr36] step1_listing_next round=2/5 stage=activity
2026-04-26 21:30:55 [kr36] step1_main_round_start page=2 round=2/5 stage=activity url=https://36kr.com/activity
2026-04-26 21:30:55 [kr36] 进入活动页，数据 0 条，累计 0 条
2026-04-26 21:30:55 [kr36] throttle_wait url=https://36kr.com/activity wait_ms=37783 global_wait_ms=37783 same_url_wait_ms=0 risk_wait_ms=0
2026-04-26 21:31:33 [kr36] fetch_start url=https://36kr.com/activity
2026-04-26 21:31:33 [kr36] fetch_ok method=curl url=https://36kr.com/activity html_length=61719
2026-04-26 21:31:33 [kr36] round_end page=2 round=2/5 stage=activity status=ok fetched=0 total_refs=0 elapsed_ms=38295
2026-04-26 21:31:33 [kr36] 完成活动页，数据 0 条，累计 0 条
2026-04-26 21:31:33 [kr36] round_next round=3/5 stage=search
2026-04-26 21:31:33 [kr36] round_start page=3 round=3/5 stage=search category=36氪独家 url=https://36kr.com/search/articles/36%E6%B0%AA%E7%8B%AC%E5%AE%B6 date_window=2026-04-20~2026-04-26
2026-04-26 21:31:33 [kr36] 进入搜索页(36氪独家)，数据 0 条，累计 0 条
2026-04-26 21:31:33 [kr36] throttle_wait url=https://36kr.com/search/articles/36%E6%B0%AA%E7%8B%AC%E5%AE%B6 wait_ms=27612 global_wait_ms=27612 same_url_wait_ms=0 risk_wait_ms=0
2026-04-26 21:32:01 [kr36] fetch_start url=https://36kr.com/search/articles/36%E6%B0%AA%E7%8B%AC%E5%AE%B6
2026-04-26 21:32:02 [kr36] search_enrich_direct_step4 reason=auto_solver url=https://36kr.com/search/articles/36%E6%B0%AA%E7%8B%AC%E5%AE%B6
2026-04-26 21:32:02 [slider] playwright_slider_start phase='search-listing-step4' url=https://36kr.com/search/articles/36%E6%B0%AA%E7%8B%AC%E5%AE%B6 headless=false channel='msedge'
2026-04-26 21:32:16 [slider] playwright_slider_url_settled phase='search-listing-step4' final_url='https://36kr.com/search/articles/36%E6%B0%AA%E7%8B%AC%E5%AE%B6'
2026-04-26 21:32:16 [slider] playwright_slider_preloop phase='search-listing-step4' url=https://36kr.com/search/articles/36%E6%B0%AA%E7%8B%AC%E5%AE%B6 wait_after_load_ms=1800 slider_ui_ready_max_ms=20000
2026-04-26 21:32:20 [slider] playwright_slider_ok phase='search-listing-step4' url=https://36kr.com/search/articles/36%E6%B0%AA%E7%8B%AC%E5%AE%B6 html_length=102684
2026-04-26 21:32:21 [kr36] search_listing_csr_enriched url=https://36kr.com/search/articles/36%E6%B0%AA%E7%8B%AC%E5%AE%B6 html_length=102684
2026-04-26 21:32:21 [kr36] fetch_ok method=curl_playwright_search url=https://36kr.com/search/articles/36%E6%B0%AA%E7%8B%AC%E5%AE%B6 html_length=102684
2026-04-26 21:32:21 [kr36] search_date_filtered fixed_category=36氪独家 pub=2026-04-17 window=2026-04-20~2026-04-26
2026-04-26 21:32:21 [kr36] search_date_filtered fixed_category=36氪独家 pub=2026-04-09 window=2026-04-20~2026-04-26
2026-04-26 21:32:21 [kr36] search_date_filtered fixed_category=36氪独家 pub=2026-04-02 window=2026-04-20~2026-04-26
2026-04-26 21:32:21 [kr36] search_date_filtered fixed_category=36氪独家 pub=2026-04-02 window=2026-04-20~2026-04-26
2026-04-26 21:32:21 [kr36] search_date_filtered fixed_category=36氪独家 pub=2026-03-26 window=2026-04-20~2026-04-26
2026-04-26 21:32:21 [kr36] search_date_filtered fixed_category=36氪独家 pub=2026-03-31 window=2026-04-20~2026-04-26
2026-04-26 21:32:21 [kr36] search_date_filtered fixed_category=36氪独家 pub=2026-03-19 window=2026-04-20~2026-04-26
2026-04-26 21:32:21 [kr36] search_date_filtered fixed_category=36氪独家 pub=2026-03-05 window=2026-04-20~2026-04-26
2026-04-26 21:32:21 [kr36] search_date_filtered fixed_category=36氪独家 pub=2026-03-16 window=2026-04-20~2026-04-26
2026-04-26 21:32:21 [kr36] search_date_filtered fixed_category=36氪独家 pub=2026-03-24 window=2026-04-20~2026-04-26
2026-04-26 21:32:21 [kr36] search_date_filtered fixed_category=36氪独家 pub=2026-03-04 window=2026-04-20~2026-04-26
2026-04-26 21:32:21 [kr36] search_date_filtered fixed_category=36氪独家 pub=2026-01-22 window=2026-04-20~2026-04-26
2026-04-26 21:32:21 [kr36] search_date_filtered fixed_category=36氪独家 pub=2026-01-15 window=2026-04-20~2026-04-26
2026-04-26 21:32:21 [kr36] search_date_filtered fixed_category=36氪独家 pub=2026-01-14 window=2026-04-20~2026-04-26
2026-04-26 21:32:21 [kr36] search_date_filtered fixed_category=36氪独家 pub=2026-01-07 window=2026-04-20~2026-04-26
2026-04-26 21:32:21 [kr36] search_date_filtered fixed_category=36氪独家 pub=2026-01-15 window=2026-04-20~2026-04-26
2026-04-26 21:32:21 [kr36] search_date_filtered fixed_category=36氪独家 pub=2026-01-26 window=2026-04-20~2026-04-26
2026-04-26 21:32:21 [kr36] search_date_filtered fixed_category=36氪独家 pub=2026-02-26 window=2026-04-20~2026-04-26
2026-04-26 21:32:21 [kr36] round_end page=3 round=3/5 stage=search category=36氪独家 status=ok fetched=2 total_refs=2 elapsed_ms=47640
2026-04-26 21:32:21 [kr36] 完成搜索页(36氪独家)，数据 2 条，累计 2 条
2026-04-26 21:32:21 [kr36] round_next round=4/5 stage=search_or_channel
2026-04-26 21:32:21 [kr36] round_start page=4 round=4/5 stage=channel url=https://36kr.com/information/AI/
2026-04-26 21:32:21 [kr36] 进入频道页，数据 0 条，累计 2 条
2026-04-26 21:32:21 [kr36] throttle_wait url=https://36kr.com/information/AI/ wait_ms=2557 global_wait_ms=2557 same_url_wait_ms=0 risk_wait_ms=0
2026-04-26 21:32:24 [kr36] fetch_start url=https://36kr.com/information/AI/
2026-04-26 21:32:24 [kr36] fetch_ok method=curl url=https://36kr.com/information/AI/ html_length=115015
2026-04-26 21:32:24 [kr36] round_end page=4 round=4/5 stage=channel status=ok url=https://36kr.com/information/AI/ fetched=4 total_refs=6 elapsed_ms=3105
2026-04-26 21:32:24 [kr36] 完成频道页，数据 4 条，累计 6 条
2026-04-26 21:32:24 [kr36] round_next round=5/5 stage=channel
2026-04-26 21:32:24 [kr36] round_start page=5 round=5/5 stage=channel url=https://36kr.com/information/contact/
2026-04-26 21:32:24 [kr36] 进入频道页，数据 0 条，累计 6 条
2026-04-26 21:32:24 [kr36] throttle_wait url=https://36kr.com/information/contact/ wait_ms=24306 global_wait_ms=24306 same_url_wait_ms=0 risk_wait_ms=0
2026-04-26 21:32:49 [kr36] fetch_start url=https://36kr.com/information/contact/
2026-04-26 21:32:49 [kr36] fetch_ok method=curl url=https://36kr.com/information/contact/ html_length=1460
2026-04-26 21:32:49 [slider] step4_recover_trigger url=https://36kr.com/information/contact/ phase=step1-channel reason=risk_interstitial
2026-04-26 21:32:49 [slider] playwright_slider_start phase='step1-channel' url=https://36kr.com/information/contact/ headless=false channel='msedge'
2026-04-26 21:33:05 [slider] playwright_slider_url_settled phase='step1-channel' final_url='https://36kr.com/information/contact/'
2026-04-26 21:33:05 [slider] playwright_slider_preloop phase='step1-channel' url=https://36kr.com/information/contact/ wait_after_load_ms=1800 slider_ui_ready_max_ms=20000
2026-04-26 21:33:05 [slider] playwright_slider_wait_ui phase='step1-channel' url=https://36kr.com/information/contact/ ui_ready=true
2026-04-26 21:33:10 [kr36] slider_captcha_solve_result attempted=true
2026-04-26 21:33:10 [slider] playwright_slider_attempt phase='step1-channel' url=https://36kr.com/information/contact/ attempted=true
2026-04-26 21:33:17 [slider] playwright_slider_ok phase='step1-channel' url=https://36kr.com/information/contact/ html_length=126133
2026-04-26 21:33:18 [kr36] round_end page=5 round=5/5 stage=channel status=ok url=https://36kr.com/information/contact/ fetched=2 total_refs=8 elapsed_ms=54060
2026-04-26 21:33:18 [kr36] 完成频道页，数据 2 条，累计 8 条
2026-04-26 21:33:18 [kr36] listing_end report_date=2026-04-26 total_refs=20 stopped_by=normal_complete
[kr36] 2026-04-26 21:44:01 finished with exit code 0.
