[kr36] 2026-04-21 19:49:16 starting daily brief run (no email)...
[kr36] PROJECT_ROOT=E:\AI\touzifenxi
[kr36] PYTHON_BIN=E:\AI\touzifenxi\.venv\Scripts\python.exe
[kr36] TIMEOUT=30s
[kr36] LOG_FILE=E:\AI\touzifenxi\logs\kr36\kr36_20260421_194916.log
[kr36] running: "E:\AI\touzifenxi\.venv\Scripts\python.exe" scripts\websearch.py run --source 36kr --timeout 30
2026-04-21 19:49:18 [kr36] listing_begin report_date=2026-04-21 rounds_total=13 candidate_limit=120
2026-04-21 19:49:18 [kr36] round_start page=1 round=1/13 stage=topics url=https://36kr.com/topics/
2026-04-21 19:49:18 [kr36] 进入专题页，数据 0 条，累计 0 条
2026-04-21 19:49:18 [kr36] fetch_start url=https://36kr.com/topics/
2026-04-21 19:49:20 [kr36] fetch_ok method=curl url=https://36kr.com/topics/ html_length=73618
2026-04-21 19:49:20 [kr36] round_end page=1 round=1/13 stage=topics status=ok fetched=22 total_refs=22 elapsed_ms=2271
2026-04-21 19:49:20 [kr36] 完成专题页，数据 22 条，累计 22 条
2026-04-21 19:49:20 [kr36] round_next round=2/13 stage=activity
2026-04-21 19:49:20 [kr36] round_start page=2 round=2/13 stage=activity url=https://36kr.com/activity
2026-04-21 19:49:20 [kr36] 进入活动页，数据 0 条，累计 22 条
2026-04-21 19:49:20 [kr36] throttle_wait url=https://36kr.com/activity wait_ms=15873 global_wait_ms=15873 same_url_wait_ms=0
2026-04-21 19:49:36 [kr36] fetch_start url=https://36kr.com/activity
2026-04-21 19:49:37 [kr36] risk_entered method=curl url=https://36kr.com/activity html_length=1460 has_verification_command=false
2026-04-21 19:49:37 [kr36] risk_detected method=curl url=https://36kr.com/activity no_auto_verify_command=1
2026-04-21 19:49:37 [kr36] page_result page=2 stage=activity status=deferred_blocked url=https://36kr.com/activity fetched=0 total_refs=22
2026-04-21 19:49:37 [kr36] round_end page=2 round=2/13 stage=activity status=ok fetched=0 total_refs=22 elapsed_ms=17468
2026-04-21 19:49:37 [kr36] 完成活动页，数据 0 条，累计 22 条
2026-04-21 19:49:37 [kr36] round_next round=3/13 stage=search
2026-04-21 19:49:37 [kr36] round_start page=3 round=3/13 stage=search category=36氪独家 url=https://36kr.com/search/articles/36%E6%B0%AA%E7%8B%AC%E5%AE%B6
2026-04-21 19:49:37 [kr36] 进入搜索页(36氪独家)，数据 0 条，累计 22 条
2026-04-21 19:49:37 [kr36] throttle_wait url=https://36kr.com/search/articles/36%E6%B0%AA%E7%8B%AC%E5%AE%B6 wait_ms=15584 global_wait_ms=15584 same_url_wait_ms=0
2026-04-21 19:49:53 [kr36] fetch_start url=https://36kr.com/search/articles/36%E6%B0%AA%E7%8B%AC%E5%AE%B6
2026-04-21 19:49:55 [kr36] risk_entered method=curl url=https://36kr.com/search/articles/36%E6%B0%AA%E7%8B%AC%E5%AE%B6 html_length=1460 has_verification_command=false
2026-04-21 19:49:55 [kr36] risk_detected method=curl url=https://36kr.com/search/articles/36%E6%B0%AA%E7%8B%AC%E5%AE%B6 no_auto_verify_command=1
2026-04-21 19:49:55 [kr36] page_result page=3 stage=search category=36氪独家 status=deferred_blocked url=https://36kr.com/search/articles/36%E6%B0%AA%E7%8B%AC%E5%AE%B6 fetched=0 total_refs=22
2026-04-21 19:49:55 [kr36] round_end page=3 round=3/13 stage=search category=36氪独家 status=ok fetched=0 total_refs=22 elapsed_ms=17207
2026-04-21 19:49:55 [kr36] 完成搜索页(36氪独家)，数据 0 条，累计 22 条
2026-04-21 19:49:55 [kr36] round_next round=4/13 stage=search_or_channel
2026-04-21 19:49:55 [kr36] round_start page=4 round=4/13 stage=search category=深氪 url=https://36kr.com/search/articles/%E6%B7%B1%E6%B0%AA
2026-04-21 19:49:55 [kr36] 进入搜索页(深氪)，数据 0 条，累计 22 条
2026-04-21 19:49:55 [kr36] throttle_wait url=https://36kr.com/search/articles/%E6%B7%B1%E6%B0%AA wait_ms=26183 global_wait_ms=26183 same_url_wait_ms=0
2026-04-21 19:50:21 [kr36] fetch_start url=https://36kr.com/search/articles/%E6%B7%B1%E6%B0%AA
2026-04-21 19:50:22 [kr36] risk_entered method=curl url=https://36kr.com/search/articles/%E6%B7%B1%E6%B0%AA html_length=1460 has_verification_command=false
2026-04-21 19:50:22 [kr36] risk_detected method=curl url=https://36kr.com/search/articles/%E6%B7%B1%E6%B0%AA no_auto_verify_command=1
2026-04-21 19:50:22 [kr36] page_result page=4 stage=search category=深氪 status=deferred_blocked url=https://36kr.com/search/articles/%E6%B7%B1%E6%B0%AA fetched=0 total_refs=22
2026-04-21 19:50:22 [kr36] round_end page=4 round=4/13 stage=search category=深氪 status=ok fetched=0 total_refs=22 elapsed_ms=27776
2026-04-21 19:50:22 [kr36] 完成搜索页(深氪)，数据 0 条，累计 22 条
2026-04-21 19:50:22 [kr36] round_next round=5/13 stage=search_or_channel
2026-04-21 19:50:22 [kr36] round_start page=5 round=5/13 stage=search category=后浪白皮书 url=https://36kr.com/search/articles/%E5%90%8E%E6%B5%AA%E7%99%BD%E7%9A%AE%E4%B9%A6
2026-04-21 19:50:22 [kr36] 进入搜索页(后浪白皮书)，数据 0 条，累计 22 条
2026-04-21 19:50:22 [kr36] throttle_wait url=https://36kr.com/search/articles/%E5%90%8E%E6%B5%AA%E7%99%BD%E7%9A%AE%E4%B9%A6 wait_ms=19769 global_wait_ms=19769 same_url_wait_ms=0
2026-04-21 19:50:42 [kr36] fetch_start url=https://36kr.com/search/articles/%E5%90%8E%E6%B5%AA%E7%99%BD%E7%9A%AE%E4%B9%A6
2026-04-21 19:50:44 [kr36] risk_entered method=curl url=https://36kr.com/search/articles/%E5%90%8E%E6%B5%AA%E7%99%BD%E7%9A%AE%E4%B9%A6 html_length=1460 has_verification_command=false
2026-04-21 19:50:44 [kr36] risk_detected method=curl url=https://36kr.com/search/articles/%E5%90%8E%E6%B5%AA%E7%99%BD%E7%9A%AE%E4%B9%A6 no_auto_verify_command=1
2026-04-21 19:50:44 [kr36] page_result page=5 stage=search category=后浪白皮书 status=deferred_blocked url=https://36kr.com/search/articles/%E5%90%8E%E6%B5%AA%E7%99%BD%E7%9A%AE%E4%B9%A6 fetched=0 total_refs=22
2026-04-21 19:50:44 [kr36] round_end page=5 round=5/13 stage=search category=后浪白皮书 status=ok fetched=0 total_refs=22 elapsed_ms=21387
2026-04-21 19:50:44 [kr36] 完成搜索页(后浪白皮书)，数据 0 条，累计 22 条
2026-04-21 19:50:44 [kr36] round_next round=6/13 stage=search_or_channel
2026-04-21 19:50:44 [kr36] round_start page=6 round=6/13 stage=search category=行业日报 url=https://36kr.com/search/articles/%E8%A1%8C%E4%B8%9A%E6%97%A5%E6%8A%A5
2026-04-21 19:50:44 [kr36] 进入搜索页(行业日报)，数据 0 条，累计 22 条
2026-04-21 19:50:44 [kr36] throttle_wait url=https://36kr.com/search/articles/%E8%A1%8C%E4%B8%9A%E6%97%A5%E6%8A%A5 wait_ms=16407 global_wait_ms=16407 same_url_wait_ms=0
2026-04-21 19:51:00 [kr36] fetch_start url=https://36kr.com/search/articles/%E8%A1%8C%E4%B8%9A%E6%97%A5%E6%8A%A5
2026-04-21 19:51:03 [kr36] risk_entered method=curl url=https://36kr.com/search/articles/%E8%A1%8C%E4%B8%9A%E6%97%A5%E6%8A%A5 html_length=1460 has_verification_command=false
2026-04-21 19:51:03 [kr36] risk_detected method=curl url=https://36kr.com/search/articles/%E8%A1%8C%E4%B8%9A%E6%97%A5%E6%8A%A5 no_auto_verify_command=1
2026-04-21 19:51:03 [kr36] page_result page=6 stage=search category=行业日报 status=deferred_blocked url=https://36kr.com/search/articles/%E8%A1%8C%E4%B8%9A%E6%97%A5%E6%8A%A5 fetched=0 total_refs=22
2026-04-21 19:51:03 [kr36] round_end page=6 round=6/13 stage=search category=行业日报 status=ok fetched=0 total_refs=22 elapsed_ms=19018
2026-04-21 19:51:03 [kr36] 完成搜索页(行业日报)，数据 0 条，累计 22 条
2026-04-21 19:51:03 [kr36] round_next round=7/13 stage=search_or_channel
2026-04-21 19:51:03 [kr36] round_start page=7 round=7/13 stage=search category=Long China 50 url=https://36kr.com/search/articles/Long%20China%2050
2026-04-21 19:51:03 [kr36] 进入搜索页(Long China 50)，数据 0 条，累计 22 条
2026-04-21 19:51:03 [kr36] throttle_wait url=https://36kr.com/search/articles/Long%20China%2050 wait_ms=17069 global_wait_ms=17069 same_url_wait_ms=0
2026-04-21 19:51:20 [kr36] fetch_start url=https://36kr.com/search/articles/Long%20China%2050
2026-04-21 19:51:22 [kr36] risk_entered method=curl url=https://36kr.com/search/articles/Long%20China%2050 html_length=1460 has_verification_command=false
2026-04-21 19:51:22 [kr36] risk_detected method=curl url=https://36kr.com/search/articles/Long%20China%2050 no_auto_verify_command=1
2026-04-21 19:51:22 [kr36] page_result page=7 stage=search category=Long China 50 status=deferred_blocked url=https://36kr.com/search/articles/Long%20China%2050 fetched=0 total_refs=22
2026-04-21 19:51:22 [kr36] round_end page=7 round=7/13 stage=search category=Long China 50 status=ok fetched=0 total_refs=22 elapsed_ms=18706
2026-04-21 19:51:22 [kr36] 完成搜索页(Long China 50)，数据 0 条，累计 22 条
2026-04-21 19:51:22 [kr36] round_next round=8/13 stage=search_or_channel
2026-04-21 19:51:22 [kr36] round_start page=8 round=8/13 stage=search category=投资派 url=https://36kr.com/search/articles/%E6%8A%95%E8%B5%84%E6%B4%BE
2026-04-21 19:51:22 [kr36] 进入搜索页(投资派)，数据 0 条，累计 22 条
2026-04-21 19:51:22 [kr36] throttle_wait url=https://36kr.com/search/articles/%E6%8A%95%E8%B5%84%E6%B4%BE wait_ms=19259 global_wait_ms=19259 same_url_wait_ms=0
2026-04-21 19:51:41 [kr36] fetch_start url=https://36kr.com/search/articles/%E6%8A%95%E8%B5%84%E6%B4%BE
2026-04-21 19:51:44 [kr36] risk_entered method=curl url=https://36kr.com/search/articles/%E6%8A%95%E8%B5%84%E6%B4%BE html_length=1460 has_verification_command=false
2026-04-21 19:51:44 [kr36] risk_detected method=curl url=https://36kr.com/search/articles/%E6%8A%95%E8%B5%84%E6%B4%BE no_auto_verify_command=1
2026-04-21 19:51:44 [kr36] page_result page=8 stage=search category=投资派 status=deferred_blocked url=https://36kr.com/search/articles/%E6%8A%95%E8%B5%84%E6%B4%BE fetched=0 total_refs=22
2026-04-21 19:51:44 [kr36] round_end page=8 round=8/13 stage=search category=投资派 status=ok fetched=0 total_refs=22 elapsed_ms=22064
2026-04-21 19:51:44 [kr36] 完成搜索页(投资派)，数据 0 条，累计 22 条
2026-04-21 19:51:44 [kr36] round_next round=9/13 stage=search_or_channel
2026-04-21 19:51:44 [kr36] round_start page=9 round=9/13 stage=search category=新青年观察 url=https://36kr.com/search/articles/%E6%96%B0%E9%9D%92%E5%B9%B4%E8%A7%82%E5%AF%9F
2026-04-21 19:51:44 [kr36] 进入搜索页(新青年观察)，数据 0 条，累计 22 条
2026-04-21 19:51:44 [kr36] throttle_wait url=https://36kr.com/search/articles/%E6%96%B0%E9%9D%92%E5%B9%B4%E8%A7%82%E5%AF%9F wait_ms=12701 global_wait_ms=12701 same_url_wait_ms=0
2026-04-21 19:51:56 [kr36] fetch_start url=https://36kr.com/search/articles/%E6%96%B0%E9%9D%92%E5%B9%B4%E8%A7%82%E5%AF%9F
2026-04-21 19:51:58 [kr36] risk_entered method=curl url=https://36kr.com/search/articles/%E6%96%B0%E9%9D%92%E5%B9%B4%E8%A7%82%E5%AF%9F html_length=1460 has_verification_command=false
2026-04-21 19:51:58 [kr36] risk_detected method=curl url=https://36kr.com/search/articles/%E6%96%B0%E9%9D%92%E5%B9%B4%E8%A7%82%E5%AF%9F no_auto_verify_command=1
2026-04-21 19:51:58 [kr36] page_result page=9 stage=search category=新青年观察 status=deferred_blocked url=https://36kr.com/search/articles/%E6%96%B0%E9%9D%92%E5%B9%B4%E8%A7%82%E5%AF%9F fetched=0 total_refs=22
2026-04-21 19:51:58 [kr36] round_end page=9 round=9/13 stage=search category=新青年观察 status=ok fetched=0 total_refs=22 elapsed_ms=14255
2026-04-21 19:51:58 [kr36] 完成搜索页(新青年观察)，数据 0 条，累计 22 条
2026-04-21 19:51:58 [kr36] round_next round=10/13 stage=search_or_channel
2026-04-21 19:51:58 [kr36] round_start page=10 round=10/13 stage=search category=KRLab url=https://36kr.com/search/articles/KRLab
2026-04-21 19:51:58 [kr36] 进入搜索页(KRLab)，数据 0 条，累计 22 条
2026-04-21 19:51:58 [kr36] throttle_wait url=https://36kr.com/search/articles/KRLab wait_ms=14196 global_wait_ms=14196 same_url_wait_ms=0
2026-04-21 19:52:12 [kr36] fetch_start url=https://36kr.com/search/articles/KRLab
2026-04-21 19:52:14 [kr36] risk_entered method=curl url=https://36kr.com/search/articles/KRLab html_length=1460 has_verification_command=false
2026-04-21 19:52:14 [kr36] risk_detected method=curl url=https://36kr.com/search/articles/KRLab no_auto_verify_command=1
2026-04-21 19:52:14 [kr36] page_result page=10 stage=search category=KRLab status=deferred_blocked url=https://36kr.com/search/articles/KRLab fetched=0 total_refs=22
2026-04-21 19:52:14 [kr36] round_end page=10 round=10/13 stage=search category=KRLab status=ok fetched=0 total_refs=22 elapsed_ms=15788
2026-04-21 19:52:14 [kr36] 完成搜索页(KRLab)，数据 0 条，累计 22 条
2026-04-21 19:52:14 [kr36] round_next round=11/13 stage=search_or_channel
2026-04-21 19:52:14 [kr36] round_start page=11 round=11/13 stage=search category=数智前瞻 url=https://36kr.com/search/articles/%E6%95%B0%E6%99%BA%E5%89%8D%E7%9E%BB
2026-04-21 19:52:14 [kr36] 进入搜索页(数智前瞻)，数据 0 条，累计 22 条
2026-04-21 19:52:14 [kr36] throttle_wait url=https://36kr.com/search/articles/%E6%95%B0%E6%99%BA%E5%89%8D%E7%9E%BB wait_ms=18047 global_wait_ms=18047 same_url_wait_ms=0
2026-04-21 19:52:32 [kr36] fetch_start url=https://36kr.com/search/articles/%E6%95%B0%E6%99%BA%E5%89%8D%E7%9E%BB
2026-04-21 19:52:33 [kr36] risk_entered method=curl url=https://36kr.com/search/articles/%E6%95%B0%E6%99%BA%E5%89%8D%E7%9E%BB html_length=1460 has_verification_command=false
2026-04-21 19:52:33 [kr36] risk_detected method=curl url=https://36kr.com/search/articles/%E6%95%B0%E6%99%BA%E5%89%8D%E7%9E%BB no_auto_verify_command=1
2026-04-21 19:52:33 [kr36] page_result page=11 stage=search category=数智前瞻 status=deferred_blocked url=https://36kr.com/search/articles/%E6%95%B0%E6%99%BA%E5%89%8D%E7%9E%BB fetched=0 total_refs=22
2026-04-21 19:52:33 [kr36] round_end page=11 round=11/13 stage=search category=数智前瞻 status=ok fetched=0 total_refs=22 elapsed_ms=19616
2026-04-21 19:52:33 [kr36] 完成搜索页(数智前瞻)，数据 0 条，累计 22 条
2026-04-21 19:52:33 [kr36] round_next round=12/13 stage=search_or_channel
2026-04-21 19:52:33 [kr36] round_start page=12 round=12/13 stage=channel url=https://36kr.com/topics/
2026-04-21 19:52:33 [kr36] 进入频道页，数据 0 条，累计 22 条
2026-04-21 19:52:33 [kr36] throttle_wait url=https://36kr.com/topics/ wait_ms=17903 global_wait_ms=17903 same_url_wait_ms=0
2026-04-21 19:52:51 [kr36] fetch_start url=https://36kr.com/topics/
2026-04-21 19:52:53 [kr36] risk_entered method=curl url=https://36kr.com/topics/ html_length=1460 has_verification_command=false
2026-04-21 19:52:53 [kr36] risk_detected method=curl url=https://36kr.com/topics/ no_auto_verify_command=1
2026-04-21 19:52:53 [kr36] page_result page=12 stage=channel status=deferred_blocked url=https://36kr.com/topics/ fetched=0 total_refs=22
2026-04-21 19:52:53 [kr36] round_end page=12 round=12/13 stage=channel status=ok url=https://36kr.com/topics/ fetched=0 total_refs=22 elapsed_ms=19499
2026-04-21 19:52:53 [kr36] 完成频道页，数据 0 条，累计 22 条
2026-04-21 19:52:53 [kr36] round_next round=13/13 stage=channel
2026-04-21 19:52:53 [kr36] round_start page=13 round=13/13 stage=channel url=https://36kr.com/activity/
2026-04-21 19:52:53 [kr36] 进入频道页，数据 0 条，累计 22 条
2026-04-21 19:52:53 [kr36] throttle_wait url=https://36kr.com/activity/ wait_ms=21745 global_wait_ms=21745 same_url_wait_ms=0
2026-04-21 19:53:15 [kr36] fetch_start url=https://36kr.com/activity/
2026-04-21 19:53:17 [kr36] risk_entered method=curl url=https://36kr.com/activity/ html_length=1460 has_verification_command=false
2026-04-21 19:53:17 [kr36] risk_detected method=curl url=https://36kr.com/activity/ no_auto_verify_command=1
2026-04-21 19:53:17 [kr36] page_result page=13 stage=channel status=deferred_blocked url=https://36kr.com/activity/ fetched=0 total_refs=22
2026-04-21 19:53:17 [kr36] round_end page=13 round=13/13 stage=channel status=ok url=https://36kr.com/activity/ fetched=0 total_refs=22 elapsed_ms=24370
2026-04-21 19:53:17 [kr36] 完成频道页，数据 0 条，累计 22 条
2026-04-21 19:53:17 [kr36] deferred_retry_round_start total=12 attempts_per_page=3
2026-04-21 19:53:17 [kr36] deferred_retry_start retry_page=1/12 attempt=1/3 stage=activity category=活动 url=https://36kr.com/activity
2026-04-21 19:53:17 [kr36] throttle_wait url=https://36kr.com/activity wait_ms=18119 global_wait_ms=18119 same_url_wait_ms=0
2026-04-21 19:53:35 [kr36] fetch_start url=https://36kr.com/activity
2026-04-21 19:53:38 [kr36] risk_entered method=curl url=https://36kr.com/activity html_length=1460 has_verification_command=false
2026-04-21 19:53:38 [kr36] risk_detected method=curl url=https://36kr.com/activity no_auto_verify_command=1
2026-04-21 19:53:38 [kr36] deferred_retry_attempt_blocked retry_page=1/12 attempt=1/3 stage=activity category=活动 url=https://36kr.com/activity
2026-04-21 19:53:38 [kr36] deferred_retry_start retry_page=1/12 attempt=2/3 stage=activity category=活动 url=https://36kr.com/activity
2026-04-21 19:53:38 [kr36] throttle_wait url=https://36kr.com/activity wait_ms=26243 global_wait_ms=26243 same_url_wait_ms=0
2026-04-21 19:54:04 [kr36] fetch_start url=https://36kr.com/activity
2026-04-21 19:54:06 [kr36] risk_entered method=curl url=https://36kr.com/activity html_length=1460 has_verification_command=false
2026-04-21 19:54:06 [kr36] risk_detected method=curl url=https://36kr.com/activity no_auto_verify_command=1
2026-04-21 19:54:06 [kr36] deferred_retry_attempt_blocked retry_page=1/12 attempt=2/3 stage=activity category=活动 url=https://36kr.com/activity
2026-04-21 19:54:06 [kr36] deferred_retry_start retry_page=1/12 attempt=3/3 stage=activity category=活动 url=https://36kr.com/activity
2026-04-21 19:54:06 [kr36] throttle_wait url=https://36kr.com/activity wait_ms=17900 global_wait_ms=17900 same_url_wait_ms=0
2026-04-21 19:54:24 [kr36] fetch_start url=https://36kr.com/activity
2026-04-21 19:54:25 [kr36] risk_entered method=curl url=https://36kr.com/activity html_length=1460 has_verification_command=false
2026-04-21 19:54:25 [kr36] risk_detected method=curl url=https://36kr.com/activity no_auto_verify_command=1
2026-04-21 19:54:25 [kr36] deferred_retry_attempt_blocked retry_page=1/12 attempt=3/3 stage=activity category=活动 url=https://36kr.com/activity
2026-04-21 19:54:25 [kr36] deferred_retry_result retry_page=1/12 stage=activity category=活动 status=still_blocked attempted=3 url=https://36kr.com/activity fetched=0 total_refs=22
2026-04-21 19:54:25 [kr36] deferred_retry_start retry_page=2/12 attempt=1/3 stage=search category=36氪独家 url=https://36kr.com/search/articles/36%E6%B0%AA%E7%8B%AC%E5%AE%B6
2026-04-21 19:54:25 [kr36] throttle_wait url=https://36kr.com/search/articles/36%E6%B0%AA%E7%8B%AC%E5%AE%B6 wait_ms=24465 global_wait_ms=24465 same_url_wait_ms=0
2026-04-21 19:54:50 [kr36] fetch_start url=https://36kr.com/search/articles/36%E6%B0%AA%E7%8B%AC%E5%AE%B6
2026-04-21 19:54:52 [kr36] risk_entered method=curl url=https://36kr.com/search/articles/36%E6%B0%AA%E7%8B%AC%E5%AE%B6 html_length=1460 has_verification_command=false
2026-04-21 19:54:52 [kr36] risk_detected method=curl url=https://36kr.com/search/articles/36%E6%B0%AA%E7%8B%AC%E5%AE%B6 no_auto_verify_command=1
2026-04-21 19:54:52 [kr36] deferred_retry_attempt_blocked retry_page=2/12 attempt=1/3 stage=search category=36氪独家 url=https://36kr.com/search/articles/36%E6%B0%AA%E7%8B%AC%E5%AE%B6
2026-04-21 19:54:52 [kr36] deferred_retry_start retry_page=2/12 attempt=2/3 stage=search category=36氪独家 url=https://36kr.com/search/articles/36%E6%B0%AA%E7%8B%AC%E5%AE%B6
2026-04-21 19:54:52 [kr36] throttle_wait url=https://36kr.com/search/articles/36%E6%B0%AA%E7%8B%AC%E5%AE%B6 wait_ms=13896 global_wait_ms=13896 same_url_wait_ms=0
2026-04-21 19:55:06 [kr36] fetch_start url=https://36kr.com/search/articles/36%E6%B0%AA%E7%8B%AC%E5%AE%B6
2026-04-21 19:55:07 [kr36] risk_entered method=curl url=https://36kr.com/search/articles/36%E6%B0%AA%E7%8B%AC%E5%AE%B6 html_length=1460 has_verification_command=false
2026-04-21 19:55:07 [kr36] risk_detected method=curl url=https://36kr.com/search/articles/36%E6%B0%AA%E7%8B%AC%E5%AE%B6 no_auto_verify_command=1
2026-04-21 19:55:07 [kr36] deferred_retry_attempt_blocked retry_page=2/12 attempt=2/3 stage=search category=36氪独家 url=https://36kr.com/search/articles/36%E6%B0%AA%E7%8B%AC%E5%AE%B6
2026-04-21 19:55:07 [kr36] deferred_retry_start retry_page=2/12 attempt=3/3 stage=search category=36氪独家 url=https://36kr.com/search/articles/36%E6%B0%AA%E7%8B%AC%E5%AE%B6
2026-04-21 19:55:07 [kr36] throttle_wait url=https://36kr.com/search/articles/36%E6%B0%AA%E7%8B%AC%E5%AE%B6 wait_ms=15136 global_wait_ms=15136 same_url_wait_ms=0
2026-04-21 19:55:22 [kr36] fetch_start url=https://36kr.com/search/articles/36%E6%B0%AA%E7%8B%AC%E5%AE%B6
2026-04-21 19:55:24 [kr36] risk_entered method=curl url=https://36kr.com/search/articles/36%E6%B0%AA%E7%8B%AC%E5%AE%B6 html_length=1460 has_verification_command=false
2026-04-21 19:55:24 [kr36] risk_detected method=curl url=https://36kr.com/search/articles/36%E6%B0%AA%E7%8B%AC%E5%AE%B6 no_auto_verify_command=1
2026-04-21 19:55:24 [kr36] deferred_retry_attempt_blocked retry_page=2/12 attempt=3/3 stage=search category=36氪独家 url=https://36kr.com/search/articles/36%E6%B0%AA%E7%8B%AC%E5%AE%B6
2026-04-21 19:55:24 [kr36] deferred_retry_result retry_page=2/12 stage=search category=36氪独家 status=still_blocked attempted=3 url=https://36kr.com/search/articles/36%E6%B0%AA%E7%8B%AC%E5%AE%B6 fetched=0 total_refs=22
2026-04-21 19:55:24 [kr36] deferred_retry_start retry_page=3/12 attempt=1/3 stage=search category=深氪 url=https://36kr.com/search/articles/%E6%B7%B1%E6%B0%AA
2026-04-21 19:55:24 [kr36] throttle_wait url=https://36kr.com/search/articles/%E6%B7%B1%E6%B0%AA wait_ms=17274 global_wait_ms=17274 same_url_wait_ms=0
2026-04-21 19:55:41 [kr36] fetch_start url=https://36kr.com/search/articles/%E6%B7%B1%E6%B0%AA
2026-04-21 19:55:43 [kr36] risk_entered method=curl url=https://36kr.com/search/articles/%E6%B7%B1%E6%B0%AA html_length=1460 has_verification_command=false
2026-04-21 19:55:43 [kr36] risk_detected method=curl url=https://36kr.com/search/articles/%E6%B7%B1%E6%B0%AA no_auto_verify_command=1
2026-04-21 19:55:43 [kr36] deferred_retry_attempt_blocked retry_page=3/12 attempt=1/3 stage=search category=深氪 url=https://36kr.com/search/articles/%E6%B7%B1%E6%B0%AA
2026-04-21 19:55:43 [kr36] deferred_retry_start retry_page=3/12 attempt=2/3 stage=search category=深氪 url=https://36kr.com/search/articles/%E6%B7%B1%E6%B0%AA
2026-04-21 19:55:43 [kr36] throttle_wait url=https://36kr.com/search/articles/%E6%B7%B1%E6%B0%AA wait_ms=16177 global_wait_ms=16177 same_url_wait_ms=0
2026-04-21 19:55:59 [kr36] fetch_start url=https://36kr.com/search/articles/%E6%B7%B1%E6%B0%AA
2026-04-21 19:56:01 [kr36] risk_entered method=curl url=https://36kr.com/search/articles/%E6%B7%B1%E6%B0%AA html_length=1460 has_verification_command=false
2026-04-21 19:56:01 [kr36] risk_detected method=curl url=https://36kr.com/search/articles/%E6%B7%B1%E6%B0%AA no_auto_verify_command=1
2026-04-21 19:56:01 [kr36] deferred_retry_attempt_blocked retry_page=3/12 attempt=2/3 stage=search category=深氪 url=https://36kr.com/search/articles/%E6%B7%B1%E6%B0%AA
2026-04-21 19:56:01 [kr36] deferred_retry_start retry_page=3/12 attempt=3/3 stage=search category=深氪 url=https://36kr.com/search/articles/%E6%B7%B1%E6%B0%AA
2026-04-21 19:56:01 [kr36] throttle_wait url=https://36kr.com/search/articles/%E6%B7%B1%E6%B0%AA wait_ms=17397 global_wait_ms=17397 same_url_wait_ms=0
2026-04-21 19:56:18 [kr36] fetch_start url=https://36kr.com/search/articles/%E6%B7%B1%E6%B0%AA
2026-04-21 19:56:20 [kr36] risk_entered method=curl url=https://36kr.com/search/articles/%E6%B7%B1%E6%B0%AA html_length=1460 has_verification_command=false
2026-04-21 19:56:20 [kr36] risk_detected method=curl url=https://36kr.com/search/articles/%E6%B7%B1%E6%B0%AA no_auto_verify_command=1
2026-04-21 19:56:20 [kr36] deferred_retry_attempt_blocked retry_page=3/12 attempt=3/3 stage=search category=深氪 url=https://36kr.com/search/articles/%E6%B7%B1%E6%B0%AA
2026-04-21 19:56:20 [kr36] deferred_retry_result retry_page=3/12 stage=search category=深氪 status=still_blocked attempted=3 url=https://36kr.com/search/articles/%E6%B7%B1%E6%B0%AA fetched=0 total_refs=22
2026-04-21 19:56:20 [kr36] deferred_retry_start retry_page=4/12 attempt=1/3 stage=search category=后浪白皮书 url=https://36kr.com/search/articles/%E5%90%8E%E6%B5%AA%E7%99%BD%E7%9A%AE%E4%B9%A6
2026-04-21 19:56:20 [kr36] throttle_wait url=https://36kr.com/search/articles/%E5%90%8E%E6%B5%AA%E7%99%BD%E7%9A%AE%E4%B9%A6 wait_ms=20114 global_wait_ms=20114 same_url_wait_ms=0
2026-04-21 19:56:40 [kr36] fetch_start url=https://36kr.com/search/articles/%E5%90%8E%E6%B5%AA%E7%99%BD%E7%9A%AE%E4%B9%A6
2026-04-21 19:56:42 [kr36] risk_entered method=curl url=https://36kr.com/search/articles/%E5%90%8E%E6%B5%AA%E7%99%BD%E7%9A%AE%E4%B9%A6 html_length=1460 has_verification_command=false
2026-04-21 19:56:42 [kr36] risk_detected method=curl url=https://36kr.com/search/articles/%E5%90%8E%E6%B5%AA%E7%99%BD%E7%9A%AE%E4%B9%A6 no_auto_verify_command=1
2026-04-21 19:56:42 [kr36] deferred_retry_attempt_blocked retry_page=4/12 attempt=1/3 stage=search category=后浪白皮书 url=https://36kr.com/search/articles/%E5%90%8E%E6%B5%AA%E7%99%BD%E7%9A%AE%E4%B9%A6
2026-04-21 19:56:42 [kr36] deferred_retry_start retry_page=4/12 attempt=2/3 stage=search category=后浪白皮书 url=https://36kr.com/search/articles/%E5%90%8E%E6%B5%AA%E7%99%BD%E7%9A%AE%E4%B9%A6
2026-04-21 19:56:42 [kr36] throttle_wait url=https://36kr.com/search/articles/%E5%90%8E%E6%B5%AA%E7%99%BD%E7%9A%AE%E4%B9%A6 wait_ms=26173 global_wait_ms=26173 same_url_wait_ms=0
2026-04-21 19:57:08 [kr36] fetch_start url=https://36kr.com/search/articles/%E5%90%8E%E6%B5%AA%E7%99%BD%E7%9A%AE%E4%B9%A6
2026-04-21 19:57:10 [kr36] risk_entered method=curl url=https://36kr.com/search/articles/%E5%90%8E%E6%B5%AA%E7%99%BD%E7%9A%AE%E4%B9%A6 html_length=1460 has_verification_command=false
2026-04-21 19:57:10 [kr36] risk_detected method=curl url=https://36kr.com/search/articles/%E5%90%8E%E6%B5%AA%E7%99%BD%E7%9A%AE%E4%B9%A6 no_auto_verify_command=1
2026-04-21 19:57:10 [kr36] deferred_retry_attempt_blocked retry_page=4/12 attempt=2/3 stage=search category=后浪白皮书 url=https://36kr.com/search/articles/%E5%90%8E%E6%B5%AA%E7%99%BD%E7%9A%AE%E4%B9%A6
2026-04-21 19:57:10 [kr36] deferred_retry_start retry_page=4/12 attempt=3/3 stage=search category=后浪白皮书 url=https://36kr.com/search/articles/%E5%90%8E%E6%B5%AA%E7%99%BD%E7%9A%AE%E4%B9%A6
2026-04-21 19:57:10 [kr36] throttle_wait url=https://36kr.com/search/articles/%E5%90%8E%E6%B5%AA%E7%99%BD%E7%9A%AE%E4%B9%A6 wait_ms=26478 global_wait_ms=26478 same_url_wait_ms=0
2026-04-21 19:57:36 [kr36] fetch_start url=https://36kr.com/search/articles/%E5%90%8E%E6%B5%AA%E7%99%BD%E7%9A%AE%E4%B9%A6
2026-04-21 19:57:38 [kr36] risk_entered method=curl url=https://36kr.com/search/articles/%E5%90%8E%E6%B5%AA%E7%99%BD%E7%9A%AE%E4%B9%A6 html_length=1460 has_verification_command=false
2026-04-21 19:57:38 [kr36] risk_detected method=curl url=https://36kr.com/search/articles/%E5%90%8E%E6%B5%AA%E7%99%BD%E7%9A%AE%E4%B9%A6 no_auto_verify_command=1
2026-04-21 19:57:38 [kr36] deferred_retry_attempt_blocked retry_page=4/12 attempt=3/3 stage=search category=后浪白皮书 url=https://36kr.com/search/articles/%E5%90%8E%E6%B5%AA%E7%99%BD%E7%9A%AE%E4%B9%A6
2026-04-21 19:57:38 [kr36] deferred_retry_result retry_page=4/12 stage=search category=后浪白皮书 status=still_blocked attempted=3 url=https://36kr.com/search/articles/%E5%90%8E%E6%B5%AA%E7%99%BD%E7%9A%AE%E4%B9%A6 fetched=0 total_refs=22
2026-04-21 19:57:38 [kr36] deferred_retry_start retry_page=5/12 attempt=1/3 stage=search category=行业日报 url=https://36kr.com/search/articles/%E8%A1%8C%E4%B8%9A%E6%97%A5%E6%8A%A5
2026-04-21 19:57:38 [kr36] throttle_wait url=https://36kr.com/search/articles/%E8%A1%8C%E4%B8%9A%E6%97%A5%E6%8A%A5 wait_ms=16106 global_wait_ms=16106 same_url_wait_ms=0
2026-04-21 19:57:54 [kr36] fetch_start url=https://36kr.com/search/articles/%E8%A1%8C%E4%B8%9A%E6%97%A5%E6%8A%A5
2026-04-21 19:57:55 [kr36] risk_entered method=curl url=https://36kr.com/search/articles/%E8%A1%8C%E4%B8%9A%E6%97%A5%E6%8A%A5 html_length=1460 has_verification_command=false
2026-04-21 19:57:55 [kr36] risk_detected method=curl url=https://36kr.com/search/articles/%E8%A1%8C%E4%B8%9A%E6%97%A5%E6%8A%A5 no_auto_verify_command=1
2026-04-21 19:57:55 [kr36] deferred_retry_attempt_blocked retry_page=5/12 attempt=1/3 stage=search category=行业日报 url=https://36kr.com/search/articles/%E8%A1%8C%E4%B8%9A%E6%97%A5%E6%8A%A5
2026-04-21 19:57:55 [kr36] deferred_retry_start retry_page=5/12 attempt=2/3 stage=search category=行业日报 url=https://36kr.com/search/articles/%E8%A1%8C%E4%B8%9A%E6%97%A5%E6%8A%A5
2026-04-21 19:57:55 [kr36] throttle_wait url=https://36kr.com/search/articles/%E8%A1%8C%E4%B8%9A%E6%97%A5%E6%8A%A5 wait_ms=14022 global_wait_ms=14022 same_url_wait_ms=0
2026-04-21 19:58:10 [kr36] fetch_start url=https://36kr.com/search/articles/%E8%A1%8C%E4%B8%9A%E6%97%A5%E6%8A%A5
2026-04-21 19:58:11 [kr36] risk_entered method=curl url=https://36kr.com/search/articles/%E8%A1%8C%E4%B8%9A%E6%97%A5%E6%8A%A5 html_length=1460 has_verification_command=false
2026-04-21 19:58:11 [kr36] risk_detected method=curl url=https://36kr.com/search/articles/%E8%A1%8C%E4%B8%9A%E6%97%A5%E6%8A%A5 no_auto_verify_command=1
2026-04-21 19:58:11 [kr36] deferred_retry_attempt_blocked retry_page=5/12 attempt=2/3 stage=search category=行业日报 url=https://36kr.com/search/articles/%E8%A1%8C%E4%B8%9A%E6%97%A5%E6%8A%A5
2026-04-21 19:58:11 [kr36] deferred_retry_start retry_page=5/12 attempt=3/3 stage=search category=行业日报 url=https://36kr.com/search/articles/%E8%A1%8C%E4%B8%9A%E6%97%A5%E6%8A%A5
2026-04-21 19:58:11 [kr36] throttle_wait url=https://36kr.com/search/articles/%E8%A1%8C%E4%B8%9A%E6%97%A5%E6%8A%A5 wait_ms=15679 global_wait_ms=15679 same_url_wait_ms=0
2026-04-21 19:58:27 [kr36] fetch_start url=https://36kr.com/search/articles/%E8%A1%8C%E4%B8%9A%E6%97%A5%E6%8A%A5
2026-04-21 19:58:28 [kr36] risk_entered method=curl url=https://36kr.com/search/articles/%E8%A1%8C%E4%B8%9A%E6%97%A5%E6%8A%A5 html_length=1460 has_verification_command=false
2026-04-21 19:58:28 [kr36] risk_detected method=curl url=https://36kr.com/search/articles/%E8%A1%8C%E4%B8%9A%E6%97%A5%E6%8A%A5 no_auto_verify_command=1
2026-04-21 19:58:28 [kr36] deferred_retry_attempt_blocked retry_page=5/12 attempt=3/3 stage=search category=行业日报 url=https://36kr.com/search/articles/%E8%A1%8C%E4%B8%9A%E6%97%A5%E6%8A%A5
2026-04-21 19:58:28 [kr36] deferred_retry_result retry_page=5/12 stage=search category=行业日报 status=still_blocked attempted=3 url=https://36kr.com/search/articles/%E8%A1%8C%E4%B8%9A%E6%97%A5%E6%8A%A5 fetched=0 total_refs=22
2026-04-21 19:58:28 [kr36] deferred_retry_start retry_page=6/12 attempt=1/3 stage=search category=Long China 50 url=https://36kr.com/search/articles/Long%20China%2050
2026-04-21 19:58:28 [kr36] throttle_wait url=https://36kr.com/search/articles/Long%20China%2050 wait_ms=16697 global_wait_ms=16697 same_url_wait_ms=0
2026-04-21 19:58:45 [kr36] fetch_start url=https://36kr.com/search/articles/Long%20China%2050
2026-04-21 19:58:47 [kr36] risk_entered method=curl url=https://36kr.com/search/articles/Long%20China%2050 html_length=1460 has_verification_command=false
2026-04-21 19:58:47 [kr36] risk_detected method=curl url=https://36kr.com/search/articles/Long%20China%2050 no_auto_verify_command=1
2026-04-21 19:58:47 [kr36] deferred_retry_attempt_blocked retry_page=6/12 attempt=1/3 stage=search category=Long China 50 url=https://36kr.com/search/articles/Long%20China%2050
2026-04-21 19:58:47 [kr36] deferred_retry_start retry_page=6/12 attempt=2/3 stage=search category=Long China 50 url=https://36kr.com/search/articles/Long%20China%2050
2026-04-21 19:58:47 [kr36] throttle_wait url=https://36kr.com/search/articles/Long%20China%2050 wait_ms=21288 global_wait_ms=21288 same_url_wait_ms=0
2026-04-21 19:59:08 [kr36] fetch_start url=https://36kr.com/search/articles/Long%20China%2050
2026-04-21 19:59:11 [kr36] risk_entered method=curl url=https://36kr.com/search/articles/Long%20China%2050 html_length=1460 has_verification_command=false
2026-04-21 19:59:11 [kr36] risk_detected method=curl url=https://36kr.com/search/articles/Long%20China%2050 no_auto_verify_command=1
2026-04-21 19:59:11 [kr36] deferred_retry_attempt_blocked retry_page=6/12 attempt=2/3 stage=search category=Long China 50 url=https://36kr.com/search/articles/Long%20China%2050
2026-04-21 19:59:11 [kr36] deferred_retry_start retry_page=6/12 attempt=3/3 stage=search category=Long China 50 url=https://36kr.com/search/articles/Long%20China%2050
2026-04-21 19:59:11 [kr36] throttle_wait url=https://36kr.com/search/articles/Long%20China%2050 wait_ms=27191 global_wait_ms=27191 same_url_wait_ms=0
2026-04-21 19:59:38 [kr36] fetch_start url=https://36kr.com/search/articles/Long%20China%2050
2026-04-21 19:59:40 [kr36] risk_entered method=curl url=https://36kr.com/search/articles/Long%20China%2050 html_length=1460 has_verification_command=false
2026-04-21 19:59:40 [kr36] risk_detected method=curl url=https://36kr.com/search/articles/Long%20China%2050 no_auto_verify_command=1
2026-04-21 19:59:40 [kr36] deferred_retry_attempt_blocked retry_page=6/12 attempt=3/3 stage=search category=Long China 50 url=https://36kr.com/search/articles/Long%20China%2050
2026-04-21 19:59:40 [kr36] deferred_retry_result retry_page=6/12 stage=search category=Long China 50 status=still_blocked attempted=3 url=https://36kr.com/search/articles/Long%20China%2050 fetched=0 total_refs=22
2026-04-21 19:59:40 [kr36] deferred_retry_start retry_page=7/12 attempt=1/3 stage=search category=投资派 url=https://36kr.com/search/articles/%E6%8A%95%E8%B5%84%E6%B4%BE
2026-04-21 19:59:40 [kr36] throttle_wait url=https://36kr.com/search/articles/%E6%8A%95%E8%B5%84%E6%B4%BE wait_ms=26580 global_wait_ms=26580 same_url_wait_ms=0
2026-04-21 20:00:06 [kr36] fetch_start url=https://36kr.com/search/articles/%E6%8A%95%E8%B5%84%E6%B4%BE
2026-04-21 20:00:09 [kr36] risk_entered method=curl url=https://36kr.com/search/articles/%E6%8A%95%E8%B5%84%E6%B4%BE html_length=1460 has_verification_command=false
2026-04-21 20:00:09 [kr36] risk_detected method=curl url=https://36kr.com/search/articles/%E6%8A%95%E8%B5%84%E6%B4%BE no_auto_verify_command=1
2026-04-21 20:00:09 [kr36] deferred_retry_attempt_blocked retry_page=7/12 attempt=1/3 stage=search category=投资派 url=https://36kr.com/search/articles/%E6%8A%95%E8%B5%84%E6%B4%BE
2026-04-21 20:00:09 [kr36] deferred_retry_start retry_page=7/12 attempt=2/3 stage=search category=投资派 url=https://36kr.com/search/articles/%E6%8A%95%E8%B5%84%E6%B4%BE
2026-04-21 20:00:09 [kr36] throttle_wait url=https://36kr.com/search/articles/%E6%8A%95%E8%B5%84%E6%B4%BE wait_ms=12514 global_wait_ms=12514 same_url_wait_ms=0
2026-04-21 20:00:22 [kr36] fetch_start url=https://36kr.com/search/articles/%E6%8A%95%E8%B5%84%E6%B4%BE
2026-04-21 20:00:24 [kr36] risk_entered method=curl url=https://36kr.com/search/articles/%E6%8A%95%E8%B5%84%E6%B4%BE html_length=1460 has_verification_command=false
2026-04-21 20:00:24 [kr36] risk_detected method=curl url=https://36kr.com/search/articles/%E6%8A%95%E8%B5%84%E6%B4%BE no_auto_verify_command=1
2026-04-21 20:00:24 [kr36] deferred_retry_attempt_blocked retry_page=7/12 attempt=2/3 stage=search category=投资派 url=https://36kr.com/search/articles/%E6%8A%95%E8%B5%84%E6%B4%BE
2026-04-21 20:00:24 [kr36] deferred_retry_start retry_page=7/12 attempt=3/3 stage=search category=投资派 url=https://36kr.com/search/articles/%E6%8A%95%E8%B5%84%E6%B4%BE
2026-04-21 20:00:24 [kr36] throttle_wait url=https://36kr.com/search/articles/%E6%8A%95%E8%B5%84%E6%B4%BE wait_ms=16481 global_wait_ms=16481 same_url_wait_ms=0
2026-04-21 20:00:41 [kr36] fetch_start url=https://36kr.com/search/articles/%E6%8A%95%E8%B5%84%E6%B4%BE
2026-04-21 20:00:43 [kr36] risk_entered method=curl url=https://36kr.com/search/articles/%E6%8A%95%E8%B5%84%E6%B4%BE html_length=1460 has_verification_command=false
2026-04-21 20:00:43 [kr36] risk_detected method=curl url=https://36kr.com/search/articles/%E6%8A%95%E8%B5%84%E6%B4%BE no_auto_verify_command=1
2026-04-21 20:00:43 [kr36] deferred_retry_attempt_blocked retry_page=7/12 attempt=3/3 stage=search category=投资派 url=https://36kr.com/search/articles/%E6%8A%95%E8%B5%84%E6%B4%BE
2026-04-21 20:00:43 [kr36] deferred_retry_result retry_page=7/12 stage=search category=投资派 status=still_blocked attempted=3 url=https://36kr.com/search/articles/%E6%8A%95%E8%B5%84%E6%B4%BE fetched=0 total_refs=22
2026-04-21 20:00:43 [kr36] deferred_retry_start retry_page=8/12 attempt=1/3 stage=search category=新青年观察 url=https://36kr.com/search/articles/%E6%96%B0%E9%9D%92%E5%B9%B4%E8%A7%82%E5%AF%9F
2026-04-21 20:00:43 [kr36] throttle_wait url=https://36kr.com/search/articles/%E6%96%B0%E9%9D%92%E5%B9%B4%E8%A7%82%E5%AF%9F wait_ms=14908 global_wait_ms=14908 same_url_wait_ms=0
2026-04-21 20:00:58 [kr36] fetch_start url=https://36kr.com/search/articles/%E6%96%B0%E9%9D%92%E5%B9%B4%E8%A7%82%E5%AF%9F
2026-04-21 20:01:01 [kr36] risk_entered method=curl url=https://36kr.com/search/articles/%E6%96%B0%E9%9D%92%E5%B9%B4%E8%A7%82%E5%AF%9F html_length=1460 has_verification_command=false
2026-04-21 20:01:01 [kr36] risk_detected method=curl url=https://36kr.com/search/articles/%E6%96%B0%E9%9D%92%E5%B9%B4%E8%A7%82%E5%AF%9F no_auto_verify_command=1
2026-04-21 20:01:01 [kr36] deferred_retry_attempt_blocked retry_page=8/12 attempt=1/3 stage=search category=新青年观察 url=https://36kr.com/search/articles/%E6%96%B0%E9%9D%92%E5%B9%B4%E8%A7%82%E5%AF%9F
2026-04-21 20:01:01 [kr36] deferred_retry_start retry_page=8/12 attempt=2/3 stage=search category=新青年观察 url=https://36kr.com/search/articles/%E6%96%B0%E9%9D%92%E5%B9%B4%E8%A7%82%E5%AF%9F
2026-04-21 20:01:01 [kr36] throttle_wait url=https://36kr.com/search/articles/%E6%96%B0%E9%9D%92%E5%B9%B4%E8%A7%82%E5%AF%9F wait_ms=15356 global_wait_ms=15356 same_url_wait_ms=0
2026-04-21 20:01:16 [kr36] fetch_start url=https://36kr.com/search/articles/%E6%96%B0%E9%9D%92%E5%B9%B4%E8%A7%82%E5%AF%9F
2026-04-21 20:01:17 [kr36] risk_entered method=curl url=https://36kr.com/search/articles/%E6%96%B0%E9%9D%92%E5%B9%B4%E8%A7%82%E5%AF%9F html_length=1460 has_verification_command=false
2026-04-21 20:01:17 [kr36] risk_detected method=curl url=https://36kr.com/search/articles/%E6%96%B0%E9%9D%92%E5%B9%B4%E8%A7%82%E5%AF%9F no_auto_verify_command=1
2026-04-21 20:01:17 [kr36] deferred_retry_attempt_blocked retry_page=8/12 attempt=2/3 stage=search category=新青年观察 url=https://36kr.com/search/articles/%E6%96%B0%E9%9D%92%E5%B9%B4%E8%A7%82%E5%AF%9F
2026-04-21 20:01:17 [kr36] deferred_retry_start retry_page=8/12 attempt=3/3 stage=search category=新青年观察 url=https://36kr.com/search/articles/%E6%96%B0%E9%9D%92%E5%B9%B4%E8%A7%82%E5%AF%9F
2026-04-21 20:01:17 [kr36] throttle_wait url=https://36kr.com/search/articles/%E6%96%B0%E9%9D%92%E5%B9%B4%E8%A7%82%E5%AF%9F wait_ms=22950 global_wait_ms=22950 same_url_wait_ms=0
2026-04-21 20:01:40 [kr36] fetch_start url=https://36kr.com/search/articles/%E6%96%B0%E9%9D%92%E5%B9%B4%E8%A7%82%E5%AF%9F
2026-04-21 20:01:43 [kr36] risk_entered method=curl url=https://36kr.com/search/articles/%E6%96%B0%E9%9D%92%E5%B9%B4%E8%A7%82%E5%AF%9F html_length=1460 has_verification_command=false
2026-04-21 20:01:43 [kr36] risk_detected method=curl url=https://36kr.com/search/articles/%E6%96%B0%E9%9D%92%E5%B9%B4%E8%A7%82%E5%AF%9F no_auto_verify_command=1
2026-04-21 20:01:43 [kr36] deferred_retry_attempt_blocked retry_page=8/12 attempt=3/3 stage=search category=新青年观察 url=https://36kr.com/search/articles/%E6%96%B0%E9%9D%92%E5%B9%B4%E8%A7%82%E5%AF%9F
2026-04-21 20:01:43 [kr36] deferred_retry_result retry_page=8/12 stage=search category=新青年观察 status=still_blocked attempted=3 url=https://36kr.com/search/articles/%E6%96%B0%E9%9D%92%E5%B9%B4%E8%A7%82%E5%AF%9F fetched=0 total_refs=22
2026-04-21 20:01:43 [kr36] deferred_retry_start retry_page=9/12 attempt=1/3 stage=search category=KRLab url=https://36kr.com/search/articles/KRLab
2026-04-21 20:01:43 [kr36] throttle_wait url=https://36kr.com/search/articles/KRLab wait_ms=23300 global_wait_ms=23300 same_url_wait_ms=0
2026-04-21 20:02:06 [kr36] fetch_start url=https://36kr.com/search/articles/KRLab
2026-04-21 20:02:09 [kr36] risk_entered method=curl url=https://36kr.com/search/articles/KRLab html_length=1460 has_verification_command=false
2026-04-21 20:02:09 [kr36] risk_detected method=curl url=https://36kr.com/search/articles/KRLab no_auto_verify_command=1
2026-04-21 20:02:09 [kr36] deferred_retry_attempt_blocked retry_page=9/12 attempt=1/3 stage=search category=KRLab url=https://36kr.com/search/articles/KRLab
2026-04-21 20:02:09 [kr36] deferred_retry_start retry_page=9/12 attempt=2/3 stage=search category=KRLab url=https://36kr.com/search/articles/KRLab
2026-04-21 20:02:09 [kr36] throttle_wait url=https://36kr.com/search/articles/KRLab wait_ms=24282 global_wait_ms=24282 same_url_wait_ms=0
2026-04-21 20:02:33 [kr36] fetch_start url=https://36kr.com/search/articles/KRLab
2026-04-21 20:02:35 [kr36] risk_entered method=curl url=https://36kr.com/search/articles/KRLab html_length=1460 has_verification_command=false
2026-04-21 20:02:35 [kr36] risk_detected method=curl url=https://36kr.com/search/articles/KRLab no_auto_verify_command=1
2026-04-21 20:02:35 [kr36] deferred_retry_attempt_blocked retry_page=9/12 attempt=2/3 stage=search category=KRLab url=https://36kr.com/search/articles/KRLab
2026-04-21 20:02:35 [kr36] deferred_retry_start retry_page=9/12 attempt=3/3 stage=search category=KRLab url=https://36kr.com/search/articles/KRLab
2026-04-21 20:02:35 [kr36] throttle_wait url=https://36kr.com/search/articles/KRLab wait_ms=17310 global_wait_ms=17310 same_url_wait_ms=0
2026-04-21 20:02:52 [kr36] fetch_start url=https://36kr.com/search/articles/KRLab
2026-04-21 20:02:54 [kr36] risk_entered method=curl url=https://36kr.com/search/articles/KRLab html_length=1460 has_verification_command=false
2026-04-21 20:02:54 [kr36] risk_detected method=curl url=https://36kr.com/search/articles/KRLab no_auto_verify_command=1
2026-04-21 20:02:54 [kr36] deferred_retry_attempt_blocked retry_page=9/12 attempt=3/3 stage=search category=KRLab url=https://36kr.com/search/articles/KRLab
2026-04-21 20:02:54 [kr36] deferred_retry_result retry_page=9/12 stage=search category=KRLab status=still_blocked attempted=3 url=https://36kr.com/search/articles/KRLab fetched=0 total_refs=22
2026-04-21 20:02:54 [kr36] deferred_retry_start retry_page=10/12 attempt=1/3 stage=search category=数智前瞻 url=https://36kr.com/search/articles/%E6%95%B0%E6%99%BA%E5%89%8D%E7%9E%BB
2026-04-21 20:02:54 [kr36] throttle_wait url=https://36kr.com/search/articles/%E6%95%B0%E6%99%BA%E5%89%8D%E7%9E%BB wait_ms=25041 global_wait_ms=25041 same_url_wait_ms=0
2026-04-21 20:03:19 [kr36] fetch_start url=https://36kr.com/search/articles/%E6%95%B0%E6%99%BA%E5%89%8D%E7%9E%BB
2026-04-21 20:03:21 [kr36] risk_entered method=curl url=https://36kr.com/search/articles/%E6%95%B0%E6%99%BA%E5%89%8D%E7%9E%BB html_length=1460 has_verification_command=false
2026-04-21 20:03:21 [kr36] risk_detected method=curl url=https://36kr.com/search/articles/%E6%95%B0%E6%99%BA%E5%89%8D%E7%9E%BB no_auto_verify_command=1
2026-04-21 20:03:21 [kr36] deferred_retry_attempt_blocked retry_page=10/12 attempt=1/3 stage=search category=数智前瞻 url=https://36kr.com/search/articles/%E6%95%B0%E6%99%BA%E5%89%8D%E7%9E%BB
2026-04-21 20:03:21 [kr36] deferred_retry_start retry_page=10/12 attempt=2/3 stage=search category=数智前瞻 url=https://36kr.com/search/articles/%E6%95%B0%E6%99%BA%E5%89%8D%E7%9E%BB
2026-04-21 20:03:21 [kr36] throttle_wait url=https://36kr.com/search/articles/%E6%95%B0%E6%99%BA%E5%89%8D%E7%9E%BB wait_ms=26473 global_wait_ms=26473 same_url_wait_ms=0
2026-04-21 20:03:48 [kr36] fetch_start url=https://36kr.com/search/articles/%E6%95%B0%E6%99%BA%E5%89%8D%E7%9E%BB
2026-04-21 20:03:49 [kr36] risk_entered method=curl url=https://36kr.com/search/articles/%E6%95%B0%E6%99%BA%E5%89%8D%E7%9E%BB html_length=1460 has_verification_command=false
2026-04-21 20:03:49 [kr36] risk_detected method=curl url=https://36kr.com/search/articles/%E6%95%B0%E6%99%BA%E5%89%8D%E7%9E%BB no_auto_verify_command=1
2026-04-21 20:03:49 [kr36] deferred_retry_attempt_blocked retry_page=10/12 attempt=2/3 stage=search category=数智前瞻 url=https://36kr.com/search/articles/%E6%95%B0%E6%99%BA%E5%89%8D%E7%9E%BB
2026-04-21 20:03:49 [kr36] deferred_retry_start retry_page=10/12 attempt=3/3 stage=search category=数智前瞻 url=https://36kr.com/search/articles/%E6%95%B0%E6%99%BA%E5%89%8D%E7%9E%BB
2026-04-21 20:03:49 [kr36] throttle_wait url=https://36kr.com/search/articles/%E6%95%B0%E6%99%BA%E5%89%8D%E7%9E%BB wait_ms=22961 global_wait_ms=22961 same_url_wait_ms=0
2026-04-21 20:04:12 [kr36] fetch_start url=https://36kr.com/search/articles/%E6%95%B0%E6%99%BA%E5%89%8D%E7%9E%BB
2026-04-21 20:04:14 [kr36] risk_entered method=curl url=https://36kr.com/search/articles/%E6%95%B0%E6%99%BA%E5%89%8D%E7%9E%BB html_length=1460 has_verification_command=false
2026-04-21 20:04:14 [kr36] risk_detected method=curl url=https://36kr.com/search/articles/%E6%95%B0%E6%99%BA%E5%89%8D%E7%9E%BB no_auto_verify_command=1
2026-04-21 20:04:14 [kr36] deferred_retry_attempt_blocked retry_page=10/12 attempt=3/3 stage=search category=数智前瞻 url=https://36kr.com/search/articles/%E6%95%B0%E6%99%BA%E5%89%8D%E7%9E%BB
2026-04-21 20:04:14 [kr36] deferred_retry_result retry_page=10/12 stage=search category=数智前瞻 status=still_blocked attempted=3 url=https://36kr.com/search/articles/%E6%95%B0%E6%99%BA%E5%89%8D%E7%9E%BB fetched=0 total_refs=22
2026-04-21 20:04:14 [kr36] deferred_retry_start retry_page=11/12 attempt=1/3 stage=channel category=channel url=https://36kr.com/topics/
2026-04-21 20:04:14 [kr36] throttle_wait url=https://36kr.com/topics/ wait_ms=20254 global_wait_ms=20254 same_url_wait_ms=0
2026-04-21 20:04:34 [kr36] fetch_start url=https://36kr.com/topics/
2026-04-21 20:04:36 [kr36] risk_entered method=curl url=https://36kr.com/topics/ html_length=1460 has_verification_command=false
2026-04-21 20:04:36 [kr36] risk_detected method=curl url=https://36kr.com/topics/ no_auto_verify_command=1
2026-04-21 20:04:36 [kr36] deferred_retry_attempt_blocked retry_page=11/12 attempt=1/3 stage=channel category=channel url=https://36kr.com/topics/
2026-04-21 20:04:36 [kr36] deferred_retry_start retry_page=11/12 attempt=2/3 stage=channel category=channel url=https://36kr.com/topics/
2026-04-21 20:04:36 [kr36] throttle_wait url=https://36kr.com/topics/ wait_ms=21119 global_wait_ms=21119 same_url_wait_ms=0
2026-04-21 20:04:57 [kr36] fetch_start url=https://36kr.com/topics/
2026-04-21 20:04:59 [kr36] risk_entered method=curl url=https://36kr.com/topics/ html_length=1460 has_verification_command=false
2026-04-21 20:04:59 [kr36] risk_detected method=curl url=https://36kr.com/topics/ no_auto_verify_command=1
2026-04-21 20:04:59 [kr36] deferred_retry_attempt_blocked retry_page=11/12 attempt=2/3 stage=channel category=channel url=https://36kr.com/topics/
2026-04-21 20:04:59 [kr36] deferred_retry_start retry_page=11/12 attempt=3/3 stage=channel category=channel url=https://36kr.com/topics/
2026-04-21 20:04:59 [kr36] throttle_wait url=https://36kr.com/topics/ wait_ms=18128 global_wait_ms=18128 same_url_wait_ms=0
2026-04-21 20:05:17 [kr36] fetch_start url=https://36kr.com/topics/
2026-04-21 20:05:18 [kr36] risk_entered method=curl url=https://36kr.com/topics/ html_length=1460 has_verification_command=false
2026-04-21 20:05:18 [kr36] risk_detected method=curl url=https://36kr.com/topics/ no_auto_verify_command=1
2026-04-21 20:05:18 [kr36] deferred_retry_attempt_blocked retry_page=11/12 attempt=3/3 stage=channel category=channel url=https://36kr.com/topics/
2026-04-21 20:05:18 [kr36] deferred_retry_result retry_page=11/12 stage=channel category=channel status=still_blocked attempted=3 url=https://36kr.com/topics/ fetched=0 total_refs=22
2026-04-21 20:05:18 [kr36] deferred_retry_start retry_page=12/12 attempt=1/3 stage=channel category=channel url=https://36kr.com/activity/
2026-04-21 20:05:18 [kr36] throttle_wait url=https://36kr.com/activity/ wait_ms=16497 global_wait_ms=16497 same_url_wait_ms=0
2026-04-21 20:05:35 [kr36] fetch_start url=https://36kr.com/activity/
2026-04-21 20:05:36 [kr36] risk_entered method=curl url=https://36kr.com/activity/ html_length=1460 has_verification_command=false
2026-04-21 20:05:36 [kr36] risk_detected method=curl url=https://36kr.com/activity/ no_auto_verify_command=1
2026-04-21 20:05:36 [kr36] deferred_retry_attempt_blocked retry_page=12/12 attempt=1/3 stage=channel category=channel url=https://36kr.com/activity/
2026-04-21 20:05:36 [kr36] deferred_retry_start retry_page=12/12 attempt=2/3 stage=channel category=channel url=https://36kr.com/activity/
2026-04-21 20:05:36 [kr36] throttle_wait url=https://36kr.com/activity/ wait_ms=26797 global_wait_ms=26797 same_url_wait_ms=0
2026-04-21 20:06:03 [kr36] fetch_start url=https://36kr.com/activity/
2026-04-21 20:06:05 [kr36] risk_entered method=curl url=https://36kr.com/activity/ html_length=1460 has_verification_command=false
2026-04-21 20:06:05 [kr36] risk_detected method=curl url=https://36kr.com/activity/ no_auto_verify_command=1
2026-04-21 20:06:05 [kr36] deferred_retry_attempt_blocked retry_page=12/12 attempt=2/3 stage=channel category=channel url=https://36kr.com/activity/
2026-04-21 20:06:05 [kr36] deferred_retry_start retry_page=12/12 attempt=3/3 stage=channel category=channel url=https://36kr.com/activity/
2026-04-21 20:06:05 [kr36] throttle_wait url=https://36kr.com/activity/ wait_ms=16380 global_wait_ms=16380 same_url_wait_ms=0
2026-04-21 20:06:21 [kr36] fetch_start url=https://36kr.com/activity/
2026-04-21 20:06:23 [kr36] risk_entered method=curl url=https://36kr.com/activity/ html_length=1460 has_verification_command=false
2026-04-21 20:06:23 [kr36] risk_detected method=curl url=https://36kr.com/activity/ no_auto_verify_command=1
2026-04-21 20:06:23 [kr36] deferred_retry_attempt_blocked retry_page=12/12 attempt=3/3 stage=channel category=channel url=https://36kr.com/activity/
2026-04-21 20:06:23 [kr36] deferred_retry_result retry_page=12/12 stage=channel category=channel status=still_blocked attempted=3 url=https://36kr.com/activity/ fetched=0 total_refs=22
2026-04-21 20:06:23 [kr36] deferred_retry_round_end total_refs=22 retried=12 retry_success=0 retry_still_blocked=12
2026-04-21 20:06:23 [kr36] listing_end report_date=2026-04-21 total_refs=22 stopped_by=normal_complete
