[kr36] 2026-04-23 15:17:40 starting daily brief run (no email)...
[kr36] PROJECT_ROOT=E:\AI\touzifenxi
[kr36] PYTHON_BIN=E:\AI\touzifenxi\.venv\Scripts\python.exe
[kr36] TIMEOUT=30s
[kr36] LOG_FILE=E:\AI\touzifenxi\logs\kr36\kr36_20260423_151739.log
[kr36] running: "E:\AI\touzifenxi\.venv\Scripts\python.exe" scripts\websearch.py run --source 36kr --timeout 30
2026-04-23 15:17:41 [kr36] listing_begin report_date=2026-04-23 rounds_total=12 candidate_limit=120 mode=sequential step0.5_then_step1
2026-04-23 15:17:41 [kr36] step0.5_topic_round_start page=1 round=1/12 stage=topics url=https://36kr.com/topics/
2026-04-23 15:17:41 [kr36] 进入专题页(0.5步)，数据 0 条，累计 0 条
2026-04-23 15:17:41 [kr36] fetch_start url=https://36kr.com/topics/
2026-04-23 15:17:43 [kr36] fetch_ok method=curl url=https://36kr.com/topics/ html_length=73868
2026-04-23 15:17:43 [kr36] throttle_wait url=https://36kr.com/topics/3770543132934659 wait_ms=30182 global_wait_ms=30182 same_url_wait_ms=0 risk_wait_ms=0
2026-04-23 15:18:14 [kr36] fetch_start url=https://36kr.com/topics/3770543132934659
2026-04-23 15:18:16 [kr36] fetch_ok method=curl url=https://36kr.com/topics/3770543132934659 html_length=76044
2026-04-23 15:18:16 [kr36] throttle_wait url=https://36kr.com/video/3766585318896386 wait_ms=32174 global_wait_ms=32174 same_url_wait_ms=0 risk_wait_ms=0
2026-04-23 15:18:48 [kr36] fetch_start url=https://36kr.com/video/3766585318896386
2026-04-23 15:18:50 [kr36] fetch_ok method=curl url=https://36kr.com/video/3766585318896386 html_length=14308
2026-04-23 15:18:50 [kr36] topic_video_no_cdn_in_html len=14308 page='https://36kr.com/video/3766585318896386' trying_playwright_slider
2026-04-23 15:18:50 [kr36] topic_video_playwright_recover reason=no_cdn_in_html page='https://36kr.com/video/3766585318896386'
2026-04-23 15:18:50 [kr36] playwright_slider_start phase='step4-video' url=https://36kr.com/video/3766585318896386 headless=false channel='msedge'
2026-04-23 15:19:15 [kr36] playwright_slider_preloop phase='step4-video' url=https://36kr.com/video/3766585318896386 wait_after_load_ms=1800 slider_ui_ready_max_ms=20000
2026-04-23 15:19:21 [kr36] playwright_slider_wait_ui phase='step4-video' url=https://36kr.com/video/3766585318896386 ui_ready=true
2026-04-23 15:19:28 [kr36] slider_captcha_solve_result attempted=true
2026-04-23 15:19:28 [kr36] playwright_slider_attempt phase='step4-video' url=https://36kr.com/video/3766585318896386 attempted=true
2026-04-23 15:20:08 [kr36] playwright_slider_wait_ui phase='step4-video' url=https://36kr.com/video/3766585318896386 ui_ready=false
2026-04-23 15:20:53 [kr36] slider_captcha_solve_result attempted=false
2026-04-23 15:20:53 [kr36] playwright_slider_attempt phase='step4-video' url=https://36kr.com/video/3766585318896386 attempted=false
2026-04-23 15:21:27 [kr36] playwright_slider_wait_ui phase='step4-video' url=https://36kr.com/video/3766585318896386 ui_ready=false
2026-04-23 15:22:12 [kr36] slider_captcha_solve_result attempted=false
2026-04-23 15:22:12 [kr36] playwright_slider_attempt phase='step4-video' url=https://36kr.com/video/3766585318896386 attempted=false
2026-04-23 15:22:46 [kr36] playwright_slider_wait_ui phase='step4-video' url=https://36kr.com/video/3766585318896386 ui_ready=false
2026-04-23 15:23:16 [kr36] slider_captcha_solve_result attempted=false
2026-04-23 15:23:16 [kr36] playwright_slider_attempt phase='step4-video' url=https://36kr.com/video/3766585318896386 attempted=false
2026-04-23 15:23:18 [kr36] playwright_slider_error phase='step4-video' url=https://36kr.com/video/3766585318896386 error=Page.wait_for_timeout: Target page, context or browser has been closed
2026-04-23 15:23:18 [kr36] fetch_start url=https://36kr.com/video/3766585318896386
2026-04-23 15:23:21 [kr36] fetch_ok method=curl url=https://36kr.com/video/3766585318896386 html_length=60263
2026-04-23 15:23:21 [kr36] topic_video_cdn_extract count=7 html_len=60263 preview='https://videos.36krcdn.com/20260414/v2_1776165984015_video_mp4_v11' page='https://36kr.com/video/3766585318896386'
2026-04-23 15:24:01 [kr36] topic_video_download_ok cdn='https://videos.36krcdn.com/20260414/v2_1776165984015_video_mp4_v11' local=E:\AI\touzifenxi\output\reports\kr36_report\kr36_search_202604231517\kr36_topic_downloads\本周有大事丨大疆八年熵减，汪滔十年修行；为了保住同伙，AI有多癫；新中产收割机，想挑战Lululemon_\2026-04-15\videos\氪大事___为了保住同伙，AI有多癫？_36kr_topic_video_3766585318896386.mp4
2026-04-23 15:26:26 [kr36] topic_asr_ok chars=1181 transcript=E:\AI\touzifenxi\output\reports\kr36_report\kr36_search_202604231517\kr36_topic_downloads\本周有大事丨大疆八年熵减，汪滔十年修行；为了保住同伙，AI有多癫；新中产收割机，想挑战Lululemon_\2026-04-15\videos\氪大事___为了保住同伙，AI有多癫？_36kr_topic_video_3766585318896386.transcript.txt code=20000000 role=topic_video_asr_transcript
2026-04-23 15:26:26 [kr36] fetch_start url=https://36kr.com/video/3764840757948933
2026-04-23 15:26:28 [kr36] fetch_ok method=curl url=https://36kr.com/video/3764840757948933 html_length=14308
2026-04-23 15:26:28 [kr36] topic_video_no_cdn_in_html len=14308 page='https://36kr.com/video/3764840757948933' trying_playwright_slider
2026-04-23 15:26:28 [kr36] topic_video_playwright_recover reason=no_cdn_in_html page='https://36kr.com/video/3764840757948933'
2026-04-23 15:26:28 [kr36] playwright_slider_start phase='step4-video' url=https://36kr.com/video/3764840757948933 headless=false channel='msedge'
2026-04-23 15:26:51 [kr36] playwright_slider_preloop phase='step4-video' url=https://36kr.com/video/3764840757948933 wait_after_load_ms=1800 slider_ui_ready_max_ms=20000
2026-04-23 15:27:23 [kr36] playwright_slider_wait_ui phase='step4-video' url=https://36kr.com/video/3764840757948933 ui_ready=false
2026-04-23 15:28:04 [kr36] slider_captcha_solve_result attempted=false
2026-04-23 15:28:04 [kr36] playwright_slider_attempt phase='step4-video' url=https://36kr.com/video/3764840757948933 attempted=false
2026-04-23 15:28:06 [kr36] playwright_slider_error phase='step4-video' url=https://36kr.com/video/3764840757948933 error=Page.wait_for_timeout: Target page, context or browser has been closed
2026-04-23 15:28:06 [kr36] fetch_start url=https://36kr.com/video/3764840757948933
2026-04-23 15:28:09 [kr36] fetch_ok method=curl url=https://36kr.com/video/3764840757948933 html_length=14308
2026-04-23 15:28:09 [kr36] topic_video_cdn_extract count=0 html_len=14308 preview='-' page='https://36kr.com/video/3764840757948933'
2026-04-23 15:28:09 [kr36] topic_video_fallback_html_only cdn_tried=0 page='https://36kr.com/video/3764840757948933' html_len=14308
2026-04-23 15:28:09 [kr36] throttle_wait url=https://36kr.com/video/3765091828527880 wait_ms=28393 global_wait_ms=28393 same_url_wait_ms=0 risk_wait_ms=0
2026-04-23 15:28:37 [kr36] fetch_start url=https://36kr.com/video/3765091828527880
2026-04-23 15:28:39 [kr36] fetch_ok method=curl url=https://36kr.com/video/3765091828527880 html_length=14308
2026-04-23 15:28:39 [kr36] topic_video_no_cdn_in_html len=14308 page='https://36kr.com/video/3765091828527880' trying_playwright_slider
2026-04-23 15:28:39 [kr36] topic_video_playwright_recover reason=no_cdn_in_html page='https://36kr.com/video/3765091828527880'
2026-04-23 15:28:39 [kr36] playwright_slider_start phase='step4-video' url=https://36kr.com/video/3765091828527880 headless=false channel='msedge'
2026-04-23 15:29:01 [kr36] playwright_slider_preloop phase='step4-video' url=https://36kr.com/video/3765091828527880 wait_after_load_ms=1800 slider_ui_ready_max_ms=20000
2026-04-23 15:29:32 [kr36] playwright_slider_wait_ui phase='step4-video' url=https://36kr.com/video/3765091828527880 ui_ready=false
2026-04-23 15:29:32 [kr36] slider_captcha_solve_result attempted=false
2026-04-23 15:29:32 [kr36] playwright_slider_attempt phase='step4-video' url=https://36kr.com/video/3765091828527880 attempted=false
2026-04-23 15:29:33 [kr36] playwright_slider_error phase='step4-video' url=https://36kr.com/video/3765091828527880 error=Page.wait_for_timeout: Target page, context or browser has been closed
2026-04-23 15:29:33 [kr36] fetch_start url=https://36kr.com/video/3765091828527880
2026-04-23 15:29:35 [kr36] fetch_ok method=curl url=https://36kr.com/video/3765091828527880 html_length=1460
2026-04-23 15:29:35 [kr36] topic_video_cdn_extract count=0 html_len=1460 preview='-' page='https://36kr.com/video/3765091828527880'
2026-04-23 15:29:35 [kr36] topic_video_fallback_html_only cdn_tried=0 page='https://36kr.com/video/3765091828527880' html_len=1460
2026-04-23 15:29:35 [kr36] throttle_wait url=https://36kr.com/topics/3771153216865028 wait_ms=25412 global_wait_ms=25412 same_url_wait_ms=0 risk_wait_ms=0
2026-04-23 15:30:00 [kr36] fetch_start url=https://36kr.com/topics/3771153216865028
2026-04-23 15:30:04 [kr36] fetch_ok method=curl url=https://36kr.com/topics/3771153216865028 html_length=60355
2026-04-23 15:30:04 [kr36] throttle_wait url=https://36kr.com/p/3770688595214857 wait_ms=27958 global_wait_ms=27958 same_url_wait_ms=0 risk_wait_ms=0
2026-04-23 15:30:32 [kr36] fetch_start url=https://36kr.com/p/3770688595214857
2026-04-23 15:30:34 [kr36] fetch_ok method=curl url=https://36kr.com/p/3770688595214857 html_length=75365
2026-04-23 15:30:34 [kr36] throttle_wait url=https://36kr.com/p/3766410231726855 wait_ms=22623 global_wait_ms=22623 same_url_wait_ms=0 risk_wait_ms=0
2026-04-23 15:30:57 [kr36] fetch_start url=https://36kr.com/p/3766410231726855
2026-04-23 15:31:00 [kr36] fetch_ok method=curl url=https://36kr.com/p/3766410231726855 html_length=81819
2026-04-23 15:31:00 [kr36] throttle_wait url=https://36kr.com/p/3764728843289089 wait_ms=20255 global_wait_ms=20255 same_url_wait_ms=0 risk_wait_ms=0
2026-04-23 15:31:20 [kr36] fetch_start url=https://36kr.com/p/3764728843289089
2026-04-23 15:31:22 [kr36] fetch_ok method=curl url=https://36kr.com/p/3764728843289089 html_length=84549
2026-04-23 15:31:22 [kr36] throttle_wait url=https://36kr.com/p/3766718158324489 wait_ms=22516 global_wait_ms=22516 same_url_wait_ms=0 risk_wait_ms=0
2026-04-23 15:31:45 [kr36] fetch_start url=https://36kr.com/p/3766718158324489
2026-04-23 15:31:47 [kr36] fetch_ok method=curl url=https://36kr.com/p/3766718158324489 html_length=86737
2026-04-23 15:31:47 [kr36] throttle_wait url=https://36kr.com/p/3765076875117314 wait_ms=20994 global_wait_ms=20994 same_url_wait_ms=0 risk_wait_ms=0
2026-04-23 15:32:08 [kr36] fetch_start url=https://36kr.com/p/3765076875117314
2026-04-23 15:32:11 [kr36] fetch_ok method=curl url=https://36kr.com/p/3765076875117314 html_length=90308
2026-04-23 15:32:11 [kr36] throttle_wait url=https://36kr.com/p/3764953900990977 wait_ms=30914 global_wait_ms=30914 same_url_wait_ms=0 risk_wait_ms=0
2026-04-23 15:32:42 [kr36] fetch_start url=https://36kr.com/p/3764953900990977
2026-04-23 15:32:44 [kr36] fetch_ok method=curl url=https://36kr.com/p/3764953900990977 html_length=89281
2026-04-23 15:32:44 [kr36] throttle_wait url=https://36kr.com/p/3757975636050695 wait_ms=22583 global_wait_ms=22583 same_url_wait_ms=0 risk_wait_ms=0
2026-04-23 15:33:07 [kr36] fetch_start url=https://36kr.com/p/3757975636050695
2026-04-23 15:33:09 [kr36] fetch_ok method=curl url=https://36kr.com/p/3757975636050695 html_length=79640
2026-04-23 15:33:09 [kr36] step0.5_topic_round_end page=1 round=1/12 stage=topics status=ok fetched=10 total_topic_refs=10 elapsed_ms=928031
2026-04-23 15:33:09 [kr36] 完成专题页(0.5步)，数据 10 条，累计 10 条
2026-04-23 15:33:09 [kr36] step1_listing_next round=2/12 stage=activity
2026-04-23 15:33:09 [kr36] step1_main_round_start page=2 round=2/12 stage=activity url=https://36kr.com/activity
2026-04-23 15:33:09 [kr36] 进入活动页，数据 0 条，累计 0 条
2026-04-23 15:33:09 [kr36] throttle_wait url=https://36kr.com/activity wait_ms=29031 global_wait_ms=29031 same_url_wait_ms=0 risk_wait_ms=0
2026-04-23 15:33:38 [kr36] fetch_start url=https://36kr.com/activity
2026-04-23 15:33:40 [kr36] fetch_ok method=curl url=https://36kr.com/activity html_length=61604
2026-04-23 15:33:40 [kr36] round_end page=2 round=2/12 stage=activity status=ok fetched=2 total_refs=2 elapsed_ms=31161
2026-04-23 15:33:40 [kr36] 完成活动页，数据 2 条，累计 2 条
2026-04-23 15:33:40 [kr36] round_next round=3/12 stage=search
2026-04-23 15:33:40 [kr36] round_start page=3 round=3/12 stage=search category=36氪独家 url=https://36kr.com/search/articles/36%E6%B0%AA%E7%8B%AC%E5%AE%B6 date_window=2026-04-17~2026-04-19
2026-04-23 15:33:40 [kr36] 进入搜索页(36氪独家)，数据 0 条，累计 2 条
2026-04-23 15:33:40 [kr36] throttle_wait url=https://36kr.com/search/articles/36%E6%B0%AA%E7%8B%AC%E5%AE%B6 wait_ms=36042 global_wait_ms=36042 same_url_wait_ms=0 risk_wait_ms=0
2026-04-23 15:34:16 [kr36] fetch_start url=https://36kr.com/search/articles/36%E6%B0%AA%E7%8B%AC%E5%AE%B6
2026-04-23 15:34:19 [kr36] search_enrich_direct_step4 reason=auto_solver url=https://36kr.com/search/articles/36%E6%B0%AA%E7%8B%AC%E5%AE%B6
2026-04-23 15:34:19 [kr36] playwright_slider_start phase='search-listing-step4' url=https://36kr.com/search/articles/36%E6%B0%AA%E7%8B%AC%E5%AE%B6 headless=false channel='msedge'
2026-04-23 15:34:40 [kr36] playwright_slider_preloop phase='search-listing-step4' url=https://36kr.com/search/articles/36%E6%B0%AA%E7%8B%AC%E5%AE%B6 wait_after_load_ms=1800 slider_ui_ready_max_ms=20000
2026-04-23 15:34:45 [kr36] playwright_slider_ok phase='search-listing-step4' url=https://36kr.com/search/articles/36%E6%B0%AA%E7%8B%AC%E5%AE%B6 html_length=102530
2026-04-23 15:34:46 [kr36] search_listing_csr_enriched url=https://36kr.com/search/articles/36%E6%B0%AA%E7%8B%AC%E5%AE%B6 html_length=102530
2026-04-23 15:34:46 [kr36] fetch_ok method=curl_playwright_search url=https://36kr.com/search/articles/36%E6%B0%AA%E7%8B%AC%E5%AE%B6 html_length=102530
2026-04-23 15:34:46 [kr36] search_date_filtered fixed_category=36氪独家 pub=2026-04-21 window=2026-04-17~2026-04-19
2026-04-23 15:34:46 [kr36] search_date_filtered fixed_category=36氪独家 pub=2026-04-20 window=2026-04-17~2026-04-19
2026-04-23 15:34:46 [kr36] search_date_filtered fixed_category=36氪独家 pub=2026-04-09 window=2026-04-17~2026-04-19
2026-04-23 15:34:46 [kr36] search_date_filtered fixed_category=36氪独家 pub=2026-04-02 window=2026-04-17~2026-04-19
2026-04-23 15:34:46 [kr36] search_date_filtered fixed_category=36氪独家 pub=2026-04-02 window=2026-04-17~2026-04-19
2026-04-23 15:34:46 [kr36] search_date_filtered fixed_category=36氪独家 pub=2026-03-26 window=2026-04-17~2026-04-19
2026-04-23 15:34:46 [kr36] search_date_filtered fixed_category=36氪独家 pub=2026-03-31 window=2026-04-17~2026-04-19
2026-04-23 15:34:46 [kr36] search_date_filtered fixed_category=36氪独家 pub=2026-03-19 window=2026-04-17~2026-04-19
2026-04-23 15:34:46 [kr36] search_date_filtered fixed_category=36氪独家 pub=2026-03-16 window=2026-04-17~2026-04-19
2026-04-23 15:34:46 [kr36] search_date_filtered fixed_category=36氪独家 pub=2026-03-05 window=2026-04-17~2026-04-19
2026-04-23 15:34:46 [kr36] search_date_filtered fixed_category=36氪独家 pub=2026-03-24 window=2026-04-17~2026-04-19
2026-04-23 15:34:46 [kr36] search_date_filtered fixed_category=36氪独家 pub=2026-03-04 window=2026-04-17~2026-04-19
2026-04-23 15:34:46 [kr36] search_date_filtered fixed_category=36氪独家 pub=2026-01-22 window=2026-04-17~2026-04-19
2026-04-23 15:34:46 [kr36] search_date_filtered fixed_category=36氪独家 pub=2026-01-15 window=2026-04-17~2026-04-19
2026-04-23 15:34:46 [kr36] search_date_filtered fixed_category=36氪独家 pub=2026-01-14 window=2026-04-17~2026-04-19
2026-04-23 15:34:46 [kr36] search_date_filtered fixed_category=36氪独家 pub=2026-01-07 window=2026-04-17~2026-04-19
2026-04-23 15:34:46 [kr36] search_date_filtered fixed_category=36氪独家 pub=2026-01-15 window=2026-04-17~2026-04-19
2026-04-23 15:34:46 [kr36] search_date_filtered fixed_category=36氪独家 pub=2026-01-26 window=2026-04-17~2026-04-19
2026-04-23 15:34:46 [kr36] search_date_filtered fixed_category=36氪独家 pub=2026-02-26 window=2026-04-17~2026-04-19
2026-04-23 15:34:46 [kr36] round_end page=3 round=3/12 stage=search category=36氪独家 status=ok fetched=1 total_refs=3 elapsed_ms=65465
2026-04-23 15:34:46 [kr36] 完成搜索页(36氪独家)，数据 1 条，累计 3 条
2026-04-23 15:34:46 [kr36] round_next round=4/12 stage=search_or_channel
2026-04-23 15:34:46 [kr36] round_start page=4 round=4/12 stage=search category=深氪 url=https://36kr.com/search/articles/%E6%B7%B1%E6%B0%AA date_window=2026-04-17~2026-04-19
2026-04-23 15:34:46 [kr36] 进入搜索页(深氪)，数据 0 条，累计 3 条
2026-04-23 15:34:46 [kr36] throttle_wait url=https://36kr.com/search/articles/%E6%B7%B1%E6%B0%AA wait_ms=5773 global_wait_ms=5773 same_url_wait_ms=0 risk_wait_ms=0
2026-04-23 15:34:51 [kr36] fetch_start url=https://36kr.com/search/articles/%E6%B7%B1%E6%B0%AA
2026-04-23 15:34:53 [kr36] search_enrich_direct_step4 reason=auto_solver url=https://36kr.com/search/articles/%E6%B7%B1%E6%B0%AA
2026-04-23 15:34:53 [kr36] playwright_slider_start phase='search-listing-step4' url=https://36kr.com/search/articles/%E6%B7%B1%E6%B0%AA headless=false channel='msedge'
2026-04-23 15:35:12 [kr36] playwright_slider_preloop phase='search-listing-step4' url=https://36kr.com/search/articles/%E6%B7%B1%E6%B0%AA wait_after_load_ms=1800 slider_ui_ready_max_ms=20000
2026-04-23 15:35:16 [kr36] playwright_slider_ok phase='search-listing-step4' url=https://36kr.com/search/articles/%E6%B7%B1%E6%B0%AA html_length=100521
2026-04-23 15:35:18 [kr36] search_listing_csr_enriched url=https://36kr.com/search/articles/%E6%B7%B1%E6%B0%AA html_length=100521
2026-04-23 15:35:18 [kr36] fetch_ok method=curl_playwright_search url=https://36kr.com/search/articles/%E6%B7%B1%E6%B0%AA html_length=100521
2026-04-23 15:35:18 [kr36] search_date_filtered fixed_category=深氪 pub=2026-01-09 window=2026-04-17~2026-04-19
2026-04-23 15:35:18 [kr36] search_date_filtered fixed_category=深氪 pub=2025-12-08 window=2026-04-17~2026-04-19
2026-04-23 15:35:18 [kr36] search_date_filtered fixed_category=深氪 pub=2025-12-12 window=2026-04-17~2026-04-19
2026-04-23 15:35:18 [kr36] search_date_filtered fixed_category=深氪 pub=2025-12-31 window=2026-04-17~2026-04-19
2026-04-23 15:35:18 [kr36] search_date_filtered fixed_category=深氪 pub=2025-09-17 window=2026-04-17~2026-04-19
2026-04-23 15:35:18 [kr36] search_date_filtered fixed_category=深氪 pub=2025-11-14 window=2026-04-17~2026-04-19
2026-04-23 15:35:18 [kr36] search_date_filtered fixed_category=深氪 pub=2025-10-24 window=2026-04-17~2026-04-19
2026-04-23 15:35:18 [kr36] search_date_filtered fixed_category=深氪 pub=2025-10-10 window=2026-04-17~2026-04-19
2026-04-23 15:35:18 [kr36] search_date_filtered fixed_category=深氪 pub=2025-07-12 window=2026-04-17~2026-04-19
2026-04-23 15:35:18 [kr36] search_date_filtered fixed_category=深氪 pub=2025-05-28 window=2026-04-17~2026-04-19
2026-04-23 15:35:18 [kr36] search_date_filtered fixed_category=深氪 pub=2025-07-23 window=2026-04-17~2026-04-19
2026-04-23 15:35:18 [kr36] search_date_filtered fixed_category=深氪 pub=2025-08-21 window=2026-04-17~2026-04-19
2026-04-23 15:35:18 [kr36] search_date_filtered fixed_category=深氪 pub=2025-07-14 window=2026-04-17~2026-04-19
2026-04-23 15:35:18 [kr36] search_date_filtered fixed_category=深氪 pub=2025-07-21 window=2026-04-17~2026-04-19
2026-04-23 15:35:19 [kr36] search_date_filtered fixed_category=深氪 pub=2024-08-01 window=2026-04-17~2026-04-19
2026-04-23 15:35:19 [kr36] search_date_filtered fixed_category=深氪 pub=2025-04-25 window=2026-04-17~2026-04-19
2026-04-23 15:35:19 [kr36] search_date_filtered fixed_category=深氪 pub=2025-06-06 window=2026-04-17~2026-04-19
2026-04-23 15:35:19 [kr36] search_date_filtered fixed_category=深氪 pub=2025-03-06 window=2026-04-17~2026-04-19
2026-04-23 15:35:19 [kr36] search_date_filtered fixed_category=深氪 pub=2025-07-28 window=2026-04-17~2026-04-19
2026-04-23 15:35:19 [kr36] search_date_filtered fixed_category=深氪 pub=2024-10-09 window=2026-04-17~2026-04-19
2026-04-23 15:35:19 [kr36] search_date_filtered fixed_category=深氪 pub=2026-01-09 window=2026-04-17~2026-04-19
2026-04-23 15:35:19 [kr36] search_date_filtered fixed_category=深氪 pub=2025-12-08 window=2026-04-17~2026-04-19
2026-04-23 15:35:19 [kr36] search_date_filtered fixed_category=深氪 pub=2025-12-12 window=2026-04-17~2026-04-19
2026-04-23 15:35:19 [kr36] search_date_filtered fixed_category=深氪 pub=2025-12-31 window=2026-04-17~2026-04-19
2026-04-23 15:35:19 [kr36] search_date_filtered fixed_category=深氪 pub=2025-09-17 window=2026-04-17~2026-04-19
2026-04-23 15:35:19 [kr36] search_date_filtered fixed_category=深氪 pub=2025-11-14 window=2026-04-17~2026-04-19
2026-04-23 15:35:19 [kr36] search_date_filtered fixed_category=深氪 pub=2025-10-24 window=2026-04-17~2026-04-19
2026-04-23 15:35:19 [kr36] search_date_filtered fixed_category=深氪 pub=2025-10-10 window=2026-04-17~2026-04-19
2026-04-23 15:35:19 [kr36] search_date_filtered fixed_category=深氪 pub=2025-07-12 window=2026-04-17~2026-04-19
2026-04-23 15:35:19 [kr36] search_date_filtered fixed_category=深氪 pub=2025-05-28 window=2026-04-17~2026-04-19
2026-04-23 15:35:19 [kr36] search_date_filtered fixed_category=深氪 pub=2025-05-28 window=2026-04-17~2026-04-19
2026-04-23 15:35:19 [kr36] search_date_filtered fixed_category=深氪 pub=2025-07-23 window=2026-04-17~2026-04-19
2026-04-23 15:35:19 [kr36] search_date_filtered fixed_category=深氪 pub=2025-08-21 window=2026-04-17~2026-04-19
2026-04-23 15:35:19 [kr36] search_date_filtered fixed_category=深氪 pub=2025-07-14 window=2026-04-17~2026-04-19
2026-04-23 15:35:19 [kr36] search_date_filtered fixed_category=深氪 pub=2025-07-21 window=2026-04-17~2026-04-19
2026-04-23 15:35:19 [kr36] search_date_filtered fixed_category=深氪 pub=2024-08-01 window=2026-04-17~2026-04-19
2026-04-23 15:35:19 [kr36] search_date_filtered fixed_category=深氪 pub=2025-04-25 window=2026-04-17~2026-04-19
2026-04-23 15:35:19 [kr36] search_date_filtered fixed_category=深氪 pub=2025-06-06 window=2026-04-17~2026-04-19
2026-04-23 15:35:19 [kr36] search_date_filtered fixed_category=深氪 pub=2025-03-06 window=2026-04-17~2026-04-19
2026-04-23 15:35:19 [kr36] search_date_filtered fixed_category=深氪 pub=2025-07-28 window=2026-04-17~2026-04-19
2026-04-23 15:35:19 [kr36] search_date_parse_failed fixed_category=深氪 window=2026-04-17~2026-04-19 item_html_len=1335 action=exclude
2026-04-23 15:35:19 [kr36] search_date_filtered fixed_category=深氪 pub=2026-01-09 window=2026-04-17~2026-04-19
2026-04-23 15:35:19 [kr36] search_date_filtered fixed_category=深氪 pub=2026-01-09 window=2026-04-17~2026-04-19
2026-04-23 15:35:19 [kr36] search_date_filtered fixed_category=深氪 pub=2025-12-08 window=2026-04-17~2026-04-19
2026-04-23 15:35:19 [kr36] search_date_filtered fixed_category=深氪 pub=2025-12-08 window=2026-04-17~2026-04-19
2026-04-23 15:35:19 [kr36] search_date_filtered fixed_category=深氪 pub=2025-12-12 window=2026-04-17~2026-04-19
2026-04-23 15:35:19 [kr36] search_date_filtered fixed_category=深氪 pub=2025-12-12 window=2026-04-17~2026-04-19
2026-04-23 15:35:19 [kr36] search_date_filtered fixed_category=深氪 pub=2025-12-31 window=2026-04-17~2026-04-19
2026-04-23 15:35:19 [kr36] search_date_filtered fixed_category=深氪 pub=2025-12-31 window=2026-04-17~2026-04-19
2026-04-23 15:35:19 [kr36] search_date_filtered fixed_category=深氪 pub=2025-09-17 window=2026-04-17~2026-04-19
2026-04-23 15:35:19 [kr36] search_date_filtered fixed_category=深氪 pub=2025-09-17 window=2026-04-17~2026-04-19
2026-04-23 15:35:19 [kr36] search_date_filtered fixed_category=深氪 pub=2025-11-14 window=2026-04-17~2026-04-19
2026-04-23 15:35:19 [kr36] search_date_filtered fixed_category=深氪 pub=2025-11-14 window=2026-04-17~2026-04-19
2026-04-23 15:35:19 [kr36] search_date_filtered fixed_category=深氪 pub=2025-10-24 window=2026-04-17~2026-04-19
2026-04-23 15:35:19 [kr36] search_date_filtered fixed_category=深氪 pub=2025-10-24 window=2026-04-17~2026-04-19
2026-04-23 15:35:19 [kr36] search_date_filtered fixed_category=深氪 pub=2025-10-10 window=2026-04-17~2026-04-19
2026-04-23 15:35:19 [kr36] search_date_filtered fixed_category=深氪 pub=2025-10-10 window=2026-04-17~2026-04-19
2026-04-23 15:35:19 [kr36] search_date_filtered fixed_category=深氪 pub=2025-07-12 window=2026-04-17~2026-04-19
2026-04-23 15:35:19 [kr36] search_date_filtered fixed_category=深氪 pub=2025-07-12 window=2026-04-17~2026-04-19
2026-04-23 15:35:19 [kr36] search_date_filtered fixed_category=深氪 pub=2025-05-28 window=2026-04-17~2026-04-19
2026-04-23 15:35:19 [kr36] search_date_filtered fixed_category=深氪 pub=2025-05-28 window=2026-04-17~2026-04-19
2026-04-23 15:35:19 [kr36] search_date_filtered fixed_category=深氪 pub=2025-07-23 window=2026-04-17~2026-04-19
2026-04-23 15:35:19 [kr36] search_date_filtered fixed_category=深氪 pub=2025-07-23 window=2026-04-17~2026-04-19
2026-04-23 15:35:19 [kr36] search_date_filtered fixed_category=深氪 pub=2025-08-21 window=2026-04-17~2026-04-19
2026-04-23 15:35:19 [kr36] search_date_filtered fixed_category=深氪 pub=2025-08-21 window=2026-04-17~2026-04-19
2026-04-23 15:35:19 [kr36] search_date_filtered fixed_category=深氪 pub=2025-07-14 window=2026-04-17~2026-04-19
2026-04-23 15:35:19 [kr36] search_date_filtered fixed_category=深氪 pub=2025-07-14 window=2026-04-17~2026-04-19
2026-04-23 15:35:19 [kr36] search_date_filtered fixed_category=深氪 pub=2025-07-21 window=2026-04-17~2026-04-19
2026-04-23 15:35:19 [kr36] search_date_filtered fixed_category=深氪 pub=2025-07-21 window=2026-04-17~2026-04-19
2026-04-23 15:35:19 [kr36] search_date_filtered fixed_category=深氪 pub=2024-08-01 window=2026-04-17~2026-04-19
2026-04-23 15:35:19 [kr36] search_date_filtered fixed_category=深氪 pub=2024-08-01 window=2026-04-17~2026-04-19
2026-04-23 15:35:19 [kr36] search_date_filtered fixed_category=深氪 pub=2025-04-25 window=2026-04-17~2026-04-19
2026-04-23 15:35:19 [kr36] search_date_filtered fixed_category=深氪 pub=2025-04-25 window=2026-04-17~2026-04-19
2026-04-23 15:35:19 [kr36] search_date_filtered fixed_category=深氪 pub=2025-06-06 window=2026-04-17~2026-04-19
2026-04-23 15:35:19 [kr36] search_date_filtered fixed_category=深氪 pub=2025-06-06 window=2026-04-17~2026-04-19
2026-04-23 15:35:19 [kr36] search_date_filtered fixed_category=深氪 pub=2025-03-06 window=2026-04-17~2026-04-19
2026-04-23 15:35:19 [kr36] search_date_filtered fixed_category=深氪 pub=2025-03-06 window=2026-04-17~2026-04-19
2026-04-23 15:35:19 [kr36] search_date_filtered fixed_category=深氪 pub=2025-07-28 window=2026-04-17~2026-04-19
2026-04-23 15:35:19 [kr36] search_date_filtered fixed_category=深氪 pub=2025-07-28 window=2026-04-17~2026-04-19
2026-04-23 15:35:19 [kr36] search_date_filtered fixed_category=深氪 pub=2024-10-09 window=2026-04-17~2026-04-19
2026-04-23 15:35:20 [kr36] search_date_filtered fixed_category=深氪 pub=2024-10-09 window=2026-04-17~2026-04-19
2026-04-23 15:35:20 [kr36] round_end page=4 round=4/12 stage=search category=深氪 status=ok fetched=0 total_refs=3 elapsed_ms=33876
2026-04-23 15:35:20 [kr36] search_zero_result category=深氪 html_length=100521 has_list_main=true has_search_item=true has_p_link=true risk_like=false
2026-04-23 15:35:20 [kr36] 完成搜索页(深氪)，数据 0 条，累计 3 条
2026-04-23 15:35:20 [kr36] round_next round=5/12 stage=search_or_channel
2026-04-23 15:35:20 [kr36] round_start page=5 round=5/12 stage=search category=后浪白皮书 url=https://36kr.com/search/articles/%E5%90%8E%E6%B5%AA%E7%99%BD%E7%9A%AE%E4%B9%A6 date_window=2026-04-17~2026-04-19
2026-04-23 15:35:20 [kr36] 进入搜索页(后浪白皮书)，数据 0 条，累计 3 条
2026-04-23 15:35:20 [kr36] fetch_start url=https://36kr.com/search/articles/%E5%90%8E%E6%B5%AA%E7%99%BD%E7%9A%AE%E4%B9%A6
2026-04-23 15:35:22 [kr36] search_enrich_direct_step4 reason=auto_solver url=https://36kr.com/search/articles/%E5%90%8E%E6%B5%AA%E7%99%BD%E7%9A%AE%E4%B9%A6
2026-04-23 15:35:22 [kr36] playwright_slider_start phase='search-listing-step4' url=https://36kr.com/search/articles/%E5%90%8E%E6%B5%AA%E7%99%BD%E7%9A%AE%E4%B9%A6 headless=false channel='msedge'
2026-04-23 15:35:39 [kr36] playwright_slider_preloop phase='search-listing-step4' url=https://36kr.com/search/articles/%E5%90%8E%E6%B5%AA%E7%99%BD%E7%9A%AE%E4%B9%A6 wait_after_load_ms=1800 slider_ui_ready_max_ms=20000
2026-04-23 15:35:43 [kr36] playwright_slider_ok phase='search-listing-step4' url=https://36kr.com/search/articles/%E5%90%8E%E6%B5%AA%E7%99%BD%E7%9A%AE%E4%B9%A6 html_length=68136
2026-04-23 15:35:44 [kr36] search_listing_csr_enriched url=https://36kr.com/search/articles/%E5%90%8E%E6%B5%AA%E7%99%BD%E7%9A%AE%E4%B9%A6 html_length=68136
2026-04-23 15:35:44 [kr36] fetch_ok method=curl_playwright_search url=https://36kr.com/search/articles/%E5%90%8E%E6%B5%AA%E7%99%BD%E7%9A%AE%E4%B9%A6 html_length=68136
2026-04-23 15:35:44 [kr36] search_date_filtered fixed_category=后浪白皮书 pub=2021-09-05 window=2026-04-17~2026-04-19
2026-04-23 15:35:44 [kr36] search_date_filtered fixed_category=后浪白皮书 pub=2023-01-28 window=2026-04-17~2026-04-19
2026-04-23 15:35:44 [kr36] search_date_filtered fixed_category=后浪白皮书 pub=2021-09-05 window=2026-04-17~2026-04-19
2026-04-23 15:35:44 [kr36] search_date_filtered fixed_category=后浪白皮书 pub=2023-01-28 window=2026-04-17~2026-04-19
2026-04-23 15:35:44 [kr36] search_date_parse_failed fixed_category=后浪白皮书 window=2026-04-17~2026-04-19 item_html_len=1335 action=exclude
2026-04-23 15:35:44 [kr36] search_date_filtered fixed_category=后浪白皮书 pub=2021-09-05 window=2026-04-17~2026-04-19
2026-04-23 15:35:44 [kr36] search_date_filtered fixed_category=后浪白皮书 pub=2021-09-05 window=2026-04-17~2026-04-19
2026-04-23 15:35:44 [kr36] search_date_filtered fixed_category=后浪白皮书 pub=2023-01-28 window=2026-04-17~2026-04-19
2026-04-23 15:35:44 [kr36] search_date_filtered fixed_category=后浪白皮书 pub=2023-01-28 window=2026-04-17~2026-04-19
2026-04-23 15:35:44 [kr36] round_end page=5 round=5/12 stage=search category=后浪白皮书 status=ok fetched=0 total_refs=3 elapsed_ms=24727
2026-04-23 15:35:44 [kr36] search_zero_result category=后浪白皮书 html_length=68136 has_list_main=true has_search_item=true has_p_link=true risk_like=false
2026-04-23 15:35:44 [kr36] 完成搜索页(后浪白皮书)，数据 0 条，累计 3 条
2026-04-23 15:35:44 [kr36] round_next round=6/12 stage=search_or_channel
2026-04-23 15:35:44 [kr36] round_start page=6 round=6/12 stage=search category=行业日报 url=https://36kr.com/search/articles/%E8%A1%8C%E4%B8%9A%E6%97%A5%E6%8A%A5 date_window=2026-04-17~2026-04-19
2026-04-23 15:35:44 [kr36] 进入搜索页(行业日报)，数据 0 条，累计 3 条
2026-04-23 15:35:44 [kr36] fetch_start url=https://36kr.com/search/articles/%E8%A1%8C%E4%B8%9A%E6%97%A5%E6%8A%A5
2026-04-23 15:35:46 [kr36] search_enrich_direct_step4 reason=auto_solver url=https://36kr.com/search/articles/%E8%A1%8C%E4%B8%9A%E6%97%A5%E6%8A%A5
2026-04-23 15:35:46 [kr36] playwright_slider_start phase='search-listing-step4' url=https://36kr.com/search/articles/%E8%A1%8C%E4%B8%9A%E6%97%A5%E6%8A%A5 headless=false channel='msedge'
2026-04-23 15:36:11 [kr36] playwright_slider_preloop phase='search-listing-step4' url=https://36kr.com/search/articles/%E8%A1%8C%E4%B8%9A%E6%97%A5%E6%8A%A5 wait_after_load_ms=1800 slider_ui_ready_max_ms=20000
2026-04-23 15:36:11 [kr36] playwright_slider_wait_ui phase='search-listing-step4' url=https://36kr.com/search/articles/%E8%A1%8C%E4%B8%9A%E6%97%A5%E6%8A%A5 ui_ready=true
2026-04-23 15:36:16 [kr36] slider_captcha_solve_result attempted=true
2026-04-23 15:36:16 [kr36] playwright_slider_attempt phase='search-listing-step4' url=https://36kr.com/search/articles/%E8%A1%8C%E4%B8%9A%E6%97%A5%E6%8A%A5 attempted=true
2026-04-23 15:36:23 [kr36] playwright_slider_csr_list_ready phase='search-listing-step4' url=https://36kr.com/search/articles/%E8%A1%8C%E4%B8%9A%E6%97%A5%E6%8A%A5 selector='.kr-search-result-list-main'
2026-04-23 15:36:23 [kr36] playwright_slider_after_solve phase='search-listing-step4' url=https://36kr.com/search/articles/%E8%A1%8C%E4%B8%9A%E6%97%A5%E6%8A%A5 html_length=68068
2026-04-23 15:36:23 [kr36] playwright_slider_close_on_pass phase='search-listing-step4' url=https://36kr.com/search/articles/%E8%A1%8C%E4%B8%9A%E6%97%A5%E6%8A%A5
2026-04-23 15:36:24 [kr36] search_listing_csr_enriched url=https://36kr.com/search/articles/%E8%A1%8C%E4%B8%9A%E6%97%A5%E6%8A%A5 html_length=68068
2026-04-23 15:36:24 [kr36] fetch_ok method=curl_playwright_search url=https://36kr.com/search/articles/%E8%A1%8C%E4%B8%9A%E6%97%A5%E6%8A%A5 html_length=68068
2026-04-23 15:36:24 [kr36] search_date_filtered fixed_category=行业日报 pub=2026-03-25 window=2026-04-17~2026-04-19
2026-04-23 15:36:24 [kr36] search_date_filtered fixed_category=行业日报 pub=2021-03-24 window=2026-04-17~2026-04-19
2026-04-23 15:36:24 [kr36] search_date_filtered fixed_category=行业日报 pub=2020-01-02 window=2026-04-17~2026-04-19
2026-04-23 15:36:24 [kr36] search_date_filtered fixed_category=行业日报 pub=2026-03-25 window=2026-04-17~2026-04-19
2026-04-23 15:36:24 [kr36] search_date_filtered fixed_category=行业日报 pub=2026-03-25 window=2026-04-17~2026-04-19
2026-04-23 15:36:24 [kr36] search_date_filtered fixed_category=行业日报 pub=2021-03-24 window=2026-04-17~2026-04-19
2026-04-23 15:36:24 [kr36] search_date_parse_failed fixed_category=行业日报 window=2026-04-17~2026-04-19 item_html_len=1335 action=exclude
2026-04-23 15:36:24 [kr36] search_date_filtered fixed_category=行业日报 pub=2026-03-25 window=2026-04-17~2026-04-19
2026-04-23 15:36:25 [kr36] search_date_filtered fixed_category=行业日报 pub=2026-03-25 window=2026-04-17~2026-04-19
2026-04-23 15:36:25 [kr36] search_date_filtered fixed_category=行业日报 pub=2021-03-24 window=2026-04-17~2026-04-19
2026-04-23 15:36:25 [kr36] search_date_filtered fixed_category=行业日报 pub=2021-03-24 window=2026-04-17~2026-04-19
2026-04-23 15:36:25 [kr36] search_date_filtered fixed_category=行业日报 pub=2020-01-02 window=2026-04-17~2026-04-19
2026-04-23 15:36:25 [kr36] search_date_filtered fixed_category=行业日报 pub=2020-01-02 window=2026-04-17~2026-04-19
2026-04-23 15:36:25 [kr36] round_end page=6 round=6/12 stage=search category=行业日报 status=ok fetched=0 total_refs=3 elapsed_ms=40265
2026-04-23 15:36:25 [kr36] search_zero_result category=行业日报 html_length=68068 has_list_main=true has_search_item=true has_p_link=true risk_like=false
2026-04-23 15:36:25 [kr36] 完成搜索页(行业日报)，数据 0 条，累计 3 条
2026-04-23 15:36:25 [kr36] round_next round=7/12 stage=search_or_channel
2026-04-23 15:36:25 [kr36] round_start page=7 round=7/12 stage=search category=Long China 50 url=https://36kr.com/search/articles/Long%20China%2050 date_window=2026-04-17~2026-04-19
2026-04-23 15:36:25 [kr36] 进入搜索页(Long China 50)，数据 0 条，累计 3 条
2026-04-23 15:36:25 [kr36] fetch_start url=https://36kr.com/search/articles/Long%20China%2050
2026-04-23 15:36:27 [kr36] search_enrich_direct_step4 reason=auto_solver url=https://36kr.com/search/articles/Long%20China%2050
2026-04-23 15:36:27 [kr36] playwright_slider_start phase='search-listing-step4' url=https://36kr.com/search/articles/Long%20China%2050 headless=false channel='msedge'
2026-04-23 15:36:45 [kr36] playwright_slider_preloop phase='search-listing-step4' url=https://36kr.com/search/articles/Long%20China%2050 wait_after_load_ms=1800 slider_ui_ready_max_ms=20000
2026-04-23 15:36:49 [kr36] playwright_slider_ok phase='search-listing-step4' url=https://36kr.com/search/articles/Long%20China%2050 html_length=102063
2026-04-23 15:36:50 [kr36] search_listing_csr_enriched url=https://36kr.com/search/articles/Long%20China%2050 html_length=102063
2026-04-23 15:36:50 [kr36] fetch_ok method=curl_playwright_search url=https://36kr.com/search/articles/Long%20China%2050 html_length=102063
2026-04-23 15:36:50 [kr36] search_date_filtered fixed_category=Long China 50 pub=2024-05-29 window=2026-04-17~2026-04-19
2026-04-23 15:36:50 [kr36] search_date_filtered fixed_category=Long China 50 pub=2024-04-29 window=2026-04-17~2026-04-19
2026-04-23 15:36:50 [kr36] search_date_filtered fixed_category=Long China 50 pub=2024-05-24 window=2026-04-17~2026-04-19
2026-04-23 15:36:50 [kr36] search_date_filtered fixed_category=Long China 50 pub=2023-07-20 window=2026-04-17~2026-04-19
2026-04-23 15:36:50 [kr36] search_date_filtered fixed_category=Long China 50 pub=2024-03-13 window=2026-04-17~2026-04-19
2026-04-23 15:36:50 [kr36] search_date_filtered fixed_category=Long China 50 pub=2023-02-17 window=2026-04-17~2026-04-19
2026-04-23 15:36:50 [kr36] search_date_filtered fixed_category=Long China 50 pub=2024-02-23 window=2026-04-17~2026-04-19
2026-04-23 15:36:50 [kr36] search_date_filtered fixed_category=Long China 50 pub=2022-06-12 window=2026-04-17~2026-04-19
2026-04-23 15:36:50 [kr36] search_date_filtered fixed_category=Long China 50 pub=2023-02-20 window=2026-04-17~2026-04-19
2026-04-23 15:36:50 [kr36] search_date_filtered fixed_category=Long China 50 pub=2022-08-05 window=2026-04-17~2026-04-19
2026-04-23 15:36:50 [kr36] search_date_filtered fixed_category=Long China 50 pub=2022-08-24 window=2026-04-17~2026-04-19
2026-04-23 15:36:50 [kr36] search_date_filtered fixed_category=Long China 50 pub=2023-02-20 window=2026-04-17~2026-04-19
2026-04-23 15:36:50 [kr36] search_date_filtered fixed_category=Long China 50 pub=2022-08-22 window=2026-04-17~2026-04-19
2026-04-23 15:36:50 [kr36] search_date_filtered fixed_category=Long China 50 pub=2023-01-15 window=2026-04-17~2026-04-19
2026-04-23 15:36:50 [kr36] search_date_filtered fixed_category=Long China 50 pub=2023-03-09 window=2026-04-17~2026-04-19
2026-04-23 15:36:50 [kr36] search_date_filtered fixed_category=Long China 50 pub=2022-07-19 window=2026-04-17~2026-04-19
2026-04-23 15:36:50 [kr36] search_date_filtered fixed_category=Long China 50 pub=2022-06-03 window=2026-04-17~2026-04-19
2026-04-23 15:36:50 [kr36] search_date_filtered fixed_category=Long China 50 pub=2022-08-19 window=2026-04-17~2026-04-19
2026-04-23 15:36:50 [kr36] search_date_filtered fixed_category=Long China 50 pub=2023-03-08 window=2026-04-17~2026-04-19
2026-04-23 15:36:50 [kr36] search_date_filtered fixed_category=Long China 50 pub=2023-01-11 window=2026-04-17~2026-04-19
2026-04-23 15:36:50 [kr36] search_date_filtered fixed_category=Long China 50 pub=2024-05-29 window=2026-04-17~2026-04-19
2026-04-23 15:36:50 [kr36] search_date_filtered fixed_category=Long China 50 pub=2024-04-29 window=2026-04-17~2026-04-19
2026-04-23 15:36:50 [kr36] search_date_filtered fixed_category=Long China 50 pub=2024-05-24 window=2026-04-17~2026-04-19
2026-04-23 15:36:50 [kr36] search_date_filtered fixed_category=Long China 50 pub=2023-07-20 window=2026-04-17~2026-04-19
2026-04-23 15:36:50 [kr36] search_date_filtered fixed_category=Long China 50 pub=2024-03-13 window=2026-04-17~2026-04-19
2026-04-23 15:36:50 [kr36] search_date_filtered fixed_category=Long China 50 pub=2023-02-17 window=2026-04-17~2026-04-19
2026-04-23 15:36:50 [kr36] search_date_filtered fixed_category=Long China 50 pub=2024-02-23 window=2026-04-17~2026-04-19
2026-04-23 15:36:51 [kr36] search_date_filtered fixed_category=Long China 50 pub=2022-06-12 window=2026-04-17~2026-04-19
2026-04-23 15:36:51 [kr36] search_date_filtered fixed_category=Long China 50 pub=2023-02-20 window=2026-04-17~2026-04-19
2026-04-23 15:36:51 [kr36] search_date_filtered fixed_category=Long China 50 pub=2022-08-05 window=2026-04-17~2026-04-19
2026-04-23 15:36:51 [kr36] search_date_filtered fixed_category=Long China 50 pub=2022-08-05 window=2026-04-17~2026-04-19
2026-04-23 15:36:51 [kr36] search_date_filtered fixed_category=Long China 50 pub=2022-08-24 window=2026-04-17~2026-04-19
2026-04-23 15:36:51 [kr36] search_date_filtered fixed_category=Long China 50 pub=2023-02-20 window=2026-04-17~2026-04-19
2026-04-23 15:36:51 [kr36] search_date_filtered fixed_category=Long China 50 pub=2022-08-22 window=2026-04-17~2026-04-19
2026-04-23 15:36:51 [kr36] search_date_filtered fixed_category=Long China 50 pub=2023-01-15 window=2026-04-17~2026-04-19
2026-04-23 15:36:51 [kr36] search_date_filtered fixed_category=Long China 50 pub=2023-03-09 window=2026-04-17~2026-04-19
2026-04-23 15:36:51 [kr36] search_date_filtered fixed_category=Long China 50 pub=2022-07-19 window=2026-04-17~2026-04-19
2026-04-23 15:36:51 [kr36] search_date_filtered fixed_category=Long China 50 pub=2022-06-03 window=2026-04-17~2026-04-19
2026-04-23 15:36:51 [kr36] search_date_filtered fixed_category=Long China 50 pub=2022-08-19 window=2026-04-17~2026-04-19
2026-04-23 15:36:51 [kr36] search_date_filtered fixed_category=Long China 50 pub=2023-03-08 window=2026-04-17~2026-04-19
2026-04-23 15:36:51 [kr36] search_date_parse_failed fixed_category=Long China 50 window=2026-04-17~2026-04-19 item_html_len=1335 action=exclude
2026-04-23 15:36:51 [kr36] search_date_filtered fixed_category=Long China 50 pub=2024-05-29 window=2026-04-17~2026-04-19
2026-04-23 15:36:51 [kr36] search_date_filtered fixed_category=Long China 50 pub=2024-05-29 window=2026-04-17~2026-04-19
2026-04-23 15:36:51 [kr36] search_date_filtered fixed_category=Long China 50 pub=2024-04-29 window=2026-04-17~2026-04-19
2026-04-23 15:36:51 [kr36] search_date_filtered fixed_category=Long China 50 pub=2024-04-29 window=2026-04-17~2026-04-19
2026-04-23 15:36:51 [kr36] search_date_filtered fixed_category=Long China 50 pub=2024-05-24 window=2026-04-17~2026-04-19
2026-04-23 15:36:51 [kr36] search_date_filtered fixed_category=Long China 50 pub=2024-05-24 window=2026-04-17~2026-04-19
2026-04-23 15:36:51 [kr36] search_date_filtered fixed_category=Long China 50 pub=2023-07-20 window=2026-04-17~2026-04-19
2026-04-23 15:36:51 [kr36] search_date_filtered fixed_category=Long China 50 pub=2023-07-20 window=2026-04-17~2026-04-19
2026-04-23 15:36:51 [kr36] search_date_filtered fixed_category=Long China 50 pub=2024-03-13 window=2026-04-17~2026-04-19
2026-04-23 15:36:51 [kr36] search_date_filtered fixed_category=Long China 50 pub=2024-03-13 window=2026-04-17~2026-04-19
2026-04-23 15:36:51 [kr36] search_date_filtered fixed_category=Long China 50 pub=2023-02-17 window=2026-04-17~2026-04-19
2026-04-23 15:36:51 [kr36] search_date_filtered fixed_category=Long China 50 pub=2023-02-17 window=2026-04-17~2026-04-19
2026-04-23 15:36:51 [kr36] search_date_filtered fixed_category=Long China 50 pub=2024-02-23 window=2026-04-17~2026-04-19
2026-04-23 15:36:51 [kr36] search_date_filtered fixed_category=Long China 50 pub=2024-02-23 window=2026-04-17~2026-04-19
2026-04-23 15:36:51 [kr36] search_date_filtered fixed_category=Long China 50 pub=2022-06-12 window=2026-04-17~2026-04-19
2026-04-23 15:36:51 [kr36] search_date_filtered fixed_category=Long China 50 pub=2022-06-12 window=2026-04-17~2026-04-19
2026-04-23 15:36:51 [kr36] search_date_filtered fixed_category=Long China 50 pub=2023-02-20 window=2026-04-17~2026-04-19
2026-04-23 15:36:51 [kr36] search_date_filtered fixed_category=Long China 50 pub=2023-02-20 window=2026-04-17~2026-04-19
2026-04-23 15:36:51 [kr36] search_date_filtered fixed_category=Long China 50 pub=2022-08-05 window=2026-04-17~2026-04-19
2026-04-23 15:36:51 [kr36] search_date_filtered fixed_category=Long China 50 pub=2022-08-05 window=2026-04-17~2026-04-19
2026-04-23 15:36:51 [kr36] search_date_filtered fixed_category=Long China 50 pub=2022-08-24 window=2026-04-17~2026-04-19
2026-04-23 15:36:51 [kr36] search_date_filtered fixed_category=Long China 50 pub=2022-08-24 window=2026-04-17~2026-04-19
2026-04-23 15:36:51 [kr36] search_date_filtered fixed_category=Long China 50 pub=2023-02-20 window=2026-04-17~2026-04-19
2026-04-23 15:36:51 [kr36] search_date_filtered fixed_category=Long China 50 pub=2023-02-20 window=2026-04-17~2026-04-19
2026-04-23 15:36:51 [kr36] search_date_filtered fixed_category=Long China 50 pub=2022-08-22 window=2026-04-17~2026-04-19
2026-04-23 15:36:51 [kr36] search_date_filtered fixed_category=Long China 50 pub=2022-08-22 window=2026-04-17~2026-04-19
2026-04-23 15:36:51 [kr36] search_date_filtered fixed_category=Long China 50 pub=2023-01-15 window=2026-04-17~2026-04-19
2026-04-23 15:36:51 [kr36] search_date_filtered fixed_category=Long China 50 pub=2023-01-15 window=2026-04-17~2026-04-19
2026-04-23 15:36:51 [kr36] search_date_filtered fixed_category=Long China 50 pub=2023-03-09 window=2026-04-17~2026-04-19
2026-04-23 15:36:51 [kr36] search_date_filtered fixed_category=Long China 50 pub=2023-03-09 window=2026-04-17~2026-04-19
2026-04-23 15:36:51 [kr36] search_date_filtered fixed_category=Long China 50 pub=2022-07-19 window=2026-04-17~2026-04-19
2026-04-23 15:36:51 [kr36] search_date_filtered fixed_category=Long China 50 pub=2022-07-19 window=2026-04-17~2026-04-19
2026-04-23 15:36:51 [kr36] search_date_filtered fixed_category=Long China 50 pub=2022-06-03 window=2026-04-17~2026-04-19
2026-04-23 15:36:51 [kr36] search_date_filtered fixed_category=Long China 50 pub=2022-06-03 window=2026-04-17~2026-04-19
2026-04-23 15:36:51 [kr36] search_date_filtered fixed_category=Long China 50 pub=2022-08-19 window=2026-04-17~2026-04-19
2026-04-23 15:36:51 [kr36] search_date_filtered fixed_category=Long China 50 pub=2022-08-19 window=2026-04-17~2026-04-19
2026-04-23 15:36:51 [kr36] search_date_filtered fixed_category=Long China 50 pub=2023-03-08 window=2026-04-17~2026-04-19
2026-04-23 15:36:51 [kr36] search_date_filtered fixed_category=Long China 50 pub=2023-03-08 window=2026-04-17~2026-04-19
2026-04-23 15:36:51 [kr36] search_date_filtered fixed_category=Long China 50 pub=2023-01-11 window=2026-04-17~2026-04-19
2026-04-23 15:36:51 [kr36] search_date_filtered fixed_category=Long China 50 pub=2023-01-11 window=2026-04-17~2026-04-19
2026-04-23 15:36:51 [kr36] round_end page=7 round=7/12 stage=search category=Long China 50 status=ok fetched=0 total_refs=3 elapsed_ms=26232
2026-04-23 15:36:51 [kr36] search_zero_result category=Long China 50 html_length=102063 has_list_main=true has_search_item=true has_p_link=true risk_like=false
2026-04-23 15:36:51 [kr36] 完成搜索页(Long China 50)，数据 0 条，累计 3 条
2026-04-23 15:36:51 [kr36] round_next round=8/12 stage=search_or_channel
2026-04-23 15:36:51 [kr36] round_start page=8 round=8/12 stage=search category=投资派 url=https://36kr.com/search/articles/%E6%8A%95%E8%B5%84%E6%B4%BE date_window=2026-04-17~2026-04-19
2026-04-23 15:36:51 [kr36] 进入搜索页(投资派)，数据 0 条，累计 3 条
2026-04-23 15:36:51 [kr36] throttle_wait url=https://36kr.com/search/articles/%E6%8A%95%E8%B5%84%E6%B4%BE wait_ms=11689 global_wait_ms=11689 same_url_wait_ms=0 risk_wait_ms=0
2026-04-23 15:37:03 [kr36] fetch_start url=https://36kr.com/search/articles/%E6%8A%95%E8%B5%84%E6%B4%BE
2026-04-23 15:37:06 [kr36] search_enrich_direct_step4 reason=auto_solver url=https://36kr.com/search/articles/%E6%8A%95%E8%B5%84%E6%B4%BE
2026-04-23 15:37:06 [kr36] playwright_slider_start phase='search-listing-step4' url=https://36kr.com/search/articles/%E6%8A%95%E8%B5%84%E6%B4%BE headless=false channel='msedge'
2026-04-23 15:37:22 [kr36] playwright_slider_preloop phase='search-listing-step4' url=https://36kr.com/search/articles/%E6%8A%95%E8%B5%84%E6%B4%BE wait_after_load_ms=1800 slider_ui_ready_max_ms=20000
2026-04-23 15:37:26 [kr36] playwright_slider_ok phase='search-listing-step4' url=https://36kr.com/search/articles/%E6%8A%95%E8%B5%84%E6%B4%BE html_length=99956
2026-04-23 15:37:27 [kr36] search_listing_csr_enriched url=https://36kr.com/search/articles/%E6%8A%95%E8%B5%84%E6%B4%BE html_length=99956
2026-04-23 15:37:27 [kr36] fetch_ok method=curl_playwright_search url=https://36kr.com/search/articles/%E6%8A%95%E8%B5%84%E6%B4%BE html_length=99956
2026-04-23 15:37:28 [kr36] search_date_filtered fixed_category=投资派 pub=2024-06-05 window=2026-04-17~2026-04-19
2026-04-23 15:37:28 [kr36] search_date_filtered fixed_category=投资派 pub=2024-06-26 window=2026-04-17~2026-04-19
2026-04-23 15:37:28 [kr36] search_date_filtered fixed_category=投资派 pub=2024-07-11 window=2026-04-17~2026-04-19
2026-04-23 15:37:28 [kr36] search_date_filtered fixed_category=投资派 pub=2024-04-26 window=2026-04-17~2026-04-19
2026-04-23 15:37:28 [kr36] search_date_filtered fixed_category=投资派 pub=2024-04-23 window=2026-04-17~2026-04-19
2026-04-23 15:37:28 [kr36] search_date_filtered fixed_category=投资派 pub=2024-04-27 window=2026-04-17~2026-04-19
2026-04-23 15:37:28 [kr36] search_date_filtered fixed_category=投资派 pub=2024-05-06 window=2026-04-17~2026-04-19
2026-04-23 15:37:28 [kr36] search_date_filtered fixed_category=投资派 pub=2023-09-07 window=2026-04-17~2026-04-19
2026-04-23 15:37:28 [kr36] search_date_filtered fixed_category=投资派 pub=2023-08-24 window=2026-04-17~2026-04-19
2026-04-23 15:37:28 [kr36] search_date_filtered fixed_category=投资派 pub=2022-08-19 window=2026-04-17~2026-04-19
2026-04-23 15:37:28 [kr36] search_date_filtered fixed_category=投资派 pub=2022-02-17 window=2026-04-17~2026-04-19
2026-04-23 15:37:28 [kr36] search_date_filtered fixed_category=投资派 pub=2023-08-17 window=2026-04-17~2026-04-19
2026-04-23 15:37:28 [kr36] search_date_filtered fixed_category=投资派 pub=2022-02-11 window=2026-04-17~2026-04-19
2026-04-23 15:37:28 [kr36] search_date_filtered fixed_category=投资派 pub=2021-10-20 window=2026-04-17~2026-04-19
2026-04-23 15:37:28 [kr36] search_date_filtered fixed_category=投资派 pub=2022-01-12 window=2026-04-17~2026-04-19
2026-04-23 15:37:28 [kr36] search_date_filtered fixed_category=投资派 pub=2022-02-11 window=2026-04-17~2026-04-19
2026-04-23 15:37:28 [kr36] search_date_filtered fixed_category=投资派 pub=2022-02-09 window=2026-04-17~2026-04-19
2026-04-23 15:37:28 [kr36] search_date_filtered fixed_category=投资派 pub=2022-02-21 window=2026-04-17~2026-04-19
2026-04-23 15:37:28 [kr36] search_date_filtered fixed_category=投资派 pub=2021-10-27 window=2026-04-17~2026-04-19
2026-04-23 15:37:28 [kr36] search_date_filtered fixed_category=投资派 pub=2022-01-05 window=2026-04-17~2026-04-19
2026-04-23 15:37:28 [kr36] search_date_filtered fixed_category=投资派 pub=2024-06-05 window=2026-04-17~2026-04-19
2026-04-23 15:37:28 [kr36] search_date_filtered fixed_category=投资派 pub=2024-06-26 window=2026-04-17~2026-04-19
2026-04-23 15:37:28 [kr36] search_date_filtered fixed_category=投资派 pub=2024-07-11 window=2026-04-17~2026-04-19
2026-04-23 15:37:28 [kr36] search_date_filtered fixed_category=投资派 pub=2024-04-26 window=2026-04-17~2026-04-19
2026-04-23 15:37:28 [kr36] search_date_filtered fixed_category=投资派 pub=2024-04-23 window=2026-04-17~2026-04-19
2026-04-23 15:37:28 [kr36] search_date_filtered fixed_category=投资派 pub=2024-04-27 window=2026-04-17~2026-04-19
2026-04-23 15:37:28 [kr36] search_date_filtered fixed_category=投资派 pub=2024-05-06 window=2026-04-17~2026-04-19
2026-04-23 15:37:28 [kr36] search_date_filtered fixed_category=投资派 pub=2023-09-07 window=2026-04-17~2026-04-19
2026-04-23 15:37:28 [kr36] search_date_filtered fixed_category=投资派 pub=2023-08-24 window=2026-04-17~2026-04-19
2026-04-23 15:37:28 [kr36] search_date_filtered fixed_category=投资派 pub=2022-08-19 window=2026-04-17~2026-04-19
2026-04-23 15:37:28 [kr36] search_date_filtered fixed_category=投资派 pub=2022-08-19 window=2026-04-17~2026-04-19
2026-04-23 15:37:28 [kr36] search_date_filtered fixed_category=投资派 pub=2022-02-17 window=2026-04-17~2026-04-19
2026-04-23 15:37:28 [kr36] search_date_filtered fixed_category=投资派 pub=2023-08-17 window=2026-04-17~2026-04-19
2026-04-23 15:37:28 [kr36] search_date_filtered fixed_category=投资派 pub=2022-02-11 window=2026-04-17~2026-04-19
2026-04-23 15:37:28 [kr36] search_date_filtered fixed_category=投资派 pub=2021-10-20 window=2026-04-17~2026-04-19
2026-04-23 15:37:28 [kr36] search_date_filtered fixed_category=投资派 pub=2022-01-12 window=2026-04-17~2026-04-19
2026-04-23 15:37:28 [kr36] search_date_filtered fixed_category=投资派 pub=2022-02-11 window=2026-04-17~2026-04-19
2026-04-23 15:37:28 [kr36] search_date_filtered fixed_category=投资派 pub=2022-02-09 window=2026-04-17~2026-04-19
2026-04-23 15:37:28 [kr36] search_date_filtered fixed_category=投资派 pub=2022-02-21 window=2026-04-17~2026-04-19
2026-04-23 15:37:28 [kr36] search_date_filtered fixed_category=投资派 pub=2021-10-27 window=2026-04-17~2026-04-19
2026-04-23 15:37:28 [kr36] search_date_parse_failed fixed_category=投资派 window=2026-04-17~2026-04-19 item_html_len=1335 action=exclude
2026-04-23 15:37:28 [kr36] search_date_filtered fixed_category=投资派 pub=2024-06-05 window=2026-04-17~2026-04-19
2026-04-23 15:37:28 [kr36] search_date_filtered fixed_category=投资派 pub=2024-06-05 window=2026-04-17~2026-04-19
2026-04-23 15:37:28 [kr36] search_date_filtered fixed_category=投资派 pub=2024-06-26 window=2026-04-17~2026-04-19
2026-04-23 15:37:28 [kr36] search_date_filtered fixed_category=投资派 pub=2024-06-26 window=2026-04-17~2026-04-19
2026-04-23 15:37:28 [kr36] search_date_filtered fixed_category=投资派 pub=2024-07-11 window=2026-04-17~2026-04-19
2026-04-23 15:37:28 [kr36] search_date_filtered fixed_category=投资派 pub=2024-07-11 window=2026-04-17~2026-04-19
2026-04-23 15:37:28 [kr36] search_date_filtered fixed_category=投资派 pub=2024-04-26 window=2026-04-17~2026-04-19
2026-04-23 15:37:28 [kr36] search_date_filtered fixed_category=投资派 pub=2024-04-26 window=2026-04-17~2026-04-19
2026-04-23 15:37:28 [kr36] search_date_filtered fixed_category=投资派 pub=2024-04-23 window=2026-04-17~2026-04-19
2026-04-23 15:37:28 [kr36] search_date_filtered fixed_category=投资派 pub=2024-04-23 window=2026-04-17~2026-04-19
2026-04-23 15:37:28 [kr36] search_date_filtered fixed_category=投资派 pub=2024-04-27 window=2026-04-17~2026-04-19
2026-04-23 15:37:28 [kr36] search_date_filtered fixed_category=投资派 pub=2024-04-27 window=2026-04-17~2026-04-19
2026-04-23 15:37:28 [kr36] search_date_filtered fixed_category=投资派 pub=2024-05-06 window=2026-04-17~2026-04-19
2026-04-23 15:37:28 [kr36] search_date_filtered fixed_category=投资派 pub=2024-05-06 window=2026-04-17~2026-04-19
2026-04-23 15:37:28 [kr36] search_date_filtered fixed_category=投资派 pub=2023-09-07 window=2026-04-17~2026-04-19
2026-04-23 15:37:28 [kr36] search_date_filtered fixed_category=投资派 pub=2023-09-07 window=2026-04-17~2026-04-19
2026-04-23 15:37:28 [kr36] search_date_filtered fixed_category=投资派 pub=2023-08-24 window=2026-04-17~2026-04-19
2026-04-23 15:37:28 [kr36] search_date_filtered fixed_category=投资派 pub=2023-08-24 window=2026-04-17~2026-04-19
2026-04-23 15:37:28 [kr36] search_date_filtered fixed_category=投资派 pub=2022-08-19 window=2026-04-17~2026-04-19
2026-04-23 15:37:28 [kr36] search_date_filtered fixed_category=投资派 pub=2022-08-19 window=2026-04-17~2026-04-19
2026-04-23 15:37:28 [kr36] search_date_filtered fixed_category=投资派 pub=2022-02-17 window=2026-04-17~2026-04-19
2026-04-23 15:37:28 [kr36] search_date_filtered fixed_category=投资派 pub=2022-02-17 window=2026-04-17~2026-04-19
2026-04-23 15:37:28 [kr36] search_date_filtered fixed_category=投资派 pub=2023-08-17 window=2026-04-17~2026-04-19
2026-04-23 15:37:28 [kr36] search_date_filtered fixed_category=投资派 pub=2023-08-17 window=2026-04-17~2026-04-19
2026-04-23 15:37:28 [kr36] search_date_filtered fixed_category=投资派 pub=2022-02-11 window=2026-04-17~2026-04-19
2026-04-23 15:37:28 [kr36] search_date_filtered fixed_category=投资派 pub=2022-02-11 window=2026-04-17~2026-04-19
2026-04-23 15:37:28 [kr36] search_date_filtered fixed_category=投资派 pub=2021-10-20 window=2026-04-17~2026-04-19
2026-04-23 15:37:28 [kr36] search_date_filtered fixed_category=投资派 pub=2021-10-20 window=2026-04-17~2026-04-19
2026-04-23 15:37:28 [kr36] search_date_filtered fixed_category=投资派 pub=2022-01-12 window=2026-04-17~2026-04-19
2026-04-23 15:37:28 [kr36] search_date_filtered fixed_category=投资派 pub=2022-01-12 window=2026-04-17~2026-04-19
2026-04-23 15:37:28 [kr36] search_date_filtered fixed_category=投资派 pub=2022-02-11 window=2026-04-17~2026-04-19
2026-04-23 15:37:28 [kr36] search_date_filtered fixed_category=投资派 pub=2022-02-11 window=2026-04-17~2026-04-19
2026-04-23 15:37:28 [kr36] search_date_filtered fixed_category=投资派 pub=2022-02-09 window=2026-04-17~2026-04-19
2026-04-23 15:37:28 [kr36] search_date_filtered fixed_category=投资派 pub=2022-02-09 window=2026-04-17~2026-04-19
2026-04-23 15:37:28 [kr36] search_date_filtered fixed_category=投资派 pub=2022-02-21 window=2026-04-17~2026-04-19
2026-04-23 15:37:28 [kr36] search_date_filtered fixed_category=投资派 pub=2022-02-21 window=2026-04-17~2026-04-19
2026-04-23 15:37:28 [kr36] search_date_filtered fixed_category=投资派 pub=2021-10-27 window=2026-04-17~2026-04-19
2026-04-23 15:37:28 [kr36] search_date_filtered fixed_category=投资派 pub=2021-10-27 window=2026-04-17~2026-04-19
2026-04-23 15:37:28 [kr36] search_date_filtered fixed_category=投资派 pub=2022-01-05 window=2026-04-17~2026-04-19
2026-04-23 15:37:28 [kr36] search_date_filtered fixed_category=投资派 pub=2022-01-05 window=2026-04-17~2026-04-19
2026-04-23 15:37:28 [kr36] round_end page=8 round=8/12 stage=search category=投资派 status=ok fetched=0 total_refs=3 elapsed_ms=37364
2026-04-23 15:37:28 [kr36] search_zero_result category=投资派 html_length=99956 has_list_main=true has_search_item=true has_p_link=true risk_like=false
2026-04-23 15:37:28 [kr36] 完成搜索页(投资派)，数据 0 条，累计 3 条
2026-04-23 15:37:28 [kr36] round_next round=9/12 stage=search_or_channel
2026-04-23 15:37:28 [kr36] round_start page=9 round=9/12 stage=search category=新青年观察 url=https://36kr.com/search/articles/%E6%96%B0%E9%9D%92%E5%B9%B4%E8%A7%82%E5%AF%9F date_window=2026-04-17~2026-04-19
2026-04-23 15:37:28 [kr36] 进入搜索页(新青年观察)，数据 0 条，累计 3 条
2026-04-23 15:37:28 [kr36] throttle_wait url=https://36kr.com/search/articles/%E6%96%B0%E9%9D%92%E5%B9%B4%E8%A7%82%E5%AF%9F wait_ms=7167 global_wait_ms=7167 same_url_wait_ms=0 risk_wait_ms=0
2026-04-23 15:37:35 [kr36] fetch_start url=https://36kr.com/search/articles/%E6%96%B0%E9%9D%92%E5%B9%B4%E8%A7%82%E5%AF%9F
2026-04-23 15:37:41 [kr36] search_enrich_direct_step4 reason=auto_solver url=https://36kr.com/search/articles/%E6%96%B0%E9%9D%92%E5%B9%B4%E8%A7%82%E5%AF%9F
2026-04-23 15:37:41 [kr36] playwright_slider_start phase='search-listing-step4' url=https://36kr.com/search/articles/%E6%96%B0%E9%9D%92%E5%B9%B4%E8%A7%82%E5%AF%9F headless=false channel='msedge'
2026-04-23 15:37:57 [kr36] playwright_slider_preloop phase='search-listing-step4' url=https://36kr.com/search/articles/%E6%96%B0%E9%9D%92%E5%B9%B4%E8%A7%82%E5%AF%9F wait_after_load_ms=1800 slider_ui_ready_max_ms=20000
2026-04-23 15:38:01 [kr36] playwright_slider_ok phase='search-listing-step4' url=https://36kr.com/search/articles/%E6%96%B0%E9%9D%92%E5%B9%B4%E8%A7%82%E5%AF%9F html_length=68713
2026-04-23 15:38:03 [kr36] search_listing_csr_enriched url=https://36kr.com/search/articles/%E6%96%B0%E9%9D%92%E5%B9%B4%E8%A7%82%E5%AF%9F html_length=68713
2026-04-23 15:38:03 [kr36] fetch_ok method=curl_playwright_search url=https://36kr.com/search/articles/%E6%96%B0%E9%9D%92%E5%B9%B4%E8%A7%82%E5%AF%9F html_length=68713
2026-04-23 15:38:03 [kr36] search_date_filtered fixed_category=新青年观察 pub=2022-04-24 window=2026-04-17~2026-04-19
2026-04-23 15:38:03 [kr36] search_date_filtered fixed_category=新青年观察 pub=2020-09-18 window=2026-04-17~2026-04-19
2026-04-23 15:38:03 [kr36] search_date_filtered fixed_category=新青年观察 pub=2019-07-10 window=2026-04-17~2026-04-19
2026-04-23 15:38:03 [kr36] search_date_filtered fixed_category=新青年观察 pub=2022-04-24 window=2026-04-17~2026-04-19
2026-04-23 15:38:03 [kr36] search_date_filtered fixed_category=新青年观察 pub=2020-09-18 window=2026-04-17~2026-04-19
2026-04-23 15:38:03 [kr36] search_date_filtered fixed_category=新青年观察 pub=2019-07-10 window=2026-04-17~2026-04-19
2026-04-23 15:38:03 [kr36] search_date_parse_failed fixed_category=新青年观察 window=2026-04-17~2026-04-19 item_html_len=1335 action=exclude
2026-04-23 15:38:03 [kr36] search_date_filtered fixed_category=新青年观察 pub=2022-04-24 window=2026-04-17~2026-04-19
2026-04-23 15:38:03 [kr36] search_date_filtered fixed_category=新青年观察 pub=2022-04-24 window=2026-04-17~2026-04-19
2026-04-23 15:38:03 [kr36] search_date_filtered fixed_category=新青年观察 pub=2020-09-18 window=2026-04-17~2026-04-19
2026-04-23 15:38:03 [kr36] search_date_filtered fixed_category=新青年观察 pub=2020-09-18 window=2026-04-17~2026-04-19
2026-04-23 15:38:03 [kr36] search_date_filtered fixed_category=新青年观察 pub=2019-07-10 window=2026-04-17~2026-04-19
2026-04-23 15:38:03 [kr36] search_date_filtered fixed_category=新青年观察 pub=2019-07-10 window=2026-04-17~2026-04-19
2026-04-23 15:38:03 [kr36] round_end page=9 round=9/12 stage=search category=新青年观察 status=ok fetched=0 total_refs=3 elapsed_ms=34747
2026-04-23 15:38:03 [kr36] search_zero_result category=新青年观察 html_length=68713 has_list_main=true has_search_item=true has_p_link=true risk_like=false
2026-04-23 15:38:03 [kr36] 完成搜索页(新青年观察)，数据 0 条，累计 3 条
2026-04-23 15:38:03 [kr36] round_next round=10/12 stage=search_or_channel
2026-04-23 15:38:03 [kr36] round_start page=10 round=10/12 stage=search category=KRLab url=https://36kr.com/search/articles/KRLab date_window=2026-04-17~2026-04-19
2026-04-23 15:38:03 [kr36] 进入搜索页(KRLab)，数据 0 条，累计 3 条
2026-04-23 15:38:03 [kr36] throttle_wait url=https://36kr.com/search/articles/KRLab wait_ms=11821 global_wait_ms=11821 same_url_wait_ms=0 risk_wait_ms=0
2026-04-23 15:38:15 [kr36] fetch_start url=https://36kr.com/search/articles/KRLab
2026-04-23 15:38:17 [kr36] search_enrich_direct_step4 reason=auto_solver url=https://36kr.com/search/articles/KRLab
2026-04-23 15:38:17 [kr36] playwright_slider_start phase='search-listing-step4' url=https://36kr.com/search/articles/KRLab headless=false channel='msedge'
2026-04-23 15:38:35 [kr36] playwright_slider_preloop phase='search-listing-step4' url=https://36kr.com/search/articles/KRLab wait_after_load_ms=1800 slider_ui_ready_max_ms=20000
2026-04-23 15:38:39 [kr36] playwright_slider_ok phase='search-listing-step4' url=https://36kr.com/search/articles/KRLab html_length=62640
2026-04-23 15:38:40 [kr36] search_listing_csr_enriched url=https://36kr.com/search/articles/KRLab html_length=62640
2026-04-23 15:38:40 [kr36] fetch_ok method=curl_playwright_search url=https://36kr.com/search/articles/KRLab html_length=62640
2026-04-23 15:38:40 [kr36] search_date_parse_failed fixed_category=KRLab window=2026-04-17~2026-04-19 item_html_len=1335 action=exclude
2026-04-23 15:38:40 [kr36] round_end page=10 round=10/12 stage=search category=KRLab status=ok fetched=0 total_refs=3 elapsed_ms=37079
2026-04-23 15:38:40 [kr36] search_zero_result category=KRLab html_length=62640 has_list_main=false has_search_item=false has_p_link=true risk_like=false
2026-04-23 15:38:40 [kr36] 完成搜索页(KRLab)，数据 0 条，累计 3 条
2026-04-23 15:38:40 [kr36] round_next round=11/12 stage=search_or_channel
2026-04-23 15:38:40 [kr36] round_start page=11 round=11/12 stage=search category=AI协同创新中心 url=https://36kr.com/search/articles/AI%E5%8D%8F%E5%90%8C%E5%88%9B%E6%96%B0%E4%B8%AD%E5%BF%83 date_window=2026-04-17~2026-04-19
2026-04-23 15:38:40 [kr36] 进入搜索页(AI协同创新中心)，数据 0 条，累计 3 条
2026-04-23 15:38:40 [kr36] throttle_wait url=https://36kr.com/search/articles/AI%E5%8D%8F%E5%90%8C%E5%88%9B%E6%96%B0%E4%B8%AD%E5%BF%83 wait_ms=7154 global_wait_ms=7154 same_url_wait_ms=0 risk_wait_ms=0
2026-04-23 15:38:47 [kr36] fetch_start url=https://36kr.com/search/articles/AI%E5%8D%8F%E5%90%8C%E5%88%9B%E6%96%B0%E4%B8%AD%E5%BF%83
2026-04-23 15:38:51 [kr36] search_enrich_direct_step4 reason=auto_solver url=https://36kr.com/search/articles/AI%E5%8D%8F%E5%90%8C%E5%88%9B%E6%96%B0%E4%B8%AD%E5%BF%83
2026-04-23 15:38:51 [kr36] playwright_slider_start phase='search-listing-step4' url=https://36kr.com/search/articles/AI%E5%8D%8F%E5%90%8C%E5%88%9B%E6%96%B0%E4%B8%AD%E5%BF%83 headless=false channel='msedge'
2026-04-23 15:39:13 [kr36] playwright_slider_preloop phase='search-listing-step4' url=https://36kr.com/search/articles/AI%E5%8D%8F%E5%90%8C%E5%88%9B%E6%96%B0%E4%B8%AD%E5%BF%83 wait_after_load_ms=1800 slider_ui_ready_max_ms=20000
2026-04-23 15:39:18 [kr36] playwright_slider_ok phase='search-listing-step4' url=https://36kr.com/search/articles/AI%E5%8D%8F%E5%90%8C%E5%88%9B%E6%96%B0%E4%B8%AD%E5%BF%83 html_length=85689
2026-04-23 15:39:19 [kr36] search_listing_csr_enriched url=https://36kr.com/search/articles/AI%E5%8D%8F%E5%90%8C%E5%88%9B%E6%96%B0%E4%B8%AD%E5%BF%83 html_length=85689
2026-04-23 15:39:19 [kr36] fetch_ok method=curl_playwright_search url=https://36kr.com/search/articles/AI%E5%8D%8F%E5%90%8C%E5%88%9B%E6%96%B0%E4%B8%AD%E5%BF%83 html_length=85689
2026-04-23 15:39:19 [kr36] search_date_filtered fixed_category=AI协同创新中心 pub=2023-10-24 window=2026-04-17~2026-04-19
2026-04-23 15:39:19 [kr36] search_date_filtered fixed_category=AI协同创新中心 pub=2023-10-23 window=2026-04-17~2026-04-19
2026-04-23 15:39:19 [kr36] search_date_filtered fixed_category=AI协同创新中心 pub=2023-10-16 window=2026-04-17~2026-04-19
2026-04-23 15:39:19 [kr36] search_date_filtered fixed_category=AI协同创新中心 pub=2025-12-24 window=2026-04-17~2026-04-19
2026-04-23 15:39:19 [kr36] search_date_filtered fixed_category=AI协同创新中心 pub=2023-12-05 window=2026-04-17~2026-04-19
2026-04-23 15:39:19 [kr36] search_date_filtered fixed_category=AI协同创新中心 pub=2023-10-13 window=2026-04-17~2026-04-19
2026-04-23 15:39:19 [kr36] search_date_filtered fixed_category=AI协同创新中心 pub=2026-04-23 window=2026-04-17~2026-04-19
2026-04-23 15:39:19 [kr36] search_date_filtered fixed_category=AI协同创新中心 pub=2023-10-18 window=2026-04-17~2026-04-19
2026-04-23 15:39:19 [kr36] search_date_filtered fixed_category=AI协同创新中心 pub=2023-11-30 window=2026-04-17~2026-04-19
2026-04-23 15:39:19 [kr36] search_date_filtered fixed_category=AI协同创新中心 pub=2023-12-14 window=2026-04-17~2026-04-19
2026-04-23 15:39:19 [kr36] search_date_filtered fixed_category=AI协同创新中心 pub=2023-11-30 window=2026-04-17~2026-04-19
2026-04-23 15:39:19 [kr36] search_date_filtered fixed_category=AI协同创新中心 pub=2023-10-24 window=2026-04-17~2026-04-19
2026-04-23 15:39:19 [kr36] search_date_filtered fixed_category=AI协同创新中心 pub=2023-10-23 window=2026-04-17~2026-04-19
2026-04-23 15:39:19 [kr36] search_date_filtered fixed_category=AI协同创新中心 pub=2023-10-16 window=2026-04-17~2026-04-19
2026-04-23 15:39:19 [kr36] search_date_filtered fixed_category=AI协同创新中心 pub=2025-12-24 window=2026-04-17~2026-04-19
2026-04-23 15:39:19 [kr36] search_date_filtered fixed_category=AI协同创新中心 pub=2023-12-05 window=2026-04-17~2026-04-19
2026-04-23 15:39:19 [kr36] search_date_filtered fixed_category=AI协同创新中心 pub=2023-10-13 window=2026-04-17~2026-04-19
2026-04-23 15:39:19 [kr36] search_date_filtered fixed_category=AI协同创新中心 pub=2026-04-23 window=2026-04-17~2026-04-19
2026-04-23 15:39:19 [kr36] search_date_filtered fixed_category=AI协同创新中心 pub=2023-10-18 window=2026-04-17~2026-04-19
2026-04-23 15:39:19 [kr36] search_date_filtered fixed_category=AI协同创新中心 pub=2023-11-30 window=2026-04-17~2026-04-19
2026-04-23 15:39:19 [kr36] search_date_filtered fixed_category=AI协同创新中心 pub=2023-12-14 window=2026-04-17~2026-04-19
2026-04-23 15:39:19 [kr36] search_date_filtered fixed_category=AI协同创新中心 pub=2023-12-14 window=2026-04-17~2026-04-19
2026-04-23 15:39:19 [kr36] search_date_parse_failed fixed_category=AI协同创新中心 window=2026-04-17~2026-04-19 item_html_len=1335 action=exclude
2026-04-23 15:39:19 [kr36] search_date_filtered fixed_category=AI协同创新中心 pub=2023-10-24 window=2026-04-17~2026-04-19
2026-04-23 15:39:19 [kr36] search_date_filtered fixed_category=AI协同创新中心 pub=2023-10-24 window=2026-04-17~2026-04-19
2026-04-23 15:39:19 [kr36] search_date_filtered fixed_category=AI协同创新中心 pub=2023-10-23 window=2026-04-17~2026-04-19
2026-04-23 15:39:19 [kr36] search_date_filtered fixed_category=AI协同创新中心 pub=2023-10-23 window=2026-04-17~2026-04-19
2026-04-23 15:39:19 [kr36] search_date_filtered fixed_category=AI协同创新中心 pub=2023-10-16 window=2026-04-17~2026-04-19
2026-04-23 15:39:20 [kr36] search_date_filtered fixed_category=AI协同创新中心 pub=2023-10-16 window=2026-04-17~2026-04-19
2026-04-23 15:39:20 [kr36] search_date_filtered fixed_category=AI协同创新中心 pub=2025-12-24 window=2026-04-17~2026-04-19
2026-04-23 15:39:20 [kr36] search_date_filtered fixed_category=AI协同创新中心 pub=2025-12-24 window=2026-04-17~2026-04-19
2026-04-23 15:39:20 [kr36] search_date_filtered fixed_category=AI协同创新中心 pub=2023-12-05 window=2026-04-17~2026-04-19
2026-04-23 15:39:20 [kr36] search_date_filtered fixed_category=AI协同创新中心 pub=2023-12-05 window=2026-04-17~2026-04-19
2026-04-23 15:39:20 [kr36] search_date_filtered fixed_category=AI协同创新中心 pub=2023-10-13 window=2026-04-17~2026-04-19
2026-04-23 15:39:20 [kr36] search_date_filtered fixed_category=AI协同创新中心 pub=2023-10-13 window=2026-04-17~2026-04-19
2026-04-23 15:39:20 [kr36] search_date_filtered fixed_category=AI协同创新中心 pub=2026-04-23 window=2026-04-17~2026-04-19
2026-04-23 15:39:20 [kr36] search_date_filtered fixed_category=AI协同创新中心 pub=2026-04-23 window=2026-04-17~2026-04-19
2026-04-23 15:39:20 [kr36] search_date_filtered fixed_category=AI协同创新中心 pub=2023-10-18 window=2026-04-17~2026-04-19
2026-04-23 15:39:20 [kr36] search_date_filtered fixed_category=AI协同创新中心 pub=2023-10-18 window=2026-04-17~2026-04-19
2026-04-23 15:39:20 [kr36] search_date_filtered fixed_category=AI协同创新中心 pub=2023-11-30 window=2026-04-17~2026-04-19
2026-04-23 15:39:20 [kr36] search_date_filtered fixed_category=AI协同创新中心 pub=2023-11-30 window=2026-04-17~2026-04-19
2026-04-23 15:39:20 [kr36] search_date_filtered fixed_category=AI协同创新中心 pub=2023-12-14 window=2026-04-17~2026-04-19
2026-04-23 15:39:20 [kr36] search_date_filtered fixed_category=AI协同创新中心 pub=2023-12-14 window=2026-04-17~2026-04-19
2026-04-23 15:39:20 [kr36] search_date_filtered fixed_category=AI协同创新中心 pub=2023-11-30 window=2026-04-17~2026-04-19
2026-04-23 15:39:20 [kr36] search_date_filtered fixed_category=AI协同创新中心 pub=2023-11-30 window=2026-04-17~2026-04-19
2026-04-23 15:39:20 [kr36] round_end page=11 round=11/12 stage=search category=AI协同创新中心 status=ok fetched=0 total_refs=3 elapsed_ms=39698
2026-04-23 15:39:20 [kr36] search_zero_result category=AI协同创新中心 html_length=85689 has_list_main=true has_search_item=true has_p_link=true risk_like=false
2026-04-23 15:39:20 [kr36] 完成搜索页(AI协同创新中心)，数据 0 条，累计 3 条
2026-04-23 15:39:20 [kr36] round_next round=12/12 stage=search_or_channel
2026-04-23 15:39:20 [kr36] round_start page=12 round=12/12 stage=search category=数智前瞻 url=https://36kr.com/search/articles/%E6%95%B0%E6%99%BA%E5%89%8D%E7%9E%BB date_window=2026-04-17~2026-04-19
2026-04-23 15:39:20 [kr36] 进入搜索页(数智前瞻)，数据 0 条，累计 3 条
2026-04-23 15:39:20 [kr36] throttle_wait url=https://36kr.com/search/articles/%E6%95%B0%E6%99%BA%E5%89%8D%E7%9E%BB wait_ms=1996 global_wait_ms=1996 same_url_wait_ms=0 risk_wait_ms=0
2026-04-23 15:39:22 [kr36] fetch_start url=https://36kr.com/search/articles/%E6%95%B0%E6%99%BA%E5%89%8D%E7%9E%BB
2026-04-23 15:39:24 [kr36] search_enrich_direct_step4 reason=auto_solver url=https://36kr.com/search/articles/%E6%95%B0%E6%99%BA%E5%89%8D%E7%9E%BB
2026-04-23 15:39:24 [kr36] playwright_slider_start phase='search-listing-step4' url=https://36kr.com/search/articles/%E6%95%B0%E6%99%BA%E5%89%8D%E7%9E%BB headless=false channel='msedge'
