[kr36] 2026-04-23 17:40:25 starting daily brief run (no email)...
[kr36] PROJECT_ROOT=E:\AI\touzifenxi
[kr36] PYTHON_BIN=E:\AI\touzifenxi\.venv\Scripts\python.exe
[kr36] TIMEOUT=50s
[kr36] LOG_FILE=E:\AI\touzifenxi\logs\kr36\kr36_20260423_174025.log
[kr36] running: "E:\AI\touzifenxi\.venv\Scripts\python.exe" scripts\websearch.py run --source 36kr --timeout 50
2026-04-23 17:40:26 [kr36] listing_begin report_date=2026-04-23 rounds_total=3 candidate_limit=120 mode=sequential step0.5_then_step1
2026-04-23 17:40:26 [kr36] step0.5_topic_round_start page=1 round=1/3 stage=topics url=https://36kr.com/topics/
2026-04-23 17:40:26 [kr36] 进入专题页(0.5步)，数据 0 条，累计 0 条
2026-04-23 17:40:26 [kr36] fetch_start url=https://36kr.com/topics/
2026-04-23 17:40:27 [kr36] fetch_ok method=curl url=https://36kr.com/topics/ html_length=1460
2026-04-23 17:40:27 [kr36] step4_recover_skipped reason=http_only url=https://36kr.com/topics/ phase=step0.5-topics
2026-04-23 17:40:27 [kr36] step0.5_topic_round_end page=1 round=1/3 stage=topics status=ok fetched=0 total_topic_refs=0 elapsed_ms=1598
2026-04-23 17:40:27 [kr36] 完成专题页(0.5步)，数据 0 条，累计 0 条
2026-04-23 17:40:27 [kr36] step1_listing_next round=2/3 stage=activity
2026-04-23 17:40:27 [kr36] step1_main_round_start page=2 round=2/3 stage=activity url=https://36kr.com/activity
2026-04-23 17:40:27 [kr36] 进入活动页，数据 0 条，累计 0 条
2026-04-23 17:40:27 [kr36] throttle_wait url=https://36kr.com/activity wait_ms=35560 global_wait_ms=35560 same_url_wait_ms=0 risk_wait_ms=0
2026-04-23 17:41:03 [kr36] fetch_start url=https://36kr.com/activity
2026-04-23 17:41:04 [kr36] fetch_ok method=curl url=https://36kr.com/activity html_length=1460
2026-04-23 17:41:04 [kr36] step4_recover_skipped reason=http_only url=https://36kr.com/activity phase=step1-activity
2026-04-23 17:41:04 [kr36] round_end page=2 round=2/3 stage=activity status=ok fetched=0 total_refs=0 elapsed_ms=37156
2026-04-23 17:41:04 [kr36] 完成活动页，数据 0 条，累计 0 条
2026-04-23 17:41:04 [kr36] round_next round=3/3 stage=search
2026-04-23 17:41:04 [kr36] round_start page=3 round=3/3 stage=search category=36氪独家 url=https://36kr.com/search/articles/36%E6%B0%AA%E7%8B%AC%E5%AE%B6 date_window=2026-04-17~2026-04-19
2026-04-23 17:41:04 [kr36] 进入搜索页(36氪独家)，数据 0 条，累计 0 条
2026-04-23 17:41:04 [kr36] throttle_wait url=https://36kr.com/search/articles/36%E6%B0%AA%E7%8B%AC%E5%AE%B6 wait_ms=36267 global_wait_ms=36267 same_url_wait_ms=0 risk_wait_ms=0
