[kr36] 2026-04-23 00:19:58 starting daily brief run (no email)...
[kr36] PROJECT_ROOT=E:\AI\touzifenxi
[kr36] PYTHON_BIN=E:\AI\touzifenxi\.venv\Scripts\python.exe
[kr36] TIMEOUT=30s
[kr36] LOG_FILE=E:\AI\touzifenxi\logs\kr36\kr36_20260423_001958.log
[kr36] running: "E:\AI\touzifenxi\.venv\Scripts\python.exe" scripts\websearch.py run --source 36kr --timeout 30
2026-04-23 00:19:59 [kr36] listing_begin report_date=2026-04-23 rounds_total=11 candidate_limit=120
2026-04-23 00:19:59 [kr36] round_start page=1 round=1/11 stage=topics url=https://36kr.com/topics/
2026-04-23 00:19:59 [kr36] 进入专题页，数据 0 条，累计 0 条
2026-04-23 00:19:59 [kr36] fetch_start url=https://36kr.com/topics/
2026-04-23 00:19:59 [kr36] fetch_ok method=curl url=https://36kr.com/topics/ html_length=73982
2026-04-23 00:19:59 [kr36] throttle_wait url=https://36kr.com/topics/3770543132934659 wait_ms=23108 global_wait_ms=23108 same_url_wait_ms=0 risk_wait_ms=0
2026-04-23 00:20:22 [kr36] fetch_start url=https://36kr.com/topics/3770543132934659
2026-04-23 00:20:23 [kr36] fetch_ok method=curl url=https://36kr.com/topics/3770543132934659 html_length=76158
2026-04-23 00:20:23 [kr36] throttle_wait url=https://36kr.com/video/3766585318896386 wait_ms=28752 global_wait_ms=28752 same_url_wait_ms=0 risk_wait_ms=0
2026-04-23 00:20:52 [kr36] fetch_start url=https://36kr.com/video/3766585318896386
2026-04-23 00:20:52 [kr36] fetch_ok method=curl url=https://36kr.com/video/3766585318896386 html_length=14308
2026-04-23 00:20:52 [kr36] topic_video_no_cdn_in_html len=14308 page='https://36kr.com/video/3766585318896386' trying_playwright_slider
2026-04-23 00:20:52 [kr36] topic_video_playwright_recover reason=no_cdn_in_html page='https://36kr.com/video/3766585318896386'
2026-04-23 00:20:52 [kr36] step4_playwright_slider_start url=https://36kr.com/video/3766585318896386 headless=false
2026-04-23 00:20:58 [kr36] step4_playwright_ok url=https://36kr.com/video/3766585318896386 html_length=70224
2026-04-23 00:20:59 [kr36] throttle_wait url=https://36kr.com/video/3766585318896386 wait_ms=20208 global_wait_ms=20208 same_url_wait_ms=0 risk_wait_ms=0
2026-04-23 00:21:19 [kr36] fetch_start url=https://36kr.com/video/3766585318896386
2026-04-23 00:21:20 [kr36] fetch_ok method=curl url=https://36kr.com/video/3766585318896386 html_length=60400
2026-04-23 00:21:20 [kr36] topic_video_cdn_extract count=7 html_len=60400 preview='https://videos.36krcdn.com/20260414/v2_1776165984015_video_mp4_v11' page='https://36kr.com/video/3766585318896386'
2026-04-23 00:21:48 [kr36] topic_video_download_ok cdn='https://videos.36krcdn.com/20260414/v2_1776165984015_video_mp4_v11' local=E:\AI\touzifenxi\output\reports\kr36_report\kr36_search_202604230019\kr36_topic_downloads\本周有大事丨大疆八年熵减，汪滔十年修行；为了保住同伙，AI有多癫；新中产收割机，想挑战Lululemon_\2026-04-15\videos\氪大事___为了保住同伙，AI有多癫？_36kr_topic_video_3766585318896386.mp4
2026-04-23 00:21:53 [kr36] topic_asr_ok chars=1181 transcript=E:\AI\touzifenxi\output\reports\kr36_report\kr36_search_202604230019\kr36_topic_downloads\本周有大事丨大疆八年熵减，汪滔十年修行；为了保住同伙，AI有多癫；新中产收割机，想挑战Lululemon_\2026-04-15\videos\氪大事___为了保住同伙，AI有多癫？_36kr_topic_video_3766585318896386.transcript.txt code=20000000 role=topic_video_asr_transcript
2026-04-23 00:21:53 [kr36] throttle_wait url=https://36kr.com/video/3764840757948933 wait_ms=6059 global_wait_ms=6059 same_url_wait_ms=0 risk_wait_ms=0
2026-04-23 00:21:59 [kr36] fetch_start url=https://36kr.com/video/3764840757948933
2026-04-23 00:22:00 [kr36] fetch_ok method=curl url=https://36kr.com/video/3764840757948933 html_length=59882
2026-04-23 00:22:00 [kr36] topic_video_cdn_extract count=7 html_len=59882 preview='https://videos.36krcdn.com/20260413/v2_1776051795825_video_mp4_v11' page='https://36kr.com/video/3764840757948933'
2026-04-23 00:22:10 [kr36] topic_video_download_ok cdn='https://videos.36krcdn.com/20260413/v2_1776051795825_video_mp4_v11' local=E:\AI\touzifenxi\output\reports\kr36_report\kr36_search_202604230019\kr36_topic_downloads\本周有大事丨大疆八年熵减，汪滔十年修行；为了保住同伙，AI有多癫；新中产收割机，想挑战Lululemon_\2026-04-14\videos\于东来和魏建军，两个“最轴”的老板“约会”了_36kr_topic_video_3764840757948933.mp4
2026-04-23 00:22:13 [kr36] topic_asr_ok chars=418 transcript=E:\AI\touzifenxi\output\reports\kr36_report\kr36_search_202604230019\kr36_topic_downloads\本周有大事丨大疆八年熵减，汪滔十年修行；为了保住同伙，AI有多癫；新中产收割机，想挑战Lululemon_\2026-04-14\videos\于东来和魏建军，两个“最轴”的老板“约会”了_36kr_topic_video_3764840757948933.transcript.txt code=20000000 role=topic_video_asr_transcript
2026-04-23 00:22:13 [kr36] throttle_wait url=https://36kr.com/video/3765091828527880 wait_ms=25432 global_wait_ms=25432 same_url_wait_ms=0 risk_wait_ms=0
2026-04-23 00:22:38 [kr36] fetch_start url=https://36kr.com/video/3765091828527880
2026-04-23 00:22:39 [kr36] fetch_ok method=curl url=https://36kr.com/video/3765091828527880 html_length=59125
2026-04-23 00:22:39 [kr36] topic_video_cdn_extract count=7 html_len=59125 preview='https://videos.36krcdn.com/20260413/v2_1776074530156_video_mp4_v9' page='https://36kr.com/video/3765091828527880'
2026-04-23 00:23:03 [kr36] topic_video_download_ok cdn='https://videos.36krcdn.com/20260413/v2_1776074530156_video_mp4_v9' local=E:\AI\touzifenxi\output\reports\kr36_report\kr36_search_202604230019\kr36_topic_downloads\本周有大事丨大疆八年熵减，汪滔十年修行；为了保住同伙，AI有多癫；新中产收割机，想挑战Lululemon_\2026-04-13\videos\AI盗脸风波：当技术“越界”_如何守住自己的数字人格？_36kr_topic_video_3765091828527880.mp4
2026-04-23 00:23:09 [kr36] topic_asr_ok chars=1061 transcript=E:\AI\touzifenxi\output\reports\kr36_report\kr36_search_202604230019\kr36_topic_downloads\本周有大事丨大疆八年熵减，汪滔十年修行；为了保住同伙，AI有多癫；新中产收割机，想挑战Lululemon_\2026-04-13\videos\AI盗脸风波：当技术“越界”_如何守住自己的数字人格？_36kr_topic_video_3765091828527880.transcript.txt code=20000000 role=topic_video_asr_transcript
2026-04-23 00:23:09 [kr36] fetch_start url=https://36kr.com/topics/3771153216865028
2026-04-23 00:23:09 [kr36] fetch_ok method=curl url=https://36kr.com/topics/3771153216865028 html_length=60469
2026-04-23 00:23:09 [kr36] throttle_wait url=https://36kr.com/p/3770688595214857 wait_ms=38400 global_wait_ms=38400 same_url_wait_ms=0 risk_wait_ms=0
2026-04-23 00:23:48 [kr36] fetch_start url=https://36kr.com/p/3770688595214857
2026-04-23 00:23:48 [kr36] fetch_ok method=curl url=https://36kr.com/p/3770688595214857 html_length=75440
2026-04-23 00:23:48 [kr36] throttle_wait url=https://36kr.com/p/3766410231726855 wait_ms=35013 global_wait_ms=35013 same_url_wait_ms=0 risk_wait_ms=0
2026-04-23 00:24:23 [kr36] fetch_start url=https://36kr.com/p/3766410231726855
2026-04-23 00:24:24 [kr36] fetch_ok method=curl url=https://36kr.com/p/3766410231726855 html_length=81967
2026-04-23 00:24:24 [kr36] throttle_wait url=https://36kr.com/p/3764728843289089 wait_ms=29357 global_wait_ms=29357 same_url_wait_ms=0 risk_wait_ms=0
2026-04-23 00:24:53 [kr36] fetch_start url=https://36kr.com/p/3764728843289089
2026-04-23 00:24:53 [kr36] fetch_ok method=curl url=https://36kr.com/p/3764728843289089 html_length=84697
2026-04-23 00:24:53 [kr36] throttle_wait url=https://36kr.com/p/3766718158324489 wait_ms=21538 global_wait_ms=21538 same_url_wait_ms=0 risk_wait_ms=0
2026-04-23 00:25:15 [kr36] fetch_start url=https://36kr.com/p/3766718158324489
2026-04-23 00:25:15 [kr36] risk_cooldown_set url=https://36kr.com/p/3766718158324489 cooldown_ms=185473 base_ms=180000 jitter_ms=5473
2026-04-23 00:25:15 [kr36] risk_entered method=curl url=https://36kr.com/p/3766718158324489 html_length=1460 has_cookie_refresh_action=true
2026-04-23 00:25:15 [kr36] risk_verification_delay_before_command wait_ms=3000 url=https://36kr.com/p/3766718158324489
2026-04-23 00:25:18 [kr36] risk_verification_invoking_command url=https://36kr.com/p/3766718158324489
2026-04-23 00:26:59 [kr36] slider_captcha_solve_result attempted=true
2026-04-23 00:26:59 [kr36] risk_cookie_refresh_slider_solve_attempt url=https://36kr.com/p/3766718158324489 attempted=true
2026-04-23 00:27:02 [kr36] risk_cookie_refresh_cookies_saved_after_slider url=https://36kr.com/p/3766718158324489 has_sv=True has_sensors=True
2026-04-23 00:27:02 [kr36] risk_cookie_refresh_slider_done url=https://36kr.com/p/3766718158324489 html_usable=true
2026-04-23 00:27:02 [kr36] risk_cookie_refresh_end url=https://36kr.com/p/3766718158324489 ok=true changed=true key_changed=true has_required_fields=true html_usable=true
2026-04-23 00:27:03 [kr36] throttle_wait url=https://36kr.com/p/3766718158324489 wait_ms=77773 global_wait_ms=0 same_url_wait_ms=0 risk_wait_ms=77773
2026-04-23 00:28:21 [kr36] fetch_ok method=risk_cookie_refresh url=https://36kr.com/p/3766718158324489 html_length=86885
2026-04-23 00:28:21 [kr36] throttle_wait url=https://36kr.com/p/3765076875117314 wait_ms=34410 global_wait_ms=34410 same_url_wait_ms=0 risk_wait_ms=0
2026-04-23 00:28:56 [kr36] fetch_start url=https://36kr.com/p/3765076875117314
2026-04-23 00:28:56 [kr36] fetch_ok method=curl url=https://36kr.com/p/3765076875117314 html_length=90382
2026-04-23 00:28:56 [kr36] throttle_wait url=https://36kr.com/p/3764953900990977 wait_ms=19719 global_wait_ms=19719 same_url_wait_ms=0 risk_wait_ms=0
2026-04-23 00:29:16 [kr36] fetch_start url=https://36kr.com/p/3764953900990977
2026-04-23 00:29:16 [kr36] fetch_ok method=curl url=https://36kr.com/p/3764953900990977 html_length=89349
2026-04-23 00:29:16 [kr36] throttle_wait url=https://36kr.com/p/3757975636050695 wait_ms=26676 global_wait_ms=26676 same_url_wait_ms=0 risk_wait_ms=0
2026-04-23 00:29:43 [kr36] fetch_start url=https://36kr.com/p/3757975636050695
2026-04-23 00:29:44 [kr36] fetch_ok method=curl url=https://36kr.com/p/3757975636050695 html_length=79791
2026-04-23 00:29:44 [kr36] round_end page=1 round=1/11 stage=topics status=ok fetched=10 total_refs=10 elapsed_ms=585024
2026-04-23 00:29:44 [kr36] 完成专题页，数据 10 条，累计 10 条
2026-04-23 00:29:44 [kr36] round_next round=2/11 stage=activity
2026-04-23 00:29:44 [kr36] round_start page=2 round=2/11 stage=activity url=https://36kr.com/activity
2026-04-23 00:29:44 [kr36] 进入活动页，数据 0 条，累计 10 条
2026-04-23 00:29:44 [kr36] throttle_wait url=https://36kr.com/activity wait_ms=39505 global_wait_ms=39505 same_url_wait_ms=0 risk_wait_ms=0
2026-04-23 00:30:23 [kr36] fetch_start url=https://36kr.com/activity
2026-04-23 00:30:24 [kr36] fetch_ok method=curl url=https://36kr.com/activity html_length=61718
2026-04-23 00:30:24 [kr36] round_end page=2 round=2/11 stage=activity status=ok fetched=8 total_refs=18 elapsed_ms=40038
2026-04-23 00:30:24 [kr36] 完成活动页，数据 8 条，累计 18 条
2026-04-23 00:30:24 [kr36] round_next round=3/11 stage=search
2026-04-23 00:30:24 [kr36] round_start page=3 round=3/11 stage=search category=36氪独家 url=https://36kr.com/search/articles/36%E6%B0%AA%E7%8B%AC%E5%AE%B6
2026-04-23 00:30:24 [kr36] 进入搜索页(36氪独家)，数据 0 条，累计 18 条
2026-04-23 00:30:24 [kr36] throttle_wait url=https://36kr.com/search/articles/36%E6%B0%AA%E7%8B%AC%E5%AE%B6 wait_ms=23014 global_wait_ms=23014 same_url_wait_ms=0 risk_wait_ms=0
2026-04-23 00:30:47 [kr36] fetch_start url=https://36kr.com/search/articles/36%E6%B0%AA%E7%8B%AC%E5%AE%B6
2026-04-23 00:30:47 [kr36] search_playwright_start url=https://36kr.com/search/articles/36%E6%B0%AA%E7%8B%AC%E5%AE%B6 timeout_ms=35000 max_attempts=2
2026-04-23 00:31:03 [kr36] search_playwright_once_end url=https://36kr.com/search/articles/36%E6%B0%AA%E7%8B%AC%E5%AE%B6 html_length=103947
2026-04-23 00:31:03 [kr36] search_playwright_ok attempt=1 url=https://36kr.com/search/articles/36%E6%B0%AA%E7%8B%AC%E5%AE%B6 html_length=103947
2026-04-23 00:31:03 [kr36] search_listing_csr_enriched url=https://36kr.com/search/articles/36%E6%B0%AA%E7%8B%AC%E5%AE%B6 html_length=103947
2026-04-23 00:31:03 [kr36] fetch_ok method=curl_playwright_search url=https://36kr.com/search/articles/36%E6%B0%AA%E7%8B%AC%E5%AE%B6 html_length=103947
2026-04-23 00:31:03 [kr36] round_end page=3 round=3/11 stage=search category=36氪独家 status=ok fetched=5 total_refs=23 elapsed_ms=39437
2026-04-23 00:31:03 [kr36] 完成搜索页(36氪独家)，数据 5 条，累计 23 条
2026-04-23 00:31:03 [kr36] round_next round=4/11 stage=search_or_channel
2026-04-23 00:31:03 [kr36] round_start page=4 round=4/11 stage=search category=深氪 url=https://36kr.com/search/articles/%E6%B7%B1%E6%B0%AA
2026-04-23 00:31:03 [kr36] 进入搜索页(深氪)，数据 0 条，累计 23 条
2026-04-23 00:31:03 [kr36] throttle_wait url=https://36kr.com/search/articles/%E6%B7%B1%E6%B0%AA wait_ms=7525 global_wait_ms=7525 same_url_wait_ms=0 risk_wait_ms=0
2026-04-23 00:31:11 [kr36] fetch_start url=https://36kr.com/search/articles/%E6%B7%B1%E6%B0%AA
2026-04-23 00:31:11 [kr36] search_playwright_start url=https://36kr.com/search/articles/%E6%B7%B1%E6%B0%AA timeout_ms=35000 max_attempts=2
2026-04-23 00:31:24 [kr36] search_playwright_once_end url=https://36kr.com/search/articles/%E6%B7%B1%E6%B0%AA html_length=101738
2026-04-23 00:31:24 [kr36] search_playwright_ok attempt=1 url=https://36kr.com/search/articles/%E6%B7%B1%E6%B0%AA html_length=101738
2026-04-23 00:31:24 [kr36] search_listing_csr_enriched url=https://36kr.com/search/articles/%E6%B7%B1%E6%B0%AA html_length=101738
2026-04-23 00:31:24 [kr36] fetch_ok method=curl_playwright_search url=https://36kr.com/search/articles/%E6%B7%B1%E6%B0%AA html_length=101738
2026-04-23 00:31:24 [kr36] round_end page=4 round=4/11 stage=search category=深氪 status=ok fetched=5 total_refs=28 elapsed_ms=20595
2026-04-23 00:31:24 [kr36] 完成搜索页(深氪)，数据 5 条，累计 28 条
2026-04-23 00:31:24 [kr36] round_next round=5/11 stage=search_or_channel
2026-04-23 00:31:24 [kr36] round_start page=5 round=5/11 stage=search category=后浪白皮书 url=https://36kr.com/search/articles/%E5%90%8E%E6%B5%AA%E7%99%BD%E7%9A%AE%E4%B9%A6
2026-04-23 00:31:24 [kr36] 进入搜索页(后浪白皮书)，数据 0 条，累计 28 条
2026-04-23 00:31:24 [kr36] throttle_wait url=https://36kr.com/search/articles/%E5%90%8E%E6%B5%AA%E7%99%BD%E7%9A%AE%E4%B9%A6 wait_ms=20202 global_wait_ms=20202 same_url_wait_ms=0 risk_wait_ms=0
2026-04-23 00:31:44 [kr36] fetch_start url=https://36kr.com/search/articles/%E5%90%8E%E6%B5%AA%E7%99%BD%E7%9A%AE%E4%B9%A6
2026-04-23 00:31:44 [kr36] search_playwright_start url=https://36kr.com/search/articles/%E5%90%8E%E6%B5%AA%E7%99%BD%E7%9A%AE%E4%B9%A6 timeout_ms=35000 max_attempts=2
2026-04-23 00:31:56 [kr36] search_playwright_once_end url=https://36kr.com/search/articles/%E5%90%8E%E6%B5%AA%E7%99%BD%E7%9A%AE%E4%B9%A6 html_length=68271
2026-04-23 00:31:56 [kr36] search_playwright_ok attempt=1 url=https://36kr.com/search/articles/%E5%90%8E%E6%B5%AA%E7%99%BD%E7%9A%AE%E4%B9%A6 html_length=68271
2026-04-23 00:31:56 [kr36] search_listing_csr_enriched url=https://36kr.com/search/articles/%E5%90%8E%E6%B5%AA%E7%99%BD%E7%9A%AE%E4%B9%A6 html_length=68271
2026-04-23 00:31:56 [kr36] fetch_ok method=curl_playwright_search url=https://36kr.com/search/articles/%E5%90%8E%E6%B5%AA%E7%99%BD%E7%9A%AE%E4%B9%A6 html_length=68271
2026-04-23 00:31:56 [kr36] round_end page=5 round=5/11 stage=search category=后浪白皮书 status=ok fetched=3 total_refs=31 elapsed_ms=32319
2026-04-23 00:31:56 [kr36] 完成搜索页(后浪白皮书)，数据 3 条，累计 31 条
2026-04-23 00:31:56 [kr36] round_next round=6/11 stage=search_or_channel
2026-04-23 00:31:56 [kr36] round_start page=6 round=6/11 stage=search category=行业日报 url=https://36kr.com/search/articles/%E8%A1%8C%E4%B8%9A%E6%97%A5%E6%8A%A5
2026-04-23 00:31:56 [kr36] 进入搜索页(行业日报)，数据 0 条，累计 31 条
2026-04-23 00:31:56 [kr36] throttle_wait url=https://36kr.com/search/articles/%E8%A1%8C%E4%B8%9A%E6%97%A5%E6%8A%A5 wait_ms=19446 global_wait_ms=19446 same_url_wait_ms=0 risk_wait_ms=0
2026-04-23 00:32:15 [kr36] fetch_start url=https://36kr.com/search/articles/%E8%A1%8C%E4%B8%9A%E6%97%A5%E6%8A%A5
2026-04-23 00:32:16 [kr36] search_playwright_start url=https://36kr.com/search/articles/%E8%A1%8C%E4%B8%9A%E6%97%A5%E6%8A%A5 timeout_ms=35000 max_attempts=2
2026-04-23 00:32:27 [kr36] search_playwright_once_end url=https://36kr.com/search/articles/%E8%A1%8C%E4%B8%9A%E6%97%A5%E6%8A%A5 html_length=69534
2026-04-23 00:32:27 [kr36] search_playwright_ok attempt=1 url=https://36kr.com/search/articles/%E8%A1%8C%E4%B8%9A%E6%97%A5%E6%8A%A5 html_length=69534
2026-04-23 00:32:27 [kr36] search_listing_csr_enriched url=https://36kr.com/search/articles/%E8%A1%8C%E4%B8%9A%E6%97%A5%E6%8A%A5 html_length=69534
2026-04-23 00:32:27 [kr36] fetch_ok method=curl_playwright_search url=https://36kr.com/search/articles/%E8%A1%8C%E4%B8%9A%E6%97%A5%E6%8A%A5 html_length=69534
2026-04-23 00:32:27 [kr36] round_end page=6 round=6/11 stage=search category=行业日报 status=ok fetched=4 total_refs=35 elapsed_ms=31324
2026-04-23 00:32:27 [kr36] 完成搜索页(行业日报)，数据 4 条，累计 35 条
2026-04-23 00:32:27 [kr36] round_next round=7/11 stage=search_or_channel
2026-04-23 00:32:27 [kr36] round_start page=7 round=7/11 stage=search category=Long China 50 url=https://36kr.com/search/articles/Long%20China%2050
2026-04-23 00:32:27 [kr36] 进入搜索页(Long China 50)，数据 0 条，累计 35 条
2026-04-23 00:32:27 [kr36] throttle_wait url=https://36kr.com/search/articles/Long%20China%2050 wait_ms=14112 global_wait_ms=14112 same_url_wait_ms=0 risk_wait_ms=0
2026-04-23 00:32:41 [kr36] fetch_start url=https://36kr.com/search/articles/Long%20China%2050
2026-04-23 00:32:42 [kr36] search_playwright_start url=https://36kr.com/search/articles/Long%20China%2050 timeout_ms=35000 max_attempts=2
2026-04-23 00:32:54 [kr36] search_playwright_once_end url=https://36kr.com/search/articles/Long%20China%2050 html_length=103370
2026-04-23 00:32:54 [kr36] search_playwright_ok attempt=1 url=https://36kr.com/search/articles/Long%20China%2050 html_length=103370
2026-04-23 00:32:54 [kr36] search_listing_csr_enriched url=https://36kr.com/search/articles/Long%20China%2050 html_length=103370
2026-04-23 00:32:54 [kr36] fetch_ok method=curl_playwright_search url=https://36kr.com/search/articles/Long%20China%2050 html_length=103370
2026-04-23 00:32:54 [kr36] round_end page=7 round=7/11 stage=search category=Long China 50 status=ok fetched=5 total_refs=40 elapsed_ms=26862
2026-04-23 00:32:54 [kr36] 完成搜索页(Long China 50)，数据 5 条，累计 40 条
2026-04-23 00:32:54 [kr36] round_next round=8/11 stage=search_or_channel
2026-04-23 00:32:54 [kr36] round_start page=8 round=8/11 stage=search category=投资派 url=https://36kr.com/search/articles/%E6%8A%95%E8%B5%84%E6%B4%BE
2026-04-23 00:32:54 [kr36] 进入搜索页(投资派)，数据 0 条，累计 40 条
2026-04-23 00:32:54 [kr36] throttle_wait url=https://36kr.com/search/articles/%E6%8A%95%E8%B5%84%E6%B4%BE wait_ms=26420 global_wait_ms=26420 same_url_wait_ms=0 risk_wait_ms=0
2026-04-23 00:33:21 [kr36] fetch_start url=https://36kr.com/search/articles/%E6%8A%95%E8%B5%84%E6%B4%BE
2026-04-23 00:33:21 [kr36] risk_cooldown_set url=https://36kr.com/search/articles/%E6%8A%95%E8%B5%84%E6%B4%BE cooldown_ms=180245 base_ms=180000 jitter_ms=245
2026-04-23 00:33:21 [kr36] risk_entered method=curl url=https://36kr.com/search/articles/%E6%8A%95%E8%B5%84%E6%B4%BE html_length=2117 has_cookie_refresh_action=true
2026-04-23 00:33:21 [kr36] risk_verification_delay_before_command wait_ms=3000 url=https://36kr.com/search/articles/%E6%8A%95%E8%B5%84%E6%B4%BE
2026-04-23 00:33:24 [kr36] risk_verification_invoking_command url=https://36kr.com/search/articles/%E6%8A%95%E8%B5%84%E6%B4%BE
2026-04-23 00:35:04 [kr36] slider_captcha_solve_result attempted=true
2026-04-23 00:35:04 [kr36] risk_cookie_refresh_slider_solve_attempt url=https://36kr.com/search/articles/%E6%8A%95%E8%B5%84%E6%B4%BE attempted=true
2026-04-23 00:35:07 [kr36] risk_cookie_refresh_cookies_saved_after_slider url=https://36kr.com/search/articles/%E6%8A%95%E8%B5%84%E6%B4%BE has_sv=True has_sensors=True
2026-04-23 00:35:07 [kr36] risk_cookie_refresh_slider_done url=https://36kr.com/search/articles/%E6%8A%95%E8%B5%84%E6%B4%BE html_usable=true
2026-04-23 00:35:08 [kr36] risk_cookie_refresh_end url=https://36kr.com/search/articles/%E6%8A%95%E8%B5%84%E6%B4%BE ok=true changed=true key_changed=true has_required_fields=true html_usable=true
2026-04-23 00:35:08 [kr36] throttle_wait url=https://36kr.com/search/articles/%E6%8A%95%E8%B5%84%E6%B4%BE wait_ms=72796 global_wait_ms=0 same_url_wait_ms=0 risk_wait_ms=72796
2026-04-23 00:36:21 [kr36] page_result page=8 stage=search category=投资派 status=deferred_blocked url=https://36kr.com/search/articles/%E6%8A%95%E8%B5%84%E6%B4%BE fetched=0 total_refs=40
2026-04-23 00:36:21 [kr36] round_end page=8 round=8/11 stage=search category=投资派 status=ok fetched=0 total_refs=40 elapsed_ms=207197
2026-04-23 00:36:21 [kr36] 完成搜索页(投资派)，数据 0 条，累计 40 条
2026-04-23 00:36:21 [kr36] round_next round=9/11 stage=search_or_channel
2026-04-23 00:36:21 [kr36] round_start page=9 round=9/11 stage=search category=新青年观察 url=https://36kr.com/search/articles/%E6%96%B0%E9%9D%92%E5%B9%B4%E8%A7%82%E5%AF%9F
2026-04-23 00:36:21 [kr36] 进入搜索页(新青年观察)，数据 0 条，累计 40 条
2026-04-23 00:36:21 [kr36] throttle_wait url=https://36kr.com/search/articles/%E6%96%B0%E9%9D%92%E5%B9%B4%E8%A7%82%E5%AF%9F wait_ms=36600 global_wait_ms=36600 same_url_wait_ms=0 risk_wait_ms=0
2026-04-23 00:36:58 [kr36] fetch_start url=https://36kr.com/search/articles/%E6%96%B0%E9%9D%92%E5%B9%B4%E8%A7%82%E5%AF%9F
2026-04-23 00:36:58 [kr36] risk_cooldown_set url=https://36kr.com/search/articles/%E6%96%B0%E9%9D%92%E5%B9%B4%E8%A7%82%E5%AF%9F cooldown_ms=174586 base_ms=180000 jitter_ms=-5414
2026-04-23 00:36:58 [kr36] risk_entered method=curl url=https://36kr.com/search/articles/%E6%96%B0%E9%9D%92%E5%B9%B4%E8%A7%82%E5%AF%9F html_length=1460 has_cookie_refresh_action=true
2026-04-23 00:36:58 [kr36] risk_verification_delay_before_command wait_ms=3000 url=https://36kr.com/search/articles/%E6%96%B0%E9%9D%92%E5%B9%B4%E8%A7%82%E5%AF%9F
2026-04-23 00:37:01 [kr36] risk_verification_invoking_command url=https://36kr.com/search/articles/%E6%96%B0%E9%9D%92%E5%B9%B4%E8%A7%82%E5%AF%9F
2026-04-23 00:38:41 [kr36] slider_captcha_solve_result attempted=true
2026-04-23 00:38:41 [kr36] risk_cookie_refresh_slider_solve_attempt url=https://36kr.com/search/articles/%E6%96%B0%E9%9D%92%E5%B9%B4%E8%A7%82%E5%AF%9F attempted=true
2026-04-23 00:38:44 [kr36] risk_cookie_refresh_cookies_saved_after_slider url=https://36kr.com/search/articles/%E6%96%B0%E9%9D%92%E5%B9%B4%E8%A7%82%E5%AF%9F has_sv=True has_sensors=True
2026-04-23 00:38:44 [kr36] risk_cookie_refresh_slider_done url=https://36kr.com/search/articles/%E6%96%B0%E9%9D%92%E5%B9%B4%E8%A7%82%E5%AF%9F html_usable=true
2026-04-23 00:38:45 [kr36] risk_cookie_refresh_end url=https://36kr.com/search/articles/%E6%96%B0%E9%9D%92%E5%B9%B4%E8%A7%82%E5%AF%9F ok=true changed=true key_changed=true has_required_fields=true html_usable=true
2026-04-23 00:38:46 [kr36] throttle_wait url=https://36kr.com/search/articles/%E6%96%B0%E9%9D%92%E5%B9%B4%E8%A7%82%E5%AF%9F wait_ms=67185 global_wait_ms=0 same_url_wait_ms=0 risk_wait_ms=67185
2026-04-23 00:39:53 [kr36] fetch_ok method=risk_cookie_refresh url=https://36kr.com/search/articles/%E6%96%B0%E9%9D%92%E5%B9%B4%E8%A7%82%E5%AF%9F html_length=33735
2026-04-23 00:39:53 [kr36] round_end page=9 round=9/11 stage=search category=新青年观察 status=ok fetched=0 total_refs=40 elapsed_ms=211814
2026-04-23 00:39:53 [kr36] search_zero_result category=新青年观察 html_length=33735 has_list_main=false has_search_item=false has_p_link=false risk_like=false
2026-04-23 00:39:53 [kr36] 完成搜索页(新青年观察)，数据 0 条，累计 40 条
2026-04-23 00:39:53 [kr36] round_next round=10/11 stage=search_or_channel
2026-04-23 00:39:53 [kr36] round_start page=10 round=10/11 stage=search category=KRLab url=https://36kr.com/search/articles/KRLab
2026-04-23 00:39:53 [kr36] 进入搜索页(KRLab)，数据 0 条，累计 40 条
2026-04-23 00:39:53 [kr36] throttle_wait url=https://36kr.com/search/articles/KRLab wait_ms=35483 global_wait_ms=35483 same_url_wait_ms=0 risk_wait_ms=0
2026-04-23 00:40:29 [kr36] fetch_start url=https://36kr.com/search/articles/KRLab
2026-04-23 00:40:29 [kr36] search_playwright_start url=https://36kr.com/search/articles/KRLab timeout_ms=35000 max_attempts=2
2026-04-23 00:40:59 [kr36] search_playwright_selector_timeout url=https://36kr.com/search/articles/KRLab selector=ul.kr-search-result-list-main
2026-04-23 00:41:17 [kr36] search_playwright_selector_timeout url=https://36kr.com/search/articles/KRLab selector=li.search-result-list-item-article
2026-04-23 00:41:20 [kr36] search_playwright_once_end url=https://36kr.com/search/articles/KRLab html_length=63551
2026-04-23 00:41:20 [kr36] search_playwright_ok attempt=1 url=https://36kr.com/search/articles/KRLab html_length=63551
2026-04-23 00:41:20 [kr36] search_listing_csr_enriched url=https://36kr.com/search/articles/KRLab html_length=63551
2026-04-23 00:41:20 [kr36] fetch_ok method=curl_playwright_search url=https://36kr.com/search/articles/KRLab html_length=63551
2026-04-23 00:41:20 [kr36] round_end page=10 round=10/11 stage=search category=KRLab status=ok fetched=1 total_refs=41 elapsed_ms=86495
2026-04-23 00:41:20 [kr36] 完成搜索页(KRLab)，数据 1 条，累计 41 条
2026-04-23 00:41:20 [kr36] round_next round=11/11 stage=search_or_channel
2026-04-23 00:41:20 [kr36] round_start page=11 round=11/11 stage=search category=数智前瞻 url=https://36kr.com/search/articles/%E6%95%B0%E6%99%BA%E5%89%8D%E7%9E%BB
2026-04-23 00:41:20 [kr36] 进入搜索页(数智前瞻)，数据 0 条，累计 41 条
2026-04-23 00:41:20 [kr36] fetch_start url=https://36kr.com/search/articles/%E6%95%B0%E6%99%BA%E5%89%8D%E7%9E%BB
2026-04-23 00:41:20 [kr36] risk_cooldown_set url=https://36kr.com/search/articles/%E6%95%B0%E6%99%BA%E5%89%8D%E7%9E%BB cooldown_ms=175137 base_ms=180000 jitter_ms=-4863
2026-04-23 00:41:20 [kr36] risk_entered method=curl url=https://36kr.com/search/articles/%E6%95%B0%E6%99%BA%E5%89%8D%E7%9E%BB html_length=2118 has_cookie_refresh_action=true
2026-04-23 00:41:20 [kr36] risk_verification_delay_before_command wait_ms=3000 url=https://36kr.com/search/articles/%E6%95%B0%E6%99%BA%E5%89%8D%E7%9E%BB
2026-04-23 00:41:23 [kr36] risk_verification_invoking_command url=https://36kr.com/search/articles/%E6%95%B0%E6%99%BA%E5%89%8D%E7%9E%BB
2026-04-23 00:43:03 [kr36] slider_captcha_solve_result attempted=true
2026-04-23 00:43:03 [kr36] risk_cookie_refresh_slider_solve_attempt url=https://36kr.com/search/articles/%E6%95%B0%E6%99%BA%E5%89%8D%E7%9E%BB attempted=true
2026-04-23 00:43:06 [kr36] risk_cookie_refresh_cookies_saved_after_slider url=https://36kr.com/search/articles/%E6%95%B0%E6%99%BA%E5%89%8D%E7%9E%BB has_sv=True has_sensors=True
2026-04-23 00:43:06 [kr36] risk_cookie_refresh_slider_done url=https://36kr.com/search/articles/%E6%95%B0%E6%99%BA%E5%89%8D%E7%9E%BB html_usable=true
2026-04-23 00:43:06 [kr36] risk_cookie_refresh_end url=https://36kr.com/search/articles/%E6%95%B0%E6%99%BA%E5%89%8D%E7%9E%BB ok=true changed=true key_changed=true has_required_fields=true html_usable=true
2026-04-23 00:43:07 [kr36] throttle_wait url=https://36kr.com/search/articles/%E6%95%B0%E6%99%BA%E5%89%8D%E7%9E%BB wait_ms=68582 global_wait_ms=0 same_url_wait_ms=0 risk_wait_ms=68582
2026-04-23 00:44:16 [kr36] fetch_ok method=risk_cookie_refresh url=https://36kr.com/search/articles/%E6%95%B0%E6%99%BA%E5%89%8D%E7%9E%BB html_length=44137
2026-04-23 00:44:16 [kr36] round_end page=11 round=11/11 stage=search category=数智前瞻 status=ok fetched=0 total_refs=41 elapsed_ms=175863
2026-04-23 00:44:16 [kr36] search_zero_result category=数智前瞻 html_length=44137 has_list_main=false has_search_item=false has_p_link=false risk_like=false
2026-04-23 00:44:16 [kr36] 完成搜索页(数智前瞻)，数据 0 条，累计 41 条
2026-04-23 00:44:16 [kr36] deferred_retry_round_start total=1 attempts_per_page=3
2026-04-23 00:44:16 [kr36] deferred_retry_start retry_page=1/1 attempt=1/3 stage=search category=投资派 url=https://36kr.com/search/articles/%E6%8A%95%E8%B5%84%E6%B4%BE
2026-04-23 00:44:16 [kr36] throttle_wait url=https://36kr.com/search/articles/%E6%8A%95%E8%B5%84%E6%B4%BE wait_ms=26050 global_wait_ms=26050 same_url_wait_ms=0 risk_wait_ms=0
2026-04-23 00:44:42 [kr36] fetch_start url=https://36kr.com/search/articles/%E6%8A%95%E8%B5%84%E6%B4%BE
2026-04-23 00:44:42 [kr36] search_playwright_start url=https://36kr.com/search/articles/%E6%8A%95%E8%B5%84%E6%B4%BE timeout_ms=35000 max_attempts=2
2026-04-23 00:44:55 [kr36] search_playwright_once_end url=https://36kr.com/search/articles/%E6%8A%95%E8%B5%84%E6%B4%BE html_length=100955
2026-04-23 00:44:55 [kr36] search_playwright_ok attempt=1 url=https://36kr.com/search/articles/%E6%8A%95%E8%B5%84%E6%B4%BE html_length=100955
2026-04-23 00:44:55 [kr36] search_listing_csr_enriched url=https://36kr.com/search/articles/%E6%8A%95%E8%B5%84%E6%B4%BE html_length=100955
2026-04-23 00:44:55 [kr36] fetch_ok method=curl_playwright_search url=https://36kr.com/search/articles/%E6%8A%95%E8%B5%84%E6%B4%BE html_length=100955
2026-04-23 00:44:55 [kr36] deferred_retry_result retry_page=1/1 stage=search category=投资派 status=ok url=https://36kr.com/search/articles/%E6%8A%95%E8%B5%84%E6%B4%BE fetched=5 total_refs=46
2026-04-23 00:44:55 [kr36] deferred_retry_done stage=search category=投资派 url=https://36kr.com/search/articles/%E6%8A%95%E8%B5%84%E6%B4%BE fetched=5 total_refs=46
2026-04-23 00:44:55 [kr36] deferred_retry_round_end total_refs=46 retried=1 retry_success=1 retry_still_blocked=0
2026-04-23 00:44:55 [kr36] listing_end report_date=2026-04-23 total_refs=46 stopped_by=normal_complete
[kr36] 2026-04-23 00:58:26 finished with exit code 0.
