[kr36] 2026-04-21 17:46:52 starting daily brief run (no email)...
[kr36] PROJECT_ROOT=E:\AI\touzifenxi
[kr36] PYTHON_BIN=E:\AI\touzifenxi\.venv\Scripts\python.exe
[kr36] TIMEOUT=50s
[kr36] LOG_FILE=E:\AI\touzifenxi\logs\kr36\kr36_20260421_174651.log
[kr36] running: "E:\AI\touzifenxi\.venv\Scripts\python.exe" scripts\websearch.py run --source 36kr --timeout 50
2026-04-21 17:46:53 [kr36] listing_begin report_date=2026-04-21 rounds_total=13 candidate_limit=120
2026-04-21 17:46:53 [kr36] round_start round=1/13 stage=topics url=https://36kr.com/topics/
2026-04-21 17:46:53 [kr36] 进入专题页，数据 0 条，累计 0 条
2026-04-21 17:46:53 [kr36] fetch_start url=https://36kr.com/topics/
2026-04-21 17:46:55 [kr36] fetch_ok method=curl url=https://36kr.com/topics/ html_length=73618
2026-04-21 17:46:55 [kr36] round_end round=1/13 stage=topics fetched=22 total_refs=22 elapsed_ms=2358
2026-04-21 17:46:55 [kr36] 完成专题页，数据 22 条，累计 22 条
2026-04-21 17:46:55 [kr36] round_next round=2/13 stage=activity
2026-04-21 17:46:55 [kr36] round_start round=2/13 stage=activity url=https://36kr.com/activity
2026-04-21 17:46:55 [kr36] 进入活动页，数据 0 条，累计 22 条
2026-04-21 17:46:55 [kr36] throttle_wait url=https://36kr.com/activity wait_ms=25692 global_wait_ms=25692 same_url_wait_ms=0
2026-04-21 17:47:21 [kr36] fetch_start url=https://36kr.com/activity
2026-04-21 17:47:23 [kr36] risk_entered method=curl url=https://36kr.com/activity html_length=1460 has_verification_command=true
2026-04-21 17:47:23 [kr36] risk_verification_delay_before_command wait_ms=3000 url=https://36kr.com/activity
2026-04-21 17:47:26 [kr36] risk_verification_invoking_command url=https://36kr.com/activity
2026-04-21 17:47:26 [kr36] verification_command_start url=https://36kr.com/activity auto_solver_argv=['E:\\AI\\touzifenxi\\.venv\\Scripts\\python.exe', 'E:\\AI\\touzifenxi\\scripts\\kr36_risk_slider_solver.py', '--headless']
2026-04-21 17:47:37 [kr36] verification_command_end url=https://36kr.com/activity return_code=0 ok=true
2026-04-21 17:47:38 [kr36] throttle_wait url=https://36kr.com/activity wait_ms=10034 global_wait_ms=10034 same_url_wait_ms=0
2026-04-21 17:47:49 [kr36] round_end round=2/13 stage=activity fetched=0 total_refs=22 elapsed_ms=54021
2026-04-21 17:47:49 [kr36] 完成活动页，数据 0 条，累计 22 条
2026-04-21 17:47:49 [kr36] round_next round=3/13 stage=search
2026-04-21 17:47:49 [kr36] round_start round=3/13 stage=search category=36氪独家 url=https://36kr.com/search/articles/36%E6%B0%AA%E7%8B%AC%E5%AE%B6
2026-04-21 17:47:49 [kr36] 进入搜索页(36氪独家)，数据 0 条，累计 22 条
2026-04-21 17:47:49 [kr36] throttle_wait url=https://36kr.com/search/articles/36%E6%B0%AA%E7%8B%AC%E5%AE%B6 wait_ms=28209 global_wait_ms=28209 same_url_wait_ms=0
2026-04-21 17:48:18 [kr36] fetch_start url=https://36kr.com/search/articles/36%E6%B0%AA%E7%8B%AC%E5%AE%B6
2026-04-21 17:48:19 [kr36] risk_entered method=curl url=https://36kr.com/search/articles/36%E6%B0%AA%E7%8B%AC%E5%AE%B6 html_length=1460 has_verification_command=true
2026-04-21 17:48:19 [kr36] risk_verification_delay_before_command wait_ms=3000 url=https://36kr.com/search/articles/36%E6%B0%AA%E7%8B%AC%E5%AE%B6
2026-04-21 17:48:22 [kr36] risk_verification_invoking_command url=https://36kr.com/search/articles/36%E6%B0%AA%E7%8B%AC%E5%AE%B6
2026-04-21 17:48:22 [kr36] verification_command_start url=https://36kr.com/search/articles/36%E6%B0%AA%E7%8B%AC%E5%AE%B6 auto_solver_argv=['E:\\AI\\touzifenxi\\.venv\\Scripts\\python.exe', 'E:\\AI\\touzifenxi\\scripts\\kr36_risk_slider_solver.py', '--headless']
2026-04-21 17:48:27 [kr36] verification_command_end url=https://36kr.com/search/articles/36%E6%B0%AA%E7%8B%AC%E5%AE%B6 return_code=0 ok=true
2026-04-21 17:48:28 [kr36] throttle_wait url=https://36kr.com/search/articles/36%E6%B0%AA%E7%8B%AC%E5%AE%B6 wait_ms=14177 global_wait_ms=14177 same_url_wait_ms=0
