[kr36] 2026-04-23 12:33:58 starting daily brief run (no email)...
[kr36] PROJECT_ROOT=E:\AI\touzifenxi
[kr36] PYTHON_BIN=E:\AI\touzifenxi\.venv\Scripts\python.exe
[kr36] TIMEOUT=40s
[kr36] LOG_FILE=E:\AI\touzifenxi\logs\kr36\kr36_20260423_123358.log
[kr36] running: "E:\AI\touzifenxi\.venv\Scripts\python.exe" scripts\websearch.py run --source 36kr --timeout 40
2026-04-23 12:33:59 [kr36] listing_begin report_date=2026-04-23 rounds_total=12 candidate_limit=120 mode=sequential step0.5_then_step1
2026-04-23 12:33:59 [kr36] step0.5_topic_round_start page=1 round=1/12 stage=topics url=https://36kr.com/topics/
2026-04-23 12:33:59 [kr36] 进入专题页(0.5步)，数据 0 条，累计 0 条
2026-04-23 12:33:59 [kr36] fetch_start url=https://36kr.com/topics/
2026-04-23 12:34:00 [kr36] topics_activity_enrich_direct_step4 reason=auto_solver url=https://36kr.com/topics/ page_kind=topics
2026-04-23 12:34:01 [kr36] playwright_slider_start phase='topics-activity-step4-topics' url=https://36kr.com/topics/ headless=false channel='msedge'
2026-04-23 12:34:24 [kr36] playwright_slider_preloop phase='topics-activity-step4-topics' url=https://36kr.com/topics/ wait_after_load_ms=1800 slider_ui_ready_max_ms=20000
2026-04-23 12:34:24 [kr36] playwright_slider_wait_ui phase='topics-activity-step4-topics' url=https://36kr.com/topics/ ui_ready=true
2026-04-23 12:34:29 [kr36] slider_captcha_solve_result attempted=true
2026-04-23 12:34:29 [kr36] playwright_slider_attempt phase='topics-activity-step4-topics' url=https://36kr.com/topics/ attempted=true
2026-04-23 12:34:44 [kr36] playwright_slider_csr_list_wait_timeout phase='topics-activity-step4-topics' url=https://36kr.com/topics/ selector='.topic-list-item, .topic-item, .kr-topic-item'
2026-04-23 12:34:47 [kr36] playwright_slider_after_solve phase='topics-activity-step4-topics' url=https://36kr.com/topics/ html_length=88023
2026-04-23 12:34:47 [kr36] playwright_slider_close_on_pass phase='topics-activity-step4-topics' url=https://36kr.com/topics/
2026-04-23 12:34:48 [kr36] topics_activity_csr_enriched url=https://36kr.com/topics/ html_length=88023
2026-04-23 12:34:48 [kr36] fetch_ok method=curl_playwright_topics_activity url=https://36kr.com/topics/ html_length=88023
2026-04-23 12:34:48 [kr36] fetch_start url=https://36kr.com/topics/3770543132934659
2026-04-23 12:34:49 [kr36] fetch_ok method=curl url=https://36kr.com/topics/3770543132934659 html_length=1460
2026-04-23 12:34:49 [kr36] topic_detail_csr_shell url=https://36kr.com/topics/3770543132934659 html_length=1460 → playwright
2026-04-23 12:34:49 [kr36] playwright_slider_start phase='topic-detail-csr' url=https://36kr.com/topics/3770543132934659 headless=false channel='msedge'
2026-04-23 12:35:11 [kr36] playwright_slider_preloop phase='topic-detail-csr' url=https://36kr.com/topics/3770543132934659 wait_after_load_ms=1800 slider_ui_ready_max_ms=20000
2026-04-23 12:35:11 [kr36] playwright_slider_wait_ui phase='topic-detail-csr' url=https://36kr.com/topics/3770543132934659 ui_ready=true
2026-04-23 12:35:27 [kr36] slider_captcha_solve_result attempted=true
2026-04-23 12:35:28 [kr36] playwright_slider_attempt phase='topic-detail-csr' url=https://36kr.com/topics/3770543132934659 attempted=true
2026-04-23 12:35:43 [kr36] playwright_slider_csr_list_wait_timeout phase='topic-detail-csr' url=https://36kr.com/topics/3770543132934659 selector='.topic-list-item, .topic-item, .kr-topic-item'
2026-04-23 12:35:46 [kr36] playwright_slider_after_solve phase='topic-detail-csr' url=https://36kr.com/topics/3770543132934659 html_length=88459
2026-04-23 12:35:46 [kr36] playwright_slider_close_on_pass phase='topic-detail-csr' url=https://36kr.com/topics/3770543132934659
2026-04-23 12:35:47 [kr36] fetch_start url=https://36kr.com/video/3766585318896386
2026-04-23 12:35:49 [kr36] fetch_ok method=curl url=https://36kr.com/video/3766585318896386 html_length=60282
2026-04-23 12:35:49 [kr36] topic_video_cdn_extract count=7 html_len=60282 preview='https://videos.36krcdn.com/20260414/v2_1776165984015_video_mp4_v11' page='https://36kr.com/video/3766585318896386'
2026-04-23 12:36:25 [kr36] topic_video_download_ok cdn='https://videos.36krcdn.com/20260414/v2_1776165984015_video_mp4_v11' local=E:\AI\touzifenxi\output\reports\kr36_report\kr36_search_202604231233\kr36_topic_downloads\本周有大事丨大疆八年熵减，汪滔十年修行；为了保住同伙，AI有多癫；新中产收割机，想挑战Lululemon_\2026-04-15\videos\氪大事___为了保住同伙，AI有多癫？_36kr_topic_video_3766585318896386.mp4
2026-04-23 12:36:44 [kr36] topic_asr_ok chars=1181 transcript=E:\AI\touzifenxi\output\reports\kr36_report\kr36_search_202604231233\kr36_topic_downloads\本周有大事丨大疆八年熵减，汪滔十年修行；为了保住同伙，AI有多癫；新中产收割机，想挑战Lululemon_\2026-04-15\videos\氪大事___为了保住同伙，AI有多癫？_36kr_topic_video_3766585318896386.transcript.txt code=20000000 role=topic_video_asr_transcript
2026-04-23 12:36:44 [kr36] fetch_start url=https://36kr.com/video/3764840757948933
2026-04-23 12:36:47 [kr36] fetch_ok method=curl url=https://36kr.com/video/3764840757948933 html_length=59764
2026-04-23 12:36:47 [kr36] topic_video_cdn_extract count=7 html_len=59764 preview='https://videos.36krcdn.com/20260413/v2_1776051795825_video_mp4_v11' page='https://36kr.com/video/3764840757948933'
2026-04-23 12:37:09 [kr36] topic_video_download_ok cdn='https://videos.36krcdn.com/20260413/v2_1776051795825_video_mp4_v11' local=E:\AI\touzifenxi\output\reports\kr36_report\kr36_search_202604231233\kr36_topic_downloads\本周有大事丨大疆八年熵减，汪滔十年修行；为了保住同伙，AI有多癫；新中产收割机，想挑战Lululemon_\2026-04-14\videos\于东来和魏建军，两个“最轴”的老板“约会”了_36kr_topic_video_3764840757948933.mp4
2026-04-23 12:37:51 [kr36] topic_asr_ok chars=418 transcript=E:\AI\touzifenxi\output\reports\kr36_report\kr36_search_202604231233\kr36_topic_downloads\本周有大事丨大疆八年熵减，汪滔十年修行；为了保住同伙，AI有多癫；新中产收割机，想挑战Lululemon_\2026-04-14\videos\于东来和魏建军，两个“最轴”的老板“约会”了_36kr_topic_video_3764840757948933.transcript.txt code=20000000 role=topic_video_asr_transcript
2026-04-23 12:37:51 [kr36] fetch_start url=https://36kr.com/video/3765091828527880
2026-04-23 12:37:53 [kr36] fetch_ok method=curl url=https://36kr.com/video/3765091828527880 html_length=59007
2026-04-23 12:37:53 [kr36] topic_video_cdn_extract count=7 html_len=59007 preview='https://videos.36krcdn.com/20260413/v2_1776074530156_video_mp4_v9' page='https://36kr.com/video/3765091828527880'
2026-04-23 12:38:26 [kr36] topic_video_download_ok cdn='https://videos.36krcdn.com/20260413/v2_1776074530156_video_mp4_v9' local=E:\AI\touzifenxi\output\reports\kr36_report\kr36_search_202604231233\kr36_topic_downloads\本周有大事丨大疆八年熵减，汪滔十年修行；为了保住同伙，AI有多癫；新中产收割机，想挑战Lululemon_\2026-04-13\videos\AI盗脸风波：当技术“越界”_如何守住自己的数字人格？_36kr_topic_video_3765091828527880.mp4
2026-04-23 12:38:45 [kr36] topic_asr_ok chars=1063 transcript=E:\AI\touzifenxi\output\reports\kr36_report\kr36_search_202604231233\kr36_topic_downloads\本周有大事丨大疆八年熵减，汪滔十年修行；为了保住同伙，AI有多癫；新中产收割机，想挑战Lululemon_\2026-04-13\videos\AI盗脸风波：当技术“越界”_如何守住自己的数字人格？_36kr_topic_video_3765091828527880.transcript.txt code=20000000 role=topic_video_asr_transcript
2026-04-23 12:38:45 [kr36] fetch_start url=https://36kr.com/topics/3771153216865028
2026-04-23 12:38:47 [kr36] fetch_ok method=curl url=https://36kr.com/topics/3771153216865028 html_length=60355
2026-04-23 12:38:47 [kr36] throttle_wait url=https://36kr.com/p/3770688595214857 wait_ms=26812 global_wait_ms=26812 same_url_wait_ms=0 risk_wait_ms=0
2026-04-23 12:39:14 [kr36] fetch_start url=https://36kr.com/p/3770688595214857
2026-04-23 12:39:18 [kr36] fetch_ok method=curl url=https://36kr.com/p/3770688595214857 html_length=75336
2026-04-23 12:39:18 [kr36] throttle_wait url=https://36kr.com/p/3766410231726855 wait_ms=21254 global_wait_ms=21254 same_url_wait_ms=0 risk_wait_ms=0
2026-04-23 12:39:39 [kr36] fetch_start url=https://36kr.com/p/3766410231726855
2026-04-23 12:39:42 [kr36] fetch_ok method=curl url=https://36kr.com/p/3766410231726855 html_length=81790
2026-04-23 12:39:42 [kr36] throttle_wait url=https://36kr.com/p/3764728843289089 wait_ms=25875 global_wait_ms=25875 same_url_wait_ms=0 risk_wait_ms=0
2026-04-23 12:40:08 [kr36] fetch_start url=https://36kr.com/p/3764728843289089
2026-04-23 12:40:10 [kr36] fetch_ok method=curl url=https://36kr.com/p/3764728843289089 html_length=84520
2026-04-23 12:40:10 [kr36] throttle_wait url=https://36kr.com/p/3766718158324489 wait_ms=21193 global_wait_ms=21193 same_url_wait_ms=0 risk_wait_ms=0
2026-04-23 12:40:31 [kr36] fetch_start url=https://36kr.com/p/3766718158324489
2026-04-23 12:40:33 [kr36] fetch_ok method=curl url=https://36kr.com/p/3766718158324489 html_length=86708
2026-04-23 12:40:33 [kr36] throttle_wait url=https://36kr.com/p/3765076875117314 wait_ms=30081 global_wait_ms=30081 same_url_wait_ms=0 risk_wait_ms=0
2026-04-23 12:41:03 [kr36] fetch_start url=https://36kr.com/p/3765076875117314
2026-04-23 12:41:06 [kr36] fetch_ok method=curl url=https://36kr.com/p/3765076875117314 html_length=90279
2026-04-23 12:41:06 [kr36] throttle_wait url=https://36kr.com/p/3764953900990977 wait_ms=29024 global_wait_ms=29024 same_url_wait_ms=0 risk_wait_ms=0
2026-04-23 12:41:35 [kr36] fetch_start url=https://36kr.com/p/3764953900990977
2026-04-23 12:41:39 [kr36] fetch_ok method=curl url=https://36kr.com/p/3764953900990977 html_length=89252
2026-04-23 12:41:39 [kr36] throttle_wait url=https://36kr.com/p/3757975636050695 wait_ms=16981 global_wait_ms=16981 same_url_wait_ms=0 risk_wait_ms=0
2026-04-23 12:41:56 [kr36] fetch_start url=https://36kr.com/p/3757975636050695
2026-04-23 12:41:58 [kr36] fetch_ok method=curl url=https://36kr.com/p/3757975636050695 html_length=79611
2026-04-23 12:41:58 [kr36] step0.5_topic_round_end page=1 round=1/12 stage=topics status=ok fetched=10 total_topic_refs=10 elapsed_ms=479478
2026-04-23 12:41:58 [kr36] 完成专题页(0.5步)，数据 10 条，累计 10 条
2026-04-23 12:41:58 [kr36] step1_listing_next round=2/12 stage=activity
2026-04-23 12:41:58 [kr36] step1_main_round_start page=2 round=2/12 stage=activity url=https://36kr.com/activity
2026-04-23 12:41:58 [kr36] 进入活动页，数据 0 条，累计 0 条
2026-04-23 12:41:58 [kr36] throttle_wait url=https://36kr.com/activity wait_ms=31809 global_wait_ms=31809 same_url_wait_ms=0 risk_wait_ms=0
2026-04-23 12:42:30 [kr36] fetch_start url=https://36kr.com/activity
2026-04-23 12:42:32 [kr36] fetch_ok method=curl url=https://36kr.com/activity html_length=61604
2026-04-23 12:42:32 [kr36] round_end page=2 round=2/12 stage=activity status=ok fetched=2 total_refs=2 elapsed_ms=33969
2026-04-23 12:42:32 [kr36] 完成活动页，数据 2 条，累计 2 条
2026-04-23 12:42:32 [kr36] round_next round=3/12 stage=search
2026-04-23 12:42:32 [kr36] round_start page=3 round=3/12 stage=search category=36氪独家 url=https://36kr.com/search/articles/36%E6%B0%AA%E7%8B%AC%E5%AE%B6 date_window=2026-04-17~2026-04-19
2026-04-23 12:42:32 [kr36] 进入搜索页(36氪独家)，数据 0 条，累计 2 条
2026-04-23 12:42:32 [kr36] throttle_wait url=https://36kr.com/search/articles/36%E6%B0%AA%E7%8B%AC%E5%AE%B6 wait_ms=36379 global_wait_ms=36379 same_url_wait_ms=0 risk_wait_ms=0
2026-04-23 12:43:09 [kr36] fetch_start url=https://36kr.com/search/articles/36%E6%B0%AA%E7%8B%AC%E5%AE%B6
2026-04-23 12:43:10 [kr36] search_enrich_direct_step4 reason=auto_solver url=https://36kr.com/search/articles/36%E6%B0%AA%E7%8B%AC%E5%AE%B6
2026-04-23 12:43:10 [kr36] playwright_slider_start phase='search-listing-step4' url=https://36kr.com/search/articles/36%E6%B0%AA%E7%8B%AC%E5%AE%B6 headless=false channel='msedge'
2026-04-23 12:43:33 [kr36] playwright_slider_preloop phase='search-listing-step4' url=https://36kr.com/search/articles/36%E6%B0%AA%E7%8B%AC%E5%AE%B6 wait_after_load_ms=1800 slider_ui_ready_max_ms=20000
2026-04-23 12:43:33 [kr36] playwright_slider_wait_ui phase='search-listing-step4' url=https://36kr.com/search/articles/36%E6%B0%AA%E7%8B%AC%E5%AE%B6 ui_ready=true
2026-04-23 12:43:38 [kr36] slider_captcha_solve_result attempted=true
2026-04-23 12:43:38 [kr36] playwright_slider_attempt phase='search-listing-step4' url=https://36kr.com/search/articles/36%E6%B0%AA%E7%8B%AC%E5%AE%B6 attempted=true
2026-04-23 12:43:46 [kr36] playwright_slider_csr_list_ready phase='search-listing-step4' url=https://36kr.com/search/articles/36%E6%B0%AA%E7%8B%AC%E5%AE%B6 selector='.kr-search-result-list-main'
2026-04-23 12:43:46 [kr36] playwright_slider_after_solve phase='search-listing-step4' url=https://36kr.com/search/articles/36%E6%B0%AA%E7%8B%AC%E5%AE%B6 html_length=99336
2026-04-23 12:43:46 [kr36] playwright_slider_close_on_pass phase='search-listing-step4' url=https://36kr.com/search/articles/36%E6%B0%AA%E7%8B%AC%E5%AE%B6
2026-04-23 12:43:47 [kr36] search_listing_csr_enriched url=https://36kr.com/search/articles/36%E6%B0%AA%E7%8B%AC%E5%AE%B6 html_length=99336
2026-04-23 12:43:47 [kr36] fetch_ok method=curl_playwright_search url=https://36kr.com/search/articles/36%E6%B0%AA%E7%8B%AC%E5%AE%B6 html_length=99336
2026-04-23 12:43:47 [kr36] search_date_filtered fixed_category=36氪独家 pub=2026-04-21 window=2026-04-17~2026-04-19
2026-04-23 12:43:47 [kr36] search_date_filtered fixed_category=36氪独家 pub=2026-04-20 window=2026-04-17~2026-04-19
2026-04-23 12:43:47 [kr36] search_date_filtered fixed_category=36氪独家 pub=2026-04-09 window=2026-04-17~2026-04-19
2026-04-23 12:43:47 [kr36] search_date_filtered fixed_category=36氪独家 pub=2026-04-02 window=2026-04-17~2026-04-19
2026-04-23 12:43:47 [kr36] search_date_filtered fixed_category=36氪独家 pub=2026-04-02 window=2026-04-17~2026-04-19
2026-04-23 12:43:47 [kr36] search_date_filtered fixed_category=36氪独家 pub=2026-03-26 window=2026-04-17~2026-04-19
2026-04-23 12:43:47 [kr36] search_date_filtered fixed_category=36氪独家 pub=2026-03-31 window=2026-04-17~2026-04-19
2026-04-23 12:43:47 [kr36] search_date_filtered fixed_category=36氪独家 pub=2026-03-19 window=2026-04-17~2026-04-19
2026-04-23 12:43:47 [kr36] search_date_filtered fixed_category=36氪独家 pub=2026-03-05 window=2026-04-17~2026-04-19
2026-04-23 12:43:47 [kr36] search_date_filtered fixed_category=36氪独家 pub=2026-03-16 window=2026-04-17~2026-04-19
2026-04-23 12:43:47 [kr36] search_date_filtered fixed_category=36氪独家 pub=2026-03-24 window=2026-04-17~2026-04-19
2026-04-23 12:43:47 [kr36] search_date_filtered fixed_category=36氪独家 pub=2026-03-04 window=2026-04-17~2026-04-19
2026-04-23 12:43:47 [kr36] search_date_filtered fixed_category=36氪独家 pub=2026-01-22 window=2026-04-17~2026-04-19
2026-04-23 12:43:47 [kr36] search_date_filtered fixed_category=36氪独家 pub=2026-01-15 window=2026-04-17~2026-04-19
2026-04-23 12:43:47 [kr36] search_date_filtered fixed_category=36氪独家 pub=2026-01-14 window=2026-04-17~2026-04-19
2026-04-23 12:43:47 [kr36] search_date_filtered fixed_category=36氪独家 pub=2026-01-07 window=2026-04-17~2026-04-19
2026-04-23 12:43:47 [kr36] search_date_filtered fixed_category=36氪独家 pub=2026-01-15 window=2026-04-17~2026-04-19
2026-04-23 12:43:47 [kr36] search_date_filtered fixed_category=36氪独家 pub=2026-01-26 window=2026-04-17~2026-04-19
2026-04-23 12:43:47 [kr36] search_date_filtered fixed_category=36氪独家 pub=2026-02-26 window=2026-04-17~2026-04-19
2026-04-23 12:43:47 [kr36] round_end page=3 round=3/12 stage=search category=36氪独家 status=ok fetched=1 total_refs=3 elapsed_ms=74948
2026-04-23 12:43:47 [kr36] 完成搜索页(36氪独家)，数据 1 条，累计 3 条
2026-04-23 12:43:47 [kr36] round_next round=4/12 stage=search_or_channel
2026-04-23 12:43:47 [kr36] round_start page=4 round=4/12 stage=search category=深氪 url=https://36kr.com/search/articles/%E6%B7%B1%E6%B0%AA date_window=2026-04-17~2026-04-19
2026-04-23 12:43:47 [kr36] 进入搜索页(深氪)，数据 0 条，累计 3 条
2026-04-23 12:43:47 [kr36] fetch_start url=https://36kr.com/search/articles/%E6%B7%B1%E6%B0%AA
2026-04-23 12:43:49 [kr36] search_enrich_direct_step4 reason=auto_solver url=https://36kr.com/search/articles/%E6%B7%B1%E6%B0%AA
2026-04-23 12:43:49 [kr36] playwright_slider_start phase='search-listing-step4' url=https://36kr.com/search/articles/%E6%B7%B1%E6%B0%AA headless=false channel='msedge'
2026-04-23 12:44:09 [kr36] playwright_slider_preloop phase='search-listing-step4' url=https://36kr.com/search/articles/%E6%B7%B1%E6%B0%AA wait_after_load_ms=1800 slider_ui_ready_max_ms=20000
2026-04-23 12:44:13 [kr36] playwright_slider_ok phase='search-listing-step4' url=https://36kr.com/search/articles/%E6%B7%B1%E6%B0%AA html_length=100521
2026-04-23 12:44:14 [kr36] search_listing_csr_enriched url=https://36kr.com/search/articles/%E6%B7%B1%E6%B0%AA html_length=100521
2026-04-23 12:44:14 [kr36] fetch_ok method=curl_playwright_search url=https://36kr.com/search/articles/%E6%B7%B1%E6%B0%AA html_length=100521
2026-04-23 12:44:14 [kr36] search_date_filtered fixed_category=深氪 pub=2026-01-09 window=2026-04-17~2026-04-19
2026-04-23 12:44:14 [kr36] search_date_filtered fixed_category=深氪 pub=2025-12-08 window=2026-04-17~2026-04-19
2026-04-23 12:44:14 [kr36] search_date_filtered fixed_category=深氪 pub=2025-12-12 window=2026-04-17~2026-04-19
2026-04-23 12:44:14 [kr36] search_date_filtered fixed_category=深氪 pub=2025-12-31 window=2026-04-17~2026-04-19
2026-04-23 12:44:14 [kr36] search_date_filtered fixed_category=深氪 pub=2025-09-17 window=2026-04-17~2026-04-19
2026-04-23 12:44:14 [kr36] search_date_filtered fixed_category=深氪 pub=2025-11-14 window=2026-04-17~2026-04-19
2026-04-23 12:44:14 [kr36] search_date_filtered fixed_category=深氪 pub=2025-10-24 window=2026-04-17~2026-04-19
2026-04-23 12:44:14 [kr36] search_date_filtered fixed_category=深氪 pub=2025-10-10 window=2026-04-17~2026-04-19
2026-04-23 12:44:14 [kr36] search_date_filtered fixed_category=深氪 pub=2025-07-12 window=2026-04-17~2026-04-19
2026-04-23 12:44:14 [kr36] search_date_filtered fixed_category=深氪 pub=2025-05-28 window=2026-04-17~2026-04-19
2026-04-23 12:44:14 [kr36] search_date_filtered fixed_category=深氪 pub=2025-07-23 window=2026-04-17~2026-04-19
2026-04-23 12:44:14 [kr36] search_date_filtered fixed_category=深氪 pub=2025-08-21 window=2026-04-17~2026-04-19
2026-04-23 12:44:14 [kr36] search_date_filtered fixed_category=深氪 pub=2025-07-14 window=2026-04-17~2026-04-19
2026-04-23 12:44:14 [kr36] search_date_filtered fixed_category=深氪 pub=2025-07-21 window=2026-04-17~2026-04-19
2026-04-23 12:44:14 [kr36] search_date_filtered fixed_category=深氪 pub=2024-08-01 window=2026-04-17~2026-04-19
2026-04-23 12:44:14 [kr36] search_date_filtered fixed_category=深氪 pub=2025-04-25 window=2026-04-17~2026-04-19
2026-04-23 12:44:14 [kr36] search_date_filtered fixed_category=深氪 pub=2025-06-06 window=2026-04-17~2026-04-19
2026-04-23 12:44:14 [kr36] search_date_filtered fixed_category=深氪 pub=2025-03-06 window=2026-04-17~2026-04-19
2026-04-23 12:44:14 [kr36] search_date_filtered fixed_category=深氪 pub=2025-07-28 window=2026-04-17~2026-04-19
2026-04-23 12:44:14 [kr36] search_date_filtered fixed_category=深氪 pub=2024-10-09 window=2026-04-17~2026-04-19
2026-04-23 12:44:14 [kr36] search_date_filtered fixed_category=深氪 pub=2026-01-09 window=2026-04-17~2026-04-19
2026-04-23 12:44:14 [kr36] search_date_filtered fixed_category=深氪 pub=2025-12-08 window=2026-04-17~2026-04-19
2026-04-23 12:44:14 [kr36] search_date_filtered fixed_category=深氪 pub=2025-12-12 window=2026-04-17~2026-04-19
2026-04-23 12:44:14 [kr36] search_date_filtered fixed_category=深氪 pub=2025-12-31 window=2026-04-17~2026-04-19
2026-04-23 12:44:14 [kr36] search_date_filtered fixed_category=深氪 pub=2025-09-17 window=2026-04-17~2026-04-19
2026-04-23 12:44:14 [kr36] search_date_filtered fixed_category=深氪 pub=2025-11-14 window=2026-04-17~2026-04-19
2026-04-23 12:44:14 [kr36] search_date_filtered fixed_category=深氪 pub=2025-10-24 window=2026-04-17~2026-04-19
2026-04-23 12:44:14 [kr36] search_date_filtered fixed_category=深氪 pub=2025-10-10 window=2026-04-17~2026-04-19
2026-04-23 12:44:14 [kr36] search_date_filtered fixed_category=深氪 pub=2025-07-12 window=2026-04-17~2026-04-19
2026-04-23 12:44:14 [kr36] search_date_filtered fixed_category=深氪 pub=2025-05-28 window=2026-04-17~2026-04-19
2026-04-23 12:44:14 [kr36] search_date_filtered fixed_category=深氪 pub=2025-05-28 window=2026-04-17~2026-04-19
2026-04-23 12:44:14 [kr36] search_date_filtered fixed_category=深氪 pub=2025-07-23 window=2026-04-17~2026-04-19
2026-04-23 12:44:14 [kr36] search_date_filtered fixed_category=深氪 pub=2025-08-21 window=2026-04-17~2026-04-19
2026-04-23 12:44:14 [kr36] search_date_filtered fixed_category=深氪 pub=2025-07-14 window=2026-04-17~2026-04-19
2026-04-23 12:44:14 [kr36] search_date_filtered fixed_category=深氪 pub=2025-07-21 window=2026-04-17~2026-04-19
2026-04-23 12:44:14 [kr36] search_date_filtered fixed_category=深氪 pub=2024-08-01 window=2026-04-17~2026-04-19
2026-04-23 12:44:14 [kr36] search_date_filtered fixed_category=深氪 pub=2025-04-25 window=2026-04-17~2026-04-19
2026-04-23 12:44:14 [kr36] search_date_filtered fixed_category=深氪 pub=2025-06-06 window=2026-04-17~2026-04-19
2026-04-23 12:44:14 [kr36] search_date_filtered fixed_category=深氪 pub=2025-03-06 window=2026-04-17~2026-04-19
2026-04-23 12:44:14 [kr36] search_date_filtered fixed_category=深氪 pub=2025-07-28 window=2026-04-17~2026-04-19
2026-04-23 12:44:14 [kr36] search_date_parse_failed fixed_category=深氪 window=2026-04-17~2026-04-19 item_html_len=1335 action=exclude
2026-04-23 12:44:14 [kr36] search_date_filtered fixed_category=深氪 pub=2026-01-09 window=2026-04-17~2026-04-19
2026-04-23 12:44:14 [kr36] search_date_filtered fixed_category=深氪 pub=2026-01-09 window=2026-04-17~2026-04-19
2026-04-23 12:44:14 [kr36] search_date_filtered fixed_category=深氪 pub=2025-12-08 window=2026-04-17~2026-04-19
2026-04-23 12:44:14 [kr36] search_date_filtered fixed_category=深氪 pub=2025-12-08 window=2026-04-17~2026-04-19
2026-04-23 12:44:14 [kr36] search_date_filtered fixed_category=深氪 pub=2025-12-12 window=2026-04-17~2026-04-19
2026-04-23 12:44:14 [kr36] search_date_filtered fixed_category=深氪 pub=2025-12-12 window=2026-04-17~2026-04-19
2026-04-23 12:44:14 [kr36] search_date_filtered fixed_category=深氪 pub=2025-12-31 window=2026-04-17~2026-04-19
2026-04-23 12:44:14 [kr36] search_date_filtered fixed_category=深氪 pub=2025-12-31 window=2026-04-17~2026-04-19
2026-04-23 12:44:14 [kr36] search_date_filtered fixed_category=深氪 pub=2025-09-17 window=2026-04-17~2026-04-19
2026-04-23 12:44:14 [kr36] search_date_filtered fixed_category=深氪 pub=2025-09-17 window=2026-04-17~2026-04-19
2026-04-23 12:44:14 [kr36] search_date_filtered fixed_category=深氪 pub=2025-11-14 window=2026-04-17~2026-04-19
2026-04-23 12:44:14 [kr36] search_date_filtered fixed_category=深氪 pub=2025-11-14 window=2026-04-17~2026-04-19
2026-04-23 12:44:14 [kr36] search_date_filtered fixed_category=深氪 pub=2025-10-24 window=2026-04-17~2026-04-19
2026-04-23 12:44:14 [kr36] search_date_filtered fixed_category=深氪 pub=2025-10-24 window=2026-04-17~2026-04-19
2026-04-23 12:44:14 [kr36] search_date_filtered fixed_category=深氪 pub=2025-10-10 window=2026-04-17~2026-04-19
2026-04-23 12:44:14 [kr36] search_date_filtered fixed_category=深氪 pub=2025-10-10 window=2026-04-17~2026-04-19
2026-04-23 12:44:14 [kr36] search_date_filtered fixed_category=深氪 pub=2025-07-12 window=2026-04-17~2026-04-19
2026-04-23 12:44:14 [kr36] search_date_filtered fixed_category=深氪 pub=2025-07-12 window=2026-04-17~2026-04-19
2026-04-23 12:44:14 [kr36] search_date_filtered fixed_category=深氪 pub=2025-05-28 window=2026-04-17~2026-04-19
2026-04-23 12:44:14 [kr36] search_date_filtered fixed_category=深氪 pub=2025-05-28 window=2026-04-17~2026-04-19
2026-04-23 12:44:14 [kr36] search_date_filtered fixed_category=深氪 pub=2025-07-23 window=2026-04-17~2026-04-19
2026-04-23 12:44:14 [kr36] search_date_filtered fixed_category=深氪 pub=2025-07-23 window=2026-04-17~2026-04-19
2026-04-23 12:44:14 [kr36] search_date_filtered fixed_category=深氪 pub=2025-08-21 window=2026-04-17~2026-04-19
2026-04-23 12:44:14 [kr36] search_date_filtered fixed_category=深氪 pub=2025-08-21 window=2026-04-17~2026-04-19
2026-04-23 12:44:14 [kr36] search_date_filtered fixed_category=深氪 pub=2025-07-14 window=2026-04-17~2026-04-19
2026-04-23 12:44:14 [kr36] search_date_filtered fixed_category=深氪 pub=2025-07-14 window=2026-04-17~2026-04-19
2026-04-23 12:44:14 [kr36] search_date_filtered fixed_category=深氪 pub=2025-07-21 window=2026-04-17~2026-04-19
2026-04-23 12:44:14 [kr36] search_date_filtered fixed_category=深氪 pub=2025-07-21 window=2026-04-17~2026-04-19
2026-04-23 12:44:14 [kr36] search_date_filtered fixed_category=深氪 pub=2024-08-01 window=2026-04-17~2026-04-19
2026-04-23 12:44:14 [kr36] search_date_filtered fixed_category=深氪 pub=2024-08-01 window=2026-04-17~2026-04-19
2026-04-23 12:44:14 [kr36] search_date_filtered fixed_category=深氪 pub=2025-04-25 window=2026-04-17~2026-04-19
2026-04-23 12:44:14 [kr36] search_date_filtered fixed_category=深氪 pub=2025-04-25 window=2026-04-17~2026-04-19
2026-04-23 12:44:14 [kr36] search_date_filtered fixed_category=深氪 pub=2025-06-06 window=2026-04-17~2026-04-19
2026-04-23 12:44:14 [kr36] search_date_filtered fixed_category=深氪 pub=2025-06-06 window=2026-04-17~2026-04-19
2026-04-23 12:44:14 [kr36] search_date_filtered fixed_category=深氪 pub=2025-03-06 window=2026-04-17~2026-04-19
2026-04-23 12:44:14 [kr36] search_date_filtered fixed_category=深氪 pub=2025-03-06 window=2026-04-17~2026-04-19
2026-04-23 12:44:14 [kr36] search_date_filtered fixed_category=深氪 pub=2025-07-28 window=2026-04-17~2026-04-19
2026-04-23 12:44:14 [kr36] search_date_filtered fixed_category=深氪 pub=2025-07-28 window=2026-04-17~2026-04-19
2026-04-23 12:44:14 [kr36] search_date_filtered fixed_category=深氪 pub=2024-10-09 window=2026-04-17~2026-04-19
2026-04-23 12:44:14 [kr36] search_date_filtered fixed_category=深氪 pub=2024-10-09 window=2026-04-17~2026-04-19
2026-04-23 12:44:14 [kr36] round_end page=4 round=4/12 stage=search category=深氪 status=ok fetched=0 total_refs=3 elapsed_ms=27098
2026-04-23 12:44:14 [kr36] search_zero_result category=深氪 html_length=100521 has_list_main=true has_search_item=true has_p_link=true risk_like=false
2026-04-23 12:44:14 [kr36] 完成搜索页(深氪)，数据 0 条，累计 3 条
2026-04-23 12:44:14 [kr36] round_next round=5/12 stage=search_or_channel
2026-04-23 12:44:14 [kr36] round_start page=5 round=5/12 stage=search category=后浪白皮书 url=https://36kr.com/search/articles/%E5%90%8E%E6%B5%AA%E7%99%BD%E7%9A%AE%E4%B9%A6 date_window=2026-04-17~2026-04-19
2026-04-23 12:44:14 [kr36] 进入搜索页(后浪白皮书)，数据 0 条，累计 3 条
2026-04-23 12:44:14 [kr36] throttle_wait url=https://36kr.com/search/articles/%E5%90%8E%E6%B5%AA%E7%99%BD%E7%9A%AE%E4%B9%A6 wait_ms=4380 global_wait_ms=4380 same_url_wait_ms=0 risk_wait_ms=0
2026-04-23 12:44:19 [kr36] fetch_start url=https://36kr.com/search/articles/%E5%90%8E%E6%B5%AA%E7%99%BD%E7%9A%AE%E4%B9%A6
2026-04-23 12:44:21 [kr36] search_enrich_direct_step4 reason=auto_solver url=https://36kr.com/search/articles/%E5%90%8E%E6%B5%AA%E7%99%BD%E7%9A%AE%E4%B9%A6
2026-04-23 12:44:21 [kr36] playwright_slider_start phase='search-listing-step4' url=https://36kr.com/search/articles/%E5%90%8E%E6%B5%AA%E7%99%BD%E7%9A%AE%E4%B9%A6 headless=false channel='msedge'
2026-04-23 12:44:38 [kr36] playwright_slider_preloop phase='search-listing-step4' url=https://36kr.com/search/articles/%E5%90%8E%E6%B5%AA%E7%99%BD%E7%9A%AE%E4%B9%A6 wait_after_load_ms=1800 slider_ui_ready_max_ms=20000
2026-04-23 12:44:42 [kr36] playwright_slider_ok phase='search-listing-step4' url=https://36kr.com/search/articles/%E5%90%8E%E6%B5%AA%E7%99%BD%E7%9A%AE%E4%B9%A6 html_length=67381
2026-04-23 12:44:43 [kr36] search_listing_csr_enriched url=https://36kr.com/search/articles/%E5%90%8E%E6%B5%AA%E7%99%BD%E7%9A%AE%E4%B9%A6 html_length=67381
2026-04-23 12:44:43 [kr36] fetch_ok method=curl_playwright_search url=https://36kr.com/search/articles/%E5%90%8E%E6%B5%AA%E7%99%BD%E7%9A%AE%E4%B9%A6 html_length=67381
2026-04-23 12:44:43 [kr36] search_date_filtered fixed_category=后浪白皮书 pub=2021-09-05 window=2026-04-17~2026-04-19
2026-04-23 12:44:43 [kr36] search_date_filtered fixed_category=后浪白皮书 pub=2023-01-28 window=2026-04-17~2026-04-19
2026-04-23 12:44:43 [kr36] search_date_filtered fixed_category=后浪白皮书 pub=2021-09-05 window=2026-04-17~2026-04-19
2026-04-23 12:44:43 [kr36] search_date_filtered fixed_category=后浪白皮书 pub=2023-01-28 window=2026-04-17~2026-04-19
2026-04-23 12:44:43 [kr36] search_date_parse_failed fixed_category=后浪白皮书 window=2026-04-17~2026-04-19 item_html_len=1335 action=exclude
2026-04-23 12:44:43 [kr36] search_date_filtered fixed_category=后浪白皮书 pub=2021-09-05 window=2026-04-17~2026-04-19
2026-04-23 12:44:43 [kr36] search_date_filtered fixed_category=后浪白皮书 pub=2021-09-05 window=2026-04-17~2026-04-19
2026-04-23 12:44:43 [kr36] search_date_filtered fixed_category=后浪白皮书 pub=2023-01-28 window=2026-04-17~2026-04-19
2026-04-23 12:44:43 [kr36] search_date_filtered fixed_category=后浪白皮书 pub=2023-01-28 window=2026-04-17~2026-04-19
2026-04-23 12:44:43 [kr36] round_end page=5 round=5/12 stage=search category=后浪白皮书 status=ok fetched=0 total_refs=3 elapsed_ms=28428
2026-04-23 12:44:43 [kr36] search_zero_result category=后浪白皮书 html_length=67381 has_list_main=true has_search_item=true has_p_link=true risk_like=false
2026-04-23 12:44:43 [kr36] 完成搜索页(后浪白皮书)，数据 0 条，累计 3 条
2026-04-23 12:44:43 [kr36] round_next round=6/12 stage=search_or_channel
2026-04-23 12:44:43 [kr36] round_start page=6 round=6/12 stage=search category=行业日报 url=https://36kr.com/search/articles/%E8%A1%8C%E4%B8%9A%E6%97%A5%E6%8A%A5 date_window=2026-04-17~2026-04-19
2026-04-23 12:44:43 [kr36] 进入搜索页(行业日报)，数据 0 条，累计 3 条
2026-04-23 12:44:43 [kr36] throttle_wait url=https://36kr.com/search/articles/%E8%A1%8C%E4%B8%9A%E6%97%A5%E6%8A%A5 wait_ms=1125 global_wait_ms=1125 same_url_wait_ms=0 risk_wait_ms=0
2026-04-23 12:44:44 [kr36] fetch_start url=https://36kr.com/search/articles/%E8%A1%8C%E4%B8%9A%E6%97%A5%E6%8A%A5
2026-04-23 12:44:46 [kr36] search_enrich_direct_step4 reason=auto_solver url=https://36kr.com/search/articles/%E8%A1%8C%E4%B8%9A%E6%97%A5%E6%8A%A5
2026-04-23 12:44:46 [kr36] playwright_slider_start phase='search-listing-step4' url=https://36kr.com/search/articles/%E8%A1%8C%E4%B8%9A%E6%97%A5%E6%8A%A5 headless=false channel='msedge'
2026-04-23 12:45:03 [kr36] playwright_slider_preloop phase='search-listing-step4' url=https://36kr.com/search/articles/%E8%A1%8C%E4%B8%9A%E6%97%A5%E6%8A%A5 wait_after_load_ms=1800 slider_ui_ready_max_ms=20000
2026-04-23 12:45:07 [kr36] playwright_slider_ok phase='search-listing-step4' url=https://36kr.com/search/articles/%E8%A1%8C%E4%B8%9A%E6%97%A5%E6%8A%A5 html_length=68624
2026-04-23 12:45:08 [kr36] search_listing_csr_enriched url=https://36kr.com/search/articles/%E8%A1%8C%E4%B8%9A%E6%97%A5%E6%8A%A5 html_length=68624
2026-04-23 12:45:08 [kr36] fetch_ok method=curl_playwright_search url=https://36kr.com/search/articles/%E8%A1%8C%E4%B8%9A%E6%97%A5%E6%8A%A5 html_length=68624
2026-04-23 12:45:08 [kr36] search_date_filtered fixed_category=行业日报 pub=2026-03-25 window=2026-04-17~2026-04-19
2026-04-23 12:45:08 [kr36] search_date_filtered fixed_category=行业日报 pub=2021-03-24 window=2026-04-17~2026-04-19
2026-04-23 12:45:08 [kr36] search_date_filtered fixed_category=行业日报 pub=2020-01-02 window=2026-04-17~2026-04-19
2026-04-23 12:45:08 [kr36] search_date_filtered fixed_category=行业日报 pub=2026-03-25 window=2026-04-17~2026-04-19
2026-04-23 12:45:08 [kr36] search_date_filtered fixed_category=行业日报 pub=2021-03-24 window=2026-04-17~2026-04-19
2026-04-23 12:45:08 [kr36] search_date_filtered fixed_category=行业日报 pub=2020-01-02 window=2026-04-17~2026-04-19
2026-04-23 12:45:08 [kr36] search_date_parse_failed fixed_category=行业日报 window=2026-04-17~2026-04-19 item_html_len=1335 action=exclude
2026-04-23 12:45:08 [kr36] search_date_filtered fixed_category=行业日报 pub=2026-03-25 window=2026-04-17~2026-04-19
2026-04-23 12:45:08 [kr36] search_date_filtered fixed_category=行业日报 pub=2026-03-25 window=2026-04-17~2026-04-19
2026-04-23 12:45:08 [kr36] search_date_filtered fixed_category=行业日报 pub=2021-03-24 window=2026-04-17~2026-04-19
2026-04-23 12:45:08 [kr36] search_date_filtered fixed_category=行业日报 pub=2021-03-24 window=2026-04-17~2026-04-19
2026-04-23 12:45:08 [kr36] search_date_filtered fixed_category=行业日报 pub=2020-01-02 window=2026-04-17~2026-04-19
2026-04-23 12:45:08 [kr36] search_date_filtered fixed_category=行业日报 pub=2020-01-02 window=2026-04-17~2026-04-19
2026-04-23 12:45:08 [kr36] round_end page=6 round=6/12 stage=search category=行业日报 status=ok fetched=0 total_refs=3 elapsed_ms=24997
2026-04-23 12:45:08 [kr36] search_zero_result category=行业日报 html_length=68624 has_list_main=true has_search_item=true has_p_link=true risk_like=false
2026-04-23 12:45:08 [kr36] 完成搜索页(行业日报)，数据 0 条，累计 3 条
2026-04-23 12:45:08 [kr36] round_next round=7/12 stage=search_or_channel
2026-04-23 12:45:08 [kr36] round_start page=7 round=7/12 stage=search category=Long China 50 url=https://36kr.com/search/articles/Long%20China%2050 date_window=2026-04-17~2026-04-19
2026-04-23 12:45:08 [kr36] 进入搜索页(Long China 50)，数据 0 条，累计 3 条
2026-04-23 12:45:08 [kr36] throttle_wait url=https://36kr.com/search/articles/Long%20China%2050 wait_ms=4361 global_wait_ms=4361 same_url_wait_ms=0 risk_wait_ms=0
2026-04-23 12:45:12 [kr36] fetch_start url=https://36kr.com/search/articles/Long%20China%2050
2026-04-23 12:45:14 [kr36] search_enrich_direct_step4 reason=auto_solver url=https://36kr.com/search/articles/Long%20China%2050
2026-04-23 12:45:14 [kr36] playwright_slider_start phase='search-listing-step4' url=https://36kr.com/search/articles/Long%20China%2050 headless=false channel='msedge'
2026-04-23 12:45:32 [kr36] playwright_slider_preloop phase='search-listing-step4' url=https://36kr.com/search/articles/Long%20China%2050 wait_after_load_ms=1800 slider_ui_ready_max_ms=20000
2026-04-23 12:45:36 [kr36] playwright_slider_ok phase='search-listing-step4' url=https://36kr.com/search/articles/Long%20China%2050 html_length=102067
2026-04-23 12:45:37 [kr36] search_listing_csr_enriched url=https://36kr.com/search/articles/Long%20China%2050 html_length=102067
2026-04-23 12:45:37 [kr36] fetch_ok method=curl_playwright_search url=https://36kr.com/search/articles/Long%20China%2050 html_length=102067
2026-04-23 12:45:37 [kr36] search_date_filtered fixed_category=Long China 50 pub=2024-05-29 window=2026-04-17~2026-04-19
2026-04-23 12:45:37 [kr36] search_date_filtered fixed_category=Long China 50 pub=2024-04-29 window=2026-04-17~2026-04-19
2026-04-23 12:45:37 [kr36] search_date_filtered fixed_category=Long China 50 pub=2024-05-24 window=2026-04-17~2026-04-19
2026-04-23 12:45:37 [kr36] search_date_filtered fixed_category=Long China 50 pub=2024-03-13 window=2026-04-17~2026-04-19
2026-04-23 12:45:37 [kr36] search_date_filtered fixed_category=Long China 50 pub=2023-07-20 window=2026-04-17~2026-04-19
2026-04-23 12:45:37 [kr36] search_date_filtered fixed_category=Long China 50 pub=2023-02-17 window=2026-04-17~2026-04-19
2026-04-23 12:45:37 [kr36] search_date_filtered fixed_category=Long China 50 pub=2024-02-23 window=2026-04-17~2026-04-19
2026-04-23 12:45:37 [kr36] search_date_filtered fixed_category=Long China 50 pub=2022-06-12 window=2026-04-17~2026-04-19
2026-04-23 12:45:37 [kr36] search_date_filtered fixed_category=Long China 50 pub=2023-02-20 window=2026-04-17~2026-04-19
2026-04-23 12:45:37 [kr36] search_date_filtered fixed_category=Long China 50 pub=2022-08-24 window=2026-04-17~2026-04-19
2026-04-23 12:45:37 [kr36] search_date_filtered fixed_category=Long China 50 pub=2022-08-05 window=2026-04-17~2026-04-19
2026-04-23 12:45:37 [kr36] search_date_filtered fixed_category=Long China 50 pub=2023-02-20 window=2026-04-17~2026-04-19
2026-04-23 12:45:37 [kr36] search_date_filtered fixed_category=Long China 50 pub=2022-08-22 window=2026-04-17~2026-04-19
2026-04-23 12:45:37 [kr36] search_date_filtered fixed_category=Long China 50 pub=2023-03-09 window=2026-04-17~2026-04-19
2026-04-23 12:45:37 [kr36] search_date_filtered fixed_category=Long China 50 pub=2023-01-15 window=2026-04-17~2026-04-19
2026-04-23 12:45:37 [kr36] search_date_filtered fixed_category=Long China 50 pub=2022-07-19 window=2026-04-17~2026-04-19
2026-04-23 12:45:37 [kr36] search_date_filtered fixed_category=Long China 50 pub=2022-06-03 window=2026-04-17~2026-04-19
2026-04-23 12:45:37 [kr36] search_date_filtered fixed_category=Long China 50 pub=2022-08-19 window=2026-04-17~2026-04-19
2026-04-23 12:45:37 [kr36] search_date_filtered fixed_category=Long China 50 pub=2023-03-08 window=2026-04-17~2026-04-19
2026-04-23 12:45:37 [kr36] search_date_filtered fixed_category=Long China 50 pub=2023-01-11 window=2026-04-17~2026-04-19
2026-04-23 12:45:37 [kr36] search_date_filtered fixed_category=Long China 50 pub=2024-05-29 window=2026-04-17~2026-04-19
2026-04-23 12:45:37 [kr36] search_date_filtered fixed_category=Long China 50 pub=2024-04-29 window=2026-04-17~2026-04-19
2026-04-23 12:45:37 [kr36] search_date_filtered fixed_category=Long China 50 pub=2024-05-24 window=2026-04-17~2026-04-19
2026-04-23 12:45:37 [kr36] search_date_filtered fixed_category=Long China 50 pub=2024-03-13 window=2026-04-17~2026-04-19
2026-04-23 12:45:37 [kr36] search_date_filtered fixed_category=Long China 50 pub=2023-07-20 window=2026-04-17~2026-04-19
2026-04-23 12:45:37 [kr36] search_date_filtered fixed_category=Long China 50 pub=2023-02-17 window=2026-04-17~2026-04-19
2026-04-23 12:45:37 [kr36] search_date_filtered fixed_category=Long China 50 pub=2024-02-23 window=2026-04-17~2026-04-19
2026-04-23 12:45:37 [kr36] search_date_filtered fixed_category=Long China 50 pub=2022-06-12 window=2026-04-17~2026-04-19
2026-04-23 12:45:37 [kr36] search_date_filtered fixed_category=Long China 50 pub=2023-02-20 window=2026-04-17~2026-04-19
2026-04-23 12:45:37 [kr36] search_date_filtered fixed_category=Long China 50 pub=2022-08-24 window=2026-04-17~2026-04-19
2026-04-23 12:45:37 [kr36] search_date_filtered fixed_category=Long China 50 pub=2022-08-24 window=2026-04-17~2026-04-19
2026-04-23 12:45:37 [kr36] search_date_filtered fixed_category=Long China 50 pub=2022-08-05 window=2026-04-17~2026-04-19
2026-04-23 12:45:37 [kr36] search_date_filtered fixed_category=Long China 50 pub=2023-02-20 window=2026-04-17~2026-04-19
2026-04-23 12:45:37 [kr36] search_date_filtered fixed_category=Long China 50 pub=2022-08-22 window=2026-04-17~2026-04-19
2026-04-23 12:45:37 [kr36] search_date_filtered fixed_category=Long China 50 pub=2023-03-09 window=2026-04-17~2026-04-19
2026-04-23 12:45:37 [kr36] search_date_filtered fixed_category=Long China 50 pub=2023-01-15 window=2026-04-17~2026-04-19
2026-04-23 12:45:37 [kr36] search_date_filtered fixed_category=Long China 50 pub=2022-07-19 window=2026-04-17~2026-04-19
2026-04-23 12:45:37 [kr36] search_date_filtered fixed_category=Long China 50 pub=2022-06-03 window=2026-04-17~2026-04-19
2026-04-23 12:45:37 [kr36] search_date_filtered fixed_category=Long China 50 pub=2022-08-19 window=2026-04-17~2026-04-19
2026-04-23 12:45:37 [kr36] search_date_filtered fixed_category=Long China 50 pub=2023-03-08 window=2026-04-17~2026-04-19
2026-04-23 12:45:37 [kr36] search_date_parse_failed fixed_category=Long China 50 window=2026-04-17~2026-04-19 item_html_len=1335 action=exclude
2026-04-23 12:45:37 [kr36] search_date_filtered fixed_category=Long China 50 pub=2024-05-29 window=2026-04-17~2026-04-19
2026-04-23 12:45:37 [kr36] search_date_filtered fixed_category=Long China 50 pub=2024-05-29 window=2026-04-17~2026-04-19
2026-04-23 12:45:37 [kr36] search_date_filtered fixed_category=Long China 50 pub=2024-04-29 window=2026-04-17~2026-04-19
2026-04-23 12:45:37 [kr36] search_date_filtered fixed_category=Long China 50 pub=2024-04-29 window=2026-04-17~2026-04-19
2026-04-23 12:45:37 [kr36] search_date_filtered fixed_category=Long China 50 pub=2024-05-24 window=2026-04-17~2026-04-19
2026-04-23 12:45:37 [kr36] search_date_filtered fixed_category=Long China 50 pub=2024-05-24 window=2026-04-17~2026-04-19
2026-04-23 12:45:37 [kr36] search_date_filtered fixed_category=Long China 50 pub=2024-03-13 window=2026-04-17~2026-04-19
2026-04-23 12:45:37 [kr36] search_date_filtered fixed_category=Long China 50 pub=2024-03-13 window=2026-04-17~2026-04-19
2026-04-23 12:45:37 [kr36] search_date_filtered fixed_category=Long China 50 pub=2023-07-20 window=2026-04-17~2026-04-19
2026-04-23 12:45:37 [kr36] search_date_filtered fixed_category=Long China 50 pub=2023-07-20 window=2026-04-17~2026-04-19
2026-04-23 12:45:37 [kr36] search_date_filtered fixed_category=Long China 50 pub=2023-02-17 window=2026-04-17~2026-04-19
2026-04-23 12:45:37 [kr36] search_date_filtered fixed_category=Long China 50 pub=2023-02-17 window=2026-04-17~2026-04-19
2026-04-23 12:45:37 [kr36] search_date_filtered fixed_category=Long China 50 pub=2024-02-23 window=2026-04-17~2026-04-19
2026-04-23 12:45:37 [kr36] search_date_filtered fixed_category=Long China 50 pub=2024-02-23 window=2026-04-17~2026-04-19
2026-04-23 12:45:37 [kr36] search_date_filtered fixed_category=Long China 50 pub=2022-06-12 window=2026-04-17~2026-04-19
2026-04-23 12:45:37 [kr36] search_date_filtered fixed_category=Long China 50 pub=2022-06-12 window=2026-04-17~2026-04-19
2026-04-23 12:45:37 [kr36] search_date_filtered fixed_category=Long China 50 pub=2023-02-20 window=2026-04-17~2026-04-19
2026-04-23 12:45:37 [kr36] search_date_filtered fixed_category=Long China 50 pub=2023-02-20 window=2026-04-17~2026-04-19
2026-04-23 12:45:37 [kr36] search_date_filtered fixed_category=Long China 50 pub=2022-08-24 window=2026-04-17~2026-04-19
2026-04-23 12:45:37 [kr36] search_date_filtered fixed_category=Long China 50 pub=2022-08-24 window=2026-04-17~2026-04-19
2026-04-23 12:45:37 [kr36] search_date_filtered fixed_category=Long China 50 pub=2022-08-05 window=2026-04-17~2026-04-19
2026-04-23 12:45:37 [kr36] search_date_filtered fixed_category=Long China 50 pub=2022-08-05 window=2026-04-17~2026-04-19
2026-04-23 12:45:37 [kr36] search_date_filtered fixed_category=Long China 50 pub=2023-02-20 window=2026-04-17~2026-04-19
2026-04-23 12:45:37 [kr36] search_date_filtered fixed_category=Long China 50 pub=2023-02-20 window=2026-04-17~2026-04-19
2026-04-23 12:45:37 [kr36] search_date_filtered fixed_category=Long China 50 pub=2022-08-22 window=2026-04-17~2026-04-19
2026-04-23 12:45:37 [kr36] search_date_filtered fixed_category=Long China 50 pub=2022-08-22 window=2026-04-17~2026-04-19
2026-04-23 12:45:37 [kr36] search_date_filtered fixed_category=Long China 50 pub=2023-03-09 window=2026-04-17~2026-04-19
2026-04-23 12:45:37 [kr36] search_date_filtered fixed_category=Long China 50 pub=2023-03-09 window=2026-04-17~2026-04-19
2026-04-23 12:45:37 [kr36] search_date_filtered fixed_category=Long China 50 pub=2023-01-15 window=2026-04-17~2026-04-19
2026-04-23 12:45:37 [kr36] search_date_filtered fixed_category=Long China 50 pub=2023-01-15 window=2026-04-17~2026-04-19
2026-04-23 12:45:37 [kr36] search_date_filtered fixed_category=Long China 50 pub=2022-07-19 window=2026-04-17~2026-04-19
2026-04-23 12:45:37 [kr36] search_date_filtered fixed_category=Long China 50 pub=2022-07-19 window=2026-04-17~2026-04-19
2026-04-23 12:45:37 [kr36] search_date_filtered fixed_category=Long China 50 pub=2022-06-03 window=2026-04-17~2026-04-19
2026-04-23 12:45:37 [kr36] search_date_filtered fixed_category=Long China 50 pub=2022-06-03 window=2026-04-17~2026-04-19
2026-04-23 12:45:37 [kr36] search_date_filtered fixed_category=Long China 50 pub=2022-08-19 window=2026-04-17~2026-04-19
2026-04-23 12:45:37 [kr36] search_date_filtered fixed_category=Long China 50 pub=2022-08-19 window=2026-04-17~2026-04-19
2026-04-23 12:45:37 [kr36] search_date_filtered fixed_category=Long China 50 pub=2023-03-08 window=2026-04-17~2026-04-19
2026-04-23 12:45:37 [kr36] search_date_filtered fixed_category=Long China 50 pub=2023-03-08 window=2026-04-17~2026-04-19
2026-04-23 12:45:37 [kr36] search_date_filtered fixed_category=Long China 50 pub=2023-01-11 window=2026-04-17~2026-04-19
2026-04-23 12:45:37 [kr36] search_date_filtered fixed_category=Long China 50 pub=2023-01-11 window=2026-04-17~2026-04-19
2026-04-23 12:45:37 [kr36] round_end page=7 round=7/12 stage=search category=Long China 50 status=ok fetched=0 total_refs=3 elapsed_ms=29087
2026-04-23 12:45:37 [kr36] search_zero_result category=Long China 50 html_length=102067 has_list_main=true has_search_item=true has_p_link=true risk_like=false
2026-04-23 12:45:37 [kr36] 完成搜索页(Long China 50)，数据 0 条，累计 3 条
2026-04-23 12:45:37 [kr36] round_next round=8/12 stage=search_or_channel
2026-04-23 12:45:37 [kr36] round_start page=8 round=8/12 stage=search category=投资派 url=https://36kr.com/search/articles/%E6%8A%95%E8%B5%84%E6%B4%BE date_window=2026-04-17~2026-04-19
2026-04-23 12:45:37 [kr36] 进入搜索页(投资派)，数据 0 条，累计 3 条
2026-04-23 12:45:37 [kr36] throttle_wait url=https://36kr.com/search/articles/%E6%8A%95%E8%B5%84%E6%B4%BE wait_ms=7793 global_wait_ms=7793 same_url_wait_ms=0 risk_wait_ms=0
2026-04-23 12:45:45 [kr36] fetch_start url=https://36kr.com/search/articles/%E6%8A%95%E8%B5%84%E6%B4%BE
2026-04-23 12:45:47 [kr36] search_enrich_direct_step4 reason=auto_solver url=https://36kr.com/search/articles/%E6%8A%95%E8%B5%84%E6%B4%BE
2026-04-23 12:45:47 [kr36] playwright_slider_start phase='search-listing-step4' url=https://36kr.com/search/articles/%E6%8A%95%E8%B5%84%E6%B4%BE headless=false channel='msedge'
2026-04-23 12:46:08 [kr36] playwright_slider_preloop phase='search-listing-step4' url=https://36kr.com/search/articles/%E6%8A%95%E8%B5%84%E6%B4%BE wait_after_load_ms=1800 slider_ui_ready_max_ms=20000
2026-04-23 12:46:08 [kr36] playwright_slider_wait_ui phase='search-listing-step4' url=https://36kr.com/search/articles/%E6%8A%95%E8%B5%84%E6%B4%BE ui_ready=true
2026-04-23 12:46:13 [kr36] slider_captcha_solve_result attempted=true
2026-04-23 12:46:13 [kr36] playwright_slider_attempt phase='search-listing-step4' url=https://36kr.com/search/articles/%E6%8A%95%E8%B5%84%E6%B4%BE attempted=true
2026-04-23 12:46:23 [kr36] playwright_slider_csr_list_ready phase='search-listing-step4' url=https://36kr.com/search/articles/%E6%8A%95%E8%B5%84%E6%B4%BE selector='.kr-search-result-list-main'
2026-04-23 12:46:23 [kr36] playwright_slider_after_solve phase='search-listing-step4' url=https://36kr.com/search/articles/%E6%8A%95%E8%B5%84%E6%B4%BE html_length=97138
2026-04-23 12:46:23 [kr36] playwright_slider_close_on_pass phase='search-listing-step4' url=https://36kr.com/search/articles/%E6%8A%95%E8%B5%84%E6%B4%BE
2026-04-23 12:46:24 [kr36] search_listing_csr_enriched url=https://36kr.com/search/articles/%E6%8A%95%E8%B5%84%E6%B4%BE html_length=97138
2026-04-23 12:46:24 [kr36] fetch_ok method=curl_playwright_search url=https://36kr.com/search/articles/%E6%8A%95%E8%B5%84%E6%B4%BE html_length=97138
2026-04-23 12:46:24 [kr36] search_date_filtered fixed_category=投资派 pub=2024-06-05 window=2026-04-17~2026-04-19
2026-04-23 12:46:24 [kr36] search_date_filtered fixed_category=投资派 pub=2024-06-26 window=2026-04-17~2026-04-19
2026-04-23 12:46:24 [kr36] search_date_filtered fixed_category=投资派 pub=2024-07-11 window=2026-04-17~2026-04-19
2026-04-23 12:46:24 [kr36] search_date_filtered fixed_category=投资派 pub=2024-04-26 window=2026-04-17~2026-04-19
2026-04-23 12:46:24 [kr36] search_date_filtered fixed_category=投资派 pub=2024-04-23 window=2026-04-17~2026-04-19
2026-04-23 12:46:24 [kr36] search_date_filtered fixed_category=投资派 pub=2024-04-27 window=2026-04-17~2026-04-19
2026-04-23 12:46:24 [kr36] search_date_filtered fixed_category=投资派 pub=2024-05-06 window=2026-04-17~2026-04-19
2026-04-23 12:46:24 [kr36] search_date_filtered fixed_category=投资派 pub=2023-09-07 window=2026-04-17~2026-04-19
2026-04-23 12:46:24 [kr36] search_date_filtered fixed_category=投资派 pub=2023-08-24 window=2026-04-17~2026-04-19
2026-04-23 12:46:24 [kr36] search_date_filtered fixed_category=投资派 pub=2022-08-19 window=2026-04-17~2026-04-19
2026-04-23 12:46:24 [kr36] search_date_filtered fixed_category=投资派 pub=2022-02-17 window=2026-04-17~2026-04-19
2026-04-23 12:46:24 [kr36] search_date_filtered fixed_category=投资派 pub=2023-08-17 window=2026-04-17~2026-04-19
2026-04-23 12:46:24 [kr36] search_date_filtered fixed_category=投资派 pub=2022-02-11 window=2026-04-17~2026-04-19
2026-04-23 12:46:24 [kr36] search_date_filtered fixed_category=投资派 pub=2021-10-20 window=2026-04-17~2026-04-19
2026-04-23 12:46:24 [kr36] search_date_filtered fixed_category=投资派 pub=2022-01-12 window=2026-04-17~2026-04-19
2026-04-23 12:46:24 [kr36] search_date_filtered fixed_category=投资派 pub=2022-02-11 window=2026-04-17~2026-04-19
2026-04-23 12:46:24 [kr36] search_date_filtered fixed_category=投资派 pub=2022-02-09 window=2026-04-17~2026-04-19
2026-04-23 12:46:24 [kr36] search_date_filtered fixed_category=投资派 pub=2022-02-21 window=2026-04-17~2026-04-19
2026-04-23 12:46:24 [kr36] search_date_filtered fixed_category=投资派 pub=2021-10-27 window=2026-04-17~2026-04-19
2026-04-23 12:46:24 [kr36] search_date_filtered fixed_category=投资派 pub=2022-01-05 window=2026-04-17~2026-04-19
2026-04-23 12:46:24 [kr36] search_date_filtered fixed_category=投资派 pub=2024-06-05 window=2026-04-17~2026-04-19
2026-04-23 12:46:24 [kr36] search_date_filtered fixed_category=投资派 pub=2024-06-05 window=2026-04-17~2026-04-19
2026-04-23 12:46:24 [kr36] search_date_filtered fixed_category=投资派 pub=2024-06-26 window=2026-04-17~2026-04-19
2026-04-23 12:46:24 [kr36] search_date_filtered fixed_category=投资派 pub=2024-07-11 window=2026-04-17~2026-04-19
2026-04-23 12:46:24 [kr36] search_date_filtered fixed_category=投资派 pub=2024-04-26 window=2026-04-17~2026-04-19
2026-04-23 12:46:24 [kr36] search_date_filtered fixed_category=投资派 pub=2024-04-23 window=2026-04-17~2026-04-19
2026-04-23 12:46:24 [kr36] search_date_filtered fixed_category=投资派 pub=2024-04-27 window=2026-04-17~2026-04-19
2026-04-23 12:46:24 [kr36] search_date_filtered fixed_category=投资派 pub=2024-05-06 window=2026-04-17~2026-04-19
2026-04-23 12:46:24 [kr36] search_date_filtered fixed_category=投资派 pub=2023-09-07 window=2026-04-17~2026-04-19
2026-04-23 12:46:24 [kr36] search_date_filtered fixed_category=投资派 pub=2023-08-24 window=2026-04-17~2026-04-19
2026-04-23 12:46:24 [kr36] search_date_filtered fixed_category=投资派 pub=2022-08-19 window=2026-04-17~2026-04-19
2026-04-23 12:46:24 [kr36] search_date_filtered fixed_category=投资派 pub=2022-02-17 window=2026-04-17~2026-04-19
2026-04-23 12:46:24 [kr36] search_date_filtered fixed_category=投资派 pub=2023-08-17 window=2026-04-17~2026-04-19
2026-04-23 12:46:24 [kr36] search_date_filtered fixed_category=投资派 pub=2022-02-11 window=2026-04-17~2026-04-19
2026-04-23 12:46:24 [kr36] search_date_filtered fixed_category=投资派 pub=2021-10-20 window=2026-04-17~2026-04-19
2026-04-23 12:46:24 [kr36] search_date_filtered fixed_category=投资派 pub=2022-01-12 window=2026-04-17~2026-04-19
2026-04-23 12:46:24 [kr36] search_date_filtered fixed_category=投资派 pub=2022-02-11 window=2026-04-17~2026-04-19
2026-04-23 12:46:24 [kr36] search_date_filtered fixed_category=投资派 pub=2022-02-09 window=2026-04-17~2026-04-19
2026-04-23 12:46:24 [kr36] search_date_filtered fixed_category=投资派 pub=2022-02-21 window=2026-04-17~2026-04-19
2026-04-23 12:46:24 [kr36] search_date_filtered fixed_category=投资派 pub=2021-10-27 window=2026-04-17~2026-04-19
2026-04-23 12:46:24 [kr36] search_date_parse_failed fixed_category=投资派 window=2026-04-17~2026-04-19 item_html_len=1335 action=exclude
2026-04-23 12:46:24 [kr36] search_date_filtered fixed_category=投资派 pub=2024-06-05 window=2026-04-17~2026-04-19
2026-04-23 12:46:24 [kr36] search_date_filtered fixed_category=投资派 pub=2024-06-05 window=2026-04-17~2026-04-19
2026-04-23 12:46:24 [kr36] search_date_filtered fixed_category=投资派 pub=2024-06-26 window=2026-04-17~2026-04-19
2026-04-23 12:46:24 [kr36] search_date_filtered fixed_category=投资派 pub=2024-06-26 window=2026-04-17~2026-04-19
2026-04-23 12:46:24 [kr36] search_date_filtered fixed_category=投资派 pub=2024-07-11 window=2026-04-17~2026-04-19
2026-04-23 12:46:24 [kr36] search_date_filtered fixed_category=投资派 pub=2024-07-11 window=2026-04-17~2026-04-19
2026-04-23 12:46:24 [kr36] search_date_filtered fixed_category=投资派 pub=2024-04-26 window=2026-04-17~2026-04-19
2026-04-23 12:46:24 [kr36] search_date_filtered fixed_category=投资派 pub=2024-04-26 window=2026-04-17~2026-04-19
2026-04-23 12:46:24 [kr36] search_date_filtered fixed_category=投资派 pub=2024-04-23 window=2026-04-17~2026-04-19
2026-04-23 12:46:24 [kr36] search_date_filtered fixed_category=投资派 pub=2024-04-23 window=2026-04-17~2026-04-19
2026-04-23 12:46:24 [kr36] search_date_filtered fixed_category=投资派 pub=2024-04-27 window=2026-04-17~2026-04-19
2026-04-23 12:46:24 [kr36] search_date_filtered fixed_category=投资派 pub=2024-04-27 window=2026-04-17~2026-04-19
2026-04-23 12:46:24 [kr36] search_date_filtered fixed_category=投资派 pub=2024-05-06 window=2026-04-17~2026-04-19
2026-04-23 12:46:24 [kr36] search_date_filtered fixed_category=投资派 pub=2024-05-06 window=2026-04-17~2026-04-19
2026-04-23 12:46:24 [kr36] search_date_filtered fixed_category=投资派 pub=2023-09-07 window=2026-04-17~2026-04-19
2026-04-23 12:46:24 [kr36] search_date_filtered fixed_category=投资派 pub=2023-09-07 window=2026-04-17~2026-04-19
2026-04-23 12:46:24 [kr36] search_date_filtered fixed_category=投资派 pub=2023-08-24 window=2026-04-17~2026-04-19
2026-04-23 12:46:24 [kr36] search_date_filtered fixed_category=投资派 pub=2023-08-24 window=2026-04-17~2026-04-19
2026-04-23 12:46:24 [kr36] search_date_filtered fixed_category=投资派 pub=2022-08-19 window=2026-04-17~2026-04-19
2026-04-23 12:46:24 [kr36] search_date_filtered fixed_category=投资派 pub=2022-08-19 window=2026-04-17~2026-04-19
2026-04-23 12:46:24 [kr36] search_date_filtered fixed_category=投资派 pub=2022-02-17 window=2026-04-17~2026-04-19
2026-04-23 12:46:24 [kr36] search_date_filtered fixed_category=投资派 pub=2022-02-17 window=2026-04-17~2026-04-19
2026-04-23 12:46:24 [kr36] search_date_filtered fixed_category=投资派 pub=2023-08-17 window=2026-04-17~2026-04-19
2026-04-23 12:46:24 [kr36] search_date_filtered fixed_category=投资派 pub=2023-08-17 window=2026-04-17~2026-04-19
2026-04-23 12:46:24 [kr36] search_date_filtered fixed_category=投资派 pub=2022-02-11 window=2026-04-17~2026-04-19
2026-04-23 12:46:24 [kr36] search_date_filtered fixed_category=投资派 pub=2022-02-11 window=2026-04-17~2026-04-19
2026-04-23 12:46:24 [kr36] search_date_filtered fixed_category=投资派 pub=2021-10-20 window=2026-04-17~2026-04-19
2026-04-23 12:46:24 [kr36] search_date_filtered fixed_category=投资派 pub=2021-10-20 window=2026-04-17~2026-04-19
2026-04-23 12:46:24 [kr36] search_date_filtered fixed_category=投资派 pub=2022-01-12 window=2026-04-17~2026-04-19
2026-04-23 12:46:24 [kr36] search_date_filtered fixed_category=投资派 pub=2022-01-12 window=2026-04-17~2026-04-19
2026-04-23 12:46:24 [kr36] search_date_filtered fixed_category=投资派 pub=2022-02-11 window=2026-04-17~2026-04-19
2026-04-23 12:46:24 [kr36] search_date_filtered fixed_category=投资派 pub=2022-02-11 window=2026-04-17~2026-04-19
2026-04-23 12:46:24 [kr36] search_date_filtered fixed_category=投资派 pub=2022-02-09 window=2026-04-17~2026-04-19
2026-04-23 12:46:24 [kr36] search_date_filtered fixed_category=投资派 pub=2022-02-09 window=2026-04-17~2026-04-19
2026-04-23 12:46:24 [kr36] search_date_filtered fixed_category=投资派 pub=2022-02-21 window=2026-04-17~2026-04-19
2026-04-23 12:46:24 [kr36] search_date_filtered fixed_category=投资派 pub=2022-02-21 window=2026-04-17~2026-04-19
2026-04-23 12:46:24 [kr36] search_date_filtered fixed_category=投资派 pub=2021-10-27 window=2026-04-17~2026-04-19
2026-04-23 12:46:24 [kr36] search_date_filtered fixed_category=投资派 pub=2021-10-27 window=2026-04-17~2026-04-19
2026-04-23 12:46:24 [kr36] search_date_filtered fixed_category=投资派 pub=2022-01-05 window=2026-04-17~2026-04-19
2026-04-23 12:46:24 [kr36] search_date_filtered fixed_category=投资派 pub=2022-01-05 window=2026-04-17~2026-04-19
2026-04-23 12:46:24 [kr36] round_end page=8 round=8/12 stage=search category=投资派 status=ok fetched=0 total_refs=3 elapsed_ms=47166
2026-04-23 12:46:24 [kr36] search_zero_result category=投资派 html_length=97138 has_list_main=true has_search_item=true has_p_link=true risk_like=false
2026-04-23 12:46:24 [kr36] 完成搜索页(投资派)，数据 0 条，累计 3 条
2026-04-23 12:46:24 [kr36] round_next round=9/12 stage=search_or_channel
2026-04-23 12:46:24 [kr36] round_start page=9 round=9/12 stage=search category=新青年观察 url=https://36kr.com/search/articles/%E6%96%B0%E9%9D%92%E5%B9%B4%E8%A7%82%E5%AF%9F date_window=2026-04-17~2026-04-19
2026-04-23 12:46:24 [kr36] 进入搜索页(新青年观察)，数据 0 条，累计 3 条
2026-04-23 12:46:24 [kr36] fetch_start url=https://36kr.com/search/articles/%E6%96%B0%E9%9D%92%E5%B9%B4%E8%A7%82%E5%AF%9F
2026-04-23 12:46:26 [kr36] search_enrich_direct_step4 reason=auto_solver url=https://36kr.com/search/articles/%E6%96%B0%E9%9D%92%E5%B9%B4%E8%A7%82%E5%AF%9F
2026-04-23 12:46:26 [kr36] playwright_slider_start phase='search-listing-step4' url=https://36kr.com/search/articles/%E6%96%B0%E9%9D%92%E5%B9%B4%E8%A7%82%E5%AF%9F headless=false channel='msedge'
2026-04-23 12:46:42 [kr36] playwright_slider_preloop phase='search-listing-step4' url=https://36kr.com/search/articles/%E6%96%B0%E9%9D%92%E5%B9%B4%E8%A7%82%E5%AF%9F wait_after_load_ms=1800 slider_ui_ready_max_ms=20000
2026-04-23 12:46:46 [kr36] playwright_slider_ok phase='search-listing-step4' url=https://36kr.com/search/articles/%E6%96%B0%E9%9D%92%E5%B9%B4%E8%A7%82%E5%AF%9F html_length=68713
2026-04-23 12:46:47 [kr36] search_listing_csr_enriched url=https://36kr.com/search/articles/%E6%96%B0%E9%9D%92%E5%B9%B4%E8%A7%82%E5%AF%9F html_length=68713
2026-04-23 12:46:47 [kr36] fetch_ok method=curl_playwright_search url=https://36kr.com/search/articles/%E6%96%B0%E9%9D%92%E5%B9%B4%E8%A7%82%E5%AF%9F html_length=68713
2026-04-23 12:46:47 [kr36] search_date_filtered fixed_category=新青年观察 pub=2022-04-24 window=2026-04-17~2026-04-19
2026-04-23 12:46:47 [kr36] search_date_filtered fixed_category=新青年观察 pub=2020-09-18 window=2026-04-17~2026-04-19
2026-04-23 12:46:47 [kr36] search_date_filtered fixed_category=新青年观察 pub=2019-07-10 window=2026-04-17~2026-04-19
2026-04-23 12:46:47 [kr36] search_date_filtered fixed_category=新青年观察 pub=2022-04-24 window=2026-04-17~2026-04-19
2026-04-23 12:46:47 [kr36] search_date_filtered fixed_category=新青年观察 pub=2020-09-18 window=2026-04-17~2026-04-19
2026-04-23 12:46:47 [kr36] search_date_filtered fixed_category=新青年观察 pub=2019-07-10 window=2026-04-17~2026-04-19
2026-04-23 12:46:47 [kr36] search_date_parse_failed fixed_category=新青年观察 window=2026-04-17~2026-04-19 item_html_len=1335 action=exclude
2026-04-23 12:46:47 [kr36] search_date_filtered fixed_category=新青年观察 pub=2022-04-24 window=2026-04-17~2026-04-19
2026-04-23 12:46:47 [kr36] search_date_filtered fixed_category=新青年观察 pub=2022-04-24 window=2026-04-17~2026-04-19
2026-04-23 12:46:47 [kr36] search_date_filtered fixed_category=新青年观察 pub=2020-09-18 window=2026-04-17~2026-04-19
2026-04-23 12:46:47 [kr36] search_date_filtered fixed_category=新青年观察 pub=2020-09-18 window=2026-04-17~2026-04-19
2026-04-23 12:46:47 [kr36] search_date_filtered fixed_category=新青年观察 pub=2019-07-10 window=2026-04-17~2026-04-19
2026-04-23 12:46:47 [kr36] search_date_filtered fixed_category=新青年观察 pub=2019-07-10 window=2026-04-17~2026-04-19
2026-04-23 12:46:47 [kr36] round_end page=9 round=9/12 stage=search category=新青年观察 status=ok fetched=0 total_refs=3 elapsed_ms=22560
2026-04-23 12:46:47 [kr36] search_zero_result category=新青年观察 html_length=68713 has_list_main=true has_search_item=true has_p_link=true risk_like=false
2026-04-23 12:46:47 [kr36] 完成搜索页(新青年观察)，数据 0 条，累计 3 条
2026-04-23 12:46:47 [kr36] round_next round=10/12 stage=search_or_channel
2026-04-23 12:46:47 [kr36] round_start page=10 round=10/12 stage=search category=KRLab url=https://36kr.com/search/articles/KRLab date_window=2026-04-17~2026-04-19
2026-04-23 12:46:47 [kr36] 进入搜索页(KRLab)，数据 0 条，累计 3 条
2026-04-23 12:46:47 [kr36] throttle_wait url=https://36kr.com/search/articles/KRLab wait_ms=5676 global_wait_ms=5676 same_url_wait_ms=0 risk_wait_ms=0
2026-04-23 12:46:52 [kr36] fetch_start url=https://36kr.com/search/articles/KRLab
2026-04-23 12:46:54 [kr36] search_enrich_direct_step4 reason=auto_solver url=https://36kr.com/search/articles/KRLab
2026-04-23 12:46:54 [kr36] playwright_slider_start phase='search-listing-step4' url=https://36kr.com/search/articles/KRLab headless=false channel='msedge'
2026-04-23 12:47:13 [kr36] playwright_slider_preloop phase='search-listing-step4' url=https://36kr.com/search/articles/KRLab wait_after_load_ms=1800 slider_ui_ready_max_ms=20000
2026-04-23 12:47:17 [kr36] playwright_slider_ok phase='search-listing-step4' url=https://36kr.com/search/articles/KRLab html_length=62642
2026-04-23 12:47:17 [kr36] search_listing_csr_enriched url=https://36kr.com/search/articles/KRLab html_length=62642
2026-04-23 12:47:17 [kr36] fetch_ok method=curl_playwright_search url=https://36kr.com/search/articles/KRLab html_length=62642
2026-04-23 12:47:17 [kr36] search_date_parse_failed fixed_category=KRLab window=2026-04-17~2026-04-19 item_html_len=1335 action=exclude
2026-04-23 12:47:17 [kr36] round_end page=10 round=10/12 stage=search category=KRLab status=ok fetched=0 total_refs=3 elapsed_ms=30600
2026-04-23 12:47:17 [kr36] search_zero_result category=KRLab html_length=62642 has_list_main=false has_search_item=false has_p_link=true risk_like=false
2026-04-23 12:47:17 [kr36] 完成搜索页(KRLab)，数据 0 条，累计 3 条
2026-04-23 12:47:17 [kr36] round_next round=11/12 stage=search_or_channel
2026-04-23 12:47:17 [kr36] round_start page=11 round=11/12 stage=search category=AI协同创新中心 url=https://36kr.com/search/articles/AI%E5%8D%8F%E5%90%8C%E5%88%9B%E6%96%B0%E4%B8%AD%E5%BF%83 date_window=2026-04-17~2026-04-19
2026-04-23 12:47:17 [kr36] 进入搜索页(AI协同创新中心)，数据 0 条，累计 3 条
2026-04-23 12:47:17 [kr36] throttle_wait url=https://36kr.com/search/articles/AI%E5%8D%8F%E5%90%8C%E5%88%9B%E6%96%B0%E4%B8%AD%E5%BF%83 wait_ms=4990 global_wait_ms=4990 same_url_wait_ms=0 risk_wait_ms=0
2026-04-23 12:47:22 [kr36] fetch_start url=https://36kr.com/search/articles/AI%E5%8D%8F%E5%90%8C%E5%88%9B%E6%96%B0%E4%B8%AD%E5%BF%83
2026-04-23 12:47:25 [kr36] search_enrich_direct_step4 reason=auto_solver url=https://36kr.com/search/articles/AI%E5%8D%8F%E5%90%8C%E5%88%9B%E6%96%B0%E4%B8%AD%E5%BF%83
2026-04-23 12:47:25 [kr36] playwright_slider_start phase='search-listing-step4' url=https://36kr.com/search/articles/AI%E5%8D%8F%E5%90%8C%E5%88%9B%E6%96%B0%E4%B8%AD%E5%BF%83 headless=false channel='msedge'
2026-04-23 12:47:43 [kr36] playwright_slider_preloop phase='search-listing-step4' url=https://36kr.com/search/articles/AI%E5%8D%8F%E5%90%8C%E5%88%9B%E6%96%B0%E4%B8%AD%E5%BF%83 wait_after_load_ms=1800 slider_ui_ready_max_ms=20000
2026-04-23 12:47:47 [kr36] playwright_slider_ok phase='search-listing-step4' url=https://36kr.com/search/articles/AI%E5%8D%8F%E5%90%8C%E5%88%9B%E6%96%B0%E4%B8%AD%E5%BF%83 html_length=85687
2026-04-23 12:47:48 [kr36] search_listing_csr_enriched url=https://36kr.com/search/articles/AI%E5%8D%8F%E5%90%8C%E5%88%9B%E6%96%B0%E4%B8%AD%E5%BF%83 html_length=85687
2026-04-23 12:47:48 [kr36] fetch_ok method=curl_playwright_search url=https://36kr.com/search/articles/AI%E5%8D%8F%E5%90%8C%E5%88%9B%E6%96%B0%E4%B8%AD%E5%BF%83 html_length=85687
2026-04-23 12:47:48 [kr36] search_date_filtered fixed_category=AI协同创新中心 pub=2023-10-24 window=2026-04-17~2026-04-19
2026-04-23 12:47:48 [kr36] search_date_filtered fixed_category=AI协同创新中心 pub=2023-10-23 window=2026-04-17~2026-04-19
2026-04-23 12:47:48 [kr36] search_date_filtered fixed_category=AI协同创新中心 pub=2023-10-16 window=2026-04-17~2026-04-19
2026-04-23 12:47:48 [kr36] search_date_filtered fixed_category=AI协同创新中心 pub=2025-12-24 window=2026-04-17~2026-04-19
2026-04-23 12:47:48 [kr36] search_date_filtered fixed_category=AI协同创新中心 pub=2023-12-05 window=2026-04-17~2026-04-19
2026-04-23 12:47:48 [kr36] search_date_filtered fixed_category=AI协同创新中心 pub=2023-10-13 window=2026-04-17~2026-04-19
2026-04-23 12:47:48 [kr36] search_date_filtered fixed_category=AI协同创新中心 pub=2026-04-23 window=2026-04-17~2026-04-19
2026-04-23 12:47:48 [kr36] search_date_filtered fixed_category=AI协同创新中心 pub=2023-10-18 window=2026-04-17~2026-04-19
2026-04-23 12:47:48 [kr36] search_date_filtered fixed_category=AI协同创新中心 pub=2023-11-30 window=2026-04-17~2026-04-19
2026-04-23 12:47:48 [kr36] search_date_filtered fixed_category=AI协同创新中心 pub=2023-12-14 window=2026-04-17~2026-04-19
2026-04-23 12:47:48 [kr36] search_date_filtered fixed_category=AI协同创新中心 pub=2023-11-30 window=2026-04-17~2026-04-19
2026-04-23 12:47:48 [kr36] search_date_filtered fixed_category=AI协同创新中心 pub=2023-10-24 window=2026-04-17~2026-04-19
2026-04-23 12:47:48 [kr36] search_date_filtered fixed_category=AI协同创新中心 pub=2023-10-23 window=2026-04-17~2026-04-19
2026-04-23 12:47:48 [kr36] search_date_filtered fixed_category=AI协同创新中心 pub=2023-10-16 window=2026-04-17~2026-04-19
2026-04-23 12:47:48 [kr36] search_date_filtered fixed_category=AI协同创新中心 pub=2025-12-24 window=2026-04-17~2026-04-19
2026-04-23 12:47:48 [kr36] search_date_filtered fixed_category=AI协同创新中心 pub=2023-12-05 window=2026-04-17~2026-04-19
2026-04-23 12:47:48 [kr36] search_date_filtered fixed_category=AI协同创新中心 pub=2023-10-13 window=2026-04-17~2026-04-19
2026-04-23 12:47:48 [kr36] search_date_filtered fixed_category=AI协同创新中心 pub=2026-04-23 window=2026-04-17~2026-04-19
2026-04-23 12:47:48 [kr36] search_date_filtered fixed_category=AI协同创新中心 pub=2023-10-18 window=2026-04-17~2026-04-19
2026-04-23 12:47:48 [kr36] search_date_filtered fixed_category=AI协同创新中心 pub=2023-11-30 window=2026-04-17~2026-04-19
2026-04-23 12:47:48 [kr36] search_date_filtered fixed_category=AI协同创新中心 pub=2023-12-14 window=2026-04-17~2026-04-19
2026-04-23 12:47:48 [kr36] search_date_filtered fixed_category=AI协同创新中心 pub=2023-12-14 window=2026-04-17~2026-04-19
2026-04-23 12:47:48 [kr36] search_date_parse_failed fixed_category=AI协同创新中心 window=2026-04-17~2026-04-19 item_html_len=1335 action=exclude
2026-04-23 12:47:48 [kr36] search_date_filtered fixed_category=AI协同创新中心 pub=2023-10-24 window=2026-04-17~2026-04-19
2026-04-23 12:47:48 [kr36] search_date_filtered fixed_category=AI协同创新中心 pub=2023-10-24 window=2026-04-17~2026-04-19
2026-04-23 12:47:48 [kr36] search_date_filtered fixed_category=AI协同创新中心 pub=2023-10-23 window=2026-04-17~2026-04-19
2026-04-23 12:47:48 [kr36] search_date_filtered fixed_category=AI协同创新中心 pub=2023-10-23 window=2026-04-17~2026-04-19
2026-04-23 12:47:48 [kr36] search_date_filtered fixed_category=AI协同创新中心 pub=2023-10-16 window=2026-04-17~2026-04-19
2026-04-23 12:47:48 [kr36] search_date_filtered fixed_category=AI协同创新中心 pub=2023-10-16 window=2026-04-17~2026-04-19
2026-04-23 12:47:48 [kr36] search_date_filtered fixed_category=AI协同创新中心 pub=2025-12-24 window=2026-04-17~2026-04-19
2026-04-23 12:47:48 [kr36] search_date_filtered fixed_category=AI协同创新中心 pub=2025-12-24 window=2026-04-17~2026-04-19
2026-04-23 12:47:48 [kr36] search_date_filtered fixed_category=AI协同创新中心 pub=2023-12-05 window=2026-04-17~2026-04-19
2026-04-23 12:47:48 [kr36] search_date_filtered fixed_category=AI协同创新中心 pub=2023-12-05 window=2026-04-17~2026-04-19
2026-04-23 12:47:48 [kr36] search_date_filtered fixed_category=AI协同创新中心 pub=2023-10-13 window=2026-04-17~2026-04-19
2026-04-23 12:47:48 [kr36] search_date_filtered fixed_category=AI协同创新中心 pub=2023-10-13 window=2026-04-17~2026-04-19
2026-04-23 12:47:48 [kr36] search_date_filtered fixed_category=AI协同创新中心 pub=2026-04-23 window=2026-04-17~2026-04-19
2026-04-23 12:47:48 [kr36] search_date_filtered fixed_category=AI协同创新中心 pub=2026-04-23 window=2026-04-17~2026-04-19
2026-04-23 12:47:48 [kr36] search_date_filtered fixed_category=AI协同创新中心 pub=2023-10-18 window=2026-04-17~2026-04-19
2026-04-23 12:47:48 [kr36] search_date_filtered fixed_category=AI协同创新中心 pub=2023-10-18 window=2026-04-17~2026-04-19
2026-04-23 12:47:48 [kr36] search_date_filtered fixed_category=AI协同创新中心 pub=2023-11-30 window=2026-04-17~2026-04-19
2026-04-23 12:47:48 [kr36] search_date_filtered fixed_category=AI协同创新中心 pub=2023-11-30 window=2026-04-17~2026-04-19
2026-04-23 12:47:48 [kr36] search_date_filtered fixed_category=AI协同创新中心 pub=2023-12-14 window=2026-04-17~2026-04-19
2026-04-23 12:47:48 [kr36] search_date_filtered fixed_category=AI协同创新中心 pub=2023-12-14 window=2026-04-17~2026-04-19
2026-04-23 12:47:48 [kr36] search_date_filtered fixed_category=AI协同创新中心 pub=2023-11-30 window=2026-04-17~2026-04-19
2026-04-23 12:47:48 [kr36] search_date_filtered fixed_category=AI协同创新中心 pub=2023-11-30 window=2026-04-17~2026-04-19
2026-04-23 12:47:48 [kr36] round_end page=11 round=11/12 stage=search category=AI协同创新中心 status=ok fetched=0 total_refs=3 elapsed_ms=30576
2026-04-23 12:47:48 [kr36] search_zero_result category=AI协同创新中心 html_length=85687 has_list_main=true has_search_item=true has_p_link=true risk_like=false
2026-04-23 12:47:48 [kr36] 完成搜索页(AI协同创新中心)，数据 0 条，累计 3 条
2026-04-23 12:47:48 [kr36] round_next round=12/12 stage=search_or_channel
2026-04-23 12:47:48 [kr36] round_start page=12 round=12/12 stage=search category=数智前瞻 url=https://36kr.com/search/articles/%E6%95%B0%E6%99%BA%E5%89%8D%E7%9E%BB date_window=2026-04-17~2026-04-19
2026-04-23 12:47:48 [kr36] 进入搜索页(数智前瞻)，数据 0 条，累计 3 条
2026-04-23 12:47:48 [kr36] fetch_start url=https://36kr.com/search/articles/%E6%95%B0%E6%99%BA%E5%89%8D%E7%9E%BB
2026-04-23 12:47:50 [kr36] search_enrich_direct_step4 reason=auto_solver url=https://36kr.com/search/articles/%E6%95%B0%E6%99%BA%E5%89%8D%E7%9E%BB
2026-04-23 12:47:50 [kr36] playwright_slider_start phase='search-listing-step4' url=https://36kr.com/search/articles/%E6%95%B0%E6%99%BA%E5%89%8D%E7%9E%BB headless=false channel='msedge'
2026-04-23 12:48:07 [kr36] playwright_slider_preloop phase='search-listing-step4' url=https://36kr.com/search/articles/%E6%95%B0%E6%99%BA%E5%89%8D%E7%9E%BB wait_after_load_ms=1800 slider_ui_ready_max_ms=20000
2026-04-23 12:48:11 [kr36] playwright_slider_ok phase='search-listing-step4' url=https://36kr.com/search/articles/%E6%95%B0%E6%99%BA%E5%89%8D%E7%9E%BB html_length=100393
2026-04-23 12:48:11 [kr36] search_listing_csr_enriched url=https://36kr.com/search/articles/%E6%95%B0%E6%99%BA%E5%89%8D%E7%9E%BB html_length=100393
2026-04-23 12:48:11 [kr36] fetch_ok method=curl_playwright_search url=https://36kr.com/search/articles/%E6%95%B0%E6%99%BA%E5%89%8D%E7%9E%BB html_length=100393
2026-04-23 12:48:11 [kr36] search_date_filtered fixed_category=数智前瞻 pub=2023-06-15 window=2026-04-17~2026-04-19
2026-04-23 12:48:11 [kr36] search_date_filtered fixed_category=数智前瞻 pub=2023-01-13 window=2026-04-17~2026-04-19
2026-04-23 12:48:11 [kr36] search_date_filtered fixed_category=数智前瞻 pub=2023-02-09 window=2026-04-17~2026-04-19
2026-04-23 12:48:11 [kr36] search_date_filtered fixed_category=数智前瞻 pub=2023-01-13 window=2026-04-17~2026-04-19
2026-04-23 12:48:11 [kr36] search_date_filtered fixed_category=数智前瞻 pub=2023-05-16 window=2026-04-17~2026-04-19
2026-04-23 12:48:11 [kr36] search_date_filtered fixed_category=数智前瞻 pub=2023-01-31 window=2026-04-17~2026-04-19
2026-04-23 12:48:11 [kr36] search_date_filtered fixed_category=数智前瞻 pub=2023-02-21 window=2026-04-17~2026-04-19
2026-04-23 12:48:11 [kr36] search_date_filtered fixed_category=数智前瞻 pub=2023-03-22 window=2026-04-17~2026-04-19
2026-04-23 12:48:11 [kr36] search_date_filtered fixed_category=数智前瞻 pub=2023-04-27 window=2026-04-17~2026-04-19
2026-04-23 12:48:11 [kr36] search_date_filtered fixed_category=数智前瞻 pub=2022-10-19 window=2026-04-17~2026-04-19
2026-04-23 12:48:11 [kr36] search_date_filtered fixed_category=数智前瞻 pub=2026-03-07 window=2026-04-17~2026-04-19
2026-04-23 12:48:11 [kr36] search_date_filtered fixed_category=数智前瞻 pub=2022-10-13 window=2026-04-17~2026-04-19
2026-04-23 12:48:11 [kr36] search_date_filtered fixed_category=数智前瞻 pub=2022-10-17 window=2026-04-17~2026-04-19
2026-04-23 12:48:11 [kr36] search_date_filtered fixed_category=数智前瞻 pub=2022-10-10 window=2026-04-17~2026-04-19
2026-04-23 12:48:11 [kr36] search_date_filtered fixed_category=数智前瞻 pub=2022-12-01 window=2026-04-17~2026-04-19
2026-04-23 12:48:11 [kr36] search_date_filtered fixed_category=数智前瞻 pub=2023-05-17 window=2026-04-17~2026-04-19
2026-04-23 12:48:11 [kr36] search_date_filtered fixed_category=数智前瞻 pub=2023-03-26 window=2026-04-17~2026-04-19
2026-04-23 12:48:11 [kr36] search_date_filtered fixed_category=数智前瞻 pub=2022-10-12 window=2026-04-17~2026-04-19
2026-04-23 12:48:11 [kr36] search_date_filtered fixed_category=数智前瞻 pub=2023-03-13 window=2026-04-17~2026-04-19
2026-04-23 12:48:11 [kr36] search_date_filtered fixed_category=数智前瞻 pub=2022-10-12 window=2026-04-17~2026-04-19
2026-04-23 12:48:11 [kr36] search_date_filtered fixed_category=数智前瞻 pub=2023-06-15 window=2026-04-17~2026-04-19
2026-04-23 12:48:11 [kr36] search_date_filtered fixed_category=数智前瞻 pub=2023-01-13 window=2026-04-17~2026-04-19
2026-04-23 12:48:11 [kr36] search_date_filtered fixed_category=数智前瞻 pub=2023-02-09 window=2026-04-17~2026-04-19
2026-04-23 12:48:11 [kr36] search_date_filtered fixed_category=数智前瞻 pub=2023-01-13 window=2026-04-17~2026-04-19
2026-04-23 12:48:11 [kr36] search_date_filtered fixed_category=数智前瞻 pub=2023-05-16 window=2026-04-17~2026-04-19
2026-04-23 12:48:11 [kr36] search_date_filtered fixed_category=数智前瞻 pub=2023-01-31 window=2026-04-17~2026-04-19
2026-04-23 12:48:11 [kr36] search_date_filtered fixed_category=数智前瞻 pub=2023-02-21 window=2026-04-17~2026-04-19
2026-04-23 12:48:11 [kr36] search_date_filtered fixed_category=数智前瞻 pub=2023-03-22 window=2026-04-17~2026-04-19
2026-04-23 12:48:11 [kr36] search_date_filtered fixed_category=数智前瞻 pub=2023-04-27 window=2026-04-17~2026-04-19
2026-04-23 12:48:11 [kr36] search_date_filtered fixed_category=数智前瞻 pub=2022-10-19 window=2026-04-17~2026-04-19
2026-04-23 12:48:11 [kr36] search_date_filtered fixed_category=数智前瞻 pub=2022-10-19 window=2026-04-17~2026-04-19
2026-04-23 12:48:11 [kr36] search_date_filtered fixed_category=数智前瞻 pub=2023-03-10 window=2026-04-17~2026-04-19
2026-04-23 12:48:11 [kr36] search_date_filtered fixed_category=数智前瞻 pub=2022-10-13 window=2026-04-17~2026-04-19
2026-04-23 12:48:11 [kr36] search_date_filtered fixed_category=数智前瞻 pub=2022-10-17 window=2026-04-17~2026-04-19
2026-04-23 12:48:11 [kr36] search_date_filtered fixed_category=数智前瞻 pub=2022-10-10 window=2026-04-17~2026-04-19
2026-04-23 12:48:11 [kr36] search_date_filtered fixed_category=数智前瞻 pub=2022-12-01 window=2026-04-17~2026-04-19
2026-04-23 12:48:11 [kr36] search_date_filtered fixed_category=数智前瞻 pub=2023-05-17 window=2026-04-17~2026-04-19
2026-04-23 12:48:11 [kr36] search_date_filtered fixed_category=数智前瞻 pub=2023-03-26 window=2026-04-17~2026-04-19
2026-04-23 12:48:11 [kr36] search_date_filtered fixed_category=数智前瞻 pub=2022-10-12 window=2026-04-17~2026-04-19
2026-04-23 12:48:11 [kr36] search_date_filtered fixed_category=数智前瞻 pub=2023-03-13 window=2026-04-17~2026-04-19
2026-04-23 12:48:11 [kr36] search_date_parse_failed fixed_category=数智前瞻 window=2026-04-17~2026-04-19 item_html_len=1335 action=exclude
2026-04-23 12:48:12 [kr36] search_date_filtered fixed_category=数智前瞻 pub=2023-06-15 window=2026-04-17~2026-04-19
2026-04-23 12:48:12 [kr36] search_date_filtered fixed_category=数智前瞻 pub=2023-06-15 window=2026-04-17~2026-04-19
2026-04-23 12:48:12 [kr36] search_date_filtered fixed_category=数智前瞻 pub=2023-01-13 window=2026-04-17~2026-04-19
2026-04-23 12:48:12 [kr36] search_date_filtered fixed_category=数智前瞻 pub=2023-01-13 window=2026-04-17~2026-04-19
2026-04-23 12:48:12 [kr36] search_date_filtered fixed_category=数智前瞻 pub=2023-02-09 window=2026-04-17~2026-04-19
2026-04-23 12:48:12 [kr36] search_date_filtered fixed_category=数智前瞻 pub=2023-02-09 window=2026-04-17~2026-04-19
2026-04-23 12:48:12 [kr36] search_date_filtered fixed_category=数智前瞻 pub=2023-01-13 window=2026-04-17~2026-04-19
2026-04-23 12:48:12 [kr36] search_date_filtered fixed_category=数智前瞻 pub=2023-01-13 window=2026-04-17~2026-04-19
2026-04-23 12:48:12 [kr36] search_date_filtered fixed_category=数智前瞻 pub=2023-05-16 window=2026-04-17~2026-04-19
2026-04-23 12:48:12 [kr36] search_date_filtered fixed_category=数智前瞻 pub=2023-05-16 window=2026-04-17~2026-04-19
2026-04-23 12:48:12 [kr36] search_date_filtered fixed_category=数智前瞻 pub=2023-01-31 window=2026-04-17~2026-04-19
2026-04-23 12:48:12 [kr36] search_date_filtered fixed_category=数智前瞻 pub=2023-01-31 window=2026-04-17~2026-04-19
2026-04-23 12:48:12 [kr36] search_date_filtered fixed_category=数智前瞻 pub=2023-02-21 window=2026-04-17~2026-04-19
2026-04-23 12:48:12 [kr36] search_date_filtered fixed_category=数智前瞻 pub=2023-02-21 window=2026-04-17~2026-04-19
2026-04-23 12:48:12 [kr36] search_date_filtered fixed_category=数智前瞻 pub=2023-03-22 window=2026-04-17~2026-04-19
2026-04-23 12:48:12 [kr36] search_date_filtered fixed_category=数智前瞻 pub=2023-03-22 window=2026-04-17~2026-04-19
2026-04-23 12:48:12 [kr36] search_date_filtered fixed_category=数智前瞻 pub=2023-04-27 window=2026-04-17~2026-04-19
2026-04-23 12:48:12 [kr36] search_date_filtered fixed_category=数智前瞻 pub=2023-04-27 window=2026-04-17~2026-04-19
2026-04-23 12:48:12 [kr36] search_date_filtered fixed_category=数智前瞻 pub=2022-10-19 window=2026-04-17~2026-04-19
2026-04-23 12:48:12 [kr36] search_date_filtered fixed_category=数智前瞻 pub=2022-10-19 window=2026-04-17~2026-04-19
2026-04-23 12:48:12 [kr36] search_date_filtered fixed_category=数智前瞻 pub=2026-03-07 window=2026-04-17~2026-04-19
2026-04-23 12:48:12 [kr36] search_date_filtered fixed_category=数智前瞻 pub=2026-03-07 window=2026-04-17~2026-04-19
2026-04-23 12:48:12 [kr36] search_date_filtered fixed_category=数智前瞻 pub=2022-10-13 window=2026-04-17~2026-04-19
2026-04-23 12:48:12 [kr36] search_date_filtered fixed_category=数智前瞻 pub=2022-10-13 window=2026-04-17~2026-04-19
2026-04-23 12:48:12 [kr36] search_date_filtered fixed_category=数智前瞻 pub=2022-10-17 window=2026-04-17~2026-04-19
2026-04-23 12:48:12 [kr36] search_date_filtered fixed_category=数智前瞻 pub=2022-10-17 window=2026-04-17~2026-04-19
2026-04-23 12:48:12 [kr36] search_date_filtered fixed_category=数智前瞻 pub=2022-10-10 window=2026-04-17~2026-04-19
2026-04-23 12:48:12 [kr36] search_date_filtered fixed_category=数智前瞻 pub=2022-10-10 window=2026-04-17~2026-04-19
2026-04-23 12:48:12 [kr36] search_date_filtered fixed_category=数智前瞻 pub=2022-12-01 window=2026-04-17~2026-04-19
2026-04-23 12:48:12 [kr36] search_date_filtered fixed_category=数智前瞻 pub=2022-12-01 window=2026-04-17~2026-04-19
2026-04-23 12:48:12 [kr36] search_date_filtered fixed_category=数智前瞻 pub=2023-05-17 window=2026-04-17~2026-04-19
2026-04-23 12:48:12 [kr36] search_date_filtered fixed_category=数智前瞻 pub=2023-05-17 window=2026-04-17~2026-04-19
2026-04-23 12:48:12 [kr36] search_date_filtered fixed_category=数智前瞻 pub=2023-03-26 window=2026-04-17~2026-04-19
2026-04-23 12:48:12 [kr36] search_date_filtered fixed_category=数智前瞻 pub=2023-03-26 window=2026-04-17~2026-04-19
2026-04-23 12:48:12 [kr36] search_date_filtered fixed_category=数智前瞻 pub=2022-10-12 window=2026-04-17~2026-04-19
2026-04-23 12:48:12 [kr36] search_date_filtered fixed_category=数智前瞻 pub=2022-10-12 window=2026-04-17~2026-04-19
2026-04-23 12:48:12 [kr36] search_date_filtered fixed_category=数智前瞻 pub=2023-03-13 window=2026-04-17~2026-04-19
2026-04-23 12:48:12 [kr36] search_date_filtered fixed_category=数智前瞻 pub=2023-03-13 window=2026-04-17~2026-04-19
2026-04-23 12:48:12 [kr36] search_date_filtered fixed_category=数智前瞻 pub=2022-10-12 window=2026-04-17~2026-04-19
2026-04-23 12:48:12 [kr36] search_date_filtered fixed_category=数智前瞻 pub=2022-10-12 window=2026-04-17~2026-04-19
2026-04-23 12:48:12 [kr36] round_end page=12 round=12/12 stage=search category=数智前瞻 status=ok fetched=0 total_refs=3 elapsed_ms=23732
2026-04-23 12:48:12 [kr36] search_zero_result category=数智前瞻 html_length=100393 has_list_main=true has_search_item=true has_p_link=true risk_like=false
2026-04-23 12:48:12 [kr36] 完成搜索页(数智前瞻)，数据 0 条，累计 3 条
2026-04-23 12:48:12 [kr36] listing_end report_date=2026-04-23 total_refs=13 stopped_by=normal_complete
[kr36] 2026-04-23 12:59:11 finished with exit code 0.
