[kr36] 2026-04-22 21:24:41 starting daily brief run (no email)...
[kr36] PROJECT_ROOT=E:\AI\touzifenxi
[kr36] PYTHON_BIN=E:\AI\touzifenxi\.venv\Scripts\python.exe
[kr36] TIMEOUT=40s
[kr36] LOG_FILE=E:\AI\touzifenxi\logs\kr36\kr36_20260422_212441.log
[kr36] running: "E:\AI\touzifenxi\.venv\Scripts\python.exe" scripts\websearch.py run --source 36kr --timeout 40
2026-04-22 21:24:42 [kr36] listing_begin report_date=2026-04-22 rounds_total=11 candidate_limit=120
2026-04-22 21:24:42 [kr36] round_start page=1 round=1/11 stage=topics url=https://36kr.com/topics/
2026-04-22 21:24:42 [kr36] 进入专题页，数据 0 条，累计 0 条
2026-04-22 21:24:42 [kr36] fetch_start url=https://36kr.com/topics/
2026-04-22 21:24:42 [kr36] fetch_ok method=curl url=https://36kr.com/topics/ html_length=73982
2026-04-22 21:24:42 [kr36] throttle_wait url=https://36kr.com/topics/3770543132934659 wait_ms=31703 global_wait_ms=31703 same_url_wait_ms=0 risk_wait_ms=0
2026-04-22 21:25:14 [kr36] fetch_start url=https://36kr.com/topics/3770543132934659
2026-04-22 21:25:14 [kr36] risk_cooldown_set url=https://36kr.com/topics/3770543132934659 cooldown_ms=184904 base_ms=180000 jitter_ms=4904
2026-04-22 21:25:14 [kr36] risk_entered method=curl url=https://36kr.com/topics/3770543132934659 html_length=1460 has_cookie_refresh_action=true
2026-04-22 21:25:14 [kr36] risk_verification_delay_before_command wait_ms=3000 url=https://36kr.com/topics/3770543132934659
2026-04-22 21:25:17 [kr36] risk_verification_invoking_command url=https://36kr.com/topics/3770543132934659
2026-04-22 21:25:58 [kr36] slider_captcha_solve_result attempted=true
2026-04-22 21:25:58 [kr36] risk_cookie_refresh_slider_solve_attempt url=https://36kr.com/topics/3770543132934659 attempted=true
2026-04-22 21:26:01 [kr36] risk_cookie_refresh_slider_post_navigate url=https://36kr.com/topics/3770543132934659 reason=html_not_usable
2026-04-22 21:26:06 [kr36] risk_cookie_refresh_cookies_saved_after_slider url=https://36kr.com/topics/3770543132934659 has_sv=True has_sensors=False
2026-04-22 21:26:06 [kr36] risk_cookie_refresh_slider_done url=https://36kr.com/topics/3770543132934659 html_usable=false
2026-04-22 21:26:07 [kr36] risk_cookie_refresh_end url=https://36kr.com/topics/3770543132934659 ok=true changed=true key_changed=true has_required_fields=false html_usable=false
2026-04-22 21:26:08 [kr36] throttle_wait url=https://36kr.com/topics/3770543132934659 wait_ms=131466 global_wait_ms=0 same_url_wait_ms=0 risk_wait_ms=131466
2026-04-22 21:28:21 [kr36] step4_playwright_slider_start url=https://36kr.com/topics/3770543132934659 headless=false
2026-04-22 21:30:22 [kr36] slider_captcha_solve_result attempted=true
2026-04-22 21:30:22 [kr36] step4_slider_attempt url=https://36kr.com/topics/3770543132934659 attempted=true
2026-04-22 21:30:25 [kr36] step4_playwright_after_slider url=https://36kr.com/topics/3770543132934659 html_length=88577
2026-04-22 21:30:26 [kr36] fetch_start url=https://36kr.com/video/3766585318896386
2026-04-22 21:30:26 [kr36] fetch_ok method=curl url=https://36kr.com/video/3766585318896386 html_length=14308
2026-04-22 21:30:26 [kr36] topic_video_no_cdn_in_html len=14308 page='https://36kr.com/video/3766585318896386' trying_playwright_slider
2026-04-22 21:30:26 [kr36] topic_video_playwright_recover reason=no_cdn_in_html page='https://36kr.com/video/3766585318896386'
2026-04-22 21:30:26 [kr36] step4_playwright_slider_start url=https://36kr.com/video/3766585318896386 headless=false
2026-04-22 21:30:37 [kr36] step4_playwright_ok url=https://36kr.com/video/3766585318896386 html_length=70237
2026-04-22 21:30:38 [kr36] throttle_wait url=https://36kr.com/video/3766585318896386 wait_ms=20465 global_wait_ms=20465 same_url_wait_ms=0 risk_wait_ms=0
2026-04-22 21:30:58 [kr36] fetch_start url=https://36kr.com/video/3766585318896386
2026-04-22 21:30:59 [kr36] fetch_ok method=curl url=https://36kr.com/video/3766585318896386 html_length=60413
2026-04-22 21:30:59 [kr36] topic_video_cdn_extract count=7 html_len=60413 preview='https://videos.36krcdn.com/20260414/v2_1776165984015_video_mp4_v11' page='https://36kr.com/video/3766585318896386'
2026-04-22 21:35:28 [kr36] topic_video_download_ok cdn='https://videos.36krcdn.com/20260414/v2_1776165984015_video_mp4_v11' local=E:\AI\touzifenxi\output\reports\kr36_report\kr36_search_202604222124\kr36_topic_downloads\本周有大事丨大疆八年熵减，汪滔十年修行；为了保住同伙，AI有多癫；新中产收割机，想挑战Lululemon_\2026-04-15\videos\氪大事___为了保住同伙，AI有多癫？_36kr_topic_video_3766585318896386.mp4
2026-04-22 21:36:21 [kr36] topic_asr_ok chars=1180 transcript=E:\AI\touzifenxi\output\reports\kr36_report\kr36_search_202604222124\kr36_topic_downloads\本周有大事丨大疆八年熵减，汪滔十年修行；为了保住同伙，AI有多癫；新中产收割机，想挑战Lululemon_\2026-04-15\videos\氪大事___为了保住同伙，AI有多癫？_36kr_topic_video_3766585318896386.transcript.txt code=20000000 role=topic_video_asr_transcript
2026-04-22 21:36:21 [kr36] fetch_start url=https://36kr.com/video/3764840757948933
2026-04-22 21:36:21 [kr36] fetch_ok method=curl url=https://36kr.com/video/3764840757948933 html_length=14308
2026-04-22 21:36:21 [kr36] topic_video_no_cdn_in_html len=14308 page='https://36kr.com/video/3764840757948933' trying_playwright_slider
2026-04-22 21:36:21 [kr36] topic_video_playwright_recover reason=no_cdn_in_html page='https://36kr.com/video/3764840757948933'
2026-04-22 21:36:21 [kr36] step4_playwright_slider_start url=https://36kr.com/video/3764840757948933 headless=false
2026-04-22 21:37:22 [kr36] slider_captcha_solve_result attempted=false
2026-04-22 21:37:22 [kr36] step4_slider_attempt url=https://36kr.com/video/3764840757948933 attempted=false
2026-04-22 21:38:09 [kr36] slider_captcha_solve_result attempted=false
2026-04-22 21:38:09 [kr36] step4_slider_attempt url=https://36kr.com/video/3764840757948933 attempted=false
2026-04-22 21:38:56 [kr36] slider_captcha_solve_result attempted=false
2026-04-22 21:38:56 [kr36] step4_slider_attempt url=https://36kr.com/video/3764840757948933 attempted=false
2026-04-22 21:39:43 [kr36] slider_captcha_solve_result attempted=false
2026-04-22 21:39:43 [kr36] step4_slider_attempt url=https://36kr.com/video/3764840757948933 attempted=false
2026-04-22 21:39:46 [kr36] step4_playwright_timeout url=https://36kr.com/video/3764840757948933 html_length=185606
2026-04-22 21:39:46 [kr36] fetch_start url=https://36kr.com/video/3764840757948933
2026-04-22 21:39:47 [kr36] risk_cooldown_set url=https://36kr.com/video/3764840757948933 cooldown_ms=172600 base_ms=180000 jitter_ms=-7400
2026-04-22 21:39:47 [kr36] risk_entered method=curl url=https://36kr.com/video/3764840757948933 html_length=1460 has_cookie_refresh_action=true
2026-04-22 21:39:47 [kr36] risk_verification_delay_before_command wait_ms=3000 url=https://36kr.com/video/3764840757948933
2026-04-22 21:39:50 [kr36] risk_verification_invoking_command url=https://36kr.com/video/3764840757948933
2026-04-22 21:41:51 [kr36] slider_captcha_solve_result attempted=true
2026-04-22 21:41:51 [kr36] risk_cookie_refresh_slider_solve_attempt url=https://36kr.com/video/3764840757948933 attempted=true
2026-04-22 21:41:54 [kr36] risk_cookie_refresh_cookies_saved_after_slider url=https://36kr.com/video/3764840757948933 has_sv=True has_sensors=True
2026-04-22 21:41:54 [kr36] risk_cookie_refresh_slider_done url=https://36kr.com/video/3764840757948933 html_usable=true
2026-04-22 21:41:55 [kr36] risk_cookie_refresh_end url=https://36kr.com/video/3764840757948933 ok=true changed=true key_changed=true has_required_fields=true html_usable=true
2026-04-22 21:41:55 [kr36] throttle_wait url=https://36kr.com/video/3764840757948933 wait_ms=43672 global_wait_ms=0 same_url_wait_ms=0 risk_wait_ms=43672
2026-04-22 21:42:40 [kr36] fetch_ok method=risk_cookie_refresh url=https://36kr.com/video/3764840757948933 html_length=59895
2026-04-22 21:42:40 [kr36] topic_video_cdn_extract count=7 html_len=59895 preview='https://videos.36krcdn.com/20260413/v2_1776051795825_video_mp4_v11' page='https://36kr.com/video/3764840757948933'
2026-04-22 21:42:49 [kr36] topic_video_download_ok cdn='https://videos.36krcdn.com/20260413/v2_1776051795825_video_mp4_v11' local=E:\AI\touzifenxi\output\reports\kr36_report\kr36_search_202604222124\kr36_topic_downloads\本周有大事丨大疆八年熵减，汪滔十年修行；为了保住同伙，AI有多癫；新中产收割机，想挑战Lululemon_\2026-04-14\videos\于东来和魏建军，两个“最轴”的老板“约会”了_36kr_topic_video_3764840757948933.mp4
2026-04-22 21:43:50 [kr36] topic_asr_ok chars=418 transcript=E:\AI\touzifenxi\output\reports\kr36_report\kr36_search_202604222124\kr36_topic_downloads\本周有大事丨大疆八年熵减，汪滔十年修行；为了保住同伙，AI有多癫；新中产收割机，想挑战Lululemon_\2026-04-14\videos\于东来和魏建军，两个“最轴”的老板“约会”了_36kr_topic_video_3764840757948933.transcript.txt code=20000000 role=topic_video_asr_transcript
2026-04-22 21:43:50 [kr36] fetch_start url=https://36kr.com/video/3765091828527880
2026-04-22 21:43:50 [kr36] fetch_ok method=curl url=https://36kr.com/video/3765091828527880 html_length=59138
2026-04-22 21:43:50 [kr36] topic_video_cdn_extract count=7 html_len=59138 preview='https://videos.36krcdn.com/20260413/v2_1776074530156_video_mp4_v9' page='https://36kr.com/video/3765091828527880'
2026-04-22 21:44:07 [kr36] topic_video_download_ok cdn='https://videos.36krcdn.com/20260413/v2_1776074530156_video_mp4_v9' local=E:\AI\touzifenxi\output\reports\kr36_report\kr36_search_202604222124\kr36_topic_downloads\本周有大事丨大疆八年熵减，汪滔十年修行；为了保住同伙，AI有多癫；新中产收割机，想挑战Lululemon_\2026-04-13\videos\AI盗脸风波：当技术“越界”_如何守住自己的数字人格？_36kr_topic_video_3765091828527880.mp4
2026-04-22 21:44:49 [kr36] topic_asr_ok chars=1061 transcript=E:\AI\touzifenxi\output\reports\kr36_report\kr36_search_202604222124\kr36_topic_downloads\本周有大事丨大疆八年熵减，汪滔十年修行；为了保住同伙，AI有多癫；新中产收割机，想挑战Lululemon_\2026-04-13\videos\AI盗脸风波：当技术“越界”_如何守住自己的数字人格？_36kr_topic_video_3765091828527880.transcript.txt code=20000000 role=topic_video_asr_transcript
2026-04-22 21:44:49 [kr36] fetch_start url=https://36kr.com/topics/3771153216865028
2026-04-22 21:44:49 [kr36] fetch_ok method=curl url=https://36kr.com/topics/3771153216865028 html_length=60469
2026-04-22 21:44:49 [kr36] throttle_wait url=https://36kr.com/p/3770688595214857 wait_ms=23690 global_wait_ms=23690 same_url_wait_ms=0 risk_wait_ms=0
2026-04-22 21:45:13 [kr36] fetch_start url=https://36kr.com/p/3770688595214857
2026-04-22 21:45:13 [kr36] fetch_ok method=curl url=https://36kr.com/p/3770688595214857 html_length=75442
2026-04-22 21:45:13 [kr36] throttle_wait url=https://36kr.com/p/3766410231726855 wait_ms=21058 global_wait_ms=21058 same_url_wait_ms=0 risk_wait_ms=0
2026-04-22 21:45:35 [kr36] fetch_start url=https://36kr.com/p/3766410231726855
2026-04-22 21:45:35 [kr36] fetch_ok method=curl url=https://36kr.com/p/3766410231726855 html_length=81969
2026-04-22 21:45:35 [kr36] throttle_wait url=https://36kr.com/p/3764728843289089 wait_ms=30218 global_wait_ms=30218 same_url_wait_ms=0 risk_wait_ms=0
2026-04-22 21:46:05 [kr36] fetch_start url=https://36kr.com/p/3764728843289089
2026-04-22 21:46:06 [kr36] fetch_ok method=curl url=https://36kr.com/p/3764728843289089 html_length=84699
2026-04-22 21:46:06 [kr36] throttle_wait url=https://36kr.com/p/3766718158324489 wait_ms=36298 global_wait_ms=36298 same_url_wait_ms=0 risk_wait_ms=0
2026-04-22 21:46:42 [kr36] fetch_start url=https://36kr.com/p/3766718158324489
2026-04-22 21:46:43 [kr36] fetch_ok method=curl url=https://36kr.com/p/3766718158324489 html_length=86887
2026-04-22 21:46:43 [kr36] throttle_wait url=https://36kr.com/p/3765076875117314 wait_ms=23060 global_wait_ms=23060 same_url_wait_ms=0 risk_wait_ms=0
2026-04-22 21:47:06 [kr36] fetch_start url=https://36kr.com/p/3765076875117314
2026-04-22 21:47:06 [kr36] fetch_ok method=curl url=https://36kr.com/p/3765076875117314 html_length=90475
2026-04-22 21:47:06 [kr36] throttle_wait url=https://36kr.com/p/3764953900990977 wait_ms=25584 global_wait_ms=25584 same_url_wait_ms=0 risk_wait_ms=0
2026-04-22 21:47:32 [kr36] fetch_start url=https://36kr.com/p/3764953900990977
2026-04-22 21:47:32 [kr36] fetch_ok method=curl url=https://36kr.com/p/3764953900990977 html_length=89343
2026-04-22 21:47:32 [kr36] throttle_wait url=https://36kr.com/p/3757975636050695 wait_ms=26372 global_wait_ms=26372 same_url_wait_ms=0 risk_wait_ms=0
2026-04-22 21:47:59 [kr36] fetch_start url=https://36kr.com/p/3757975636050695
2026-04-22 21:47:59 [kr36] fetch_ok method=curl url=https://36kr.com/p/3757975636050695 html_length=79793
2026-04-22 21:47:59 [kr36] round_end page=1 round=1/11 stage=topics status=ok fetched=10 total_refs=10 elapsed_ms=1397223
2026-04-22 21:47:59 [kr36] 完成专题页，数据 10 条，累计 10 条
2026-04-22 21:47:59 [kr36] round_next round=2/11 stage=activity
2026-04-22 21:47:59 [kr36] round_start page=2 round=2/11 stage=activity url=https://36kr.com/activity
2026-04-22 21:47:59 [kr36] 进入活动页，数据 0 条，累计 10 条
2026-04-22 21:47:59 [kr36] throttle_wait url=https://36kr.com/activity wait_ms=26031 global_wait_ms=26031 same_url_wait_ms=0 risk_wait_ms=0
2026-04-22 21:48:25 [kr36] fetch_start url=https://36kr.com/activity
2026-04-22 21:48:26 [kr36] fetch_ok method=curl url=https://36kr.com/activity html_length=61718
2026-04-22 21:48:26 [kr36] round_end page=2 round=2/11 stage=activity status=ok fetched=8 total_refs=18 elapsed_ms=26533
2026-04-22 21:48:26 [kr36] 完成活动页，数据 8 条，累计 18 条
2026-04-22 21:48:26 [kr36] round_next round=3/11 stage=search
2026-04-22 21:48:26 [kr36] round_start page=3 round=3/11 stage=search category=36氪独家 url=https://36kr.com/search/articles/36%E6%B0%AA%E7%8B%AC%E5%AE%B6
2026-04-22 21:48:26 [kr36] 进入搜索页(36氪独家)，数据 0 条，累计 18 条
2026-04-22 21:48:26 [kr36] throttle_wait url=https://36kr.com/search/articles/36%E6%B0%AA%E7%8B%AC%E5%AE%B6 wait_ms=32212 global_wait_ms=32212 same_url_wait_ms=0 risk_wait_ms=0
2026-04-22 21:48:58 [kr36] fetch_start url=https://36kr.com/search/articles/36%E6%B0%AA%E7%8B%AC%E5%AE%B6
2026-04-22 21:48:58 [kr36] search_playwright_start url=https://36kr.com/search/articles/36%E6%B0%AA%E7%8B%AC%E5%AE%B6 timeout_ms=35000 max_attempts=2
2026-04-22 21:49:19 [kr36] search_playwright_once_end url=https://36kr.com/search/articles/36%E6%B0%AA%E7%8B%AC%E5%AE%B6 html_length=103945
2026-04-22 21:49:19 [kr36] search_playwright_ok attempt=1 url=https://36kr.com/search/articles/36%E6%B0%AA%E7%8B%AC%E5%AE%B6 html_length=103945
2026-04-22 21:49:19 [kr36] search_listing_csr_enriched url=https://36kr.com/search/articles/36%E6%B0%AA%E7%8B%AC%E5%AE%B6 html_length=103945
2026-04-22 21:49:19 [kr36] fetch_ok method=curl_playwright_search url=https://36kr.com/search/articles/36%E6%B0%AA%E7%8B%AC%E5%AE%B6 html_length=103945
2026-04-22 21:49:19 [kr36] round_end page=3 round=3/11 stage=search category=36氪独家 status=ok fetched=5 total_refs=23 elapsed_ms=53162
2026-04-22 21:49:19 [kr36] 完成搜索页(36氪独家)，数据 5 条，累计 23 条
2026-04-22 21:49:19 [kr36] round_next round=4/11 stage=search_or_channel
2026-04-22 21:49:19 [kr36] round_start page=4 round=4/11 stage=search category=深氪 url=https://36kr.com/search/articles/%E6%B7%B1%E6%B0%AA
2026-04-22 21:49:19 [kr36] 进入搜索页(深氪)，数据 0 条，累计 23 条
2026-04-22 21:49:19 [kr36] throttle_wait url=https://36kr.com/search/articles/%E6%B7%B1%E6%B0%AA wait_ms=8824 global_wait_ms=8824 same_url_wait_ms=0 risk_wait_ms=0
2026-04-22 21:49:28 [kr36] fetch_start url=https://36kr.com/search/articles/%E6%B7%B1%E6%B0%AA
2026-04-22 21:49:28 [kr36] search_playwright_start url=https://36kr.com/search/articles/%E6%B7%B1%E6%B0%AA timeout_ms=35000 max_attempts=2
2026-04-22 21:49:43 [kr36] search_playwright_once_end url=https://36kr.com/search/articles/%E6%B7%B1%E6%B0%AA html_length=101740
2026-04-22 21:49:43 [kr36] search_playwright_ok attempt=1 url=https://36kr.com/search/articles/%E6%B7%B1%E6%B0%AA html_length=101740
2026-04-22 21:49:43 [kr36] search_listing_csr_enriched url=https://36kr.com/search/articles/%E6%B7%B1%E6%B0%AA html_length=101740
2026-04-22 21:49:43 [kr36] fetch_ok method=curl_playwright_search url=https://36kr.com/search/articles/%E6%B7%B1%E6%B0%AA html_length=101740
2026-04-22 21:49:43 [kr36] round_end page=4 round=4/11 stage=search category=深氪 status=ok fetched=5 total_refs=28 elapsed_ms=23982
2026-04-22 21:49:43 [kr36] 完成搜索页(深氪)，数据 5 条，累计 28 条
2026-04-22 21:49:43 [kr36] round_next round=5/11 stage=search_or_channel
2026-04-22 21:49:43 [kr36] round_start page=5 round=5/11 stage=search category=后浪白皮书 url=https://36kr.com/search/articles/%E5%90%8E%E6%B5%AA%E7%99%BD%E7%9A%AE%E4%B9%A6
2026-04-22 21:49:43 [kr36] 进入搜索页(后浪白皮书)，数据 0 条，累计 28 条
2026-04-22 21:49:43 [kr36] throttle_wait url=https://36kr.com/search/articles/%E5%90%8E%E6%B5%AA%E7%99%BD%E7%9A%AE%E4%B9%A6 wait_ms=22691 global_wait_ms=22691 same_url_wait_ms=0 risk_wait_ms=0
2026-04-22 21:50:06 [kr36] fetch_start url=https://36kr.com/search/articles/%E5%90%8E%E6%B5%AA%E7%99%BD%E7%9A%AE%E4%B9%A6
2026-04-22 21:50:06 [kr36] search_playwright_start url=https://36kr.com/search/articles/%E5%90%8E%E6%B5%AA%E7%99%BD%E7%9A%AE%E4%B9%A6 timeout_ms=35000 max_attempts=2
2026-04-22 21:50:18 [kr36] search_playwright_once_end url=https://36kr.com/search/articles/%E5%90%8E%E6%B5%AA%E7%99%BD%E7%9A%AE%E4%B9%A6 html_length=68268
2026-04-22 21:50:18 [kr36] search_playwright_ok attempt=1 url=https://36kr.com/search/articles/%E5%90%8E%E6%B5%AA%E7%99%BD%E7%9A%AE%E4%B9%A6 html_length=68268
2026-04-22 21:50:18 [kr36] search_listing_csr_enriched url=https://36kr.com/search/articles/%E5%90%8E%E6%B5%AA%E7%99%BD%E7%9A%AE%E4%B9%A6 html_length=68268
2026-04-22 21:50:18 [kr36] fetch_ok method=curl_playwright_search url=https://36kr.com/search/articles/%E5%90%8E%E6%B5%AA%E7%99%BD%E7%9A%AE%E4%B9%A6 html_length=68268
2026-04-22 21:50:18 [kr36] round_end page=5 round=5/11 stage=search category=后浪白皮书 status=ok fetched=3 total_refs=31 elapsed_ms=35159
2026-04-22 21:50:18 [kr36] 完成搜索页(后浪白皮书)，数据 3 条，累计 31 条
2026-04-22 21:50:18 [kr36] round_next round=6/11 stage=search_or_channel
2026-04-22 21:50:18 [kr36] round_start page=6 round=6/11 stage=search category=行业日报 url=https://36kr.com/search/articles/%E8%A1%8C%E4%B8%9A%E6%97%A5%E6%8A%A5
2026-04-22 21:50:18 [kr36] 进入搜索页(行业日报)，数据 0 条，累计 31 条
2026-04-22 21:50:18 [kr36] throttle_wait url=https://36kr.com/search/articles/%E8%A1%8C%E4%B8%9A%E6%97%A5%E6%8A%A5 wait_ms=20736 global_wait_ms=20736 same_url_wait_ms=0 risk_wait_ms=0
2026-04-22 21:50:39 [kr36] fetch_start url=https://36kr.com/search/articles/%E8%A1%8C%E4%B8%9A%E6%97%A5%E6%8A%A5
2026-04-22 21:50:39 [kr36] risk_cooldown_set url=https://36kr.com/search/articles/%E8%A1%8C%E4%B8%9A%E6%97%A5%E6%8A%A5 cooldown_ms=172072 base_ms=180000 jitter_ms=-7928
2026-04-22 21:50:39 [kr36] risk_entered method=curl url=https://36kr.com/search/articles/%E8%A1%8C%E4%B8%9A%E6%97%A5%E6%8A%A5 html_length=1460 has_cookie_refresh_action=true
2026-04-22 21:50:39 [kr36] risk_verification_delay_before_command wait_ms=3000 url=https://36kr.com/search/articles/%E8%A1%8C%E4%B8%9A%E6%97%A5%E6%8A%A5
2026-04-22 21:50:42 [kr36] risk_verification_invoking_command url=https://36kr.com/search/articles/%E8%A1%8C%E4%B8%9A%E6%97%A5%E6%8A%A5
2026-04-22 21:52:35 [kr36] slider_captcha_solve_result attempted=true
2026-04-22 21:52:35 [kr36] risk_cookie_refresh_slider_solve_attempt url=https://36kr.com/search/articles/%E8%A1%8C%E4%B8%9A%E6%97%A5%E6%8A%A5 attempted=true
2026-04-22 21:52:38 [kr36] risk_cookie_refresh_cookies_saved_after_slider url=https://36kr.com/search/articles/%E8%A1%8C%E4%B8%9A%E6%97%A5%E6%8A%A5 has_sv=True has_sensors=True
2026-04-22 21:52:38 [kr36] risk_cookie_refresh_slider_done url=https://36kr.com/search/articles/%E8%A1%8C%E4%B8%9A%E6%97%A5%E6%8A%A5 html_usable=true
2026-04-22 21:52:39 [kr36] risk_cookie_refresh_end url=https://36kr.com/search/articles/%E8%A1%8C%E4%B8%9A%E6%97%A5%E6%8A%A5 ok=true changed=true key_changed=true has_required_fields=true html_usable=true
2026-04-22 21:52:39 [kr36] throttle_wait url=https://36kr.com/search/articles/%E8%A1%8C%E4%B8%9A%E6%97%A5%E6%8A%A5 wait_ms=51688 global_wait_ms=0 same_url_wait_ms=0 risk_wait_ms=51688
2026-04-22 21:53:31 [kr36] fetch_ok method=risk_cookie_refresh url=https://36kr.com/search/articles/%E8%A1%8C%E4%B8%9A%E6%97%A5%E6%8A%A5 html_length=33617
2026-04-22 21:53:31 [kr36] round_end page=6 round=6/11 stage=search category=行业日报 status=ok fetched=0 total_refs=31 elapsed_ms=193505
2026-04-22 21:53:31 [kr36] search_zero_result category=行业日报 html_length=33617 has_list_main=false has_search_item=false has_p_link=false risk_like=false
2026-04-22 21:53:31 [kr36] 完成搜索页(行业日报)，数据 0 条，累计 31 条
2026-04-22 21:53:31 [kr36] round_next round=7/11 stage=search_or_channel
2026-04-22 21:53:31 [kr36] round_start page=7 round=7/11 stage=search category=Long China 50 url=https://36kr.com/search/articles/Long%20China%2050
2026-04-22 21:53:31 [kr36] 进入搜索页(Long China 50)，数据 0 条，累计 31 条
2026-04-22 21:53:31 [kr36] throttle_wait url=https://36kr.com/search/articles/Long%20China%2050 wait_ms=28942 global_wait_ms=28942 same_url_wait_ms=0 risk_wait_ms=0
2026-04-22 21:54:00 [kr36] fetch_start url=https://36kr.com/search/articles/Long%20China%2050
2026-04-22 21:54:01 [kr36] search_playwright_start url=https://36kr.com/search/articles/Long%20China%2050 timeout_ms=35000 max_attempts=2
2026-04-22 21:54:38 [kr36] search_playwright_selector_timeout url=https://36kr.com/search/articles/Long%20China%2050 selector=ul.kr-search-result-list-main
2026-04-22 21:54:56 [kr36] search_playwright_selector_timeout url=https://36kr.com/search/articles/Long%20China%2050 selector=li.search-result-list-item-article
2026-04-22 21:54:59 [kr36] search_playwright_once_end url=https://36kr.com/search/articles/Long%20China%2050 html_length=4269
2026-04-22 21:54:59 [kr36] search_playwright_suspicious_body attempt=1/2 url=https://36kr.com/search/articles/Long%20China%2050 html_length=4269 hint=risk_or_transient
2026-04-22 21:55:42 [kr36] search_playwright_selector_timeout url=https://36kr.com/search/articles/Long%20China%2050 selector=ul.kr-search-result-list-main
2026-04-22 21:56:00 [kr36] search_playwright_selector_timeout url=https://36kr.com/search/articles/Long%20China%2050 selector=li.search-result-list-item-article
2026-04-22 21:56:03 [kr36] search_playwright_once_end url=https://36kr.com/search/articles/Long%20China%2050 html_length=4269
2026-04-22 21:56:03 [kr36] search_playwright_suspicious_body attempt=2/2 url=https://36kr.com/search/articles/Long%20China%2050 html_length=4269 hint=risk_or_transient
2026-04-22 21:56:03 [kr36] search_cookie_refresh_start url=https://36kr.com/search/articles/Long%20China%2050
2026-04-22 21:57:59 [kr36] slider_captcha_solve_result attempted=true
2026-04-22 21:57:59 [kr36] risk_cookie_refresh_slider_solve_attempt url=https://36kr.com/search/articles/Long%20China%2050 attempted=true
2026-04-22 21:58:02 [kr36] risk_cookie_refresh_cookies_saved_after_slider url=https://36kr.com/search/articles/Long%20China%2050 has_sv=True has_sensors=True
2026-04-22 21:58:02 [kr36] risk_cookie_refresh_slider_done url=https://36kr.com/search/articles/Long%20China%2050 html_usable=true
2026-04-22 21:58:03 [kr36] risk_cookie_refresh_end url=https://36kr.com/search/articles/Long%20China%2050 ok=true changed=true key_changed=true has_required_fields=true html_usable=true
2026-04-22 21:58:03 [kr36] search_playwright_start url=https://36kr.com/search/articles/Long%20China%2050 timeout_ms=35000 max_attempts=2
2026-04-22 21:58:16 [kr36] search_playwright_once_end url=https://36kr.com/search/articles/Long%20China%2050 html_length=103370
2026-04-22 21:58:16 [kr36] search_playwright_ok attempt=1 url=https://36kr.com/search/articles/Long%20China%2050 html_length=103370
2026-04-22 21:58:16 [kr36] search_cookie_refresh_ok url=https://36kr.com/search/articles/Long%20China%2050 html_length=103370
2026-04-22 21:58:16 [kr36] search_listing_csr_enriched url=https://36kr.com/search/articles/Long%20China%2050 html_length=103370
2026-04-22 21:58:16 [kr36] fetch_ok method=curl_playwright_search url=https://36kr.com/search/articles/Long%20China%2050 html_length=103370
2026-04-22 21:58:16 [kr36] round_end page=7 round=7/11 stage=search category=Long China 50 status=ok fetched=5 total_refs=36 elapsed_ms=284569
2026-04-22 21:58:16 [kr36] 完成搜索页(Long China 50)，数据 5 条，累计 36 条
2026-04-22 21:58:16 [kr36] round_next round=8/11 stage=search_or_channel
2026-04-22 21:58:16 [kr36] round_start page=8 round=8/11 stage=search category=投资派 url=https://36kr.com/search/articles/%E6%8A%95%E8%B5%84%E6%B4%BE
2026-04-22 21:58:16 [kr36] 进入搜索页(投资派)，数据 0 条，累计 36 条
2026-04-22 21:58:16 [kr36] throttle_wait url=https://36kr.com/search/articles/%E6%8A%95%E8%B5%84%E6%B4%BE wait_ms=13554 global_wait_ms=13554 same_url_wait_ms=0 risk_wait_ms=0
2026-04-22 21:58:30 [kr36] fetch_start url=https://36kr.com/search/articles/%E6%8A%95%E8%B5%84%E6%B4%BE
2026-04-22 21:58:30 [kr36] search_playwright_start url=https://36kr.com/search/articles/%E6%8A%95%E8%B5%84%E6%B4%BE timeout_ms=35000 max_attempts=2
2026-04-22 21:58:45 [kr36] search_playwright_once_end url=https://36kr.com/search/articles/%E6%8A%95%E8%B5%84%E6%B4%BE html_length=100957
2026-04-22 21:58:45 [kr36] search_playwright_ok attempt=1 url=https://36kr.com/search/articles/%E6%8A%95%E8%B5%84%E6%B4%BE html_length=100957
2026-04-22 21:58:45 [kr36] search_listing_csr_enriched url=https://36kr.com/search/articles/%E6%8A%95%E8%B5%84%E6%B4%BE html_length=100957
2026-04-22 21:58:45 [kr36] fetch_ok method=curl_playwright_search url=https://36kr.com/search/articles/%E6%8A%95%E8%B5%84%E6%B4%BE html_length=100957
2026-04-22 21:58:45 [kr36] round_end page=8 round=8/11 stage=search category=投资派 status=ok fetched=5 total_refs=41 elapsed_ms=29271
2026-04-22 21:58:45 [kr36] 完成搜索页(投资派)，数据 5 条，累计 41 条
2026-04-22 21:58:45 [kr36] round_next round=9/11 stage=search_or_channel
2026-04-22 21:58:45 [kr36] round_start page=9 round=9/11 stage=search category=新青年观察 url=https://36kr.com/search/articles/%E6%96%B0%E9%9D%92%E5%B9%B4%E8%A7%82%E5%AF%9F
2026-04-22 21:58:45 [kr36] 进入搜索页(新青年观察)，数据 0 条，累计 41 条
2026-04-22 21:58:45 [kr36] throttle_wait url=https://36kr.com/search/articles/%E6%96%B0%E9%9D%92%E5%B9%B4%E8%A7%82%E5%AF%9F wait_ms=13100 global_wait_ms=13100 same_url_wait_ms=0 risk_wait_ms=0
2026-04-22 21:58:58 [kr36] fetch_start url=https://36kr.com/search/articles/%E6%96%B0%E9%9D%92%E5%B9%B4%E8%A7%82%E5%AF%9F
2026-04-22 21:58:59 [kr36] search_playwright_start url=https://36kr.com/search/articles/%E6%96%B0%E9%9D%92%E5%B9%B4%E8%A7%82%E5%AF%9F timeout_ms=35000 max_attempts=2
2026-04-22 21:59:12 [kr36] search_playwright_once_end url=https://36kr.com/search/articles/%E6%96%B0%E9%9D%92%E5%B9%B4%E8%A7%82%E5%AF%9F html_length=69620
2026-04-22 21:59:12 [kr36] search_playwright_ok attempt=1 url=https://36kr.com/search/articles/%E6%96%B0%E9%9D%92%E5%B9%B4%E8%A7%82%E5%AF%9F html_length=69620
2026-04-22 21:59:12 [kr36] search_listing_csr_enriched url=https://36kr.com/search/articles/%E6%96%B0%E9%9D%92%E5%B9%B4%E8%A7%82%E5%AF%9F html_length=69620
2026-04-22 21:59:12 [kr36] fetch_ok method=curl_playwright_search url=https://36kr.com/search/articles/%E6%96%B0%E9%9D%92%E5%B9%B4%E8%A7%82%E5%AF%9F html_length=69620
2026-04-22 21:59:12 [kr36] round_end page=9 round=9/11 stage=search category=新青年观察 status=ok fetched=4 total_refs=45 elapsed_ms=26659
2026-04-22 21:59:12 [kr36] 完成搜索页(新青年观察)，数据 4 条，累计 45 条
2026-04-22 21:59:12 [kr36] round_next round=10/11 stage=search_or_channel
2026-04-22 21:59:12 [kr36] round_start page=10 round=10/11 stage=search category=KRLab url=https://36kr.com/search/articles/KRLab
2026-04-22 21:59:12 [kr36] 进入搜索页(KRLab)，数据 0 条，累计 45 条
2026-04-22 21:59:12 [kr36] throttle_wait url=https://36kr.com/search/articles/KRLab wait_ms=18795 global_wait_ms=18795 same_url_wait_ms=0 risk_wait_ms=0
2026-04-22 21:59:31 [kr36] fetch_start url=https://36kr.com/search/articles/KRLab
2026-04-22 21:59:31 [kr36] risk_cooldown_set url=https://36kr.com/search/articles/KRLab cooldown_ms=176431 base_ms=180000 jitter_ms=-3569
2026-04-22 21:59:31 [kr36] risk_entered method=curl url=https://36kr.com/search/articles/KRLab html_length=2118 has_cookie_refresh_action=true
2026-04-22 21:59:31 [kr36] risk_verification_delay_before_command wait_ms=3000 url=https://36kr.com/search/articles/KRLab
2026-04-22 21:59:34 [kr36] risk_verification_invoking_command url=https://36kr.com/search/articles/KRLab
2026-04-22 22:01:14 [kr36] slider_captcha_solve_result attempted=true
2026-04-22 22:01:14 [kr36] risk_cookie_refresh_slider_solve_attempt url=https://36kr.com/search/articles/KRLab attempted=true
2026-04-22 22:01:17 [kr36] risk_cookie_refresh_cookies_saved_after_slider url=https://36kr.com/search/articles/KRLab has_sv=True has_sensors=True
2026-04-22 22:01:17 [kr36] risk_cookie_refresh_slider_done url=https://36kr.com/search/articles/KRLab html_usable=true
2026-04-22 22:01:18 [kr36] risk_cookie_refresh_end url=https://36kr.com/search/articles/KRLab ok=true changed=true key_changed=true has_required_fields=true html_usable=true
2026-04-22 22:01:18 [kr36] throttle_wait url=https://36kr.com/search/articles/KRLab wait_ms=69046 global_wait_ms=0 same_url_wait_ms=0 risk_wait_ms=69046
2026-04-22 22:02:28 [kr36] page_result page=10 stage=search category=KRLab status=deferred_blocked url=https://36kr.com/search/articles/KRLab fetched=0 total_refs=45
2026-04-22 22:02:28 [kr36] round_end page=10 round=10/11 stage=search category=KRLab status=ok fetched=0 total_refs=45 elapsed_ms=195744
2026-04-22 22:02:28 [kr36] 完成搜索页(KRLab)，数据 0 条，累计 45 条
2026-04-22 22:02:28 [kr36] round_next round=11/11 stage=search_or_channel
2026-04-22 22:02:28 [kr36] round_start page=11 round=11/11 stage=search category=数智前瞻 url=https://36kr.com/search/articles/%E6%95%B0%E6%99%BA%E5%89%8D%E7%9E%BB
2026-04-22 22:02:28 [kr36] 进入搜索页(数智前瞻)，数据 0 条，累计 45 条
2026-04-22 22:02:28 [kr36] throttle_wait url=https://36kr.com/search/articles/%E6%95%B0%E6%99%BA%E5%89%8D%E7%9E%BB wait_ms=23195 global_wait_ms=23195 same_url_wait_ms=0 risk_wait_ms=0
2026-04-22 22:02:51 [kr36] fetch_start url=https://36kr.com/search/articles/%E6%95%B0%E6%99%BA%E5%89%8D%E7%9E%BB
2026-04-22 22:02:51 [kr36] risk_cooldown_set url=https://36kr.com/search/articles/%E6%95%B0%E6%99%BA%E5%89%8D%E7%9E%BB cooldown_ms=182236 base_ms=180000 jitter_ms=2236
2026-04-22 22:02:51 [kr36] risk_entered method=curl url=https://36kr.com/search/articles/%E6%95%B0%E6%99%BA%E5%89%8D%E7%9E%BB html_length=1460 has_cookie_refresh_action=true
2026-04-22 22:02:51 [kr36] risk_verification_delay_before_command wait_ms=3000 url=https://36kr.com/search/articles/%E6%95%B0%E6%99%BA%E5%89%8D%E7%9E%BB
2026-04-22 22:02:54 [kr36] risk_verification_invoking_command url=https://36kr.com/search/articles/%E6%95%B0%E6%99%BA%E5%89%8D%E7%9E%BB
2026-04-22 22:04:50 [kr36] slider_captcha_solve_result attempted=true
2026-04-22 22:04:50 [kr36] risk_cookie_refresh_slider_solve_attempt url=https://36kr.com/search/articles/%E6%95%B0%E6%99%BA%E5%89%8D%E7%9E%BB attempted=true
2026-04-22 22:04:53 [kr36] risk_cookie_refresh_cookies_saved_after_slider url=https://36kr.com/search/articles/%E6%95%B0%E6%99%BA%E5%89%8D%E7%9E%BB has_sv=True has_sensors=True
2026-04-22 22:04:53 [kr36] risk_cookie_refresh_slider_done url=https://36kr.com/search/articles/%E6%95%B0%E6%99%BA%E5%89%8D%E7%9E%BB html_usable=true
2026-04-22 22:04:54 [kr36] risk_cookie_refresh_end url=https://36kr.com/search/articles/%E6%95%B0%E6%99%BA%E5%89%8D%E7%9E%BB ok=true changed=true key_changed=true has_required_fields=true html_usable=true
2026-04-22 22:04:54 [kr36] throttle_wait url=https://36kr.com/search/articles/%E6%95%B0%E6%99%BA%E5%89%8D%E7%9E%BB wait_ms=59231 global_wait_ms=0 same_url_wait_ms=0 risk_wait_ms=59231
2026-04-22 22:05:54 [kr36] fetch_ok method=risk_cookie_refresh url=https://36kr.com/search/articles/%E6%95%B0%E6%99%BA%E5%89%8D%E7%9E%BB html_length=44137
2026-04-22 22:05:54 [kr36] round_end page=11 round=11/11 stage=search category=数智前瞻 status=ok fetched=0 total_refs=45 elapsed_ms=206196
2026-04-22 22:05:54 [kr36] search_zero_result category=数智前瞻 html_length=44137 has_list_main=false has_search_item=false has_p_link=false risk_like=false
2026-04-22 22:05:54 [kr36] 完成搜索页(数智前瞻)，数据 0 条，累计 45 条
2026-04-22 22:05:54 [kr36] deferred_retry_round_start total=1 attempts_per_page=3
2026-04-22 22:05:54 [kr36] deferred_retry_start retry_page=1/1 attempt=1/3 stage=search category=KRLab url=https://36kr.com/search/articles/KRLab
2026-04-22 22:05:54 [kr36] throttle_wait url=https://36kr.com/search/articles/KRLab wait_ms=21441 global_wait_ms=21441 same_url_wait_ms=0 risk_wait_ms=0
2026-04-22 22:06:15 [kr36] fetch_start url=https://36kr.com/search/articles/KRLab
2026-04-22 22:06:16 [kr36] search_playwright_start url=https://36kr.com/search/articles/KRLab timeout_ms=35000 max_attempts=2
2026-04-22 22:06:45 [kr36] search_playwright_selector_timeout url=https://36kr.com/search/articles/KRLab selector=ul.kr-search-result-list-main
2026-04-22 22:07:04 [kr36] search_playwright_selector_timeout url=https://36kr.com/search/articles/KRLab selector=li.search-result-list-item-article
2026-04-22 22:07:07 [kr36] search_playwright_once_end url=https://36kr.com/search/articles/KRLab html_length=63551
2026-04-22 22:07:07 [kr36] search_playwright_ok attempt=1 url=https://36kr.com/search/articles/KRLab html_length=63551
2026-04-22 22:07:07 [kr36] search_listing_csr_enriched url=https://36kr.com/search/articles/KRLab html_length=63551
2026-04-22 22:07:07 [kr36] fetch_ok method=curl_playwright_search url=https://36kr.com/search/articles/KRLab html_length=63551
2026-04-22 22:07:07 [kr36] deferred_retry_result retry_page=1/1 stage=search category=KRLab status=ok url=https://36kr.com/search/articles/KRLab fetched=1 total_refs=46
2026-04-22 22:07:07 [kr36] deferred_retry_done stage=search category=KRLab url=https://36kr.com/search/articles/KRLab fetched=1 total_refs=46
2026-04-22 22:07:07 [kr36] deferred_retry_round_end total_refs=46 retried=1 retry_success=1 retry_still_blocked=0
2026-04-22 22:07:07 [kr36] listing_end report_date=2026-04-22 total_refs=46 stopped_by=normal_complete
[kr36] 2026-04-22 22:17:17 finished with exit code 0.
