[kr36] 2026-04-24 10:04:32 starting daily brief run (no email)...
[kr36] PROJECT_ROOT=E:\AI\touzifenxi
[kr36] PYTHON_BIN=E:\AI\touzifenxi\.venv\Scripts\python.exe
[kr36] TIMEOUT=50s
[kr36] LOG_FILE=E:\AI\touzifenxi\logs\kr36\kr36_20260424_100432.log
[kr36] running: "E:\AI\touzifenxi\.venv\Scripts\python.exe" scripts\websearch.py run --source 36kr --timeout 50
2026-04-24 10:04:34 [kr36] cookie_quality sensors_short len=479
2026-04-24 10:04:34 [kr36] listing_begin report_date=2026-04-24 rounds_total=5 candidate_limit=120 mode=sequential step0.5_then_step1
2026-04-24 10:04:34 [kr36] step0.5_topic_round_start page=1 round=1/5 stage=topics url=https://36kr.com/topics/
2026-04-24 10:04:34 [kr36] 进入专题页(0.5步)，数据 0 条，累计 0 条
2026-04-24 10:04:34 [kr36] fetch_start url=https://36kr.com/topics/
2026-04-24 10:04:35 [kr36] fetch_ok method=curl url=https://36kr.com/topics/ html_length=73982
2026-04-24 10:04:35 [kr36] throttle_wait url=https://36kr.com/topics/3770543132934659 wait_ms=23835 global_wait_ms=23835 same_url_wait_ms=0 risk_wait_ms=0
2026-04-24 10:04:59 [kr36] fetch_start url=https://36kr.com/topics/3770543132934659
2026-04-24 10:04:59 [kr36] fetch_ok method=curl url=https://36kr.com/topics/3770543132934659 html_length=1460
2026-04-24 10:04:59 [kr36] step4_recover_trigger url=https://36kr.com/topics/3770543132934659 phase=topic-detail reason=risk_interstitial
2026-04-24 10:04:59 [kr36] playwright_slider_start phase='topic-detail' url=https://36kr.com/topics/3770543132934659 headless=false channel='msedge'
2026-04-24 10:05:20 [kr36] playwright_slider_url_settled phase='topic-detail' final_url='https://36kr.com/topics/3770543132934659'
2026-04-24 10:05:20 [kr36] playwright_slider_preloop phase='topic-detail' url=https://36kr.com/topics/3770543132934659 wait_after_load_ms=1800 slider_ui_ready_max_ms=20000
2026-04-24 10:05:24 [kr36] playwright_slider_ok phase='topic-detail' url=https://36kr.com/topics/3770543132934659 html_length=88460
2026-04-24 10:05:25 [kr36] throttle_wait url=https://36kr.com/video/3766585318896386 wait_ms=10594 global_wait_ms=10594 same_url_wait_ms=0 risk_wait_ms=0
2026-04-24 10:05:36 [kr36] fetch_start url=https://36kr.com/video/3766585318896386
2026-04-24 10:05:36 [kr36] fetch_ok method=curl url=https://36kr.com/video/3766585318896386 html_length=1460
2026-04-24 10:05:36 [kr36] throttle_wait url=https://m.36kr.com/video/3766585318896386 wait_ms=29690 global_wait_ms=29690 same_url_wait_ms=0 risk_wait_ms=0
2026-04-24 10:06:06 [kr36] fetch_start url=https://m.36kr.com/video/3766585318896386
2026-04-24 10:06:06 [kr36] risk_cooldown_set url=https://m.36kr.com/video/3766585318896386 cooldown_ms=174210 base_ms=180000 jitter_ms=-5790
2026-04-24 10:06:06 [kr36] risk_entered method=curl url=https://m.36kr.com/video/3766585318896386 html_length=0 has_cookie_refresh_action=false
2026-04-24 10:06:06 [kr36] risk_detected method=curl url=https://m.36kr.com/video/3766585318896386 no_cookie_refresh_action=1
2026-04-24 10:06:06 [kr36] topic_video_mobile_no_cdn page='https://m.36kr.com/video/3766585318896386' mobile_len=0
2026-04-24 10:06:06 [kr36] topic_video_no_cdn_in_html page='https://36kr.com/video/3766585318896386' try_playwright reason=risk_interstitial,small_shell_len=1460
2026-04-24 10:06:06 [kr36] topic_video_playwright_recover reason=no_cdn_in_html page='https://36kr.com/video/3766585318896386'
2026-04-24 10:06:06 [kr36] playwright_slider_start phase='step4-video-nocookie' url=https://36kr.com/video/3766585318896386 headless=false channel='msedge'
2026-04-24 10:06:10 [kr36] playwright_skip_cookies phase='step4-video-nocookie' url=https://36kr.com/video/3766585318896386
2026-04-24 10:06:30 [kr36] playwright_slider_url_settled phase='step4-video-nocookie' final_url='https://36kr.com/video/3766585318896386'
2026-04-24 10:06:30 [kr36] playwright_slider_preloop phase='step4-video-nocookie' url=https://36kr.com/video/3766585318896386 wait_after_load_ms=1800 slider_ui_ready_max_ms=20000
2026-04-24 10:06:30 [kr36] playwright_slider_wait_ui phase='step4-video-nocookie' url=https://36kr.com/video/3766585318896386 ui_ready=true
2026-04-24 10:07:00 [kr36] slider_captcha_solve_result attempted=true
2026-04-24 10:07:00 [kr36] playwright_slider_attempt phase='step4-video-nocookie' url=https://36kr.com/video/3766585318896386 attempted=true
2026-04-24 10:07:11 [kr36] playwright_slider_ok phase='step4-video-nocookie' url=https://36kr.com/video/3766585318896386 html_length=68778
2026-04-24 10:07:12 [kr36] topic_video_playwright_nocookie_ok page='https://36kr.com/video/3766585318896386' html_len=68778
2026-04-24 10:07:12 [kr36] topic_video_cdn_extract count=7 html_len=68778 preview='https://videos.36krcdn.com/20260414/v2_1776165984015_video_mp4_v11' page='https://36kr.com/video/3766585318896386'
2026-04-24 10:07:35 [kr36] topic_video_download_ok cdn='https://videos.36krcdn.com/20260414/v2_1776165984015_video_mp4_v11' local=E:\AI\touzifenxi\output\reports\kr36_report\kr36_search_202604241004\kr36_topic_downloads\本周有大事丨大疆八年熵减，汪滔十年修行；为了保住同伙，AI有多癫；新中产收割机，想挑战Lululemon_\2026-04-15\videos\氪大事___为了保住同伙，AI有多癫？_36kr_topic_video_3766585318896386.mp4
2026-04-24 10:07:58 [kr36] topic_asr_ok chars=1181 transcript=E:\AI\touzifenxi\output\reports\kr36_report\kr36_search_202604241004\kr36_topic_downloads\本周有大事丨大疆八年熵减，汪滔十年修行；为了保住同伙，AI有多癫；新中产收割机，想挑战Lululemon_\2026-04-15\videos\氪大事___为了保住同伙，AI有多癫？_36kr_topic_video_3766585318896386.transcript.txt code=20000000 role=topic_video_asr_transcript
2026-04-24 10:07:58 [kr36] throttle_wait url=https://36kr.com/video/3764840757948933 wait_ms=61929 global_wait_ms=0 same_url_wait_ms=0 risk_wait_ms=61929
2026-04-24 10:09:00 [kr36] fetch_start url=https://36kr.com/video/3764840757948933
2026-04-24 10:09:01 [kr36] fetch_ok method=curl url=https://36kr.com/video/3764840757948933 html_length=1460
2026-04-24 10:09:01 [kr36] throttle_wait url=https://m.36kr.com/video/3764840757948933 wait_ms=32798 global_wait_ms=32798 same_url_wait_ms=0 risk_wait_ms=0
2026-04-24 10:09:33 [kr36] fetch_start url=https://m.36kr.com/video/3764840757948933
2026-04-24 10:09:34 [kr36] risk_cooldown_set url=https://m.36kr.com/video/3764840757948933 cooldown_ms=185457 base_ms=180000 jitter_ms=5457
2026-04-24 10:09:34 [kr36] risk_entered method=curl url=https://m.36kr.com/video/3764840757948933 html_length=0 has_cookie_refresh_action=false
2026-04-24 10:09:34 [kr36] risk_detected method=curl url=https://m.36kr.com/video/3764840757948933 no_cookie_refresh_action=1
2026-04-24 10:09:34 [kr36] topic_video_mobile_no_cdn page='https://m.36kr.com/video/3764840757948933' mobile_len=0
2026-04-24 10:09:34 [kr36] topic_video_no_cdn_in_html page='https://36kr.com/video/3764840757948933' try_playwright reason=risk_interstitial,small_shell_len=1460
2026-04-24 10:09:34 [kr36] topic_video_playwright_recover reason=no_cdn_in_html page='https://36kr.com/video/3764840757948933'
2026-04-24 10:09:34 [kr36] playwright_slider_start phase='step4-video-nocookie' url=https://36kr.com/video/3764840757948933 headless=false channel='msedge'
2026-04-24 10:09:38 [kr36] playwright_skip_cookies phase='step4-video-nocookie' url=https://36kr.com/video/3764840757948933
2026-04-24 10:09:57 [kr36] playwright_slider_url_settled phase='step4-video-nocookie' final_url='https://36kr.com/video/3764840757948933'
2026-04-24 10:09:57 [kr36] playwright_slider_preloop phase='step4-video-nocookie' url=https://36kr.com/video/3764840757948933 wait_after_load_ms=1800 slider_ui_ready_max_ms=20000
2026-04-24 10:10:01 [kr36] playwright_slider_ok phase='step4-video-nocookie' url=https://36kr.com/video/3764840757948933 html_length=69590
2026-04-24 10:10:02 [kr36] topic_video_playwright_nocookie_ok page='https://36kr.com/video/3764840757948933' html_len=69590
2026-04-24 10:10:02 [kr36] topic_video_cdn_extract count=7 html_len=69590 preview='https://videos.36krcdn.com/20260413/v2_1776051795825_video_mp4_v11' page='https://36kr.com/video/3764840757948933'
2026-04-24 10:10:13 [kr36] topic_video_download_ok cdn='https://videos.36krcdn.com/20260413/v2_1776051795825_video_mp4_v11' local=E:\AI\touzifenxi\output\reports\kr36_report\kr36_search_202604241004\kr36_topic_downloads\本周有大事丨大疆八年熵减，汪滔十年修行；为了保住同伙，AI有多癫；新中产收割机，想挑战Lululemon_\2026-04-14\videos\于东来和魏建军，两个“最轴”的老板“约会”了_36kr_topic_video_3764840757948933.mp4
2026-04-24 10:10:23 [kr36] topic_asr_ok chars=418 transcript=E:\AI\touzifenxi\output\reports\kr36_report\kr36_search_202604241004\kr36_topic_downloads\本周有大事丨大疆八年熵减，汪滔十年修行；为了保住同伙，AI有多癫；新中产收割机，想挑战Lululemon_\2026-04-14\videos\于东来和魏建军，两个“最轴”的老板“约会”了_36kr_topic_video_3764840757948933.transcript.txt code=20000000 role=topic_video_asr_transcript
2026-04-24 10:10:23 [kr36] throttle_wait url=https://36kr.com/video/3765091828527880 wait_ms=135988 global_wait_ms=0 same_url_wait_ms=0 risk_wait_ms=135988
2026-04-24 10:12:39 [kr36] fetch_start url=https://36kr.com/video/3765091828527880
2026-04-24 10:12:40 [kr36] fetch_ok method=curl url=https://36kr.com/video/3765091828527880 html_length=1460
2026-04-24 10:12:40 [kr36] throttle_wait url=https://m.36kr.com/video/3765091828527880 wait_ms=37939 global_wait_ms=37939 same_url_wait_ms=0 risk_wait_ms=0
2026-04-24 10:13:17 [kr36] fetch_start url=https://m.36kr.com/video/3765091828527880
2026-04-24 10:13:18 [kr36] risk_cooldown_set url=https://m.36kr.com/video/3765091828527880 cooldown_ms=181336 base_ms=180000 jitter_ms=1336
2026-04-24 10:13:18 [kr36] risk_entered method=curl url=https://m.36kr.com/video/3765091828527880 html_length=0 has_cookie_refresh_action=false
2026-04-24 10:13:18 [kr36] risk_detected method=curl url=https://m.36kr.com/video/3765091828527880 no_cookie_refresh_action=1
2026-04-24 10:13:18 [kr36] topic_video_mobile_no_cdn page='https://m.36kr.com/video/3765091828527880' mobile_len=0
2026-04-24 10:13:18 [kr36] topic_video_no_cdn_in_html page='https://36kr.com/video/3765091828527880' try_playwright reason=risk_interstitial,small_shell_len=1460
2026-04-24 10:13:18 [kr36] topic_video_playwright_recover reason=no_cdn_in_html page='https://36kr.com/video/3765091828527880'
2026-04-24 10:13:18 [kr36] playwright_slider_start phase='step4-video-nocookie' url=https://36kr.com/video/3765091828527880 headless=false channel='msedge'
2026-04-24 10:13:22 [kr36] playwright_skip_cookies phase='step4-video-nocookie' url=https://36kr.com/video/3765091828527880
2026-04-24 10:13:40 [kr36] playwright_slider_url_settled phase='step4-video-nocookie' final_url='https://36kr.com/video/3765091828527880'
2026-04-24 10:13:40 [kr36] playwright_slider_preloop phase='step4-video-nocookie' url=https://36kr.com/video/3765091828527880 wait_after_load_ms=1800 slider_ui_ready_max_ms=20000
2026-04-24 10:13:44 [kr36] playwright_slider_ok phase='step4-video-nocookie' url=https://36kr.com/video/3765091828527880 html_length=68825
2026-04-24 10:13:45 [kr36] topic_video_playwright_nocookie_ok page='https://36kr.com/video/3765091828527880' html_len=68825
2026-04-24 10:13:45 [kr36] topic_video_cdn_extract count=7 html_len=68825 preview='https://videos.36krcdn.com/20260413/v2_1776074530156_video_mp4_v9' page='https://36kr.com/video/3765091828527880'
2026-04-24 10:14:04 [kr36] topic_video_download_ok cdn='https://videos.36krcdn.com/20260413/v2_1776074530156_video_mp4_v9' local=E:\AI\touzifenxi\output\reports\kr36_report\kr36_search_202604241004\kr36_topic_downloads\本周有大事丨大疆八年熵减，汪滔十年修行；为了保住同伙，AI有多癫；新中产收割机，想挑战Lululemon_\2026-04-13\videos\AI盗脸风波：当技术“越界”_如何守住自己的数字人格？_36kr_topic_video_3765091828527880.mp4
2026-04-24 10:14:44 [kr36] topic_asr_ok chars=1063 transcript=E:\AI\touzifenxi\output\reports\kr36_report\kr36_search_202604241004\kr36_topic_downloads\本周有大事丨大疆八年熵减，汪滔十年修行；为了保住同伙，AI有多癫；新中产收割机，想挑战Lululemon_\2026-04-13\videos\AI盗脸风波：当技术“越界”_如何守住自己的数字人格？_36kr_topic_video_3765091828527880.transcript.txt code=20000000 role=topic_video_asr_transcript
2026-04-24 10:14:44 [kr36] throttle_wait url=https://36kr.com/topics/3771153216865028 wait_ms=94635 global_wait_ms=0 same_url_wait_ms=0 risk_wait_ms=94635
2026-04-24 10:16:19 [kr36] fetch_start url=https://36kr.com/topics/3771153216865028
2026-04-24 10:16:19 [kr36] fetch_ok method=curl url=https://36kr.com/topics/3771153216865028 html_length=1460
2026-04-24 10:16:19 [kr36] step4_recover_trigger url=https://36kr.com/topics/3771153216865028 phase=topic-detail reason=risk_interstitial
2026-04-24 10:16:19 [kr36] playwright_slider_start phase='topic-detail' url=https://36kr.com/topics/3771153216865028 headless=false channel='msedge'
2026-04-24 10:17:03 [kr36] playwright_slider_error phase='topic-detail' url=https://36kr.com/topics/3771153216865028 error=Page.goto: Timeout 35000ms exceeded.
Call log:
  - navigating to "https://36kr.com/topics/3771153216865028", waiting until "load"

2026-04-24 10:17:03 [kr36] topic_detail_csr_shell url=https://36kr.com/topics/3771153216865028 html_length=1460 → playwright
2026-04-24 10:17:03 [kr36] playwright_slider_start phase='topic-detail-csr' url=https://36kr.com/topics/3771153216865028 headless=false channel='msedge'
2026-04-24 10:17:28 [kr36] playwright_slider_url_settled phase='topic-detail-csr' final_url='https://36kr.com/topics/3771153216865028'
2026-04-24 10:17:28 [kr36] playwright_slider_preloop phase='topic-detail-csr' url=https://36kr.com/topics/3771153216865028 wait_after_load_ms=1800 slider_ui_ready_max_ms=20000
2026-04-24 10:17:28 [kr36] playwright_slider_wait_ui phase='topic-detail-csr' url=https://36kr.com/topics/3771153216865028 ui_ready=true
2026-04-24 10:17:32 [kr36] slider_captcha_solve_result attempted=true
2026-04-24 10:17:32 [kr36] playwright_slider_attempt phase='topic-detail-csr' url=https://36kr.com/topics/3771153216865028 attempted=true
2026-04-24 10:17:48 [kr36] playwright_slider_csr_list_wait_timeout phase='topic-detail-csr' url=https://36kr.com/topics/3771153216865028 selector='.topic-list-item, .topic-item, .kr-topic-item'
2026-04-24 10:17:51 [kr36] playwright_slider_after_solve phase='topic-detail-csr' url=https://36kr.com/topics/3771153216865028 html_length=71679
2026-04-24 10:17:51 [kr36] playwright_slider_close_on_pass phase='topic-detail-csr' url=https://36kr.com/topics/3771153216865028
2026-04-24 10:17:52 [kr36] fetch_start url=https://36kr.com/p/3770688595214857
2026-04-24 10:17:52 [kr36] fetch_ok method=curl url=https://36kr.com/p/3770688595214857 html_length=1460
2026-04-24 10:17:52 [kr36] throttle_wait url=https://36kr.com/p/3766410231726855 wait_ms=23603 global_wait_ms=23603 same_url_wait_ms=0 risk_wait_ms=0
2026-04-24 10:18:16 [kr36] fetch_start url=https://36kr.com/p/3766410231726855
2026-04-24 10:18:16 [kr36] fetch_ok method=curl url=https://36kr.com/p/3766410231726855 html_length=1460
2026-04-24 10:18:16 [kr36] throttle_wait url=https://36kr.com/p/3764728843289089 wait_ms=24840 global_wait_ms=24840 same_url_wait_ms=0 risk_wait_ms=0
2026-04-24 10:18:41 [kr36] fetch_start url=https://36kr.com/p/3764728843289089
2026-04-24 10:18:41 [kr36] fetch_ok method=curl url=https://36kr.com/p/3764728843289089 html_length=1460
2026-04-24 10:18:41 [kr36] throttle_wait url=https://36kr.com/p/3766718158324489 wait_ms=20963 global_wait_ms=20963 same_url_wait_ms=0 risk_wait_ms=0
2026-04-24 10:19:02 [kr36] fetch_start url=https://36kr.com/p/3766718158324489
2026-04-24 10:19:02 [kr36] fetch_ok method=curl url=https://36kr.com/p/3766718158324489 html_length=1460
2026-04-24 10:19:02 [kr36] throttle_wait url=https://36kr.com/p/3765076875117314 wait_ms=31905 global_wait_ms=31905 same_url_wait_ms=0 risk_wait_ms=0
2026-04-24 10:19:34 [kr36] fetch_start url=https://36kr.com/p/3765076875117314
2026-04-24 10:19:35 [kr36] fetch_ok method=curl url=https://36kr.com/p/3765076875117314 html_length=1460
2026-04-24 10:19:35 [kr36] throttle_wait url=https://36kr.com/p/3764953900990977 wait_ms=20260 global_wait_ms=20260 same_url_wait_ms=0 risk_wait_ms=0
2026-04-24 10:19:55 [kr36] fetch_start url=https://36kr.com/p/3764953900990977
2026-04-24 10:19:55 [kr36] fetch_ok method=curl url=https://36kr.com/p/3764953900990977 html_length=1460
2026-04-24 10:19:55 [kr36] throttle_wait url=https://36kr.com/p/3757975636050695 wait_ms=25328 global_wait_ms=25328 same_url_wait_ms=0 risk_wait_ms=0
2026-04-24 10:20:21 [kr36] fetch_start url=https://36kr.com/p/3757975636050695
2026-04-24 10:20:21 [kr36] fetch_ok method=curl url=https://36kr.com/p/3757975636050695 html_length=1460
2026-04-24 10:20:21 [kr36] step0.5_topic_round_end page=1 round=1/5 stage=topics status=ok fetched=10 total_topic_refs=10 elapsed_ms=946512
2026-04-24 10:20:21 [kr36] 完成专题页(0.5步)，数据 10 条，累计 10 条
2026-04-24 10:20:21 [kr36] step1_listing_next round=2/5 stage=activity
2026-04-24 10:20:21 [kr36] step1_main_round_start page=2 round=2/5 stage=activity url=https://36kr.com/activity
2026-04-24 10:20:21 [kr36] 进入活动页，数据 0 条，累计 0 条
2026-04-24 10:20:21 [kr36] throttle_wait url=https://36kr.com/activity wait_ms=24957 global_wait_ms=24957 same_url_wait_ms=0 risk_wait_ms=0
2026-04-24 10:20:46 [kr36] fetch_start url=https://36kr.com/activity
2026-04-24 10:20:46 [kr36] topics_activity_enrich_direct_step4 reason=auto_solver url=https://36kr.com/activity page_kind=activity
2026-04-24 10:20:46 [kr36] playwright_slider_start phase='topics-activity-step4-activity' url=https://36kr.com/activity headless=false channel='msedge'
2026-04-24 10:21:06 [kr36] playwright_slider_url_settled phase='topics-activity-step4-activity' final_url='https://36kr.com/activity'
2026-04-24 10:21:06 [kr36] playwright_slider_preloop phase='topics-activity-step4-activity' url=https://36kr.com/activity wait_after_load_ms=1800 slider_ui_ready_max_ms=20000
2026-04-24 10:21:11 [kr36] playwright_slider_ok phase='topics-activity-step4-activity' url=https://36kr.com/activity html_length=72169
2026-04-24 10:21:12 [kr36] topics_activity_csr_enriched url=https://36kr.com/activity html_length=72169
2026-04-24 10:21:12 [kr36] fetch_ok method=curl_playwright_topics_activity url=https://36kr.com/activity html_length=72169
2026-04-24 10:21:12 [kr36] round_end page=2 round=2/5 stage=activity status=ok fetched=1 total_refs=1 elapsed_ms=50797
2026-04-24 10:21:12 [kr36] 完成活动页，数据 1 条，累计 1 条
2026-04-24 10:21:12 [kr36] round_next round=3/5 stage=search
2026-04-24 10:21:12 [kr36] round_start page=3 round=3/5 stage=search category=36氪独家 url=https://36kr.com/search/articles/36%E6%B0%AA%E7%8B%AC%E5%AE%B6 date_window=2026-04-13~2026-04-19
2026-04-24 10:21:12 [kr36] 进入搜索页(36氪独家)，数据 0 条，累计 1 条
2026-04-24 10:21:12 [kr36] throttle_wait url=https://36kr.com/search/articles/36%E6%B0%AA%E7%8B%AC%E5%AE%B6 wait_ms=9564 global_wait_ms=9564 same_url_wait_ms=0 risk_wait_ms=0
2026-04-24 10:21:21 [kr36] fetch_start url=https://36kr.com/search/articles/36%E6%B0%AA%E7%8B%AC%E5%AE%B6
2026-04-24 10:21:21 [kr36] search_enrich_direct_step4 reason=auto_solver url=https://36kr.com/search/articles/36%E6%B0%AA%E7%8B%AC%E5%AE%B6
2026-04-24 10:21:21 [kr36] playwright_slider_start phase='search-listing-step4' url=https://36kr.com/search/articles/36%E6%B0%AA%E7%8B%AC%E5%AE%B6 headless=false channel='msedge'
2026-04-24 10:21:41 [kr36] playwright_slider_url_settled phase='search-listing-step4' final_url='https://36kr.com/search/articles/36%E6%B0%AA%E7%8B%AC%E5%AE%B6'
2026-04-24 10:21:41 [kr36] playwright_slider_preloop phase='search-listing-step4' url=https://36kr.com/search/articles/36%E6%B0%AA%E7%8B%AC%E5%AE%B6 wait_after_load_ms=1800 slider_ui_ready_max_ms=20000
2026-04-24 10:21:45 [kr36] playwright_slider_ok phase='search-listing-step4' url=https://36kr.com/search/articles/36%E6%B0%AA%E7%8B%AC%E5%AE%B6 html_length=102524
2026-04-24 10:21:46 [kr36] search_listing_csr_enriched url=https://36kr.com/search/articles/36%E6%B0%AA%E7%8B%AC%E5%AE%B6 html_length=102524
2026-04-24 10:21:46 [kr36] fetch_ok method=curl_playwright_search url=https://36kr.com/search/articles/36%E6%B0%AA%E7%8B%AC%E5%AE%B6 html_length=102524
2026-04-24 10:21:46 [kr36] search_date_filtered fixed_category=36氪独家 pub=2026-04-21 window=2026-04-13~2026-04-19
2026-04-24 10:21:46 [kr36] search_date_filtered fixed_category=36氪独家 pub=2026-04-20 window=2026-04-13~2026-04-19
2026-04-24 10:21:46 [kr36] search_date_filtered fixed_category=36氪独家 pub=2026-04-09 window=2026-04-13~2026-04-19
2026-04-24 10:21:46 [kr36] search_date_filtered fixed_category=36氪独家 pub=2026-04-02 window=2026-04-13~2026-04-19
2026-04-24 10:21:46 [kr36] search_date_filtered fixed_category=36氪独家 pub=2026-04-02 window=2026-04-13~2026-04-19
2026-04-24 10:21:46 [kr36] search_date_filtered fixed_category=36氪独家 pub=2026-03-26 window=2026-04-13~2026-04-19
2026-04-24 10:21:46 [kr36] search_date_filtered fixed_category=36氪独家 pub=2026-03-31 window=2026-04-13~2026-04-19
2026-04-24 10:21:46 [kr36] search_date_filtered fixed_category=36氪独家 pub=2026-03-19 window=2026-04-13~2026-04-19
2026-04-24 10:21:46 [kr36] search_date_filtered fixed_category=36氪独家 pub=2026-03-05 window=2026-04-13~2026-04-19
2026-04-24 10:21:46 [kr36] search_date_filtered fixed_category=36氪独家 pub=2026-03-16 window=2026-04-13~2026-04-19
2026-04-24 10:21:46 [kr36] search_date_filtered fixed_category=36氪独家 pub=2026-03-24 window=2026-04-13~2026-04-19
2026-04-24 10:21:46 [kr36] search_date_filtered fixed_category=36氪独家 pub=2026-03-04 window=2026-04-13~2026-04-19
2026-04-24 10:21:46 [kr36] search_date_filtered fixed_category=36氪独家 pub=2026-01-22 window=2026-04-13~2026-04-19
2026-04-24 10:21:46 [kr36] search_date_filtered fixed_category=36氪独家 pub=2026-01-15 window=2026-04-13~2026-04-19
2026-04-24 10:21:46 [kr36] search_date_filtered fixed_category=36氪独家 pub=2026-01-14 window=2026-04-13~2026-04-19
2026-04-24 10:21:46 [kr36] search_date_filtered fixed_category=36氪独家 pub=2026-01-07 window=2026-04-13~2026-04-19
2026-04-24 10:21:46 [kr36] search_date_filtered fixed_category=36氪独家 pub=2026-01-15 window=2026-04-13~2026-04-19
2026-04-24 10:21:46 [kr36] search_date_filtered fixed_category=36氪独家 pub=2026-01-26 window=2026-04-13~2026-04-19
2026-04-24 10:21:46 [kr36] search_date_filtered fixed_category=36氪独家 pub=2026-02-26 window=2026-04-13~2026-04-19
2026-04-24 10:21:46 [kr36] round_end page=3 round=3/5 stage=search category=36氪独家 status=ok fetched=1 total_refs=2 elapsed_ms=34175
2026-04-24 10:21:46 [kr36] 完成搜索页(36氪独家)，数据 1 条，累计 2 条
2026-04-24 10:21:46 [kr36] round_next round=4/5 stage=search_or_channel
2026-04-24 10:21:46 [kr36] round_start page=4 round=4/5 stage=channel url=https://36kr.com/information/AI/
2026-04-24 10:21:46 [kr36] 进入频道页，数据 0 条，累计 2 条
2026-04-24 10:21:46 [kr36] throttle_wait url=https://36kr.com/information/AI/ wait_ms=9950 global_wait_ms=9950 same_url_wait_ms=0 risk_wait_ms=0
2026-04-24 10:21:56 [kr36] fetch_start url=https://36kr.com/information/AI/
2026-04-24 10:21:56 [kr36] fetch_ok method=curl url=https://36kr.com/information/AI/ html_length=1460
2026-04-24 10:21:56 [kr36] step4_recover_trigger url=https://36kr.com/information/AI/ phase=step1-channel reason=risk_interstitial
2026-04-24 10:21:56 [kr36] playwright_slider_start phase='step1-channel' url=https://36kr.com/information/AI/ headless=false channel='msedge'
2026-04-24 10:22:15 [kr36] playwright_slider_url_settled phase='step1-channel' final_url='https://36kr.com/information/AI/'
2026-04-24 10:22:15 [kr36] playwright_slider_preloop phase='step1-channel' url=https://36kr.com/information/AI/ wait_after_load_ms=1800 slider_ui_ready_max_ms=20000
2026-04-24 10:22:19 [kr36] playwright_slider_ok phase='step1-channel' url=https://36kr.com/information/AI/ html_length=126761
2026-04-24 10:22:20 [kr36] round_end page=4 round=4/5 stage=channel status=ok url=https://36kr.com/information/AI/ fetched=50 total_refs=52 elapsed_ms=34044
2026-04-24 10:22:20 [kr36] 完成频道页，数据 50 条，累计 52 条
2026-04-24 10:22:20 [kr36] round_next round=5/5 stage=channel
2026-04-24 10:22:20 [kr36] round_start page=5 round=5/5 stage=channel url=https://36kr.com/information/contact/
2026-04-24 10:22:20 [kr36] 进入频道页，数据 0 条，累计 52 条
2026-04-24 10:22:20 [kr36] throttle_wait url=https://36kr.com/information/contact/ wait_ms=9736 global_wait_ms=9736 same_url_wait_ms=0 risk_wait_ms=0
2026-04-24 10:22:30 [kr36] fetch_start url=https://36kr.com/information/contact/
2026-04-24 10:22:30 [kr36] fetch_ok method=curl url=https://36kr.com/information/contact/ html_length=1460
2026-04-24 10:22:30 [kr36] step4_recover_trigger url=https://36kr.com/information/contact/ phase=step1-channel reason=risk_interstitial
2026-04-24 10:22:30 [kr36] playwright_slider_start phase='step1-channel' url=https://36kr.com/information/contact/ headless=false channel='msedge'
2026-04-24 10:22:48 [kr36] playwright_slider_url_settled phase='step1-channel' final_url='https://36kr.com/information/contact/'
2026-04-24 10:22:48 [kr36] playwright_slider_preloop phase='step1-channel' url=https://36kr.com/information/contact/ wait_after_load_ms=1800 slider_ui_ready_max_ms=20000
2026-04-24 10:22:52 [kr36] playwright_slider_ok phase='step1-channel' url=https://36kr.com/information/contact/ html_length=128562
2026-04-24 10:22:53 [kr36] round_end page=5 round=5/5 stage=channel status=ok url=https://36kr.com/information/contact/ fetched=14 total_refs=66 elapsed_ms=33479
2026-04-24 10:22:53 [kr36] 完成频道页，数据 14 条，累计 66 条
2026-04-24 10:22:53 [kr36] listing_end report_date=2026-04-24 total_refs=76 stopped_by=normal_complete
[kr36] 2026-04-24 10:39:55 finished with exit code 0.
