[kr36] 2026-04-23 10:45:17 starting daily brief run (no email)...
[kr36] PROJECT_ROOT=E:\AI\touzifenxi
[kr36] PYTHON_BIN=E:\AI\touzifenxi\.venv\Scripts\python.exe
[kr36] TIMEOUT=40s
[kr36] LOG_FILE=E:\AI\touzifenxi\logs\kr36\kr36_20260423_104517.log
[kr36] running: "E:\AI\touzifenxi\.venv\Scripts\python.exe" scripts\websearch.py run --source 36kr --timeout 40
2026-04-23 10:45:18 [kr36] listing_begin report_date=2026-04-23 rounds_total=11 candidate_limit=120 parallel=true step0.5_plus_step1
2026-04-23 10:45:18 [kr36] step0.5_topic_round_start page=1 round=1/11 stage=topics url=https://36kr.com/topics/
2026-04-23 10:45:18 [kr36] step1_listing_next round=2/11 stage=activity
2026-04-23 10:45:18 [kr36] 进入专题页(0.5步)，数据 0 条，累计 0 条
 url=https://36kr.com/activity
2026-04-23 10:45:18 [kr36] 进入活动页，数据 0 条，累计 0 条
2026-04-23 10:45:18 [kr36] fetch_start url=https://36kr.com/topics/
2026-04-23 10:45:18 [kr36] fetch_start url=https://36kr.com/activity
2026-04-23 10:45:20 [kr36] fetch_ok method=curl url=https://36kr.com/activity html_length=61604
2026-04-23 10:45:20 [kr36] step4_recover_trigger url=https://36kr.com/activity phase=step1-activity looks_like_captcha=false auto_solver=true
2026-04-23 10:45:20 [kr36] fetch_ok method=curl url=https://36kr.com/topics/ html_length=73868
2026-04-23 10:45:20 [kr36] step4_recover_trigger url=https://36kr.com/topics/ phase=step0.5-topics looks_like_captcha=false auto_solver=true
2026-04-23 10:45:20 [kr36] playwright_slider_start phase='step0.5-topics' url=https://36kr.com/topics/ headless=false channel='msedge'

2026-04-23 10:45:39 [kr36] playwright_slider_preloop phase='step1-activity' url=https://36kr.com/activity wait_after_load_ms=1800 slider_ui_ready_max_ms=20000
2026-04-23 10:45:40 [kr36] playwright_slider_preloop phase='step0.5-topics' url=https://36kr.com/topics/ wait_after_load_ms=1800 slider_ui_ready_max_ms=20000
2026-04-23 10:45:43 [kr36] playwright_slider_ok phase='step1-activity' url=https://36kr.com/activity html_length=72171
2026-04-23 10:45:43 [kr36] step1-activity_ risk_post_success_dwell start_ms=180000
2026-04-23 10:45:44 [kr36] playwright_slider_ok phase='step0.5-topics' url=https://36kr.com/topics/ html_length=88025
2026-04-23 10:45:44 [kr36] step0.5-topics_ risk_post_success_dwell start_ms=180000
2026-04-23 10:48:11 [kr36] step0.5-topics_ risk_post_success_dwell_error err=TargetClosedError('Page.wait_for_timeout: Target page, context or browser has been closed')
2026-04-23 10:48:12 [kr36] fetch_start url=https://36kr.com/topics/3770543132934659
2026-04-23 10:48:13 [kr36] step1-activity_ risk_post_success_dwell_error err=TargetClosedError('Page.wait_for_timeout: Target page, context or browser has been closed')
2026-04-23 10:48:13 [kr36] round_end page=2 round=2/11 stage=activity status=ok fetched=2 total_refs=2 elapsed_ms=175820
2026-04-23 10:48:14 [kr36] 完成活动页，数据 2 条，累计 2 条
2026-04-23 10:48:14 [kr36] round_next round=3/11 stage=search
2026-04-23 10:48:14 [kr36] round_start page=3 round=3/11 stage=search category=36氪独家 url=https://36kr.com/search/articles/36%E6%B0%AA%E7%8B%AC%E5%AE%B6
2026-04-23 10:48:14 [kr36] 进入搜索页(36氪独家)，数据 0 条，累计 2 条
2026-04-23 10:48:14 [kr36] fetch_start url=https://36kr.com/search/articles/36%E6%B0%AA%E7%8B%AC%E5%AE%B6
2026-04-23 10:48:14 [kr36] fetch_ok method=curl url=https://36kr.com/topics/3770543132934659 html_length=76044
2026-04-23 10:48:14 [kr36] step4_recover_trigger url=https://36kr.com/topics/3770543132934659 phase=topic-detail looks_like_captcha=false auto_solver=true
2026-04-23 10:48:14 [kr36] playwright_slider_start phase='topic-detail' url=https://36kr.com/topics/3770543132934659 headless=false channel='msedge'
2026-04-23 10:48:15 [kr36] search_enrich_direct_step4 reason=auto_solver url=https://36kr.com/search/articles/36%E6%B0%AA%E7%8B%AC%E5%AE%B6
2026-04-23 10:48:15 [kr36] playwright_slider_start phase='search-listing-step4' url=https://36kr.com/search/articles/36%E6%B0%AA%E7%8B%AC%E5%AE%B6 headless=false channel='msedge'
2026-04-23 10:48:32 [kr36] playwright_slider_preloop phase='topic-detail' url=https://36kr.com/topics/3770543132934659 wait_after_load_ms=1800 slider_ui_ready_max_ms=20000
2026-04-23 10:48:36 [kr36] playwright_slider_ok phase='topic-detail' url=https://36kr.com/topics/3770543132934659 html_length=88459
2026-04-23 10:48:36 [kr36] topic-detail_ risk_post_success_dwell start_ms=180000
2026-04-23 10:48:39 [kr36] playwright_slider_preloop phase='search-listing-step4' url=https://36kr.com/search/articles/36%E6%B0%AA%E7%8B%AC%E5%AE%B6 wait_after_load_ms=1800 slider_ui_ready_max_ms=20000
2026-04-23 10:48:39 [kr36] playwright_slider_wait_ui phase='search-listing-step4' url=https://36kr.com/search/articles/36%E6%B0%AA%E7%8B%AC%E5%AE%B6 ui_ready=true
2026-04-23 10:48:44 [kr36] slider_captcha_solve_result attempted=true
2026-04-23 10:48:44 [kr36] playwright_slider_attempt phase='search-listing-step4' url=https://36kr.com/search/articles/36%E6%B0%AA%E7%8B%AC%E5%AE%B6 attempted=true
2026-04-23 10:48:49 [kr36] playwright_slider_error phase='search-listing-step4' url=https://36kr.com/search/articles/36%E6%B0%AA%E7%8B%AC%E5%AE%B6 error=Page.wait_for_timeout: Target page, context or browser has been closed
2026-04-23 10:48:49 [kr36] fetch_ok method=curl url=https://36kr.com/search/articles/36%E6%B0%AA%E7%8B%AC%E5%AE%B6 html_length=2118
2026-04-23 10:48:49 [kr36] step4_recover_trigger url=https://36kr.com/search/articles/36%E6%B0%AA%E7%8B%AC%E5%AE%B6 phase=step1-search looks_like_captcha=false auto_solver=true
2026-04-23 10:48:49 [kr36] playwright_slider_start phase='step1-search' url=https://36kr.com/search/articles/36%E6%B0%AA%E7%8B%AC%E5%AE%B6 headless=false channel='msedge'
2026-04-23 10:48:50 [kr36] topic-detail_ risk_post_success_dwell_error err=TargetClosedError('Page.wait_for_timeout: Target page, context or browser has been closed')
2026-04-23 10:48:51 [kr36] fetch_start url=https://36kr.com/video/3766585318896386
2026-04-23 10:48:53 [kr36] fetch_ok method=curl url=https://36kr.com/video/3766585318896386 html_length=60285
2026-04-23 10:48:53 [kr36] topic_video_cdn_extract count=7 html_len=60285 preview='https://videos.36krcdn.com/20260414/v2_1776165984015_video_mp4_v11' page='https://36kr.com/video/3766585318896386'
2026-04-23 10:49:06 [kr36] playwright_slider_preloop phase='step1-search' url=https://36kr.com/search/articles/36%E6%B0%AA%E7%8B%AC%E5%AE%B6 wait_after_load_ms=1800 slider_ui_ready_max_ms=20000
2026-04-23 10:49:10 [kr36] playwright_slider_ok phase='step1-search' url=https://36kr.com/search/articles/36%E6%B0%AA%E7%8B%AC%E5%AE%B6 html_length=102530
2026-04-23 10:49:10 [kr36] step1-search_ risk_post_success_dwell start_ms=180000
2026-04-23 10:49:39 [kr36] topic_video_download_ok cdn='https://videos.36krcdn.com/20260414/v2_1776165984015_video_mp4_v11' local=E:\AI\touzifenxi\output\reports\kr36_report\kr36_search_202604231045\kr36_topic_downloads\本周有大事丨大疆八年熵减，汪滔十年修行；为了保住同伙，AI有多癫；新中产收割机，想挑战Lululemon_\2026-04-15\videos\氪大事___为了保住同伙，AI有多癫？_36kr_topic_video_3766585318896386.mp4
2026-04-23 10:50:03 [kr36] topic_asr_ok chars=1181 transcript=E:\AI\touzifenxi\output\reports\kr36_report\kr36_search_202604231045\kr36_topic_downloads\本周有大事丨大疆八年熵减，汪滔十年修行；为了保住同伙，AI有多癫；新中产收割机，想挑战Lululemon_\2026-04-15\videos\氪大事___为了保住同伙，AI有多癫？_36kr_topic_video_3766585318896386.transcript.txt code=20000000 role=topic_video_asr_transcript
2026-04-23 10:50:03 [kr36] fetch_start url=https://36kr.com/video/3764840757948933
2026-04-23 10:50:05 [kr36] fetch_ok method=curl url=https://36kr.com/video/3764840757948933 html_length=59767
2026-04-23 10:50:05 [kr36] topic_video_cdn_extract count=7 html_len=59767 preview='https://videos.36krcdn.com/20260413/v2_1776051795825_video_mp4_v11' page='https://36kr.com/video/3764840757948933'
2026-04-23 10:50:26 [kr36] topic_video_download_ok cdn='https://videos.36krcdn.com/20260413/v2_1776051795825_video_mp4_v11' local=E:\AI\touzifenxi\output\reports\kr36_report\kr36_search_202604231045\kr36_topic_downloads\本周有大事丨大疆八年熵减，汪滔十年修行；为了保住同伙，AI有多癫；新中产收割机，想挑战Lululemon_\2026-04-14\videos\于东来和魏建军，两个“最轴”的老板“约会”了_36kr_topic_video_3764840757948933.mp4
2026-04-23 10:50:56 [kr36] topic_asr_ok chars=418 transcript=E:\AI\touzifenxi\output\reports\kr36_report\kr36_search_202604231045\kr36_topic_downloads\本周有大事丨大疆八年熵减，汪滔十年修行；为了保住同伙，AI有多癫；新中产收割机，想挑战Lululemon_\2026-04-14\videos\于东来和魏建军，两个“最轴”的老板“约会”了_36kr_topic_video_3764840757948933.transcript.txt code=20000000 role=topic_video_asr_transcript
2026-04-23 10:50:56 [kr36] fetch_start url=https://36kr.com/video/3765091828527880
2026-04-23 10:50:57 [kr36] fetch_ok method=curl url=https://36kr.com/video/3765091828527880 html_length=1460
2026-04-23 10:50:57 [kr36] topic_video_no_cdn_in_html len=1460 page='https://36kr.com/video/3765091828527880' trying_playwright_slider
2026-04-23 10:50:57 [kr36] topic_video_playwright_recover reason=no_cdn_in_html page='https://36kr.com/video/3765091828527880'
2026-04-23 10:50:57 [kr36] playwright_slider_start phase='step4-video' url=https://36kr.com/video/3765091828527880 headless=false channel='msedge'
2026-04-23 10:51:20 [kr36] playwright_slider_preloop phase='step4-video' url=https://36kr.com/video/3765091828527880 wait_after_load_ms=1800 slider_ui_ready_max_ms=20000
2026-04-23 10:51:20 [kr36] playwright_slider_wait_ui phase='step4-video' url=https://36kr.com/video/3765091828527880 ui_ready=true
2026-04-23 10:51:29 [kr36] step1-search_ risk_post_success_dwell_error err=TargetClosedError('Page.wait_for_timeout: Target page, context or browser has been closed')
2026-04-23 10:51:30 [kr36] round_end page=3 round=3/11 stage=search category=36氪独家 status=ok fetched=5 total_refs=7 elapsed_ms=196816
2026-04-23 10:51:30 [kr36] 完成搜索页(36氪独家)，数据 5 条，累计 7 条
2026-04-23 10:51:30 [kr36] round_next round=4/11 stage=search_or_channel
2026-04-23 10:51:30 [kr36] round_start page=4 round=4/11 stage=search category=深氪 url=https://36kr.com/search/articles/%E6%B7%B1%E6%B0%AA
2026-04-23 10:51:30 [kr36] 进入搜索页(深氪)，数据 0 条，累计 7 条
2026-04-23 10:51:30 [kr36] fetch_start url=https://36kr.com/search/articles/%E6%B7%B1%E6%B0%AA
