[kr36] 2026-04-23 12:22:42 starting daily brief run (no email)...
[kr36] PROJECT_ROOT=E:\AI\touzifenxi
[kr36] PYTHON_BIN=E:\AI\touzifenxi\.venv\Scripts\python.exe
[kr36] TIMEOUT=40s
[kr36] LOG_FILE=E:\AI\touzifenxi\logs\kr36\kr36_20260423_122241.log
[kr36] running: "E:\AI\touzifenxi\.venv\Scripts\python.exe" scripts\websearch.py run --source 36kr --timeout 40
2026-04-23 12:22:42 [kr36] listing_begin report_date=2026-04-23 rounds_total=12 candidate_limit=120 mode=sequential step0.5_then_step1
2026-04-23 12:22:42 [kr36] step0.5_topic_round_start page=1 round=1/12 stage=topics url=https://36kr.com/topics/
2026-04-23 12:22:42 [kr36] 进入专题页(0.5步)，数据 0 条，累计 0 条
2026-04-23 12:22:42 [kr36] fetch_start url=https://36kr.com/topics/
2026-04-23 12:22:45 [kr36] fetch_ok method=curl url=https://36kr.com/topics/ html_length=73868
2026-04-23 12:22:45 [kr36] throttle_wait url=https://36kr.com/topics/3770543132934659 wait_ms=22668 global_wait_ms=22668 same_url_wait_ms=0 risk_wait_ms=0
2026-04-23 12:23:07 [kr36] fetch_start url=https://36kr.com/topics/3770543132934659
2026-04-23 12:23:11 [kr36] fetch_ok method=curl url=https://36kr.com/topics/3770543132934659 html_length=1460
2026-04-23 12:23:11 [kr36] throttle_wait url=https://36kr.com/topics/3771153216865028 wait_ms=18700 global_wait_ms=18700 same_url_wait_ms=0 risk_wait_ms=0
2026-04-23 12:23:30 [kr36] fetch_start url=https://36kr.com/topics/3771153216865028
2026-04-23 12:23:33 [kr36] fetch_ok method=curl url=https://36kr.com/topics/3771153216865028 html_length=1460
2026-04-23 12:23:33 [kr36] step0.5_topic_round_end page=1 round=1/12 stage=topics status=ok fetched=2 total_topic_refs=2 elapsed_ms=50837
2026-04-23 12:23:33 [kr36] 完成专题页(0.5步)，数据 2 条，累计 2 条
2026-04-23 12:23:33 [kr36] step1_listing_next round=2/12 stage=activity
2026-04-23 12:23:33 [kr36] step1_main_round_start page=2 round=2/12 stage=activity url=https://36kr.com/activity
2026-04-23 12:23:33 [kr36] 进入活动页，数据 0 条，累计 0 条
2026-04-23 12:23:33 [kr36] throttle_wait url=https://36kr.com/activity wait_ms=16960 global_wait_ms=16960 same_url_wait_ms=0 risk_wait_ms=0
2026-04-23 12:23:50 [kr36] fetch_start url=https://36kr.com/activity
2026-04-23 12:23:52 [kr36] topics_activity_enrich_direct_step4 reason=auto_solver url=https://36kr.com/activity page_kind=activity
2026-04-23 12:23:52 [kr36] playwright_slider_start phase='topics-activity-step4-activity' url=https://36kr.com/activity headless=false channel='msedge'
2026-04-23 12:24:16 [kr36] playwright_slider_preloop phase='topics-activity-step4-activity' url=https://36kr.com/activity wait_after_load_ms=1800 slider_ui_ready_max_ms=20000
2026-04-23 12:24:16 [kr36] playwright_slider_wait_ui phase='topics-activity-step4-activity' url=https://36kr.com/activity ui_ready=true
2026-04-23 12:24:34 [kr36] slider_captcha_solve_result attempted=true
2026-04-23 12:24:35 [kr36] playwright_slider_attempt phase='topics-activity-step4-activity' url=https://36kr.com/activity attempted=true
2026-04-23 12:24:42 [kr36] playwright_slider_csr_list_ready phase='topics-activity-step4-activity' url=https://36kr.com/activity selector='.activity-item, .kr-activity-list, .activity-list'
2026-04-23 12:24:43 [kr36] playwright_slider_after_solve phase='topics-activity-step4-activity' url=https://36kr.com/activity html_length=69859
2026-04-23 12:24:43 [kr36] playwright_slider_close_on_pass phase='topics-activity-step4-activity' url=https://36kr.com/activity
2026-04-23 12:24:44 [kr36] topics_activity_csr_enriched url=https://36kr.com/activity html_length=69859
2026-04-23 12:24:44 [kr36] fetch_ok method=curl_playwright_topics_activity url=https://36kr.com/activity html_length=69859
2026-04-23 12:24:44 [kr36] round_end page=2 round=2/12 stage=activity status=ok fetched=2 total_refs=2 elapsed_ms=71057
2026-04-23 12:24:44 [kr36] 完成活动页，数据 2 条，累计 2 条
2026-04-23 12:24:44 [kr36] round_next round=3/12 stage=search
2026-04-23 12:24:44 [kr36] round_start page=3 round=3/12 stage=search category=36氪独家 url=https://36kr.com/search/articles/36%E6%B0%AA%E7%8B%AC%E5%AE%B6 date_window=2026-04-17~2026-04-19
2026-04-23 12:24:44 [kr36] 进入搜索页(36氪独家)，数据 0 条，累计 2 条
2026-04-23 12:24:44 [kr36] fetch_start url=https://36kr.com/search/articles/36%E6%B0%AA%E7%8B%AC%E5%AE%B6
2026-04-23 12:24:46 [kr36] search_enrich_direct_step4 reason=auto_solver url=https://36kr.com/search/articles/36%E6%B0%AA%E7%8B%AC%E5%AE%B6
2026-04-23 12:24:46 [kr36] playwright_slider_start phase='search-listing-step4' url=https://36kr.com/search/articles/36%E6%B0%AA%E7%8B%AC%E5%AE%B6 headless=false channel='msedge'
2026-04-23 12:25:10 [kr36] playwright_slider_preloop phase='search-listing-step4' url=https://36kr.com/search/articles/36%E6%B0%AA%E7%8B%AC%E5%AE%B6 wait_after_load_ms=1800 slider_ui_ready_max_ms=20000
2026-04-23 12:25:11 [kr36] playwright_slider_wait_ui phase='search-listing-step4' url=https://36kr.com/search/articles/36%E6%B0%AA%E7%8B%AC%E5%AE%B6 ui_ready=true
2026-04-23 12:25:16 [kr36] slider_captcha_solve_result attempted=true
2026-04-23 12:25:16 [kr36] playwright_slider_attempt phase='search-listing-step4' url=https://36kr.com/search/articles/36%E6%B0%AA%E7%8B%AC%E5%AE%B6 attempted=true
2026-04-23 12:25:23 [kr36] playwright_slider_csr_list_ready phase='search-listing-step4' url=https://36kr.com/search/articles/36%E6%B0%AA%E7%8B%AC%E5%AE%B6 selector='.kr-search-result-list-main'
2026-04-23 12:25:23 [kr36] playwright_slider_after_solve phase='search-listing-step4' url=https://36kr.com/search/articles/36%E6%B0%AA%E7%8B%AC%E5%AE%B6 html_length=99336
2026-04-23 12:25:23 [kr36] playwright_slider_close_on_pass phase='search-listing-step4' url=https://36kr.com/search/articles/36%E6%B0%AA%E7%8B%AC%E5%AE%B6
2026-04-23 12:25:24 [kr36] search_listing_csr_enriched url=https://36kr.com/search/articles/36%E6%B0%AA%E7%8B%AC%E5%AE%B6 html_length=99336
2026-04-23 12:25:24 [kr36] fetch_ok method=curl_playwright_search url=https://36kr.com/search/articles/36%E6%B0%AA%E7%8B%AC%E5%AE%B6 html_length=99336
2026-04-23 12:25:24 [kr36] search_date_filtered fixed_category=36氪独家 pub=2026-04-21 window=2026-04-17~2026-04-19
2026-04-23 12:25:24 [kr36] search_date_filtered fixed_category=36氪独家 pub=2026-04-20 window=2026-04-17~2026-04-19
2026-04-23 12:25:24 [kr36] search_date_filtered fixed_category=36氪独家 pub=2026-04-09 window=2026-04-17~2026-04-19
2026-04-23 12:25:24 [kr36] search_date_filtered fixed_category=36氪独家 pub=2026-04-02 window=2026-04-17~2026-04-19
2026-04-23 12:25:24 [kr36] search_date_filtered fixed_category=36氪独家 pub=2026-04-02 window=2026-04-17~2026-04-19
2026-04-23 12:25:25 [kr36] search_date_filtered fixed_category=36氪独家 pub=2026-03-26 window=2026-04-17~2026-04-19
2026-04-23 12:25:25 [kr36] search_date_filtered fixed_category=36氪独家 pub=2026-03-31 window=2026-04-17~2026-04-19
2026-04-23 12:25:25 [kr36] search_date_filtered fixed_category=36氪独家 pub=2026-03-19 window=2026-04-17~2026-04-19
2026-04-23 12:25:25 [kr36] search_date_filtered fixed_category=36氪独家 pub=2026-03-16 window=2026-04-17~2026-04-19
2026-04-23 12:25:25 [kr36] search_date_filtered fixed_category=36氪独家 pub=2026-03-05 window=2026-04-17~2026-04-19
2026-04-23 12:25:25 [kr36] search_date_filtered fixed_category=36氪独家 pub=2026-03-24 window=2026-04-17~2026-04-19
2026-04-23 12:25:25 [kr36] search_date_filtered fixed_category=36氪独家 pub=2026-03-04 window=2026-04-17~2026-04-19
2026-04-23 12:25:25 [kr36] search_date_filtered fixed_category=36氪独家 pub=2026-01-22 window=2026-04-17~2026-04-19
2026-04-23 12:25:25 [kr36] search_date_filtered fixed_category=36氪独家 pub=2026-01-15 window=2026-04-17~2026-04-19
2026-04-23 12:25:25 [kr36] search_date_filtered fixed_category=36氪独家 pub=2026-01-14 window=2026-04-17~2026-04-19
2026-04-23 12:25:25 [kr36] search_date_filtered fixed_category=36氪独家 pub=2026-01-07 window=2026-04-17~2026-04-19
2026-04-23 12:25:25 [kr36] search_date_filtered fixed_category=36氪独家 pub=2026-01-15 window=2026-04-17~2026-04-19
2026-04-23 12:25:25 [kr36] search_date_filtered fixed_category=36氪独家 pub=2026-01-26 window=2026-04-17~2026-04-19
2026-04-23 12:25:25 [kr36] search_date_filtered fixed_category=36氪独家 pub=2026-02-26 window=2026-04-17~2026-04-19
2026-04-23 12:25:25 [kr36] round_end page=3 round=3/12 stage=search category=36氪独家 status=ok fetched=1 total_refs=3 elapsed_ms=40195
2026-04-23 12:25:25 [kr36] 完成搜索页(36氪独家)，数据 1 条，累计 3 条
2026-04-23 12:25:25 [kr36] round_next round=4/12 stage=search_or_channel
2026-04-23 12:25:25 [kr36] round_start page=4 round=4/12 stage=search category=深氪 url=https://36kr.com/search/articles/%E6%B7%B1%E6%B0%AA date_window=2026-04-17~2026-04-19
2026-04-23 12:25:25 [kr36] 进入搜索页(深氪)，数据 0 条，累计 3 条
2026-04-23 12:25:25 [kr36] fetch_start url=https://36kr.com/search/articles/%E6%B7%B1%E6%B0%AA
2026-04-23 12:25:27 [kr36] search_enrich_direct_step4 reason=auto_solver url=https://36kr.com/search/articles/%E6%B7%B1%E6%B0%AA
2026-04-23 12:25:27 [kr36] playwright_slider_start phase='search-listing-step4' url=https://36kr.com/search/articles/%E6%B7%B1%E6%B0%AA headless=false channel='msedge'
2026-04-23 12:25:47 [kr36] playwright_slider_preloop phase='search-listing-step4' url=https://36kr.com/search/articles/%E6%B7%B1%E6%B0%AA wait_after_load_ms=1800 slider_ui_ready_max_ms=20000
2026-04-23 12:25:51 [kr36] playwright_slider_ok phase='search-listing-step4' url=https://36kr.com/search/articles/%E6%B7%B1%E6%B0%AA html_length=100519
2026-04-23 12:25:52 [kr36] search_listing_csr_enriched url=https://36kr.com/search/articles/%E6%B7%B1%E6%B0%AA html_length=100519
2026-04-23 12:25:52 [kr36] fetch_ok method=curl_playwright_search url=https://36kr.com/search/articles/%E6%B7%B1%E6%B0%AA html_length=100519
2026-04-23 12:25:52 [kr36] search_date_filtered fixed_category=深氪 pub=2026-01-09 window=2026-04-17~2026-04-19
2026-04-23 12:25:52 [kr36] search_date_filtered fixed_category=深氪 pub=2025-12-08 window=2026-04-17~2026-04-19
2026-04-23 12:25:52 [kr36] search_date_filtered fixed_category=深氪 pub=2025-12-12 window=2026-04-17~2026-04-19
2026-04-23 12:25:52 [kr36] search_date_filtered fixed_category=深氪 pub=2025-12-31 window=2026-04-17~2026-04-19
2026-04-23 12:25:52 [kr36] search_date_filtered fixed_category=深氪 pub=2025-09-17 window=2026-04-17~2026-04-19
2026-04-23 12:25:52 [kr36] search_date_filtered fixed_category=深氪 pub=2025-11-14 window=2026-04-17~2026-04-19
2026-04-23 12:25:52 [kr36] search_date_filtered fixed_category=深氪 pub=2025-10-24 window=2026-04-17~2026-04-19
2026-04-23 12:25:52 [kr36] search_date_filtered fixed_category=深氪 pub=2025-10-10 window=2026-04-17~2026-04-19
2026-04-23 12:25:52 [kr36] search_date_filtered fixed_category=深氪 pub=2025-07-12 window=2026-04-17~2026-04-19
2026-04-23 12:25:52 [kr36] search_date_filtered fixed_category=深氪 pub=2025-05-28 window=2026-04-17~2026-04-19
2026-04-23 12:25:52 [kr36] search_date_filtered fixed_category=深氪 pub=2025-07-23 window=2026-04-17~2026-04-19
2026-04-23 12:25:52 [kr36] search_date_filtered fixed_category=深氪 pub=2025-08-21 window=2026-04-17~2026-04-19
2026-04-23 12:25:52 [kr36] search_date_filtered fixed_category=深氪 pub=2025-07-14 window=2026-04-17~2026-04-19
2026-04-23 12:25:52 [kr36] search_date_filtered fixed_category=深氪 pub=2025-07-21 window=2026-04-17~2026-04-19
2026-04-23 12:25:52 [kr36] search_date_filtered fixed_category=深氪 pub=2024-08-01 window=2026-04-17~2026-04-19
2026-04-23 12:25:52 [kr36] search_date_filtered fixed_category=深氪 pub=2025-04-25 window=2026-04-17~2026-04-19
2026-04-23 12:25:52 [kr36] search_date_filtered fixed_category=深氪 pub=2025-06-06 window=2026-04-17~2026-04-19
2026-04-23 12:25:52 [kr36] search_date_filtered fixed_category=深氪 pub=2025-03-06 window=2026-04-17~2026-04-19
2026-04-23 12:25:52 [kr36] search_date_filtered fixed_category=深氪 pub=2025-07-28 window=2026-04-17~2026-04-19
2026-04-23 12:25:52 [kr36] search_date_filtered fixed_category=深氪 pub=2024-10-09 window=2026-04-17~2026-04-19
2026-04-23 12:25:52 [kr36] search_date_filtered fixed_category=深氪 pub=2026-01-09 window=2026-04-17~2026-04-19
2026-04-23 12:25:52 [kr36] search_date_filtered fixed_category=深氪 pub=2025-12-08 window=2026-04-17~2026-04-19
2026-04-23 12:25:52 [kr36] search_date_filtered fixed_category=深氪 pub=2025-12-12 window=2026-04-17~2026-04-19
2026-04-23 12:25:52 [kr36] search_date_filtered fixed_category=深氪 pub=2025-12-31 window=2026-04-17~2026-04-19
2026-04-23 12:25:52 [kr36] search_date_filtered fixed_category=深氪 pub=2025-09-17 window=2026-04-17~2026-04-19
2026-04-23 12:25:52 [kr36] search_date_filtered fixed_category=深氪 pub=2025-11-14 window=2026-04-17~2026-04-19
2026-04-23 12:25:52 [kr36] search_date_filtered fixed_category=深氪 pub=2025-10-24 window=2026-04-17~2026-04-19
2026-04-23 12:25:52 [kr36] search_date_filtered fixed_category=深氪 pub=2025-10-10 window=2026-04-17~2026-04-19
2026-04-23 12:25:52 [kr36] search_date_filtered fixed_category=深氪 pub=2025-07-12 window=2026-04-17~2026-04-19
2026-04-23 12:25:52 [kr36] search_date_filtered fixed_category=深氪 pub=2025-05-28 window=2026-04-17~2026-04-19
2026-04-23 12:25:52 [kr36] search_date_filtered fixed_category=深氪 pub=2025-05-28 window=2026-04-17~2026-04-19
2026-04-23 12:25:52 [kr36] search_date_filtered fixed_category=深氪 pub=2025-07-23 window=2026-04-17~2026-04-19
2026-04-23 12:25:52 [kr36] search_date_filtered fixed_category=深氪 pub=2025-08-21 window=2026-04-17~2026-04-19
2026-04-23 12:25:52 [kr36] search_date_filtered fixed_category=深氪 pub=2025-07-14 window=2026-04-17~2026-04-19
2026-04-23 12:25:52 [kr36] search_date_filtered fixed_category=深氪 pub=2025-07-21 window=2026-04-17~2026-04-19
2026-04-23 12:25:52 [kr36] search_date_filtered fixed_category=深氪 pub=2024-08-01 window=2026-04-17~2026-04-19
2026-04-23 12:25:52 [kr36] search_date_filtered fixed_category=深氪 pub=2025-04-25 window=2026-04-17~2026-04-19
2026-04-23 12:25:52 [kr36] search_date_filtered fixed_category=深氪 pub=2025-06-06 window=2026-04-17~2026-04-19
2026-04-23 12:25:52 [kr36] search_date_filtered fixed_category=深氪 pub=2025-03-06 window=2026-04-17~2026-04-19
2026-04-23 12:25:52 [kr36] search_date_filtered fixed_category=深氪 pub=2025-07-28 window=2026-04-17~2026-04-19
2026-04-23 12:25:52 [kr36] search_date_parse_failed fixed_category=深氪 window=2026-04-17~2026-04-19 item_html_len=1335 action=exclude
2026-04-23 12:25:52 [kr36] search_date_filtered fixed_category=深氪 pub=2026-01-09 window=2026-04-17~2026-04-19
2026-04-23 12:25:53 [kr36] search_date_filtered fixed_category=深氪 pub=2026-01-09 window=2026-04-17~2026-04-19
2026-04-23 12:25:53 [kr36] search_date_filtered fixed_category=深氪 pub=2025-12-08 window=2026-04-17~2026-04-19
2026-04-23 12:25:53 [kr36] search_date_filtered fixed_category=深氪 pub=2025-12-08 window=2026-04-17~2026-04-19
2026-04-23 12:25:53 [kr36] search_date_filtered fixed_category=深氪 pub=2025-12-12 window=2026-04-17~2026-04-19
2026-04-23 12:25:53 [kr36] search_date_filtered fixed_category=深氪 pub=2025-12-12 window=2026-04-17~2026-04-19
2026-04-23 12:25:53 [kr36] search_date_filtered fixed_category=深氪 pub=2025-12-31 window=2026-04-17~2026-04-19
2026-04-23 12:25:53 [kr36] search_date_filtered fixed_category=深氪 pub=2025-12-31 window=2026-04-17~2026-04-19
2026-04-23 12:25:53 [kr36] search_date_filtered fixed_category=深氪 pub=2025-09-17 window=2026-04-17~2026-04-19
2026-04-23 12:25:53 [kr36] search_date_filtered fixed_category=深氪 pub=2025-09-17 window=2026-04-17~2026-04-19
2026-04-23 12:25:53 [kr36] search_date_filtered fixed_category=深氪 pub=2025-11-14 window=2026-04-17~2026-04-19
2026-04-23 12:25:53 [kr36] search_date_filtered fixed_category=深氪 pub=2025-11-14 window=2026-04-17~2026-04-19
2026-04-23 12:25:53 [kr36] search_date_filtered fixed_category=深氪 pub=2025-10-24 window=2026-04-17~2026-04-19
2026-04-23 12:25:53 [kr36] search_date_filtered fixed_category=深氪 pub=2025-10-24 window=2026-04-17~2026-04-19
2026-04-23 12:25:53 [kr36] search_date_filtered fixed_category=深氪 pub=2025-10-10 window=2026-04-17~2026-04-19
2026-04-23 12:25:53 [kr36] search_date_filtered fixed_category=深氪 pub=2025-10-10 window=2026-04-17~2026-04-19
2026-04-23 12:25:53 [kr36] search_date_filtered fixed_category=深氪 pub=2025-07-12 window=2026-04-17~2026-04-19
2026-04-23 12:25:53 [kr36] search_date_filtered fixed_category=深氪 pub=2025-07-12 window=2026-04-17~2026-04-19
2026-04-23 12:25:53 [kr36] search_date_filtered fixed_category=深氪 pub=2025-05-28 window=2026-04-17~2026-04-19
2026-04-23 12:25:53 [kr36] search_date_filtered fixed_category=深氪 pub=2025-05-28 window=2026-04-17~2026-04-19
2026-04-23 12:25:53 [kr36] search_date_filtered fixed_category=深氪 pub=2025-07-23 window=2026-04-17~2026-04-19
2026-04-23 12:25:53 [kr36] search_date_filtered fixed_category=深氪 pub=2025-07-23 window=2026-04-17~2026-04-19
2026-04-23 12:25:53 [kr36] search_date_filtered fixed_category=深氪 pub=2025-08-21 window=2026-04-17~2026-04-19
2026-04-23 12:25:53 [kr36] search_date_filtered fixed_category=深氪 pub=2025-08-21 window=2026-04-17~2026-04-19
2026-04-23 12:25:53 [kr36] search_date_filtered fixed_category=深氪 pub=2025-07-14 window=2026-04-17~2026-04-19
2026-04-23 12:25:53 [kr36] search_date_filtered fixed_category=深氪 pub=2025-07-14 window=2026-04-17~2026-04-19
2026-04-23 12:25:53 [kr36] search_date_filtered fixed_category=深氪 pub=2025-07-21 window=2026-04-17~2026-04-19
2026-04-23 12:25:53 [kr36] search_date_filtered fixed_category=深氪 pub=2025-07-21 window=2026-04-17~2026-04-19
2026-04-23 12:25:53 [kr36] search_date_filtered fixed_category=深氪 pub=2024-08-01 window=2026-04-17~2026-04-19
2026-04-23 12:25:53 [kr36] search_date_filtered fixed_category=深氪 pub=2024-08-01 window=2026-04-17~2026-04-19
2026-04-23 12:25:53 [kr36] search_date_filtered fixed_category=深氪 pub=2025-04-25 window=2026-04-17~2026-04-19
2026-04-23 12:25:53 [kr36] search_date_filtered fixed_category=深氪 pub=2025-04-25 window=2026-04-17~2026-04-19
2026-04-23 12:25:53 [kr36] search_date_filtered fixed_category=深氪 pub=2025-06-06 window=2026-04-17~2026-04-19
2026-04-23 12:25:53 [kr36] search_date_filtered fixed_category=深氪 pub=2025-06-06 window=2026-04-17~2026-04-19
2026-04-23 12:25:53 [kr36] search_date_filtered fixed_category=深氪 pub=2025-03-06 window=2026-04-17~2026-04-19
2026-04-23 12:25:53 [kr36] search_date_filtered fixed_category=深氪 pub=2025-03-06 window=2026-04-17~2026-04-19
2026-04-23 12:25:53 [kr36] search_date_filtered fixed_category=深氪 pub=2025-07-28 window=2026-04-17~2026-04-19
2026-04-23 12:25:53 [kr36] search_date_filtered fixed_category=深氪 pub=2025-07-28 window=2026-04-17~2026-04-19
2026-04-23 12:25:53 [kr36] search_date_filtered fixed_category=深氪 pub=2024-10-09 window=2026-04-17~2026-04-19
2026-04-23 12:25:53 [kr36] search_date_filtered fixed_category=深氪 pub=2024-10-09 window=2026-04-17~2026-04-19
2026-04-23 12:25:53 [kr36] round_end page=4 round=4/12 stage=search category=深氪 status=ok fetched=0 total_refs=3 elapsed_ms=28367
2026-04-23 12:25:53 [kr36] search_zero_result category=深氪 html_length=100519 has_list_main=true has_search_item=true has_p_link=true risk_like=false
2026-04-23 12:25:53 [kr36] 完成搜索页(深氪)，数据 0 条，累计 3 条
2026-04-23 12:25:53 [kr36] round_next round=5/12 stage=search_or_channel
2026-04-23 12:25:53 [kr36] round_start page=5 round=5/12 stage=search category=后浪白皮书 url=https://36kr.com/search/articles/%E5%90%8E%E6%B5%AA%E7%99%BD%E7%9A%AE%E4%B9%A6 date_window=2026-04-17~2026-04-19
2026-04-23 12:25:53 [kr36] 进入搜索页(后浪白皮书)，数据 0 条，累计 3 条
2026-04-23 12:25:53 [kr36] fetch_start url=https://36kr.com/search/articles/%E5%90%8E%E6%B5%AA%E7%99%BD%E7%9A%AE%E4%B9%A6
2026-04-23 12:25:55 [kr36] search_enrich_direct_step4 reason=auto_solver url=https://36kr.com/search/articles/%E5%90%8E%E6%B5%AA%E7%99%BD%E7%9A%AE%E4%B9%A6
2026-04-23 12:25:55 [kr36] playwright_slider_start phase='search-listing-step4' url=https://36kr.com/search/articles/%E5%90%8E%E6%B5%AA%E7%99%BD%E7%9A%AE%E4%B9%A6 headless=false channel='msedge'
2026-04-23 12:26:41 [kr36] playwright_slider_error phase='search-listing-step4' url=https://36kr.com/search/articles/%E5%90%8E%E6%B5%AA%E7%99%BD%E7%9A%AE%E4%B9%A6 error=Page.goto: Timeout 35000ms exceeded.
Call log:
  - navigating to "https://36kr.com/search/articles/%E5%90%8E%E6%B5%AA%E7%99%BD%E7%9A%AE%E4%B9%A6", waiting until "load"

2026-04-23 12:26:41 [kr36] fetch_ok method=curl url=https://36kr.com/search/articles/%E5%90%8E%E6%B5%AA%E7%99%BD%E7%9A%AE%E4%B9%A6 html_length=33223
2026-04-23 12:26:41 [kr36] round_end page=5 round=5/12 stage=search category=后浪白皮书 status=ok fetched=0 total_refs=3 elapsed_ms=47869
2026-04-23 12:26:41 [kr36] search_zero_result category=后浪白皮书 html_length=33223 has_list_main=false has_search_item=false has_p_link=false risk_like=false
2026-04-23 12:26:41 [kr36] 完成搜索页(后浪白皮书)，数据 0 条，累计 3 条
2026-04-23 12:26:41 [kr36] round_next round=6/12 stage=search_or_channel
2026-04-23 12:26:41 [kr36] round_start page=6 round=6/12 stage=search category=行业日报 url=https://36kr.com/search/articles/%E8%A1%8C%E4%B8%9A%E6%97%A5%E6%8A%A5 date_window=2026-04-17~2026-04-19
2026-04-23 12:26:41 [kr36] 进入搜索页(行业日报)，数据 0 条，累计 3 条
2026-04-23 12:26:41 [kr36] fetch_start url=https://36kr.com/search/articles/%E8%A1%8C%E4%B8%9A%E6%97%A5%E6%8A%A5
2026-04-23 12:26:43 [kr36] search_enrich_direct_step4 reason=auto_solver url=https://36kr.com/search/articles/%E8%A1%8C%E4%B8%9A%E6%97%A5%E6%8A%A5
2026-04-23 12:26:43 [kr36] playwright_slider_start phase='search-listing-step4' url=https://36kr.com/search/articles/%E8%A1%8C%E4%B8%9A%E6%97%A5%E6%8A%A5 headless=false channel='msedge'
2026-04-23 12:27:04 [kr36] playwright_slider_preloop phase='search-listing-step4' url=https://36kr.com/search/articles/%E8%A1%8C%E4%B8%9A%E6%97%A5%E6%8A%A5 wait_after_load_ms=1800 slider_ui_ready_max_ms=20000
2026-04-23 12:27:08 [kr36] playwright_slider_ok phase='search-listing-step4' url=https://36kr.com/search/articles/%E8%A1%8C%E4%B8%9A%E6%97%A5%E6%8A%A5 html_length=68624
2026-04-23 12:27:09 [kr36] search_listing_csr_enriched url=https://36kr.com/search/articles/%E8%A1%8C%E4%B8%9A%E6%97%A5%E6%8A%A5 html_length=68624
2026-04-23 12:27:09 [kr36] fetch_ok method=curl_playwright_search url=https://36kr.com/search/articles/%E8%A1%8C%E4%B8%9A%E6%97%A5%E6%8A%A5 html_length=68624
2026-04-23 12:27:09 [kr36] search_date_filtered fixed_category=行业日报 pub=2026-03-25 window=2026-04-17~2026-04-19
2026-04-23 12:27:09 [kr36] search_date_filtered fixed_category=行业日报 pub=2021-03-24 window=2026-04-17~2026-04-19
2026-04-23 12:27:09 [kr36] search_date_filtered fixed_category=行业日报 pub=2020-01-02 window=2026-04-17~2026-04-19
2026-04-23 12:27:09 [kr36] search_date_filtered fixed_category=行业日报 pub=2026-03-25 window=2026-04-17~2026-04-19
2026-04-23 12:27:09 [kr36] search_date_filtered fixed_category=行业日报 pub=2021-03-24 window=2026-04-17~2026-04-19
2026-04-23 12:27:09 [kr36] search_date_filtered fixed_category=行业日报 pub=2020-01-02 window=2026-04-17~2026-04-19
2026-04-23 12:27:09 [kr36] search_date_parse_failed fixed_category=行业日报 window=2026-04-17~2026-04-19 item_html_len=1335 action=exclude
2026-04-23 12:27:09 [kr36] search_date_filtered fixed_category=行业日报 pub=2026-03-25 window=2026-04-17~2026-04-19
2026-04-23 12:27:09 [kr36] search_date_filtered fixed_category=行业日报 pub=2026-03-25 window=2026-04-17~2026-04-19
2026-04-23 12:27:09 [kr36] search_date_filtered fixed_category=行业日报 pub=2021-03-24 window=2026-04-17~2026-04-19
2026-04-23 12:27:09 [kr36] search_date_filtered fixed_category=行业日报 pub=2021-03-24 window=2026-04-17~2026-04-19
2026-04-23 12:27:09 [kr36] search_date_filtered fixed_category=行业日报 pub=2020-01-02 window=2026-04-17~2026-04-19
2026-04-23 12:27:09 [kr36] search_date_filtered fixed_category=行业日报 pub=2020-01-02 window=2026-04-17~2026-04-19
2026-04-23 12:27:09 [kr36] round_end page=6 round=6/12 stage=search category=行业日报 status=ok fetched=0 total_refs=3 elapsed_ms=28311
2026-04-23 12:27:09 [kr36] search_zero_result category=行业日报 html_length=68624 has_list_main=true has_search_item=true has_p_link=true risk_like=false
2026-04-23 12:27:09 [kr36] 完成搜索页(行业日报)，数据 0 条，累计 3 条
2026-04-23 12:27:09 [kr36] round_next round=7/12 stage=search_or_channel
2026-04-23 12:27:09 [kr36] round_start page=7 round=7/12 stage=search category=Long China 50 url=https://36kr.com/search/articles/Long%20China%2050 date_window=2026-04-17~2026-04-19
2026-04-23 12:27:09 [kr36] 进入搜索页(Long China 50)，数据 0 条，累计 3 条
2026-04-23 12:27:09 [kr36] fetch_start url=https://36kr.com/search/articles/Long%20China%2050
