[kr36] 2026-04-21 18:05:17 starting daily brief run (no email)...
[kr36] PROJECT_ROOT=E:\AI\touzifenxi
[kr36] PYTHON_BIN=E:\AI\touzifenxi\.venv\Scripts\python.exe
[kr36] TIMEOUT=50s
[kr36] LOG_FILE=E:\AI\touzifenxi\logs\kr36\kr36_20260421_180517.log
[kr36] running: "E:\AI\touzifenxi\.venv\Scripts\python.exe" scripts\websearch.py run --source 36kr --timeout 50
2026-04-21 18:05:24 [kr36] listing_begin report_date=2026-04-21 rounds_total=13 candidate_limit=120
2026-04-21 18:05:24 [kr36] round_start round=1/13 stage=topics url=https://36kr.com/topics/
2026-04-21 18:05:24 [kr36] 进入专题页，数据 0 条，累计 0 条
2026-04-21 18:05:24 [kr36] fetch_start url=https://36kr.com/topics/
2026-04-21 18:05:27 [kr36] fetch_ok method=curl url=https://36kr.com/topics/ html_length=73618
2026-04-21 18:05:27 [kr36] round_end round=1/13 stage=topics fetched=22 total_refs=22 elapsed_ms=2917
2026-04-21 18:05:27 [kr36] 完成专题页，数据 22 条，累计 22 条
2026-04-21 18:05:27 [kr36] round_next round=2/13 stage=activity
2026-04-21 18:05:27 [kr36] round_start round=2/13 stage=activity url=https://36kr.com/activity
2026-04-21 18:05:27 [kr36] 进入活动页，数据 0 条，累计 22 条
2026-04-21 18:05:27 [kr36] throttle_wait url=https://36kr.com/activity wait_ms=12304 global_wait_ms=12304 same_url_wait_ms=0
2026-04-21 18:05:39 [kr36] fetch_start url=https://36kr.com/activity
2026-04-21 18:05:41 [kr36] fetch_ok method=curl url=https://36kr.com/activity html_length=61603
2026-04-21 18:05:41 [kr36] round_end round=2/13 stage=activity fetched=8 total_refs=30 elapsed_ms=14538
2026-04-21 18:05:41 [kr36] 完成活动页，数据 8 条，累计 30 条
2026-04-21 18:05:41 [kr36] round_next round=3/13 stage=search
2026-04-21 18:05:41 [kr36] round_start round=3/13 stage=search category=36氪独家 url=https://36kr.com/search/articles/36%E6%B0%AA%E7%8B%AC%E5%AE%B6
2026-04-21 18:05:41 [kr36] 进入搜索页(36氪独家)，数据 0 条，累计 30 条
2026-04-21 18:05:41 [kr36] throttle_wait url=https://36kr.com/search/articles/36%E6%B0%AA%E7%8B%AC%E5%AE%B6 wait_ms=23673 global_wait_ms=23673 same_url_wait_ms=0
2026-04-21 18:06:05 [kr36] fetch_start url=https://36kr.com/search/articles/36%E6%B0%AA%E7%8B%AC%E5%AE%B6
2026-04-21 18:06:12 [kr36] search_playwright_start url=https://36kr.com/search/articles/36%E6%B0%AA%E7%8B%AC%E5%AE%B6 timeout_ms=35000 max_attempts=2
2026-04-21 18:06:37 [kr36] search_playwright_once_end url=https://36kr.com/search/articles/36%E6%B0%AA%E7%8B%AC%E5%AE%B6 html_length=103944
2026-04-21 18:06:38 [kr36] search_playwright_ok attempt=1 url=https://36kr.com/search/articles/36%E6%B0%AA%E7%8B%AC%E5%AE%B6 html_length=103944
2026-04-21 18:06:38 [kr36] search_listing_csr_enriched url=https://36kr.com/search/articles/36%E6%B0%AA%E7%8B%AC%E5%AE%B6 html_length=103944
2026-04-21 18:06:38 [kr36] fetch_ok method=curl_playwright_search url=https://36kr.com/search/articles/36%E6%B0%AA%E7%8B%AC%E5%AE%B6 html_length=103944
2026-04-21 18:06:38 [kr36] round_end round=3/13 stage=search category=36氪独家 fetched=5 total_refs=35 elapsed_ms=56290
2026-04-21 18:06:38 [kr36] 完成搜索页(36氪独家)，数据 5 条，累计 35 条
2026-04-21 18:06:38 [kr36] round_next round=4/13 stage=search_or_channel
2026-04-21 18:06:38 [kr36] round_start round=4/13 stage=search category=深氪 url=https://36kr.com/search/articles/%E6%B7%B1%E6%B0%AA
2026-04-21 18:06:38 [kr36] 进入搜索页(深氪)，数据 0 条，累计 35 条
2026-04-21 18:06:38 [kr36] fetch_start url=https://36kr.com/search/articles/%E6%B7%B1%E6%B0%AA
2026-04-21 18:06:40 [kr36] search_playwright_start url=https://36kr.com/search/articles/%E6%B7%B1%E6%B0%AA timeout_ms=35000 max_attempts=2
2026-04-21 18:07:02 [kr36] search_playwright_once_end url=https://36kr.com/search/articles/%E6%B7%B1%E6%B0%AA html_length=100796
2026-04-21 18:07:02 [kr36] search_playwright_ok attempt=1 url=https://36kr.com/search/articles/%E6%B7%B1%E6%B0%AA html_length=100796
2026-04-21 18:07:02 [kr36] search_listing_csr_enriched url=https://36kr.com/search/articles/%E6%B7%B1%E6%B0%AA html_length=100796
2026-04-21 18:07:02 [kr36] fetch_ok method=curl_playwright_search url=https://36kr.com/search/articles/%E6%B7%B1%E6%B0%AA html_length=100796
2026-04-21 18:07:02 [kr36] round_end round=4/13 stage=search category=深氪 fetched=5 total_refs=40 elapsed_ms=24588
2026-04-21 18:07:02 [kr36] 完成搜索页(深氪)，数据 5 条，累计 40 条
2026-04-21 18:07:02 [kr36] round_next round=5/13 stage=search_or_channel
2026-04-21 18:07:02 [kr36] round_start round=5/13 stage=search category=后浪白皮书 url=https://36kr.com/search/articles/%E5%90%8E%E6%B5%AA%E7%99%BD%E7%9A%AE%E4%B9%A6
2026-04-21 18:07:02 [kr36] 进入搜索页(后浪白皮书)，数据 0 条，累计 40 条
2026-04-21 18:07:02 [kr36] fetch_start url=https://36kr.com/search/articles/%E5%90%8E%E6%B5%AA%E7%99%BD%E7%9A%AE%E4%B9%A6
2026-04-21 18:07:04 [kr36] risk_entered method=curl url=https://36kr.com/search/articles/%E5%90%8E%E6%B5%AA%E7%99%BD%E7%9A%AE%E4%B9%A6 html_length=1460 has_verification_command=true
2026-04-21 18:07:04 [kr36] risk_verification_delay_before_command wait_ms=3000 url=https://36kr.com/search/articles/%E5%90%8E%E6%B5%AA%E7%99%BD%E7%9A%AE%E4%B9%A6
2026-04-21 18:07:07 [kr36] risk_verification_invoking_command url=https://36kr.com/search/articles/%E5%90%8E%E6%B5%AA%E7%99%BD%E7%9A%AE%E4%B9%A6
2026-04-21 18:07:07 [kr36] verification_command_start url=https://36kr.com/search/articles/%E5%90%8E%E6%B5%AA%E7%99%BD%E7%9A%AE%E4%B9%A6 playwright_mode=headless auto_solver_argv=['E:\\AI\\touzifenxi\\.venv\\Scripts\\python.exe', 'E:\\AI\\touzifenxi\\scripts\\kr36_risk_slider_solver.py', '--headless']
2026-04-21 18:07:31 [kr36] verification_command_end url=https://36kr.com/search/articles/%E5%90%8E%E6%B5%AA%E7%99%BD%E7%9A%AE%E4%B9%A6 return_code=3 ok=false
2026-04-21 18:07:31 [kr36] risk_verification_agent_browser_retry url=https://36kr.com/search/articles/%E5%90%8E%E6%B5%AA%E7%99%BD%E7%9A%AE%E4%B9%A6 verify_ok=false
2026-04-21 18:07:31 [kr36] verification_command_start url=https://36kr.com/search/articles/%E5%90%8E%E6%B5%AA%E7%99%BD%E7%9A%AE%E4%B9%A6 playwright_mode=agent-browser auto_solver_argv=['E:\\AI\\touzifenxi\\.venv\\Scripts\\python.exe', 'E:\\AI\\touzifenxi\\scripts\\kr36_risk_slider_solver.py']
2026-04-21 18:07:47 [kr36] verification_command_end url=https://36kr.com/search/articles/%E5%90%8E%E6%B5%AA%E7%99%BD%E7%9A%AE%E4%B9%A6 return_code=3 ok=false
2026-04-21 18:07:47 [kr36] round_end round=5/13 stage=search category=后浪白皮书 fetched=0 total_refs=40 elapsed_ms=44620
2026-04-21 18:07:47 [kr36] 完成搜索页(后浪白皮书)，数据 0 条，累计 40 条
2026-04-21 18:07:47 [kr36] round_next round=6/13 stage=search_or_channel
2026-04-21 18:07:47 [kr36] round_start round=6/13 stage=search category=行业日报 url=https://36kr.com/search/articles/%E8%A1%8C%E4%B8%9A%E6%97%A5%E6%8A%A5
2026-04-21 18:07:47 [kr36] 进入搜索页(行业日报)，数据 0 条，累计 40 条
2026-04-21 18:07:47 [kr36] fetch_start url=https://36kr.com/search/articles/%E8%A1%8C%E4%B8%9A%E6%97%A5%E6%8A%A5
2026-04-21 18:07:50 [kr36] risk_entered method=curl url=https://36kr.com/search/articles/%E8%A1%8C%E4%B8%9A%E6%97%A5%E6%8A%A5 html_length=1460 has_verification_command=true
2026-04-21 18:07:50 [kr36] risk_verification_delay_before_command wait_ms=3000 url=https://36kr.com/search/articles/%E8%A1%8C%E4%B8%9A%E6%97%A5%E6%8A%A5
2026-04-21 18:07:53 [kr36] risk_verification_invoking_command url=https://36kr.com/search/articles/%E8%A1%8C%E4%B8%9A%E6%97%A5%E6%8A%A5
2026-04-21 18:07:54 [kr36] verification_command_start url=https://36kr.com/search/articles/%E8%A1%8C%E4%B8%9A%E6%97%A5%E6%8A%A5 playwright_mode=headless auto_solver_argv=['E:\\AI\\touzifenxi\\.venv\\Scripts\\python.exe', 'E:\\AI\\touzifenxi\\scripts\\kr36_risk_slider_solver.py', '--headless']
2026-04-21 18:08:00 [kr36] verification_command_end url=https://36kr.com/search/articles/%E8%A1%8C%E4%B8%9A%E6%97%A5%E6%8A%A5 return_code=3 ok=false
2026-04-21 18:08:00 [kr36] risk_verification_agent_browser_retry url=https://36kr.com/search/articles/%E8%A1%8C%E4%B8%9A%E6%97%A5%E6%8A%A5 verify_ok=false
2026-04-21 18:08:00 [kr36] verification_command_start url=https://36kr.com/search/articles/%E8%A1%8C%E4%B8%9A%E6%97%A5%E6%8A%A5 playwright_mode=agent-browser auto_solver_argv=['E:\\AI\\touzifenxi\\.venv\\Scripts\\python.exe', 'E:\\AI\\touzifenxi\\scripts\\kr36_risk_slider_solver.py']
2026-04-21 18:08:08 [kr36] verification_command_end url=https://36kr.com/search/articles/%E8%A1%8C%E4%B8%9A%E6%97%A5%E6%8A%A5 return_code=3 ok=false
2026-04-21 18:08:08 [kr36] round_end round=6/13 stage=search category=行业日报 fetched=0 total_refs=40 elapsed_ms=21002
2026-04-21 18:08:08 [kr36] 完成搜索页(行业日报)，数据 0 条，累计 40 条
2026-04-21 18:08:08 [kr36] round_next round=7/13 stage=search_or_channel
2026-04-21 18:08:08 [kr36] round_start round=7/13 stage=search category=Long China 50 url=https://36kr.com/search/articles/Long%20China%2050
2026-04-21 18:08:08 [kr36] 进入搜索页(Long China 50)，数据 0 条，累计 40 条
2026-04-21 18:08:08 [kr36] throttle_wait url=https://36kr.com/search/articles/Long%20China%2050 wait_ms=2555 global_wait_ms=2555 same_url_wait_ms=0
2026-04-21 18:08:10 [kr36] fetch_start url=https://36kr.com/search/articles/Long%20China%2050
2026-04-21 18:08:12 [kr36] risk_entered method=curl url=https://36kr.com/search/articles/Long%20China%2050 html_length=1460 has_verification_command=true
2026-04-21 18:08:12 [kr36] risk_verification_delay_before_command wait_ms=3000 url=https://36kr.com/search/articles/Long%20China%2050
2026-04-21 18:08:15 [kr36] risk_verification_invoking_command url=https://36kr.com/search/articles/Long%20China%2050
2026-04-21 18:08:15 [kr36] verification_command_start url=https://36kr.com/search/articles/Long%20China%2050 playwright_mode=headless auto_solver_argv=['E:\\AI\\touzifenxi\\.venv\\Scripts\\python.exe', 'E:\\AI\\touzifenxi\\scripts\\kr36_risk_slider_solver.py', '--headless']
2026-04-21 18:08:20 [kr36] verification_command_end url=https://36kr.com/search/articles/Long%20China%2050 return_code=3 ok=false
2026-04-21 18:08:20 [kr36] risk_verification_agent_browser_retry url=https://36kr.com/search/articles/Long%20China%2050 verify_ok=false
2026-04-21 18:08:20 [kr36] verification_command_start url=https://36kr.com/search/articles/Long%20China%2050 playwright_mode=agent-browser auto_solver_argv=['E:\\AI\\touzifenxi\\.venv\\Scripts\\python.exe', 'E:\\AI\\touzifenxi\\scripts\\kr36_risk_slider_solver.py']
2026-04-21 18:08:27 [kr36] verification_command_end url=https://36kr.com/search/articles/Long%20China%2050 return_code=3 ok=false
2026-04-21 18:08:27 [kr36] round_end round=7/13 stage=search category=Long China 50 fetched=0 total_refs=40 elapsed_ms=18828
2026-04-21 18:08:27 [kr36] 完成搜索页(Long China 50)，数据 0 条，累计 40 条
2026-04-21 18:08:27 [kr36] round_next round=8/13 stage=search_or_channel
2026-04-21 18:08:27 [kr36] round_start round=8/13 stage=search category=投资派 url=https://36kr.com/search/articles/%E6%8A%95%E8%B5%84%E6%B4%BE
2026-04-21 18:08:27 [kr36] 进入搜索页(投资派)，数据 0 条，累计 40 条
2026-04-21 18:08:27 [kr36] throttle_wait url=https://36kr.com/search/articles/%E6%8A%95%E8%B5%84%E6%B4%BE wait_ms=12793 global_wait_ms=12793 same_url_wait_ms=0
2026-04-21 18:08:40 [kr36] fetch_start url=https://36kr.com/search/articles/%E6%8A%95%E8%B5%84%E6%B4%BE
2026-04-21 18:08:41 [kr36] risk_entered method=curl url=https://36kr.com/search/articles/%E6%8A%95%E8%B5%84%E6%B4%BE html_length=1460 has_verification_command=true
2026-04-21 18:08:41 [kr36] risk_verification_delay_before_command wait_ms=3000 url=https://36kr.com/search/articles/%E6%8A%95%E8%B5%84%E6%B4%BE
2026-04-21 18:08:44 [kr36] risk_verification_invoking_command url=https://36kr.com/search/articles/%E6%8A%95%E8%B5%84%E6%B4%BE
2026-04-21 18:08:44 [kr36] verification_command_start url=https://36kr.com/search/articles/%E6%8A%95%E8%B5%84%E6%B4%BE playwright_mode=headless auto_solver_argv=['E:\\AI\\touzifenxi\\.venv\\Scripts\\python.exe', 'E:\\AI\\touzifenxi\\scripts\\kr36_risk_slider_solver.py', '--headless']
