[kr36] 2026-04-23 10:36:39 starting daily brief run (no email)...
[kr36] PROJECT_ROOT=E:\AI\touzifenxi
[kr36] PYTHON_BIN=E:\AI\touzifenxi\.venv\Scripts\python.exe
[kr36] TIMEOUT=50s
[kr36] LOG_FILE=E:\AI\touzifenxi\logs\kr36\kr36_20260423_103639.log
[kr36] running: "E:\AI\touzifenxi\.venv\Scripts\python.exe" scripts\websearch.py run --source 36kr --timeout 50
2026-04-23 10:36:40 [kr36] listing_begin report_date=2026-04-23 rounds_total=11 candidate_limit=120 parallel=true step0.5_plus_step1
2026-04-23 10:36:40 [kr36] step1_listing_next round=2/11 stage=activity
age=topics url=https://36kr.com/topics/
2026-04-23 10:36:40 [kr36] step1_main_round_start page=2 round=2/11 stage=activity url=https://36kr.com/activity
2026-04-23 10:36:40 [kr36] 进入专题页(0.5步)，数据 0 条，累计 0 条
2026-04-23 10:36:40 [kr36] 进入活动页，数据 0 条，累计 0 条
2026-04-23 10:36:40 [kr36] fetch_start url=https://36kr.com/topics/
2026-04-23 10:36:40 [kr36] fetch_start url=https://36kr.com/activity
2026-04-23 10:36:42 [kr36] topics_activity_playwright_start url=https://36kr.com/topics/ kind=topics timeout_ms=35000 max_attempts=2
2
2026-04-23 10:37:27 [kr36] topics_activity_playwright_selector_timeout url=https://36kr.com/activity selector=.activity-item|a[href*='/activity/']
2026-04-23 10:37:27 [kr36] topics_activity_playwright_selector_timeout url=https://36kr.com/topics/ selector=a[href^="/topics/"]
2026-04-23 10:37:31 [kr36] topics_activity_playwright_once_end url=https://36kr.com/activity html_length=4338
2026-04-23 10:37:31 [kr36] topics_activity_playwright_suspicious_body attempt=1/2 url=https://36kr.com/activity html_length=4338 hint=risk_or_transient
2026-04-23 10:37:31 [kr36] topics_activity_playwright_once_end url=https://36kr.com/topics/ html_length=4338
2026-04-23 10:37:31 [kr36] topics_activity_playwright_suspicious_body attempt=1/2 url=https://36kr.com/topics/ html_length=4338 hint=risk_or_transient
2026-04-23 10:38:23 [kr36] topics_activity_playwright_selector_timeout url=https://36kr.com/topics/ selector=a[href^="/topics/"]
2026-04-23 10:38:23 [kr36] topics_activity_playwright_selector_timeout url=https://36kr.com/activity selector=.activity-item|a[href*='/activity/']
2026-04-23 10:38:27 [kr36] topics_activity_playwright_once_end url=https://36kr.com/topics/ html_length=3687
2026-04-23 10:38:27 [kr36] topics_activity_playwright_suspicious_body attempt=2/2 url=https://36kr.com/topics/ html_length=3687 hint=risk_or_transient
2026-04-23 10:38:27 [kr36] topics_activity_step4_after_listing url=https://36kr.com/topics/ page_kind=topics auto_solver=true
2026-04-23 10:38:27 [kr36] playwright_slider_start phase='topics-activity-step4' url=https://36kr.com/topics/ headless=false channel='msedge'
2026-04-23 10:38:27 [kr36] topics_activity_playwright_once_end url=https://36kr.com/activity html_length=3687
2026-04-23 10:38:27 [kr36] topics_activity_playwright_suspicious_body attempt=2/2 url=https://36kr.com/activity html_length=3687 hint=risk_or_transient
2026-04-23 10:38:27 [kr36] topics_activity_step4_after_listing url=https://36kr.com/activity page_kind=activity auto_solver=true
2026-04-23 10:38:27 [kr36] playwright_slider_start phase='topics-activity-step4' url=https://36kr.com/activity headless=false channel='msedge'
2026-04-23 10:38:30 [kr36] playwright_chromium_channel_launch_failed err=Exception('BrowserType.launch: Connection closed while reading from the driver') channel='msedge' retry=bundled_chromium
2026-04-23 10:38:30 [kr36] playwright_chromium_channel_launch_failed err=Exception('BrowserType.launch: Connection closed while reading from the driver') channel='msedge' retry=bundled_chromium
2026-04-23 10:38:30 [kr36] playwright_slider_unexpected phase='topics-activity-step4' url=https://36kr.com/activity error=BrowserType.launch: Connection closed while reading from the driver
2026-04-23 10:38:30 [kr36] topics_activity_cookie_refresh_start url=https://36kr.com/topics/
2026-04-23 10:38:30 [kr36] topics_activity_cookie_refresh_start url=https://36kr.com/activity
2026-04-23 10:38:47 [kr36] risk_cookie_refresh_ok url=https://36kr.com/topics/ html_length=3657
2026-04-23 10:38:47 [kr36] risk_cookie_refresh_ risk_post_success_dwell start_ms=180000
2026-04-23 10:38:47 [kr36] risk_cookie_refresh_ok url=https://36kr.com/activity html_length=3657
2026-04-23 10:38:47 [kr36] risk_cookie_refresh_ risk_post_success_dwell start_ms=180000
2026-04-23 10:39:00 [kr36] risk_cookie_refresh_ risk_post_success_dwell_error err=TargetClosedError('Page.wait_for_timeout: Target page, context or browser has been closed')
2026-04-23 10:39:01 [kr36] risk_cookie_refresh_end url=https://36kr.com/activity ok=true changed=true key_changed=true has_required_fields=false html_usable=false
2026-04-23 10:39:02 [kr36] risk_cookie_refresh_ risk_post_success_dwell_error err=TargetClosedError('Page.wait_for_timeout: Target page, context or browser has been closed')
2026-04-23 10:39:02 [kr36] topics_activity_playwright_start url=https://36kr.com/activity kind=activity timeout_ms=35000 max_attempts=2
2026-04-23 10:39:03 [kr36] risk_cookie_refresh_end url=https://36kr.com/topics/ ok=true changed=true key_changed=true has_required_fields=false html_usable=false
2026-04-23 10:39:03 [kr36] topics_activity_playwright_start url=https://36kr.com/topics/ kind=topics timeout_ms=35000 max_attempts=2
2026-04-23 10:39:04 [kr36] topics_activity_playwright_unexpected url=https://36kr.com/activity error='PlaywrightContextManager' object has no attribute '_playwright'
2026-04-23 10:39:04 [kr36] topics_activity_playwright_suspicious_body attempt=1/2 url=https://36kr.com/activity html_length=0 hint=risk_or_transient
2026-04-23 10:39:06 [kr36] topics_activity_playwright_unexpected url=https://36kr.com/topics/ error='PlaywrightContextManager' object has no attribute '_playwright'
2026-04-23 10:39:06 [kr36] topics_activity_playwright_suspicious_body attempt=1/2 url=https://36kr.com/topics/ html_length=0 hint=risk_or_transient
