[kr36] 2026-04-27 12:07:33 starting daily brief run (no email)...
[kr36] PROJECT_ROOT=E:\AI\touzifenxi
[kr36] PYTHON_CMD="E:\AI\touzifenxi\.venv\Scripts\python.exe"
[kr36] TIMEOUT=30s
[kr36] LOG_FILE=E:\AI\touzifenxi\logs\kr36\kr36_20260427_120733.log
[kr36] running: "E:\AI\touzifenxi\.venv\Scripts\python.exe" scripts\websearch.py run --source 36kr --timeout 30
2026-04-27 12:07:36 [kr36] cookie_quality sensors_short len=481
2026-04-27 12:07:36 [kr36] listing_begin report_date=2026-04-27 rounds_total=5 candidate_limit=120 mode=sequential step0.5_then_step1
2026-04-27 12:07:36 [kr36] step0.5_topic_round_start page=1 round=1/5 stage=topics url=https://36kr.com/topics/
2026-04-27 12:07:36 [kr36] 进入专题页(0.5步)，数据 0 条，累计 0 条
2026-04-27 12:07:36 [kr36] fetch_start url=https://36kr.com/topics/
2026-04-27 12:07:37 [kr36] fetch_ok method=curl url=https://36kr.com/topics/ html_length=74118
2026-04-27 12:07:37 [kr36] throttle_wait url=https://36kr.com/topics/3780490016134406 wait_ms=23699 global_wait_ms=23699 same_url_wait_ms=0 risk_wait_ms=0
2026-04-27 12:08:00 [kr36] fetch_start url=https://36kr.com/topics/3780490016134406
2026-04-27 12:08:01 [kr36] fetch_ok method=curl url=https://36kr.com/topics/3780490016134406 html_length=1464
2026-04-27 12:08:01 [slider] step4_recover_trigger url=https://36kr.com/topics/3780490016134406 phase=topic-detail reason=risk_interstitial
2026-04-27 12:08:01 [slider] playwright_slider_start phase='topic-detail' url=https://36kr.com/topics/3780490016134406 headless=false channel='msedge'
2026-04-27 12:08:25 [slider] playwright_slider_url_settled phase='topic-detail' final_url='https://36kr.com/topics/3780490016134406'
2026-04-27 12:08:25 [slider] playwright_slider_preloop phase='topic-detail' url=https://36kr.com/topics/3780490016134406 wait_after_load_ms=1800 slider_ui_ready_max_ms=20000
2026-04-27 12:08:25 [slider] playwright_slider_wait_ui phase='topic-detail' url=https://36kr.com/topics/3780490016134406 ui_ready=true
2026-04-27 12:08:30 [kr36] slider_captcha_solve_result attempted=true
2026-04-27 12:08:30 [slider] playwright_slider_attempt phase='topic-detail' url=https://36kr.com/topics/3780490016134406 attempted=true
2026-04-27 12:08:45 [slider] playwright_slider_csr_list_wait_timeout phase='topic-detail' url=https://36kr.com/topics/3780490016134406 selector='.topic-list-item, .topic-item, .kr-topic-item'
2026-04-27 12:08:49 [slider] playwright_slider_after_solve phase='topic-detail' url=https://36kr.com/topics/3780490016134406 html_length=88074
2026-04-27 12:08:49 [slider] playwright_slider_close_on_pass phase='topic-detail' url=https://36kr.com/topics/3780490016134406
2026-04-27 12:08:50 [kr36] fetch_start url=https://36kr.com/video/3775108051513856
2026-04-27 12:08:50 [kr36] fetch_ok method=curl url=https://36kr.com/video/3775108051513856 html_length=1464
2026-04-27 12:08:50 [kr36] throttle_wait url=https://m.36kr.com/video/3775108051513856 wait_ms=20509 global_wait_ms=20509 same_url_wait_ms=0 risk_wait_ms=0
2026-04-27 12:09:11 [kr36] fetch_start url=https://m.36kr.com/video/3775108051513856
2026-04-27 12:09:11 [kr36] risk_cooldown_set url=https://m.36kr.com/video/3775108051513856 cooldown_ms=181211 base_ms=180000 jitter_ms=1211
2026-04-27 12:09:11 [kr36] risk_entered method=curl url=https://m.36kr.com/video/3775108051513856 html_length=0 has_cookie_refresh_action=false
2026-04-27 12:09:11 [kr36] risk_detected method=curl url=https://m.36kr.com/video/3775108051513856 no_cookie_refresh_action=1
2026-04-27 12:09:11 [kr36] risk_auto_recover_without_command url=https://m.36kr.com/video/3775108051513856 mode=slider_solver
2026-04-27 12:09:11 [slider] playwright_slider_start phase='fetch_text_risk_force_nocookie' url=https://m.36kr.com/video/3775108051513856 headless=false channel='msedge'
2026-04-27 12:09:17 [slider] playwright_skip_cookies phase='fetch_text_risk_force_nocookie' url=https://m.36kr.com/video/3775108051513856
2026-04-27 12:09:36 [slider] playwright_slider_url_settled phase='fetch_text_risk_force_nocookie' final_url='https://36kr.com/video/3775108051513856'
2026-04-27 12:09:36 [slider] playwright_slider_preloop phase='fetch_text_risk_force_nocookie' url=https://m.36kr.com/video/3775108051513856 wait_after_load_ms=1800 slider_ui_ready_max_ms=20000
2026-04-27 12:09:40 [slider] playwright_slider_ok phase='fetch_text_risk_force_nocookie' url=https://m.36kr.com/video/3775108051513856 html_length=70047
2026-04-27 12:09:41 [kr36] fetch_ok method=slider_force_recover_nocookie url=https://m.36kr.com/video/3775108051513856 html_length=70047
2026-04-27 12:09:41 [kr36] topic_video_mobile_ok page='https://m.36kr.com/video/3775108051513856' html_len=70047
2026-04-27 12:09:41 [kr36] topic_video_cdn_extract count=7 html_len=70047 preview='https://videos.36krcdn.com/20260420/v2_1776686255537_video_mp4_v11' page='https://36kr.com/video/3775108051513856'
2026-04-27 12:10:05 [kr36] topic_video_download_ok cdn='https://videos.36krcdn.com/20260420/v2_1776686255537_video_mp4_v11' local=E:\AI\touzifenxi\output\reports\kr36_report\kr36_search_202604271207\kr36_topic_downloads\本周有大事丨蛋糕店为什么成了幽灵外卖的重灾区；AI短剧真的能赚钱吗；80后湖北老乡，拿走了王健林的万达电影\2026-04-21\videos\氪大事___三五百的蛋糕外包价不到80，蛋糕店为什么成了幽灵外卖的重灾区？_36kr_topic_video_3775108051513856.mp4
2026-04-27 12:10:23 [kr36] topic_asr_ok chars=1184 transcript=E:\AI\touzifenxi\output\reports\kr36_report\kr36_search_202604271207\kr36_topic_downloads\本周有大事丨蛋糕店为什么成了幽灵外卖的重灾区；AI短剧真的能赚钱吗；80后湖北老乡，拿走了王健林的万达电影\2026-04-21\videos\氪大事___三五百的蛋糕外包价不到80，蛋糕店为什么成了幽灵外卖的重灾区？_36kr_topic_video_3775108051513856.transcript.txt code=20000000 role=topic_video_asr_transcript
2026-04-27 12:10:23 [kr36] throttle_wait url=https://36kr.com/video/3773069882356484 wait_ms=109503 global_wait_ms=0 same_url_wait_ms=0 risk_wait_ms=109503
2026-04-27 12:12:13 [kr36] fetch_start url=https://36kr.com/video/3773069882356484
2026-04-27 12:12:13 [kr36] fetch_ok method=curl url=https://36kr.com/video/3773069882356484 html_length=1464
2026-04-27 12:12:13 [kr36] throttle_wait url=https://m.36kr.com/video/3773069882356484 wait_ms=24018 global_wait_ms=24018 same_url_wait_ms=0 risk_wait_ms=0
2026-04-27 12:12:37 [kr36] fetch_start url=https://m.36kr.com/video/3773069882356484
2026-04-27 12:12:37 [kr36] risk_cooldown_set url=https://m.36kr.com/video/3773069882356484 cooldown_ms=185319 base_ms=180000 jitter_ms=5319
2026-04-27 12:12:37 [kr36] risk_entered method=curl url=https://m.36kr.com/video/3773069882356484 html_length=0 has_cookie_refresh_action=false
2026-04-27 12:12:37 [kr36] risk_detected method=curl url=https://m.36kr.com/video/3773069882356484 no_cookie_refresh_action=1
2026-04-27 12:12:37 [kr36] risk_auto_recover_without_command url=https://m.36kr.com/video/3773069882356484 mode=slider_solver
2026-04-27 12:12:37 [slider] playwright_slider_start phase='fetch_text_risk_force_nocookie' url=https://m.36kr.com/video/3773069882356484 headless=false channel='msedge'
2026-04-27 12:12:41 [slider] playwright_skip_cookies phase='fetch_text_risk_force_nocookie' url=https://m.36kr.com/video/3773069882356484
2026-04-27 12:13:01 [slider] playwright_slider_url_settled phase='fetch_text_risk_force_nocookie' final_url='https://36kr.com/video/3773069882356484'
2026-04-27 12:13:01 [slider] playwright_slider_preloop phase='fetch_text_risk_force_nocookie' url=https://m.36kr.com/video/3773069882356484 wait_after_load_ms=1800 slider_ui_ready_max_ms=20000
2026-04-27 12:13:05 [slider] playwright_slider_ok phase='fetch_text_risk_force_nocookie' url=https://m.36kr.com/video/3773069882356484 html_length=68958
2026-04-27 12:13:06 [kr36] fetch_ok method=slider_force_recover_nocookie url=https://m.36kr.com/video/3773069882356484 html_length=68958
2026-04-27 12:13:06 [kr36] topic_video_mobile_ok page='https://m.36kr.com/video/3773069882356484' html_len=68958
2026-04-27 12:13:06 [kr36] topic_video_cdn_extract count=7 html_len=68958 preview='https://videos.36krcdn.com/20260419/v2_1776561497102_video_mp4_v9' page='https://36kr.com/video/3773069882356484'
2026-04-27 12:13:27 [kr36] topic_video_download_ok cdn='https://videos.36krcdn.com/20260419/v2_1776561497102_video_mp4_v9' local=E:\AI\touzifenxi\output\reports\kr36_report\kr36_search_202604271207\kr36_topic_downloads\本周有大事丨蛋糕店为什么成了幽灵外卖的重灾区；AI短剧真的能赚钱吗；80后湖北老乡，拿走了王健林的万达电影\2026-04-20\videos\全球医疗价值重估_老外涌进中国医院_36kr_topic_video_3773069882356484.mp4
2026-04-27 12:14:25 [kr36] topic_asr_ok chars=1077 transcript=E:\AI\touzifenxi\output\reports\kr36_report\kr36_search_202604271207\kr36_topic_downloads\本周有大事丨蛋糕店为什么成了幽灵外卖的重灾区；AI短剧真的能赚钱吗；80后湖北老乡，拿走了王健林的万达电影\2026-04-20\videos\全球医疗价值重估_老外涌进中国医院_36kr_topic_video_3773069882356484.transcript.txt code=20000000 role=topic_video_asr_transcript
2026-04-27 12:14:26 [kr36] throttle_wait url=https://36kr.com/video/3777825420063241 wait_ms=77134 global_wait_ms=0 same_url_wait_ms=0 risk_wait_ms=77134
2026-04-27 12:15:43 [kr36] fetch_start url=https://36kr.com/video/3777825420063241
2026-04-27 12:15:43 [kr36] fetch_ok method=curl url=https://36kr.com/video/3777825420063241 html_length=1464
2026-04-27 12:15:43 [kr36] throttle_wait url=https://m.36kr.com/video/3777825420063241 wait_ms=36133 global_wait_ms=36133 same_url_wait_ms=0 risk_wait_ms=0
2026-04-27 12:16:19 [kr36] fetch_start url=https://m.36kr.com/video/3777825420063241
2026-04-27 12:16:19 [kr36] risk_cooldown_set url=https://m.36kr.com/video/3777825420063241 cooldown_ms=181216 base_ms=180000 jitter_ms=1216
2026-04-27 12:16:19 [kr36] risk_entered method=curl url=https://m.36kr.com/video/3777825420063241 html_length=0 has_cookie_refresh_action=false
2026-04-27 12:16:19 [kr36] risk_detected method=curl url=https://m.36kr.com/video/3777825420063241 no_cookie_refresh_action=1
2026-04-27 12:16:19 [kr36] risk_auto_recover_without_command url=https://m.36kr.com/video/3777825420063241 mode=slider_solver
2026-04-27 12:16:19 [slider] playwright_slider_start phase='fetch_text_risk_force_nocookie' url=https://m.36kr.com/video/3777825420063241 headless=false channel='msedge'
2026-04-27 12:16:23 [slider] playwright_skip_cookies phase='fetch_text_risk_force_nocookie' url=https://m.36kr.com/video/3777825420063241
2026-04-27 12:16:42 [slider] playwright_slider_url_settled phase='fetch_text_risk_force_nocookie' final_url='https://36kr.com/video/3777825420063241'
2026-04-27 12:16:42 [slider] playwright_slider_preloop phase='fetch_text_risk_force_nocookie' url=https://m.36kr.com/video/3777825420063241 wait_after_load_ms=1800 slider_ui_ready_max_ms=20000
2026-04-27 12:16:46 [slider] playwright_slider_ok phase='fetch_text_risk_force_nocookie' url=https://m.36kr.com/video/3777825420063241 html_length=70367
2026-04-27 12:16:47 [kr36] fetch_ok method=slider_force_recover_nocookie url=https://m.36kr.com/video/3777825420063241 html_length=70367
2026-04-27 12:16:47 [kr36] topic_video_mobile_ok page='https://m.36kr.com/video/3777825420063241' html_len=70367
2026-04-27 12:16:47 [kr36] topic_video_cdn_extract count=7 html_len=70367 preview='https://videos.36krcdn.com/20260422/v2_1776851856830_video_mov_v11' page='https://36kr.com/video/3777825420063241'
2026-04-27 12:19:38 [kr36] topic_video_download_ok cdn='https://videos.36krcdn.com/20260422/v2_1776851856830_video_mov_v11' local=E:\AI\touzifenxi\output\reports\kr36_report\kr36_search_202604271207\kr36_topic_downloads\本周有大事丨蛋糕店为什么成了幽灵外卖的重灾区；AI短剧真的能赚钱吗；80后湖北老乡，拿走了王健林的万达电影\2026-04-22\videos\80后湖北老乡，拿走了王健林的万达电影_36kr_topic_video_3777825420063241.mp4
2026-04-27 12:19:45 [kr36] topic_asr_ok chars=781 transcript=E:\AI\touzifenxi\output\reports\kr36_report\kr36_search_202604271207\kr36_topic_downloads\本周有大事丨蛋糕店为什么成了幽灵外卖的重灾区；AI短剧真的能赚钱吗；80后湖北老乡，拿走了王健林的万达电影\2026-04-22\videos\80后湖北老乡，拿走了王健林的万达电影_36kr_topic_video_3777825420063241.transcript.txt code=20000000 role=topic_video_asr_transcript
2026-04-27 12:19:45 [kr36] fetch_start url=https://36kr.com/video/3776684100317955
2026-04-27 12:19:46 [kr36] fetch_ok method=curl url=https://36kr.com/video/3776684100317955 html_length=1464
2026-04-27 12:19:46 [kr36] throttle_wait url=https://m.36kr.com/video/3776684100317955 wait_ms=36267 global_wait_ms=36267 same_url_wait_ms=0 risk_wait_ms=0
2026-04-27 12:20:22 [kr36] fetch_start url=https://m.36kr.com/video/3776684100317955
2026-04-27 12:20:22 [kr36] risk_cooldown_set url=https://m.36kr.com/video/3776684100317955 cooldown_ms=178744 base_ms=180000 jitter_ms=-1256
2026-04-27 12:20:22 [kr36] risk_entered method=curl url=https://m.36kr.com/video/3776684100317955 html_length=0 has_cookie_refresh_action=false
2026-04-27 12:20:22 [kr36] risk_detected method=curl url=https://m.36kr.com/video/3776684100317955 no_cookie_refresh_action=1
2026-04-27 12:20:22 [kr36] risk_auto_recover_without_command url=https://m.36kr.com/video/3776684100317955 mode=slider_solver
2026-04-27 12:20:22 [slider] playwright_slider_start phase='fetch_text_risk_force_nocookie' url=https://m.36kr.com/video/3776684100317955 headless=false channel='msedge'
2026-04-27 12:20:26 [slider] playwright_skip_cookies phase='fetch_text_risk_force_nocookie' url=https://m.36kr.com/video/3776684100317955
2026-04-27 12:20:49 [slider] playwright_slider_url_settled phase='fetch_text_risk_force_nocookie' final_url='https://36kr.com/video/3776684100317955'
2026-04-27 12:20:49 [slider] playwright_slider_preloop phase='fetch_text_risk_force_nocookie' url=https://m.36kr.com/video/3776684100317955 wait_after_load_ms=1800 slider_ui_ready_max_ms=20000
2026-04-27 12:20:49 [slider] playwright_slider_wait_ui phase='fetch_text_risk_force_nocookie' url=https://m.36kr.com/video/3776684100317955 ui_ready=true
2026-04-27 12:20:53 [kr36] slider_captcha_solve_result attempted=true
2026-04-27 12:20:53 [slider] playwright_slider_attempt phase='fetch_text_risk_force_nocookie' url=https://m.36kr.com/video/3776684100317955 attempted=true
2026-04-27 12:21:05 [slider] playwright_slider_ok phase='fetch_text_risk_force_nocookie' url=https://m.36kr.com/video/3776684100317955 html_length=68981
2026-04-27 12:21:06 [kr36] fetch_ok method=slider_force_recover_nocookie url=https://m.36kr.com/video/3776684100317955 html_length=68981
2026-04-27 12:21:06 [kr36] topic_video_mobile_ok page='https://m.36kr.com/video/3776684100317955' html_len=68981
2026-04-27 12:21:06 [kr36] topic_video_cdn_extract count=7 html_len=68981 preview='https://videos.36krcdn.com/20260421/v2_1776782408195_video_mp4_v11' page='https://36kr.com/video/3776684100317955'
2026-04-27 12:23:11 [kr36] topic_video_download_ok cdn='https://videos.36krcdn.com/20260421/v2_1776782408195_video_mp4_v11' local=E:\AI\touzifenxi\output\reports\kr36_report\kr36_search_202604271207\kr36_topic_downloads\本周有大事丨蛋糕店为什么成了幽灵外卖的重灾区；AI短剧真的能赚钱吗；80后湖北老乡，拿走了王健林的万达电影\2026-04-22\videos\库克正式卸任，乔布斯的“退烧药”，终于用完了_36kr_topic_video_3776684100317955.mp4
2026-04-27 12:24:00 [kr36] topic_asr_ok chars=1150 transcript=E:\AI\touzifenxi\output\reports\kr36_report\kr36_search_202604271207\kr36_topic_downloads\本周有大事丨蛋糕店为什么成了幽灵外卖的重灾区；AI短剧真的能赚钱吗；80后湖北老乡，拿走了王健林的万达电影\2026-04-22\videos\库克正式卸任，乔布斯的“退烧药”，终于用完了_36kr_topic_video_3776684100317955.transcript.txt code=20000000 role=topic_video_asr_transcript
2026-04-27 12:24:00 [kr36] fetch_start url=https://36kr.com/video/3779361122202119
2026-04-27 12:24:00 [kr36] risk_cooldown_set url=https://36kr.com/video/3779361122202119 cooldown_ms=172609 base_ms=180000 jitter_ms=-7391
2026-04-27 12:24:00 [kr36] risk_entered method=curl url=https://36kr.com/video/3779361122202119 html_length=0 has_cookie_refresh_action=false
2026-04-27 12:24:00 [kr36] risk_detected method=curl url=https://36kr.com/video/3779361122202119 no_cookie_refresh_action=1
2026-04-27 12:24:00 [kr36] risk_auto_recover_without_command url=https://36kr.com/video/3779361122202119 mode=slider_solver
2026-04-27 12:24:00 [slider] playwright_slider_start phase='fetch_text_risk_force_nocookie' url=https://36kr.com/video/3779361122202119 headless=false channel='msedge'
2026-04-27 12:24:04 [slider] playwright_skip_cookies phase='fetch_text_risk_force_nocookie' url=https://36kr.com/video/3779361122202119
2026-04-27 12:24:22 [slider] playwright_slider_url_settled phase='fetch_text_risk_force_nocookie' final_url='https://36kr.com/video/3779361122202119'
2026-04-27 12:24:22 [slider] playwright_slider_preloop phase='fetch_text_risk_force_nocookie' url=https://36kr.com/video/3779361122202119 wait_after_load_ms=1800 slider_ui_ready_max_ms=20000
2026-04-27 12:24:26 [slider] playwright_slider_ok phase='fetch_text_risk_force_nocookie' url=https://36kr.com/video/3779361122202119 html_length=68091
2026-04-27 12:24:27 [kr36] fetch_ok method=slider_force_recover_nocookie url=https://36kr.com/video/3779361122202119 html_length=68091
2026-04-27 12:24:27 [kr36] topic_video_cdn_extract count=7 html_len=68091 preview='https://videos.36krcdn.com/20260423/v2_1776945729905_video_mp4_v11' page='https://36kr.com/video/3779361122202119'
2026-04-27 12:24:55 [kr36] topic_video_download_ok cdn='https://videos.36krcdn.com/20260423/v2_1776945729905_video_mp4_v11' local=E:\AI\touzifenxi\output\reports\kr36_report\kr36_search_202604271207\kr36_topic_downloads\本周有大事丨蛋糕店为什么成了幽灵外卖的重灾区；AI短剧真的能赚钱吗；80后湖北老乡，拿走了王健林的万达电影\2026-04-23\videos\爱奇艺想拿AI当遮羞布_36kr_topic_video_3779361122202119.mp4
2026-04-27 12:26:13 [kr36] topic_asr_ok chars=1420 transcript=E:\AI\touzifenxi\output\reports\kr36_report\kr36_search_202604271207\kr36_topic_downloads\本周有大事丨蛋糕店为什么成了幽灵外卖的重灾区；AI短剧真的能赚钱吗；80后湖北老乡，拿走了王健林的万达电影\2026-04-23\videos\爱奇艺想拿AI当遮羞布_36kr_topic_video_3779361122202119.transcript.txt code=20000000 role=topic_video_asr_transcript
2026-04-27 12:26:13 [kr36] throttle_wait url=https://36kr.com/topics/3780865660869640 wait_ms=39523 global_wait_ms=0 same_url_wait_ms=0 risk_wait_ms=39523
2026-04-27 12:26:53 [kr36] fetch_start url=https://36kr.com/topics/3780865660869640
2026-04-27 12:26:53 [kr36] fetch_ok method=curl url=https://36kr.com/topics/3780865660869640 html_length=61506
2026-04-27 12:26:53 [kr36] throttle_wait url=https://36kr.com/p/3774566936216064 wait_ms=37747 global_wait_ms=37747 same_url_wait_ms=0 risk_wait_ms=0
2026-04-27 12:27:31 [kr36] fetch_start url=https://36kr.com/p/3774566936216064
2026-04-27 12:27:31 [kr36] fetch_ok method=curl url=https://36kr.com/p/3774566936216064 html_length=73165
2026-04-27 12:27:31 [kr36] throttle_wait url=https://36kr.com/p/3780375304312072 wait_ms=39459 global_wait_ms=39459 same_url_wait_ms=0 risk_wait_ms=0
2026-04-27 12:28:11 [kr36] fetch_start url=https://36kr.com/p/3780375304312072
2026-04-27 12:28:11 [kr36] fetch_ok method=curl url=https://36kr.com/p/3780375304312072 html_length=93770
2026-04-27 12:28:11 [kr36] throttle_wait url=https://36kr.com/p/3778135439709446 wait_ms=33351 global_wait_ms=33351 same_url_wait_ms=0 risk_wait_ms=0
2026-04-27 12:28:45 [kr36] fetch_start url=https://36kr.com/p/3778135439709446
2026-04-27 12:28:45 [kr36] fetch_ok method=curl url=https://36kr.com/p/3778135439709446 html_length=81599
2026-04-27 12:28:45 [kr36] throttle_wait url=https://36kr.com/p/3778121523025154 wait_ms=27484 global_wait_ms=27484 same_url_wait_ms=0 risk_wait_ms=0
2026-04-27 12:29:13 [kr36] fetch_start url=https://36kr.com/p/3778121523025154
2026-04-27 12:29:13 [kr36] fetch_ok method=curl url=https://36kr.com/p/3778121523025154 html_length=92760
2026-04-27 12:29:13 [kr36] throttle_wait url=https://36kr.com/p/3780191213229314 wait_ms=36136 global_wait_ms=36136 same_url_wait_ms=0 risk_wait_ms=0
2026-04-27 12:29:49 [kr36] fetch_start url=https://36kr.com/p/3780191213229314
2026-04-27 12:29:50 [kr36] fetch_ok method=curl url=https://36kr.com/p/3780191213229314 html_length=80154
2026-04-27 12:29:50 [kr36] throttle_wait url=https://36kr.com/p/3773892499096068 wait_ms=22763 global_wait_ms=22763 same_url_wait_ms=0 risk_wait_ms=0
2026-04-27 12:30:12 [kr36] fetch_start url=https://36kr.com/p/3773892499096068
2026-04-27 12:30:13 [kr36] fetch_ok method=curl url=https://36kr.com/p/3773892499096068 html_length=90129
2026-04-27 12:30:13 [kr36] throttle_wait url=https://36kr.com/p/3775892441301511 wait_ms=25301 global_wait_ms=25301 same_url_wait_ms=0 risk_wait_ms=0
2026-04-27 12:30:38 [kr36] fetch_start url=https://36kr.com/p/3775892441301511
2026-04-27 12:30:39 [kr36] fetch_ok method=curl url=https://36kr.com/p/3775892441301511 html_length=91904
2026-04-27 12:30:39 [kr36] step0.5_topic_round_end page=1 round=1/5 stage=topics status=ok fetched=12 total_topic_refs=12 elapsed_ms=1382728
2026-04-27 12:30:39 [kr36] 完成专题页(0.5步)，数据 12 条，累计 12 条
2026-04-27 12:30:39 [kr36] step1_listing_next round=2/5 stage=activity
2026-04-27 12:30:39 [kr36] step1_main_round_start page=2 round=2/5 stage=activity url=https://36kr.com/activity
2026-04-27 12:30:39 [kr36] 进入活动页，数据 0 条，累计 0 条
2026-04-27 12:30:39 [kr36] throttle_wait url=https://36kr.com/activity wait_ms=34064 global_wait_ms=34064 same_url_wait_ms=0 risk_wait_ms=0
2026-04-27 12:31:13 [kr36] fetch_start url=https://36kr.com/activity
2026-04-27 12:31:13 [kr36] fetch_ok method=curl url=https://36kr.com/activity html_length=61831
2026-04-27 12:31:13 [kr36] round_end page=2 round=2/5 stage=activity status=ok fetched=1 total_refs=1 elapsed_ms=34536
2026-04-27 12:31:13 [kr36] 完成活动页，数据 1 条，累计 1 条
2026-04-27 12:31:13 [kr36] round_next round=3/5 stage=search
2026-04-27 12:31:13 [kr36] round_start page=3 round=3/5 stage=search category=36氪独家 url=https://36kr.com/search/articles/36%E6%B0%AA%E7%8B%AC%E5%AE%B6 date_window=2026-04-20~2026-04-26
2026-04-27 12:31:13 [kr36] 进入搜索页(36氪独家)，数据 0 条，累计 1 条
2026-04-27 12:31:13 [kr36] throttle_wait url=https://36kr.com/search/articles/36%E6%B0%AA%E7%8B%AC%E5%AE%B6 wait_ms=23099 global_wait_ms=23099 same_url_wait_ms=0 risk_wait_ms=0
2026-04-27 12:31:36 [kr36] fetch_start url=https://36kr.com/search/articles/36%E6%B0%AA%E7%8B%AC%E5%AE%B6
2026-04-27 12:31:37 [kr36] search_enrich_direct_step4 reason=auto_solver url=https://36kr.com/search/articles/36%E6%B0%AA%E7%8B%AC%E5%AE%B6
2026-04-27 12:31:37 [slider] playwright_slider_start phase='search-listing-step4' url=https://36kr.com/search/articles/36%E6%B0%AA%E7%8B%AC%E5%AE%B6 headless=false channel='msedge'
2026-04-27 12:32:01 [slider] playwright_slider_url_settled phase='search-listing-step4' final_url='https://36kr.com/search/articles/36%E6%B0%AA%E7%8B%AC%E5%AE%B6'
2026-04-27 12:32:01 [slider] playwright_slider_preloop phase='search-listing-step4' url=https://36kr.com/search/articles/36%E6%B0%AA%E7%8B%AC%E5%AE%B6 wait_after_load_ms=1800 slider_ui_ready_max_ms=20000
2026-04-27 12:32:01 [slider] playwright_slider_wait_ui phase='search-listing-step4' url=https://36kr.com/search/articles/36%E6%B0%AA%E7%8B%AC%E5%AE%B6 ui_ready=true
2026-04-27 12:32:06 [kr36] slider_captcha_solve_result attempted=true
2026-04-27 12:32:06 [slider] playwright_slider_attempt phase='search-listing-step4' url=https://36kr.com/search/articles/36%E6%B0%AA%E7%8B%AC%E5%AE%B6 attempted=true
2026-04-27 12:32:16 [slider] playwright_slider_csr_list_ready phase='search-listing-step4' url=https://36kr.com/search/articles/36%E6%B0%AA%E7%8B%AC%E5%AE%B6 selector='.kr-search-result-list-main'
2026-04-27 12:32:16 [slider] playwright_slider_after_solve phase='search-listing-step4' url=https://36kr.com/search/articles/36%E6%B0%AA%E7%8B%AC%E5%AE%B6 html_length=99336
2026-04-27 12:32:16 [slider] playwright_slider_close_on_pass phase='search-listing-step4' url=https://36kr.com/search/articles/36%E6%B0%AA%E7%8B%AC%E5%AE%B6
2026-04-27 12:32:17 [kr36] search_listing_csr_enriched url=https://36kr.com/search/articles/36%E6%B0%AA%E7%8B%AC%E5%AE%B6 html_length=99336
2026-04-27 12:32:17 [kr36] fetch_ok method=curl_playwright_search url=https://36kr.com/search/articles/36%E6%B0%AA%E7%8B%AC%E5%AE%B6 html_length=99336
2026-04-27 12:32:17 [kr36] search_date_filtered fixed_category=36氪独家 pub=2026-04-17 window=2026-04-20~2026-04-26
2026-04-27 12:32:17 [kr36] search_date_filtered fixed_category=36氪独家 pub=2026-04-09 window=2026-04-20~2026-04-26
2026-04-27 12:32:17 [kr36] search_date_filtered fixed_category=36氪独家 pub=2026-04-02 window=2026-04-20~2026-04-26
2026-04-27 12:32:17 [kr36] search_date_filtered fixed_category=36氪独家 pub=2026-04-02 window=2026-04-20~2026-04-26
2026-04-27 12:32:17 [kr36] search_date_filtered fixed_category=36氪独家 pub=2026-03-26 window=2026-04-20~2026-04-26
2026-04-27 12:32:17 [kr36] search_date_filtered fixed_category=36氪独家 pub=2026-03-31 window=2026-04-20~2026-04-26
2026-04-27 12:32:17 [kr36] search_date_filtered fixed_category=36氪独家 pub=2026-03-19 window=2026-04-20~2026-04-26
2026-04-27 12:32:17 [kr36] search_date_filtered fixed_category=36氪独家 pub=2026-03-05 window=2026-04-20~2026-04-26
2026-04-27 12:32:17 [kr36] search_date_filtered fixed_category=36氪独家 pub=2026-03-16 window=2026-04-20~2026-04-26
2026-04-27 12:32:17 [kr36] search_date_filtered fixed_category=36氪独家 pub=2026-03-24 window=2026-04-20~2026-04-26
2026-04-27 12:32:17 [kr36] search_date_filtered fixed_category=36氪独家 pub=2026-01-22 window=2026-04-20~2026-04-26
2026-04-27 12:32:17 [kr36] search_date_filtered fixed_category=36氪独家 pub=2026-03-04 window=2026-04-20~2026-04-26
2026-04-27 12:32:17 [kr36] search_date_filtered fixed_category=36氪独家 pub=2026-01-15 window=2026-04-20~2026-04-26
2026-04-27 12:32:17 [kr36] search_date_filtered fixed_category=36氪独家 pub=2026-01-14 window=2026-04-20~2026-04-26
2026-04-27 12:32:17 [kr36] search_date_filtered fixed_category=36氪独家 pub=2026-01-07 window=2026-04-20~2026-04-26
2026-04-27 12:32:17 [kr36] search_date_filtered fixed_category=36氪独家 pub=2026-01-15 window=2026-04-20~2026-04-26
2026-04-27 12:32:17 [kr36] search_date_filtered fixed_category=36氪独家 pub=2026-01-26 window=2026-04-20~2026-04-26
2026-04-27 12:32:17 [kr36] search_date_filtered fixed_category=36氪独家 pub=2026-02-26 window=2026-04-20~2026-04-26
2026-04-27 12:32:17 [kr36] round_end page=3 round=3/5 stage=search category=36氪独家 status=ok fetched=2 total_refs=3 elapsed_ms=63241
2026-04-27 12:32:17 [kr36] 完成搜索页(36氪独家)，数据 2 条，累计 3 条
2026-04-27 12:32:17 [kr36] round_next round=4/5 stage=search_or_channel
2026-04-27 12:32:17 [kr36] round_start page=4 round=4/5 stage=channel url=https://36kr.com/information/AI/
2026-04-27 12:32:17 [kr36] 进入频道页，数据 0 条，累计 3 条
2026-04-27 12:32:17 [kr36] fetch_start url=https://36kr.com/information/AI/
2026-04-27 12:32:17 [kr36] fetch_ok method=curl url=https://36kr.com/information/AI/ html_length=114962
2026-04-27 12:32:17 [kr36] round_end page=4 round=4/5 stage=channel status=ok url=https://36kr.com/information/AI/ fetched=54 total_refs=57 elapsed_ms=510
2026-04-27 12:32:17 [kr36] 完成频道页，数据 54 条，累计 57 条
2026-04-27 12:32:17 [kr36] round_next round=5/5 stage=channel
2026-04-27 12:32:17 [kr36] round_start page=5 round=5/5 stage=channel url=https://36kr.com/information/contact/
2026-04-27 12:32:17 [kr36] 进入频道页，数据 0 条，累计 57 条
2026-04-27 12:32:17 [kr36] throttle_wait url=https://36kr.com/information/contact/ wait_ms=29322 global_wait_ms=29322 same_url_wait_ms=0 risk_wait_ms=0
2026-04-27 12:32:46 [kr36] fetch_start url=https://36kr.com/information/contact/
2026-04-27 12:32:47 [kr36] fetch_ok method=curl url=https://36kr.com/information/contact/ html_length=116384
2026-04-27 12:32:47 [kr36] round_end page=5 round=5/5 stage=channel status=ok url=https://36kr.com/information/contact/ fetched=4 total_refs=61 elapsed_ms=29840
2026-04-27 12:32:47 [kr36] 完成频道页，数据 4 条，累计 61 条
2026-04-27 12:32:47 [kr36] listing_end report_date=2026-04-27 total_refs=73 stopped_by=normal_complete
[kr36] 2026-04-27 12:54:56 finished with exit code 0.
