[kr36] 2026-04-23 16:45:17 starting daily brief run (no email)...
[kr36] PROJECT_ROOT=E:\AI\touzifenxi
[kr36] PYTHON_BIN=E:\AI\touzifenxi\.venv\Scripts\python.exe
[kr36] TIMEOUT=40s
[kr36] LOG_FILE=E:\AI\touzifenxi\logs\kr36\kr36_20260423_164516.log
[kr36] running: "E:\AI\touzifenxi\.venv\Scripts\python.exe" scripts\websearch.py run --source 36kr --timeout 40
2026-04-23 16:45:19 [kr36] listing_begin report_date=2026-04-23 rounds_total=12 candidate_limit=120 mode=sequential step0.5_then_step1
2026-04-23 16:45:19 [kr36] step0.5_topic_round_start page=1 round=1/12 stage=topics url=https://36kr.com/topics/
2026-04-23 16:45:19 [kr36] 进入专题页(0.5步)，数据 0 条，累计 0 条
2026-04-23 16:45:19 [kr36] fetch_start url=https://36kr.com/topics/
2026-04-23 16:45:22 [kr36] fetch_ok method=curl url=https://36kr.com/topics/ html_length=73868
2026-04-23 16:45:22 [kr36] throttle_wait url=https://36kr.com/topics/3770543132934659 wait_ms=31989 global_wait_ms=31989 same_url_wait_ms=0 risk_wait_ms=0
2026-04-23 16:45:54 [kr36] fetch_start url=https://36kr.com/topics/3770543132934659
2026-04-23 16:45:56 [kr36] fetch_ok method=curl url=https://36kr.com/topics/3770543132934659 html_length=76044
2026-04-23 16:45:56 [kr36] throttle_wait url=https://36kr.com/video/3766585318896386 wait_ms=26652 global_wait_ms=26652 same_url_wait_ms=0 risk_wait_ms=0
2026-04-23 16:46:23 [kr36] fetch_start url=https://36kr.com/video/3766585318896386
2026-04-23 16:46:24 [kr36] fetch_ok method=curl url=https://36kr.com/video/3766585318896386 html_length=1460
2026-04-23 16:46:24 [kr36] topic_video_no_cdn_in_html len=1460 page='https://36kr.com/video/3766585318896386' trying_playwright_slider
2026-04-23 16:46:24 [kr36] topic_video_playwright_recover reason=no_cdn_in_html page='https://36kr.com/video/3766585318896386'
2026-04-23 16:46:25 [kr36] playwright_slider_start phase='step4-video' url=https://36kr.com/video/3766585318896386 headless=false channel='msedge'
2026-04-23 16:46:48 [kr36] playwright_slider_preloop phase='step4-video' url=https://36kr.com/video/3766585318896386 wait_after_load_ms=1800 slider_ui_ready_max_ms=20000
2026-04-23 16:46:48 [kr36] playwright_slider_wait_ui phase='step4-video' url=https://36kr.com/video/3766585318896386 ui_ready=true
2026-04-23 16:47:05 [kr36] slider_captcha_solve_result attempted=true
2026-04-23 16:47:05 [kr36] playwright_slider_attempt phase='step4-video' url=https://36kr.com/video/3766585318896386 attempted=true
2026-04-23 16:47:45 [kr36] playwright_slider_wait_ui phase='step4-video' url=https://36kr.com/video/3766585318896386 ui_ready=false
2026-04-23 16:47:49 [kr36] slider_captcha_solve_result attempted=false
2026-04-23 16:47:49 [kr36] playwright_slider_attempt phase='step4-video' url=https://36kr.com/video/3766585318896386 attempted=false
2026-04-23 16:47:50 [kr36] playwright_slider_error phase='step4-video' url=https://36kr.com/video/3766585318896386 error=Page.wait_for_timeout: Target page, context or browser has been closed
2026-04-23 16:47:50 [kr36] fetch_start url=https://36kr.com/video/3766585318896386
2026-04-23 16:47:52 [kr36] fetch_ok method=curl url=https://36kr.com/video/3766585318896386 html_length=14308
2026-04-23 16:47:52 [kr36] topic_video_cdn_extract count=0 html_len=14308 preview='-' page='https://36kr.com/video/3766585318896386'
2026-04-23 16:47:52 [kr36] topic_video_fallback_html_only cdn_tried=0 page='https://36kr.com/video/3766585318896386' html_len=14308
2026-04-23 16:47:52 [kr36] throttle_wait url=https://36kr.com/video/3764840757948933 wait_ms=32282 global_wait_ms=32282 same_url_wait_ms=0 risk_wait_ms=0
2026-04-23 16:48:24 [kr36] fetch_start url=https://36kr.com/video/3764840757948933
2026-04-23 16:48:26 [kr36] fetch_ok method=curl url=https://36kr.com/video/3764840757948933 html_length=14308
2026-04-23 16:48:26 [kr36] topic_video_no_cdn_in_html len=14308 page='https://36kr.com/video/3764840757948933' trying_playwright_slider
2026-04-23 16:48:26 [kr36] topic_video_playwright_recover reason=no_cdn_in_html page='https://36kr.com/video/3764840757948933'
2026-04-23 16:48:26 [kr36] playwright_slider_start phase='step4-video' url=https://36kr.com/video/3764840757948933 headless=false channel='msedge'
2026-04-23 16:48:49 [kr36] playwright_slider_preloop phase='step4-video' url=https://36kr.com/video/3764840757948933 wait_after_load_ms=1800 slider_ui_ready_max_ms=20000
2026-04-23 16:49:20 [kr36] playwright_slider_wait_ui phase='step4-video' url=https://36kr.com/video/3764840757948933 ui_ready=false
2026-04-23 16:49:20 [kr36] slider_captcha_solve_result attempted=false
2026-04-23 16:49:20 [kr36] playwright_slider_attempt phase='step4-video' url=https://36kr.com/video/3764840757948933 attempted=false
2026-04-23 16:49:20 [kr36] playwright_slider_error phase='step4-video' url=https://36kr.com/video/3764840757948933 error=Page.wait_for_timeout: Target page, context or browser has been closed
2026-04-23 16:49:20 [kr36] fetch_start url=https://36kr.com/video/3764840757948933
2026-04-23 16:49:22 [kr36] fetch_ok method=curl url=https://36kr.com/video/3764840757948933 html_length=14308
2026-04-23 16:49:22 [kr36] topic_video_cdn_extract count=0 html_len=14308 preview='-' page='https://36kr.com/video/3764840757948933'
2026-04-23 16:49:22 [kr36] topic_video_fallback_html_only cdn_tried=0 page='https://36kr.com/video/3764840757948933' html_len=14308
2026-04-23 16:49:22 [kr36] throttle_wait url=https://36kr.com/video/3765091828527880 wait_ms=24773 global_wait_ms=24773 same_url_wait_ms=0 risk_wait_ms=0
2026-04-23 16:49:47 [kr36] fetch_start url=https://36kr.com/video/3765091828527880
2026-04-23 16:49:49 [kr36] fetch_ok method=curl url=https://36kr.com/video/3765091828527880 html_length=14308
2026-04-23 16:49:49 [kr36] topic_video_no_cdn_in_html len=14308 page='https://36kr.com/video/3765091828527880' trying_playwright_slider
2026-04-23 16:49:49 [kr36] topic_video_playwright_recover reason=no_cdn_in_html page='https://36kr.com/video/3765091828527880'
2026-04-23 16:49:49 [kr36] playwright_slider_start phase='step4-video' url=https://36kr.com/video/3765091828527880 headless=false channel='msedge'
2026-04-23 16:50:00 [kr36] playwright_slider_error phase='step4-video' url=https://36kr.com/video/3765091828527880 error=Target page, context or browser has been closed
=========================== logs ===========================
"commit" event fired
"domcontentloaded" event fired
"load" event fired
============================================================
2026-04-23 16:50:00 [kr36] throttle_wait url=https://36kr.com/video/3765091828527880 wait_ms=26035 global_wait_ms=26035 same_url_wait_ms=0 risk_wait_ms=0
2026-04-23 16:50:26 [kr36] fetch_start url=https://36kr.com/video/3765091828527880
2026-04-23 16:50:28 [kr36] fetch_ok method=curl url=https://36kr.com/video/3765091828527880 html_length=14308
2026-04-23 16:50:28 [kr36] topic_video_cdn_extract count=0 html_len=14308 preview='-' page='https://36kr.com/video/3765091828527880'
2026-04-23 16:50:28 [kr36] topic_video_fallback_html_only cdn_tried=0 page='https://36kr.com/video/3765091828527880' html_len=14308
2026-04-23 16:50:28 [kr36] throttle_wait url=https://36kr.com/topics/3771153216865028 wait_ms=37020 global_wait_ms=37020 same_url_wait_ms=0 risk_wait_ms=0
2026-04-23 16:51:05 [kr36] fetch_start url=https://36kr.com/topics/3771153216865028
2026-04-23 16:51:07 [kr36] fetch_ok method=curl url=https://36kr.com/topics/3771153216865028 html_length=60355
2026-04-23 16:51:07 [kr36] throttle_wait url=https://36kr.com/p/3770688595214857 wait_ms=25776 global_wait_ms=25776 same_url_wait_ms=0 risk_wait_ms=0
