[kr36] 2026-04-22 20:34:07 starting daily brief run (no email)...
[kr36] PROJECT_ROOT=E:\AI\touzifenxi
[kr36] PYTHON_BIN=E:\AI\touzifenxi\.venv\Scripts\python.exe
[kr36] TIMEOUT=50s
[kr36] LOG_FILE=E:\AI\touzifenxi\logs\kr36\kr36_20260422_203406.log
[kr36] running: "E:\AI\touzifenxi\.venv\Scripts\python.exe" scripts\websearch.py run --source 36kr --timeout 50
2026-04-22 20:34:07 [kr36] listing_begin report_date=2026-04-22 rounds_total=11 candidate_limit=120
2026-04-22 20:34:07 [kr36] round_start page=1 round=1/11 stage=topics url=https://36kr.com/topics/
2026-04-22 20:34:07 [kr36] 进入专题页，数据 0 条，累计 0 条
2026-04-22 20:34:07 [kr36] fetch_start url=https://36kr.com/topics/
2026-04-22 20:34:08 [kr36] fetch_ok method=curl url=https://36kr.com/topics/ html_length=73982
2026-04-22 20:34:08 [kr36] throttle_wait url=https://36kr.com/topics/3770543132934659 wait_ms=21944 global_wait_ms=21944 same_url_wait_ms=0 risk_wait_ms=0
2026-04-22 20:34:30 [kr36] fetch_start url=https://36kr.com/topics/3770543132934659
2026-04-22 20:34:30 [kr36] fetch_ok method=curl url=https://36kr.com/topics/3770543132934659 html_length=76158
2026-04-22 20:34:30 [kr36] throttle_wait url=https://36kr.com/video/3766585318896386 wait_ms=33077 global_wait_ms=33077 same_url_wait_ms=0 risk_wait_ms=0
2026-04-22 20:35:03 [kr36] fetch_start url=https://36kr.com/video/3766585318896386
2026-04-22 20:35:04 [kr36] fetch_ok method=curl url=https://36kr.com/video/3766585318896386 html_length=14308
2026-04-22 20:35:04 [kr36] topic_video_no_cdn_in_html len=14308 page='https://36kr.com/video/3766585318896386' trying_playwright_slider
2026-04-22 20:35:04 [kr36] topic_video_playwright_recover reason=no_cdn_in_html page='https://36kr.com/video/3766585318896386'
2026-04-22 20:35:04 [kr36] step4_playwright_slider_start url=https://36kr.com/video/3766585318896386 headless=true
2026-04-22 20:37:04 [kr36] slider_captcha_solve_result attempted=true
2026-04-22 20:37:04 [kr36] step4_slider_attempt url=https://36kr.com/video/3766585318896386 attempted=true
2026-04-22 20:37:07 [kr36] step4_playwright_after_slider url=https://36kr.com/video/3766585318896386 html_length=39
2026-04-22 20:37:07 [kr36] fetch_start url=https://36kr.com/video/3766585318896386
2026-04-22 20:37:07 [kr36] fetch_ok method=curl url=https://36kr.com/video/3766585318896386 html_length=60420
2026-04-22 20:37:07 [kr36] topic_video_cdn_extract count=7 html_len=60420 preview='https://videos.36krcdn.com/20260414/v2_1776165984015_video_mp4_v11' page='https://36kr.com/video/3766585318896386'
2026-04-22 20:37:27 [kr36] topic_video_download_ok cdn='https://videos.36krcdn.com/20260414/v2_1776165984015_video_mp4_v11' local=E:\AI\touzifenxi\output\reports\kr36_report\kr36_search_202604222034\kr36_topic_downloads\本周有大事丨大疆八年熵减，汪滔十年修行；为了保住同伙，AI有多癫；新中产收割机，想挑战Lululemon_\2026-04-15\videos\氪大事___为了保住同伙，AI有多癫？_36kr_topic_video_3766585318896386.mp4
2026-04-22 20:37:33 [kr36] topic_asr_ok chars=1182 transcript=E:\AI\touzifenxi\output\reports\kr36_report\kr36_search_202604222034\kr36_topic_downloads\本周有大事丨大疆八年熵减，汪滔十年修行；为了保住同伙，AI有多癫；新中产收割机，想挑战Lululemon_\2026-04-15\videos\氪大事___为了保住同伙，AI有多癫？_36kr_topic_video_3766585318896386.transcript.txt code=20000000 role=topic_video_asr_transcript
2026-04-22 20:37:33 [kr36] throttle_wait url=https://36kr.com/video/3764840757948933 wait_ms=7596 global_wait_ms=7596 same_url_wait_ms=0 risk_wait_ms=0
2026-04-22 20:37:41 [kr36] fetch_start url=https://36kr.com/video/3764840757948933
2026-04-22 20:37:41 [kr36] fetch_ok method=curl url=https://36kr.com/video/3764840757948933 html_length=59902
2026-04-22 20:37:41 [kr36] topic_video_cdn_extract count=7 html_len=59902 preview='https://videos.36krcdn.com/20260413/v2_1776051795825_video_mp4_v11' page='https://36kr.com/video/3764840757948933'
2026-04-22 20:37:50 [kr36] topic_video_download_ok cdn='https://videos.36krcdn.com/20260413/v2_1776051795825_video_mp4_v11' local=E:\AI\touzifenxi\output\reports\kr36_report\kr36_search_202604222034\kr36_topic_downloads\本周有大事丨大疆八年熵减，汪滔十年修行；为了保住同伙，AI有多癫；新中产收割机，想挑战Lululemon_\2026-04-14\videos\于东来和魏建军，两个“最轴”的老板“约会”了_36kr_topic_video_3764840757948933.mp4
2026-04-22 20:37:53 [kr36] topic_asr_ok chars=417 transcript=E:\AI\touzifenxi\output\reports\kr36_report\kr36_search_202604222034\kr36_topic_downloads\本周有大事丨大疆八年熵减，汪滔十年修行；为了保住同伙，AI有多癫；新中产收割机，想挑战Lululemon_\2026-04-14\videos\于东来和魏建军，两个“最轴”的老板“约会”了_36kr_topic_video_3764840757948933.transcript.txt code=20000000 role=topic_video_asr_transcript
2026-04-22 20:37:53 [kr36] throttle_wait url=https://36kr.com/video/3765091828527880 wait_ms=19944 global_wait_ms=19944 same_url_wait_ms=0 risk_wait_ms=0
2026-04-22 20:38:13 [kr36] fetch_start url=https://36kr.com/video/3765091828527880
2026-04-22 20:38:14 [kr36] fetch_ok method=curl url=https://36kr.com/video/3765091828527880 html_length=59145
2026-04-22 20:38:14 [kr36] topic_video_cdn_extract count=7 html_len=59145 preview='https://videos.36krcdn.com/20260413/v2_1776074530156_video_mp4_v9' page='https://36kr.com/video/3765091828527880'
2026-04-22 20:38:30 [kr36] topic_video_download_ok cdn='https://videos.36krcdn.com/20260413/v2_1776074530156_video_mp4_v9' local=E:\AI\touzifenxi\output\reports\kr36_report\kr36_search_202604222034\kr36_topic_downloads\本周有大事丨大疆八年熵减，汪滔十年修行；为了保住同伙，AI有多癫；新中产收割机，想挑战Lululemon_\2026-04-13\videos\AI盗脸风波：当技术“越界”_如何守住自己的数字人格？_36kr_topic_video_3765091828527880.mp4
2026-04-22 20:38:36 [kr36] topic_asr_ok chars=1061 transcript=E:\AI\touzifenxi\output\reports\kr36_report\kr36_search_202604222034\kr36_topic_downloads\本周有大事丨大疆八年熵减，汪滔十年修行；为了保住同伙，AI有多癫；新中产收割机，想挑战Lululemon_\2026-04-13\videos\AI盗脸风波：当技术“越界”_如何守住自己的数字人格？_36kr_topic_video_3765091828527880.transcript.txt code=20000000 role=topic_video_asr_transcript
2026-04-22 20:38:36 [kr36] throttle_wait url=https://36kr.com/topics/3771153216865028 wait_ms=1982 global_wait_ms=1982 same_url_wait_ms=0 risk_wait_ms=0
2026-04-22 20:38:38 [kr36] fetch_start url=https://36kr.com/topics/3771153216865028
2026-04-22 20:38:38 [kr36] fetch_ok method=curl url=https://36kr.com/topics/3771153216865028 html_length=60469
2026-04-22 20:38:38 [kr36] throttle_wait url=https://36kr.com/p/3770688595214857 wait_ms=30046 global_wait_ms=30046 same_url_wait_ms=0 risk_wait_ms=0
2026-04-22 20:39:08 [kr36] fetch_start url=https://36kr.com/p/3770688595214857
2026-04-22 20:39:09 [kr36] fetch_ok method=curl url=https://36kr.com/p/3770688595214857 html_length=75450
2026-04-22 20:39:09 [kr36] throttle_wait url=https://36kr.com/p/3766410231726855 wait_ms=34125 global_wait_ms=34125 same_url_wait_ms=0 risk_wait_ms=0
2026-04-22 20:39:43 [kr36] fetch_start url=https://36kr.com/p/3766410231726855
2026-04-22 20:39:43 [kr36] fetch_ok method=curl url=https://36kr.com/p/3766410231726855 html_length=81977
2026-04-22 20:39:43 [kr36] throttle_wait url=https://36kr.com/p/3764728843289089 wait_ms=26958 global_wait_ms=26958 same_url_wait_ms=0 risk_wait_ms=0
2026-04-22 20:40:10 [kr36] fetch_start url=https://36kr.com/p/3764728843289089
2026-04-22 20:40:11 [kr36] fetch_ok method=curl url=https://36kr.com/p/3764728843289089 html_length=84707
2026-04-22 20:40:11 [kr36] throttle_wait url=https://36kr.com/p/3766718158324489 wait_ms=36339 global_wait_ms=36339 same_url_wait_ms=0 risk_wait_ms=0
2026-04-22 20:40:47 [kr36] fetch_start url=https://36kr.com/p/3766718158324489
2026-04-22 20:40:48 [kr36] fetch_ok method=curl url=https://36kr.com/p/3766718158324489 html_length=86895
2026-04-22 20:40:48 [kr36] throttle_wait url=https://36kr.com/p/3765076875117314 wait_ms=20546 global_wait_ms=20546 same_url_wait_ms=0 risk_wait_ms=0
2026-04-22 20:41:08 [kr36] fetch_start url=https://36kr.com/p/3765076875117314
2026-04-22 20:41:10 [kr36] fetch_ok method=curl url=https://36kr.com/p/3765076875117314 html_length=90562
2026-04-22 20:41:10 [kr36] throttle_wait url=https://36kr.com/p/3764953900990977 wait_ms=35380 global_wait_ms=35380 same_url_wait_ms=0 risk_wait_ms=0
2026-04-22 20:41:45 [kr36] fetch_start url=https://36kr.com/p/3764953900990977
2026-04-22 20:41:46 [kr36] fetch_ok method=curl url=https://36kr.com/p/3764953900990977 html_length=89351
2026-04-22 20:41:46 [kr36] throttle_wait url=https://36kr.com/p/3757975636050695 wait_ms=28614 global_wait_ms=28614 same_url_wait_ms=0 risk_wait_ms=0
2026-04-22 20:42:14 [kr36] fetch_start url=https://36kr.com/p/3757975636050695
2026-04-22 20:42:15 [kr36] fetch_ok method=curl url=https://36kr.com/p/3757975636050695 html_length=79801
2026-04-22 20:42:15 [kr36] round_end page=1 round=1/11 stage=topics status=ok fetched=10 total_refs=10 elapsed_ms=487569
2026-04-22 20:42:15 [kr36] 完成专题页，数据 10 条，累计 10 条
2026-04-22 20:42:15 [kr36] round_next round=2/11 stage=activity
2026-04-22 20:42:15 [kr36] round_start page=2 round=2/11 stage=activity url=https://36kr.com/activity
2026-04-22 20:42:15 [kr36] 进入活动页，数据 0 条，累计 10 条
2026-04-22 20:42:15 [kr36] throttle_wait url=https://36kr.com/activity wait_ms=22361 global_wait_ms=22361 same_url_wait_ms=0 risk_wait_ms=0
2026-04-22 20:42:37 [kr36] fetch_start url=https://36kr.com/activity
2026-04-22 20:42:38 [kr36] fetch_ok method=curl url=https://36kr.com/activity html_length=61718
2026-04-22 20:42:38 [kr36] round_end page=2 round=2/11 stage=activity status=ok fetched=8 total_refs=18 elapsed_ms=22844
2026-04-22 20:42:38 [kr36] 完成活动页，数据 8 条，累计 18 条
2026-04-22 20:42:38 [kr36] round_next round=3/11 stage=search
2026-04-22 20:42:38 [kr36] round_start page=3 round=3/11 stage=search category=36氪独家 url=https://36kr.com/search/articles/36%E6%B0%AA%E7%8B%AC%E5%AE%B6
2026-04-22 20:42:38 [kr36] 进入搜索页(36氪独家)，数据 0 条，累计 18 条
2026-04-22 20:42:38 [kr36] throttle_wait url=https://36kr.com/search/articles/36%E6%B0%AA%E7%8B%AC%E5%AE%B6 wait_ms=21482 global_wait_ms=21482 same_url_wait_ms=0 risk_wait_ms=0
2026-04-22 20:42:59 [kr36] fetch_start url=https://36kr.com/search/articles/36%E6%B0%AA%E7%8B%AC%E5%AE%B6
2026-04-22 20:43:00 [kr36] search_playwright_start url=https://36kr.com/search/articles/36%E6%B0%AA%E7%8B%AC%E5%AE%B6 timeout_ms=35000 max_attempts=2
2026-04-22 20:43:14 [kr36] search_playwright_once_end url=https://36kr.com/search/articles/36%E6%B0%AA%E7%8B%AC%E5%AE%B6 html_length=103942
2026-04-22 20:43:14 [kr36] search_playwright_ok attempt=1 url=https://36kr.com/search/articles/36%E6%B0%AA%E7%8B%AC%E5%AE%B6 html_length=103942
2026-04-22 20:43:14 [kr36] search_listing_csr_enriched url=https://36kr.com/search/articles/36%E6%B0%AA%E7%8B%AC%E5%AE%B6 html_length=103942
2026-04-22 20:43:14 [kr36] fetch_ok method=curl_playwright_search url=https://36kr.com/search/articles/36%E6%B0%AA%E7%8B%AC%E5%AE%B6 html_length=103942
2026-04-22 20:43:14 [kr36] round_end page=3 round=3/11 stage=search category=36氪独家 status=ok fetched=5 total_refs=23 elapsed_ms=35742
2026-04-22 20:43:14 [kr36] 完成搜索页(36氪独家)，数据 5 条，累计 23 条
2026-04-22 20:43:14 [kr36] round_next round=4/11 stage=search_or_channel
2026-04-22 20:43:14 [kr36] round_start page=4 round=4/11 stage=search category=深氪 url=https://36kr.com/search/articles/%E6%B7%B1%E6%B0%AA
2026-04-22 20:43:14 [kr36] 进入搜索页(深氪)，数据 0 条，累计 23 条
2026-04-22 20:43:14 [kr36] throttle_wait url=https://36kr.com/search/articles/%E6%B7%B1%E6%B0%AA wait_ms=19271 global_wait_ms=19271 same_url_wait_ms=0 risk_wait_ms=0
2026-04-22 20:43:33 [kr36] fetch_start url=https://36kr.com/search/articles/%E6%B7%B1%E6%B0%AA
2026-04-22 20:43:33 [kr36] search_playwright_start url=https://36kr.com/search/articles/%E6%B7%B1%E6%B0%AA timeout_ms=35000 max_attempts=2
2026-04-22 20:43:45 [kr36] search_playwright_once_end url=https://36kr.com/search/articles/%E6%B7%B1%E6%B0%AA html_length=101738
2026-04-22 20:43:45 [kr36] search_playwright_ok attempt=1 url=https://36kr.com/search/articles/%E6%B7%B1%E6%B0%AA html_length=101738
2026-04-22 20:43:45 [kr36] search_listing_csr_enriched url=https://36kr.com/search/articles/%E6%B7%B1%E6%B0%AA html_length=101738
2026-04-22 20:43:45 [kr36] fetch_ok method=curl_playwright_search url=https://36kr.com/search/articles/%E6%B7%B1%E6%B0%AA html_length=101738
2026-04-22 20:43:45 [kr36] round_end page=4 round=4/11 stage=search category=深氪 status=ok fetched=5 total_refs=28 elapsed_ms=31508
2026-04-22 20:43:45 [kr36] 完成搜索页(深氪)，数据 5 条，累计 28 条
2026-04-22 20:43:45 [kr36] round_next round=5/11 stage=search_or_channel
2026-04-22 20:43:45 [kr36] round_start page=5 round=5/11 stage=search category=后浪白皮书 url=https://36kr.com/search/articles/%E5%90%8E%E6%B5%AA%E7%99%BD%E7%9A%AE%E4%B9%A6
2026-04-22 20:43:45 [kr36] 进入搜索页(后浪白皮书)，数据 0 条，累计 28 条
2026-04-22 20:43:45 [kr36] throttle_wait url=https://36kr.com/search/articles/%E5%90%8E%E6%B5%AA%E7%99%BD%E7%9A%AE%E4%B9%A6 wait_ms=18821 global_wait_ms=18821 same_url_wait_ms=0 risk_wait_ms=0
2026-04-22 20:44:04 [kr36] fetch_start url=https://36kr.com/search/articles/%E5%90%8E%E6%B5%AA%E7%99%BD%E7%9A%AE%E4%B9%A6
2026-04-22 20:44:04 [kr36] search_playwright_start url=https://36kr.com/search/articles/%E5%90%8E%E6%B5%AA%E7%99%BD%E7%9A%AE%E4%B9%A6 timeout_ms=35000 max_attempts=2
2026-04-22 20:44:16 [kr36] search_playwright_once_end url=https://36kr.com/search/articles/%E5%90%8E%E6%B5%AA%E7%99%BD%E7%9A%AE%E4%B9%A6 html_length=68268
2026-04-22 20:44:16 [kr36] search_playwright_ok attempt=1 url=https://36kr.com/search/articles/%E5%90%8E%E6%B5%AA%E7%99%BD%E7%9A%AE%E4%B9%A6 html_length=68268
2026-04-22 20:44:16 [kr36] search_listing_csr_enriched url=https://36kr.com/search/articles/%E5%90%8E%E6%B5%AA%E7%99%BD%E7%9A%AE%E4%B9%A6 html_length=68268
2026-04-22 20:44:17 [kr36] fetch_ok method=curl_playwright_search url=https://36kr.com/search/articles/%E5%90%8E%E6%B5%AA%E7%99%BD%E7%9A%AE%E4%B9%A6 html_length=68268
2026-04-22 20:44:17 [kr36] round_end page=5 round=5/11 stage=search category=后浪白皮书 status=ok fetched=3 total_refs=31 elapsed_ms=31433
2026-04-22 20:44:17 [kr36] 完成搜索页(后浪白皮书)，数据 3 条，累计 31 条
2026-04-22 20:44:17 [kr36] round_next round=6/11 stage=search_or_channel
2026-04-22 20:44:17 [kr36] round_start page=6 round=6/11 stage=search category=行业日报 url=https://36kr.com/search/articles/%E8%A1%8C%E4%B8%9A%E6%97%A5%E6%8A%A5
2026-04-22 20:44:17 [kr36] 进入搜索页(行业日报)，数据 0 条，累计 31 条
2026-04-22 20:44:17 [kr36] throttle_wait url=https://36kr.com/search/articles/%E8%A1%8C%E4%B8%9A%E6%97%A5%E6%8A%A5 wait_ms=10305 global_wait_ms=10305 same_url_wait_ms=0 risk_wait_ms=0
2026-04-22 20:44:27 [kr36] fetch_start url=https://36kr.com/search/articles/%E8%A1%8C%E4%B8%9A%E6%97%A5%E6%8A%A5
2026-04-22 20:44:27 [kr36] search_playwright_start url=https://36kr.com/search/articles/%E8%A1%8C%E4%B8%9A%E6%97%A5%E6%8A%A5 timeout_ms=35000 max_attempts=2
2026-04-22 20:44:40 [kr36] search_playwright_once_end url=https://36kr.com/search/articles/%E8%A1%8C%E4%B8%9A%E6%97%A5%E6%8A%A5 html_length=69531
2026-04-22 20:44:40 [kr36] search_playwright_ok attempt=1 url=https://36kr.com/search/articles/%E8%A1%8C%E4%B8%9A%E6%97%A5%E6%8A%A5 html_length=69531
2026-04-22 20:44:40 [kr36] search_listing_csr_enriched url=https://36kr.com/search/articles/%E8%A1%8C%E4%B8%9A%E6%97%A5%E6%8A%A5 html_length=69531
2026-04-22 20:44:40 [kr36] fetch_ok method=curl_playwright_search url=https://36kr.com/search/articles/%E8%A1%8C%E4%B8%9A%E6%97%A5%E6%8A%A5 html_length=69531
2026-04-22 20:44:40 [kr36] round_end page=6 round=6/11 stage=search category=行业日报 status=ok fetched=4 total_refs=35 elapsed_ms=23693
2026-04-22 20:44:40 [kr36] 完成搜索页(行业日报)，数据 4 条，累计 35 条
2026-04-22 20:44:40 [kr36] round_next round=7/11 stage=search_or_channel
2026-04-22 20:44:40 [kr36] round_start page=7 round=7/11 stage=search category=Long China 50 url=https://36kr.com/search/articles/Long%20China%2050
2026-04-22 20:44:40 [kr36] 进入搜索页(Long China 50)，数据 0 条，累计 35 条
2026-04-22 20:44:40 [kr36] throttle_wait url=https://36kr.com/search/articles/Long%20China%2050 wait_ms=26325 global_wait_ms=26325 same_url_wait_ms=0 risk_wait_ms=0
2026-04-22 20:45:07 [kr36] fetch_start url=https://36kr.com/search/articles/Long%20China%2050
2026-04-22 20:45:07 [kr36] search_playwright_start url=https://36kr.com/search/articles/Long%20China%2050 timeout_ms=35000 max_attempts=2
2026-04-22 20:45:22 [kr36] search_playwright_once_end url=https://36kr.com/search/articles/Long%20China%2050 html_length=103370
2026-04-22 20:45:22 [kr36] search_playwright_ok attempt=1 url=https://36kr.com/search/articles/Long%20China%2050 html_length=103370
2026-04-22 20:45:22 [kr36] search_listing_csr_enriched url=https://36kr.com/search/articles/Long%20China%2050 html_length=103370
2026-04-22 20:45:22 [kr36] fetch_ok method=curl_playwright_search url=https://36kr.com/search/articles/Long%20China%2050 html_length=103370
2026-04-22 20:45:22 [kr36] round_end page=7 round=7/11 stage=search category=Long China 50 status=ok fetched=5 total_refs=40 elapsed_ms=41360
2026-04-22 20:45:22 [kr36] 完成搜索页(Long China 50)，数据 5 条，累计 40 条
2026-04-22 20:45:22 [kr36] round_next round=8/11 stage=search_or_channel
2026-04-22 20:45:22 [kr36] round_start page=8 round=8/11 stage=search category=投资派 url=https://36kr.com/search/articles/%E6%8A%95%E8%B5%84%E6%B4%BE
2026-04-22 20:45:22 [kr36] 进入搜索页(投资派)，数据 0 条，累计 40 条
2026-04-22 20:45:22 [kr36] throttle_wait url=https://36kr.com/search/articles/%E6%8A%95%E8%B5%84%E6%B4%BE wait_ms=7234 global_wait_ms=7234 same_url_wait_ms=0 risk_wait_ms=0
2026-04-22 20:45:29 [kr36] fetch_start url=https://36kr.com/search/articles/%E6%8A%95%E8%B5%84%E6%B4%BE
2026-04-22 20:45:29 [kr36] risk_cooldown_set url=https://36kr.com/search/articles/%E6%8A%95%E8%B5%84%E6%B4%BE cooldown_ms=187801 base_ms=180000 jitter_ms=7801
2026-04-22 20:45:29 [kr36] risk_entered method=curl url=https://36kr.com/search/articles/%E6%8A%95%E8%B5%84%E6%B4%BE html_length=1460 has_cookie_refresh_action=true
2026-04-22 20:45:29 [kr36] risk_verification_delay_before_command wait_ms=3000 url=https://36kr.com/search/articles/%E6%8A%95%E8%B5%84%E6%B4%BE
2026-04-22 20:45:32 [kr36] risk_verification_invoking_command url=https://36kr.com/search/articles/%E6%8A%95%E8%B5%84%E6%B4%BE
2026-04-22 20:47:38 [kr36] slider_captcha_solve_result attempted=true
2026-04-22 20:47:38 [kr36] risk_cookie_refresh_slider_solve_attempt url=https://36kr.com/search/articles/%E6%8A%95%E8%B5%84%E6%B4%BE attempted=true
2026-04-22 20:47:41 [kr36] risk_cookie_refresh_cookies_saved_after_slider url=https://36kr.com/search/articles/%E6%8A%95%E8%B5%84%E6%B4%BE has_sv=True has_sensors=True
2026-04-22 20:47:41 [kr36] risk_cookie_refresh_slider_done url=https://36kr.com/search/articles/%E6%8A%95%E8%B5%84%E6%B4%BE html_usable=true
2026-04-22 20:47:42 [kr36] risk_cookie_refresh_end url=https://36kr.com/search/articles/%E6%8A%95%E8%B5%84%E6%B4%BE ok=true changed=true key_changed=true has_required_fields=true html_usable=true
2026-04-22 20:47:42 [kr36] throttle_wait url=https://36kr.com/search/articles/%E6%8A%95%E8%B5%84%E6%B4%BE wait_ms=54483 global_wait_ms=0 same_url_wait_ms=0 risk_wait_ms=54483
2026-04-22 20:48:37 [kr36] fetch_ok method=risk_cookie_refresh url=https://36kr.com/search/articles/%E6%8A%95%E8%B5%84%E6%B4%BE html_length=43891
2026-04-22 20:48:37 [kr36] round_end page=8 round=8/11 stage=search category=投资派 status=ok fetched=0 total_refs=40 elapsed_ms=195801
2026-04-22 20:48:37 [kr36] search_zero_result category=投资派 html_length=43891 has_list_main=false has_search_item=false has_p_link=false risk_like=false
2026-04-22 20:48:37 [kr36] 完成搜索页(投资派)，数据 0 条，累计 40 条
2026-04-22 20:48:37 [kr36] round_next round=9/11 stage=search_or_channel
2026-04-22 20:48:37 [kr36] round_start page=9 round=9/11 stage=search category=新青年观察 url=https://36kr.com/search/articles/%E6%96%B0%E9%9D%92%E5%B9%B4%E8%A7%82%E5%AF%9F
2026-04-22 20:48:37 [kr36] 进入搜索页(新青年观察)，数据 0 条，累计 40 条
2026-04-22 20:48:37 [kr36] throttle_wait url=https://36kr.com/search/articles/%E6%96%B0%E9%9D%92%E5%B9%B4%E8%A7%82%E5%AF%9F wait_ms=35320 global_wait_ms=35320 same_url_wait_ms=0 risk_wait_ms=0
2026-04-22 20:49:13 [kr36] fetch_start url=https://36kr.com/search/articles/%E6%96%B0%E9%9D%92%E5%B9%B4%E8%A7%82%E5%AF%9F
2026-04-22 20:49:13 [kr36] search_playwright_start url=https://36kr.com/search/articles/%E6%96%B0%E9%9D%92%E5%B9%B4%E8%A7%82%E5%AF%9F timeout_ms=35000 max_attempts=2
2026-04-22 20:49:26 [kr36] search_playwright_once_end url=https://36kr.com/search/articles/%E6%96%B0%E9%9D%92%E5%B9%B4%E8%A7%82%E5%AF%9F html_length=69620
2026-04-22 20:49:26 [kr36] search_playwright_ok attempt=1 url=https://36kr.com/search/articles/%E6%96%B0%E9%9D%92%E5%B9%B4%E8%A7%82%E5%AF%9F html_length=69620
2026-04-22 20:49:26 [kr36] search_listing_csr_enriched url=https://36kr.com/search/articles/%E6%96%B0%E9%9D%92%E5%B9%B4%E8%A7%82%E5%AF%9F html_length=69620
2026-04-22 20:49:26 [kr36] fetch_ok method=curl_playwright_search url=https://36kr.com/search/articles/%E6%96%B0%E9%9D%92%E5%B9%B4%E8%A7%82%E5%AF%9F html_length=69620
2026-04-22 20:49:26 [kr36] round_end page=9 round=9/11 stage=search category=新青年观察 status=ok fetched=4 total_refs=44 elapsed_ms=48919
2026-04-22 20:49:26 [kr36] 完成搜索页(新青年观察)，数据 4 条，累计 44 条
2026-04-22 20:49:26 [kr36] round_next round=10/11 stage=search_or_channel
2026-04-22 20:49:26 [kr36] round_start page=10 round=10/11 stage=search category=KRLab url=https://36kr.com/search/articles/KRLab
2026-04-22 20:49:26 [kr36] 进入搜索页(KRLab)，数据 0 条，累计 44 条
2026-04-22 20:49:26 [kr36] throttle_wait url=https://36kr.com/search/articles/KRLab wait_ms=11220 global_wait_ms=11220 same_url_wait_ms=0 risk_wait_ms=0
2026-04-22 20:49:38 [kr36] fetch_start url=https://36kr.com/search/articles/KRLab
2026-04-22 20:49:38 [kr36] search_playwright_start url=https://36kr.com/search/articles/KRLab timeout_ms=35000 max_attempts=2
2026-04-22 20:50:06 [kr36] search_playwright_selector_timeout url=https://36kr.com/search/articles/KRLab selector=ul.kr-search-result-list-main
2026-04-22 20:50:24 [kr36] search_playwright_selector_timeout url=https://36kr.com/search/articles/KRLab selector=li.search-result-list-item-article
2026-04-22 20:50:27 [kr36] search_playwright_once_end url=https://36kr.com/search/articles/KRLab html_length=63551
2026-04-22 20:50:27 [kr36] search_playwright_ok attempt=1 url=https://36kr.com/search/articles/KRLab html_length=63551
2026-04-22 20:50:27 [kr36] search_listing_csr_enriched url=https://36kr.com/search/articles/KRLab html_length=63551
2026-04-22 20:50:27 [kr36] fetch_ok method=curl_playwright_search url=https://36kr.com/search/articles/KRLab html_length=63551
2026-04-22 20:50:27 [kr36] round_end page=10 round=10/11 stage=search category=KRLab status=ok fetched=1 total_refs=45 elapsed_ms=60651
2026-04-22 20:50:27 [kr36] 完成搜索页(KRLab)，数据 1 条，累计 45 条
2026-04-22 20:50:27 [kr36] round_next round=11/11 stage=search_or_channel
2026-04-22 20:50:27 [kr36] round_start page=11 round=11/11 stage=search category=数智前瞻 url=https://36kr.com/search/articles/%E6%95%B0%E6%99%BA%E5%89%8D%E7%9E%BB
2026-04-22 20:50:27 [kr36] 进入搜索页(数智前瞻)，数据 0 条，累计 45 条
2026-04-22 20:50:27 [kr36] fetch_start url=https://36kr.com/search/articles/%E6%95%B0%E6%99%BA%E5%89%8D%E7%9E%BB
2026-04-22 20:50:27 [kr36] search_playwright_start url=https://36kr.com/search/articles/%E6%95%B0%E6%99%BA%E5%89%8D%E7%9E%BB timeout_ms=35000 max_attempts=2
2026-04-22 20:51:02 [kr36] search_playwright_selector_timeout url=https://36kr.com/search/articles/%E6%95%B0%E6%99%BA%E5%89%8D%E7%9E%BB selector=ul.kr-search-result-list-main
2026-04-22 20:51:20 [kr36] search_playwright_selector_timeout url=https://36kr.com/search/articles/%E6%95%B0%E6%99%BA%E5%89%8D%E7%9E%BB selector=li.search-result-list-item-article
2026-04-22 20:51:23 [kr36] search_playwright_once_end url=https://36kr.com/search/articles/%E6%95%B0%E6%99%BA%E5%89%8D%E7%9E%BB html_length=4271
2026-04-22 20:51:23 [kr36] search_playwright_suspicious_body attempt=1/2 url=https://36kr.com/search/articles/%E6%95%B0%E6%99%BA%E5%89%8D%E7%9E%BB html_length=4271 hint=risk_or_transient
2026-04-22 20:51:58 [kr36] search_playwright_selector_timeout url=https://36kr.com/search/articles/%E6%95%B0%E6%99%BA%E5%89%8D%E7%9E%BB selector=ul.kr-search-result-list-main
2026-04-22 20:52:16 [kr36] search_playwright_selector_timeout url=https://36kr.com/search/articles/%E6%95%B0%E6%99%BA%E5%89%8D%E7%9E%BB selector=li.search-result-list-item-article
2026-04-22 20:52:19 [kr36] search_playwright_once_end url=https://36kr.com/search/articles/%E6%95%B0%E6%99%BA%E5%89%8D%E7%9E%BB html_length=4271
2026-04-22 20:52:19 [kr36] search_playwright_suspicious_body attempt=2/2 url=https://36kr.com/search/articles/%E6%95%B0%E6%99%BA%E5%89%8D%E7%9E%BB html_length=4271 hint=risk_or_transient
2026-04-22 20:52:19 [kr36] search_cookie_refresh_start url=https://36kr.com/search/articles/%E6%95%B0%E6%99%BA%E5%89%8D%E7%9E%BB
2026-04-22 20:54:02 [kr36] slider_captcha_solve_result attempted=true
2026-04-22 20:54:02 [kr36] risk_cookie_refresh_slider_solve_attempt url=https://36kr.com/search/articles/%E6%95%B0%E6%99%BA%E5%89%8D%E7%9E%BB attempted=true
2026-04-22 20:54:05 [kr36] risk_cookie_refresh_cookies_saved_after_slider url=https://36kr.com/search/articles/%E6%95%B0%E6%99%BA%E5%89%8D%E7%9E%BB has_sv=True has_sensors=True
2026-04-22 20:54:05 [kr36] risk_cookie_refresh_slider_done url=https://36kr.com/search/articles/%E6%95%B0%E6%99%BA%E5%89%8D%E7%9E%BB html_usable=true
2026-04-22 20:54:06 [kr36] risk_cookie_refresh_end url=https://36kr.com/search/articles/%E6%95%B0%E6%99%BA%E5%89%8D%E7%9E%BB ok=true changed=true key_changed=true has_required_fields=true html_usable=true
2026-04-22 20:54:07 [kr36] search_playwright_start url=https://36kr.com/search/articles/%E6%95%B0%E6%99%BA%E5%89%8D%E7%9E%BB timeout_ms=35000 max_attempts=2
2026-04-22 20:54:19 [kr36] search_playwright_once_end url=https://36kr.com/search/articles/%E6%95%B0%E6%99%BA%E5%89%8D%E7%9E%BB html_length=101499
2026-04-22 20:54:19 [kr36] search_playwright_ok attempt=1 url=https://36kr.com/search/articles/%E6%95%B0%E6%99%BA%E5%89%8D%E7%9E%BB html_length=101499
2026-04-22 20:54:19 [kr36] search_cookie_refresh_ok url=https://36kr.com/search/articles/%E6%95%B0%E6%99%BA%E5%89%8D%E7%9E%BB html_length=101499
2026-04-22 20:54:19 [kr36] search_listing_csr_enriched url=https://36kr.com/search/articles/%E6%95%B0%E6%99%BA%E5%89%8D%E7%9E%BB html_length=101499
2026-04-22 20:54:19 [kr36] fetch_ok method=curl_playwright_search url=https://36kr.com/search/articles/%E6%95%B0%E6%99%BA%E5%89%8D%E7%9E%BB html_length=101499
2026-04-22 20:54:19 [kr36] round_end page=11 round=11/11 stage=search category=数智前瞻 status=ok fetched=5 total_refs=50 elapsed_ms=232014
2026-04-22 20:54:19 [kr36] 完成搜索页(数智前瞻)，数据 5 条，累计 50 条
2026-04-22 20:54:19 [kr36] listing_end report_date=2026-04-22 total_refs=50 stopped_by=normal_complete
2026-04-22 20:55:42 [kr36] step4_playwright_slider_start url=https://36kr.com/p/2788351176311687 headless=true
2026-04-22 20:55:42 [kr36] step4_playwright_slider_start url=https://36kr.com/p/2124000856508551 headless=true
2026-04-22 20:55:42 [kr36] step4_playwright_slider_start url=https://36kr.com/video/3764840757948933 headless=true
2026-04-22 20:55:42 [kr36] step4_playwright_slider_start url=https://36kr.com/p/3766410231726855 headless=true
2026-04-22 20:55:42 [kr36] step4_playwright_slider_start url=https://36kr.com/p/3766718158324489 headless=true
2026-04-22 20:55:43 [kr36] step4_playwright_slider_start url=https://36kr.com/p/3765076875117314 headless=true
2026-04-22 20:55:44 [kr36] step4_playwright_slider_start url=https://36kr.com/p/3586384697703553 headless=true
2026-04-22 20:55:44 [kr36] step4_playwright_slider_start url=https://36kr.com/p/1144950862449666 headless=true
2026-04-22 20:56:31 [kr36] slider_captcha_solve_result attempted=true
2026-04-22 20:56:31 [kr36] step4_slider_attempt url=https://36kr.com/p/2788351176311687 attempted=true
2026-04-22 20:56:31 [kr36] slider_captcha_solve_result attempted=true
2026-04-22 20:56:31 [kr36] step4_slider_attempt url=https://36kr.com/p/3766718158324489 attempted=true
2026-04-22 20:56:33 [kr36] slider_captcha_solve_result attempted=true
2026-04-22 20:56:33 [kr36] step4_slider_attempt url=https://36kr.com/video/3764840757948933 attempted=true
2026-04-22 20:56:33 [kr36] slider_captcha_solve_result attempted=true
2026-04-22 20:56:33 [kr36] step4_slider_attempt url=https://36kr.com/p/2124000856508551 attempted=true
2026-04-22 20:56:36 [kr36] slider_captcha_solve_result attempted=true
2026-04-22 20:56:36 [kr36] step4_slider_attempt url=https://36kr.com/p/3586384697703553 attempted=true
2026-04-22 20:56:37 [kr36] slider_captcha_solve_result attempted=true
2026-04-22 20:56:37 [kr36] step4_slider_attempt url=https://36kr.com/p/1144950862449666 attempted=true
2026-04-22 20:56:37 [kr36] slider_captcha_solve_result attempted=true
2026-04-22 20:56:37 [kr36] step4_slider_attempt url=https://36kr.com/p/3765076875117314 attempted=true
2026-04-22 20:56:38 [kr36] slider_captcha_solve_result attempted=true
2026-04-22 20:56:38 [kr36] step4_slider_attempt url=https://36kr.com/p/3766410231726855 attempted=true
2026-04-22 20:57:09 [kr36] slider_captcha_solve_result attempted=true
2026-04-22 20:57:09 [kr36] step4_slider_attempt url=https://36kr.com/p/2788351176311687 attempted=true
2026-04-22 20:57:11 [kr36] slider_captcha_solve_result attempted=true
2026-04-22 20:57:11 [kr36] step4_slider_attempt url=https://36kr.com/video/3764840757948933 attempted=true
2026-04-22 20:57:11 [kr36] slider_captcha_solve_result attempted=true
2026-04-22 20:57:11 [kr36] step4_slider_attempt url=https://36kr.com/p/2124000856508551 attempted=true
2026-04-22 20:57:11 [kr36] slider_captcha_solve_result attempted=true
2026-04-22 20:57:11 [kr36] step4_slider_attempt url=https://36kr.com/p/3766718158324489 attempted=true
2026-04-22 20:57:16 [kr36] slider_captcha_solve_result attempted=true
2026-04-22 20:57:16 [kr36] step4_slider_attempt url=https://36kr.com/p/3586384697703553 attempted=true
2026-04-22 20:57:16 [kr36] slider_captcha_solve_result attempted=true
2026-04-22 20:57:16 [kr36] step4_slider_attempt url=https://36kr.com/p/1144950862449666 attempted=true
2026-04-22 20:57:17 [kr36] slider_captcha_solve_result attempted=true
2026-04-22 20:57:17 [kr36] step4_slider_attempt url=https://36kr.com/p/3766410231726855 attempted=true
2026-04-22 20:57:18 [kr36] slider_captcha_solve_result attempted=true
2026-04-22 20:57:18 [kr36] step4_slider_attempt url=https://36kr.com/p/3765076875117314 attempted=true
2026-04-22 20:57:48 [kr36] slider_captcha_solve_result attempted=true
2026-04-22 20:57:48 [kr36] step4_slider_attempt url=https://36kr.com/p/2788351176311687 attempted=true
2026-04-22 20:57:50 [kr36] slider_captcha_solve_result attempted=true
2026-04-22 20:57:50 [kr36] step4_slider_attempt url=https://36kr.com/p/3766718158324489 attempted=true
2026-04-22 20:57:50 [kr36] slider_captcha_solve_result attempted=true
2026-04-22 20:57:50 [kr36] step4_slider_attempt url=https://36kr.com/video/3764840757948933 attempted=true
2026-04-22 20:57:51 [kr36] slider_captcha_solve_result attempted=true
2026-04-22 20:57:51 [kr36] step4_slider_attempt url=https://36kr.com/p/2124000856508551 attempted=true
2026-04-22 20:57:55 [kr36] slider_captcha_solve_result attempted=true
2026-04-22 20:57:55 [kr36] step4_slider_attempt url=https://36kr.com/p/3586384697703553 attempted=true
2026-04-22 20:57:55 [kr36] slider_captcha_solve_result attempted=true
2026-04-22 20:57:55 [kr36] step4_slider_attempt url=https://36kr.com/p/1144950862449666 attempted=true
2026-04-22 20:57:56 [kr36] slider_captcha_solve_result attempted=true
2026-04-22 20:57:56 [kr36] step4_slider_attempt url=https://36kr.com/p/3766410231726855 attempted=true
2026-04-22 20:57:57 [kr36] slider_captcha_solve_result attempted=true
2026-04-22 20:57:57 [kr36] step4_slider_attempt url=https://36kr.com/p/3765076875117314 attempted=true
2026-04-22 20:58:28 [kr36] slider_captcha_solve_result attempted=true
2026-04-22 20:58:28 [kr36] step4_slider_attempt url=https://36kr.com/p/2788351176311687 attempted=true
2026-04-22 20:58:29 [kr36] slider_captcha_solve_result attempted=true
2026-04-22 20:58:29 [kr36] step4_slider_attempt url=https://36kr.com/video/3764840757948933 attempted=true
2026-04-22 20:58:29 [kr36] step4_slider_attempt url=https://36kr.com/p/3766718158324489 attempted=true
2026-04-22 20:58:30 [kr36] slider_captcha_solve_result attempted=true
2026-04-22 20:58:31 [kr36] step4_slider_attempt url=https://36kr.com/p/2124000856508551 attempted=true
2026-04-22 20:58:34 [kr36] slider_captcha_solve_result attempted=true
2026-04-22 20:58:34 [kr36] step4_slider_attempt url=https://36kr.com/p/3586384697703553 attempted=true
2026-04-22 20:58:34 [kr36] slider_captcha_solve_result attempted=true
2026-04-22 20:58:34 [kr36] step4_slider_attempt url=https://36kr.com/p/3766410231726855 attempted=true
2026-04-22 20:58:35 [kr36] slider_captcha_solve_result attempted=true
2026-04-22 20:58:35 [kr36] step4_slider_attempt url=https://36kr.com/p/3765076875117314 attempted=true
2026-04-22 20:58:35 [kr36] slider_captcha_solve_result attempted=true
2026-04-22 20:58:35 [kr36] step4_slider_attempt url=https://36kr.com/p/1144950862449666 attempted=true
2026-04-22 20:59:07 [kr36] slider_captcha_solve_result attempted=true
2026-04-22 20:59:07 [kr36] step4_slider_attempt url=https://36kr.com/video/3764840757948933 attempted=true
2026-04-22 20:59:08 [kr36] slider_captcha_solve_result attempted=true
2026-04-22 20:59:08 [kr36] step4_slider_attempt url=https://36kr.com/p/3766718158324489 attempted=true
2026-04-22 20:59:08 [kr36] slider_captcha_solve_result attempted=true
2026-04-22 20:59:08 [kr36] step4_slider_attempt url=https://36kr.com/p/2788351176311687 attempted=true
2026-04-22 20:59:09 [kr36] slider_captcha_solve_result attempted=true
2026-04-22 20:59:09 [kr36] step4_slider_attempt url=https://36kr.com/p/2124000856508551 attempted=true
2026-04-22 20:59:13 [kr36] step4_playwright_timeout url=https://36kr.com/video/3764840757948933 html_length=3618
2026-04-22 20:59:13 [kr36] step4_playwright_timeout url=https://36kr.com/p/3766718158324489 html_length=3618
2026-04-22 20:59:13 [kr36] slider_captcha_solve_result attempted=true
2026-04-22 20:59:13 [kr36] step4_slider_attempt url=https://36kr.com/p/3766410231726855 attempted=true
2026-04-22 20:59:13 [kr36] step4_playwright_timeout url=https://36kr.com/p/2788351176311687 html_length=3618
2026-04-22 20:59:14 [kr36] slider_captcha_solve_result attempted=true
2026-04-22 20:59:14 [kr36] step4_slider_attempt url=https://36kr.com/p/3586384697703553 attempted=true
2026-04-22 20:59:14 [kr36] step4_playwright_timeout url=https://36kr.com/p/2124000856508551 html_length=3618
2026-04-22 20:59:14 [kr36] slider_captcha_solve_result attempted=true
2026-04-22 20:59:14 [kr36] step4_slider_attempt url=https://36kr.com/p/1144950862449666 attempted=true
2026-04-22 20:59:15 [kr36] slider_captcha_solve_result attempted=true
2026-04-22 20:59:15 [kr36] step4_slider_attempt url=https://36kr.com/p/3765076875117314 attempted=true
2026-04-22 20:59:15 [kr36] step4_playwright_slider_start url=https://36kr.com/p/1724932882433 headless=true
2026-04-22 20:59:15 [kr36] step4_playwright_slider_start url=https://36kr.com/p/2302743898041095 headless=true
2026-04-22 20:59:16 [kr36] step4_playwright_slider_start url=https://36kr.com/p/2085920865108360 headless=true
2026-04-22 20:59:16 [kr36] step4_playwright_slider_start url=https://36kr.com/p/2086290965168521 headless=true
2026-04-22 20:59:20 [kr36] step4_playwright_timeout url=https://36kr.com/p/3766410231726855 html_length=3618
2026-04-22 20:59:20 [kr36] step4_playwright_timeout url=https://36kr.com/p/1144950862449666 html_length=3618
2026-04-22 20:59:21 [kr36] step4_playwright_timeout url=https://36kr.com/p/3586384697703553 html_length=3618
2026-04-22 20:59:21 [kr36] step4_playwright_timeout url=https://36kr.com/p/3765076875117314 html_length=3618
2026-04-22 20:59:23 [kr36] step4_playwright_slider_start url=https://36kr.com/p/3770688595214857 headless=true
2026-04-22 20:59:23 [kr36] step4_playwright_slider_start url=https://36kr.com/p/3776741071571200 headless=true
2026-04-22 20:59:23 [kr36] step4_playwright_slider_start url=https://36kr.com/p/3773892499096068 headless=true
2026-04-22 20:59:24 [kr36] step4_playwright_slider_start url=https://36kr.com/p/3759598959969030 headless=true
2026-04-22 21:00:46 [kr36] slider_captcha_solve_result attempted=true
2026-04-22 21:00:46 [kr36] step4_slider_attempt url=https://36kr.com/p/1724932882433 attempted=true
2026-04-22 21:00:48 [kr36] slider_captcha_solve_result attempted=true
2026-04-22 21:00:48 [kr36] step4_slider_attempt url=https://36kr.com/p/2302743898041095 attempted=true
2026-04-22 21:00:49 [kr36] slider_captcha_solve_result attempted=true
2026-04-22 21:00:49 [kr36] step4_slider_attempt url=https://36kr.com/p/2085920865108360 attempted=true
2026-04-22 21:00:51 [kr36] slider_captcha_solve_result attempted=true
2026-04-22 21:00:51 [kr36] step4_slider_attempt url=https://36kr.com/p/2086290965168521 attempted=true
2026-04-22 21:00:53 [kr36] slider_captcha_solve_result attempted=true
2026-04-22 21:00:53 [kr36] step4_slider_attempt url=https://36kr.com/p/3770688595214857 attempted=true
2026-04-22 21:00:57 [kr36] slider_captcha_solve_result attempted=true
2026-04-22 21:00:57 [kr36] step4_slider_attempt url=https://36kr.com/p/3776741071571200 attempted=true
2026-04-22 21:00:57 [kr36] slider_captcha_solve_result attempted=true
2026-04-22 21:00:57 [kr36] step4_slider_attempt url=https://36kr.com/p/3773892499096068 attempted=true
2026-04-22 21:00:57 [kr36] slider_captcha_solve_result attempted=true
2026-04-22 21:00:58 [kr36] step4_slider_attempt url=https://36kr.com/p/3759598959969030 attempted=true
2026-04-22 21:02:11 [kr36] slider_captcha_solve_result attempted=true
2026-04-22 21:02:11 [kr36] step4_slider_attempt url=https://36kr.com/p/1724932882433 attempted=true
2026-04-22 21:02:13 [kr36] slider_captcha_solve_result attempted=true
2026-04-22 21:02:13 [kr36] step4_slider_attempt url=https://36kr.com/p/2302743898041095 attempted=true
2026-04-22 21:02:13 [kr36] slider_captcha_solve_result attempted=true
2026-04-22 21:02:13 [kr36] step4_slider_attempt url=https://36kr.com/p/2085920865108360 attempted=true
2026-04-22 21:02:17 [kr36] slider_captcha_solve_result attempted=true
2026-04-22 21:02:17 [kr36] step4_slider_attempt url=https://36kr.com/p/2086290965168521 attempted=true
2026-04-22 21:02:18 [kr36] slider_captcha_solve_result attempted=true
2026-04-22 21:02:18 [kr36] step4_slider_attempt url=https://36kr.com/p/3770688595214857 attempted=true
2026-04-22 21:02:22 [kr36] slider_captcha_solve_result attempted=true
2026-04-22 21:02:22 [kr36] step4_slider_attempt url=https://36kr.com/p/3759598959969030 attempted=true
2026-04-22 21:02:23 [kr36] slider_captcha_solve_result attempted=true
2026-04-22 21:02:23 [kr36] step4_slider_attempt url=https://36kr.com/p/3773892499096068 attempted=true
2026-04-22 21:02:23 [kr36] slider_captcha_solve_result attempted=true
2026-04-22 21:02:23 [kr36] step4_slider_attempt url=https://36kr.com/p/3776741071571200 attempted=true
2026-04-22 21:03:37 [kr36] slider_captcha_solve_result attempted=true
2026-04-22 21:03:37 [kr36] step4_slider_attempt url=https://36kr.com/p/1724932882433 attempted=true
2026-04-22 21:03:38 [kr36] slider_captcha_solve_result attempted=true
2026-04-22 21:03:38 [kr36] step4_slider_attempt url=https://36kr.com/p/2085920865108360 attempted=true
2026-04-22 21:03:38 [kr36] slider_captcha_solve_result attempted=true
2026-04-22 21:03:38 [kr36] step4_slider_attempt url=https://36kr.com/p/2302743898041095 attempted=true
2026-04-22 21:03:40 [kr36] slider_captcha_solve_result attempted=true
2026-04-22 21:03:40 [kr36] step4_slider_attempt url=https://36kr.com/p/2086290965168521 attempted=true
2026-04-22 21:03:42 [kr36] step4_playwright_timeout url=https://36kr.com/p/1724932882433 html_length=3618
2026-04-22 21:03:43 [kr36] slider_captcha_solve_result attempted=true
2026-04-22 21:03:43 [kr36] step4_slider_attempt url=https://36kr.com/p/3770688595214857 attempted=true
2026-04-22 21:03:44 [kr36] step4_playwright_timeout url=https://36kr.com/p/2085920865108360 html_length=3618
2026-04-22 21:03:44 [kr36] step4_playwright_timeout url=https://36kr.com/p/2302743898041095 html_length=3618
2026-04-22 21:03:45 [kr36] step4_playwright_slider_start url=https://36kr.com/p/3470301182891396 headless=true
2026-04-22 21:03:46 [kr36] step4_playwright_timeout url=https://36kr.com/p/2086290965168521 html_length=3618
2026-04-22 21:03:46 [kr36] step4_playwright_slider_start url=https://36kr.com/p/2785354366305413 headless=true
2026-04-22 21:03:46 [kr36] step4_playwright_slider_start url=https://36kr.com/p/2684326515309572 headless=true
2026-04-22 21:03:46 [kr36] slider_captcha_solve_result attempted=true
2026-04-22 21:03:46 [kr36] step4_slider_attempt url=https://36kr.com/p/3776741071571200 attempted=true
2026-04-22 21:03:47 [kr36] slider_captcha_solve_result attempted=true
2026-04-22 21:03:47 [kr36] step4_slider_attempt url=https://36kr.com/p/3759598959969030 attempted=true
2026-04-22 21:03:48 [kr36] slider_captcha_solve_result attempted=true
2026-04-22 21:03:48 [kr36] step4_slider_attempt url=https://36kr.com/p/3773892499096068 attempted=true
2026-04-22 21:03:48 [kr36] step4_playwright_slider_start url=https://36kr.com/p/2199303305939075 headless=true
2026-04-22 21:03:49 [kr36] step4_playwright_timeout url=https://36kr.com/p/3770688595214857 html_length=3618
2026-04-22 21:03:51 [kr36] step4_playwright_slider_start url=https://36kr.com/p/2260199892119430 headless=true
2026-04-22 21:03:52 [kr36] step4_playwright_timeout url=https://36kr.com/p/3776741071571200 html_length=3618
2026-04-22 21:03:53 [kr36] step4_playwright_timeout url=https://36kr.com/p/3759598959969030 html_length=3618
2026-04-22 21:03:54 [kr36] step4_playwright_timeout url=https://36kr.com/p/3773892499096068 html_length=3618
2026-04-22 21:03:55 [kr36] step4_playwright_slider_start url=https://36kr.com/p/3764728843289089 headless=true
2026-04-22 21:03:57 [kr36] step4_playwright_slider_start url=https://36kr.com/p/2107240846066050 headless=true
2026-04-22 21:03:57 [kr36] step4_playwright_slider_start url=https://36kr.com/p/1382700624657540 headless=true
2026-04-22 21:05:16 [kr36] slider_captcha_solve_result attempted=true
2026-04-22 21:05:16 [kr36] step4_slider_attempt url=https://36kr.com/p/3470301182891396 attempted=true
2026-04-22 21:05:16 [kr36] slider_captcha_solve_result attempted=true
2026-04-22 21:05:16 [kr36] step4_slider_attempt url=https://36kr.com/p/2785354366305413 attempted=true
2026-04-22 21:05:17 [kr36] slider_captcha_solve_result attempted=true
2026-04-22 21:05:17 [kr36] step4_slider_attempt url=https://36kr.com/p/2684326515309572 attempted=true
2026-04-22 21:05:20 [kr36] slider_captcha_solve_result attempted=true
2026-04-22 21:05:20 [kr36] step4_slider_attempt url=https://36kr.com/p/2199303305939075 attempted=true
2026-04-22 21:05:22 [kr36] slider_captcha_solve_result attempted=true
2026-04-22 21:05:22 [kr36] step4_slider_attempt url=https://36kr.com/p/2260199892119430 attempted=true
2026-04-22 21:05:26 [kr36] slider_captcha_solve_result attempted=true
2026-04-22 21:05:26 [kr36] step4_slider_attempt url=https://36kr.com/p/3764728843289089 attempted=true
2026-04-22 21:05:27 [kr36] slider_captcha_solve_result attempted=true
2026-04-22 21:05:27 [kr36] step4_slider_attempt url=https://36kr.com/p/1382700624657540 attempted=true
2026-04-22 21:05:27 [kr36] slider_captcha_solve_result attempted=true
2026-04-22 21:05:27 [kr36] step4_slider_attempt url=https://36kr.com/p/2107240846066050 attempted=true
2026-04-22 21:06:41 [kr36] slider_captcha_solve_result attempted=true
2026-04-22 21:06:41 [kr36] step4_slider_attempt url=https://36kr.com/p/3470301182891396 attempted=true
2026-04-22 21:06:42 [kr36] slider_captcha_solve_result attempted=true
2026-04-22 21:06:42 [kr36] step4_slider_attempt url=https://36kr.com/p/2785354366305413 attempted=true
2026-04-22 21:06:42 [kr36] slider_captcha_solve_result attempted=true
2026-04-22 21:06:42 [kr36] step4_slider_attempt url=https://36kr.com/p/2684326515309572 attempted=true
2026-04-22 21:06:46 [kr36] slider_captcha_solve_result attempted=true
2026-04-22 21:06:46 [kr36] step4_slider_attempt url=https://36kr.com/p/2199303305939075 attempted=true
2026-04-22 21:06:47 [kr36] slider_captcha_solve_result attempted=true
2026-04-22 21:06:47 [kr36] step4_slider_attempt url=https://36kr.com/p/2260199892119430 attempted=true
2026-04-22 21:06:51 [kr36] slider_captcha_solve_result attempted=true
2026-04-22 21:06:51 [kr36] step4_slider_attempt url=https://36kr.com/p/3764728843289089 attempted=true
2026-04-22 21:06:51 [kr36] slider_captcha_solve_result attempted=true
2026-04-22 21:06:51 [kr36] step4_slider_attempt url=https://36kr.com/p/2107240846066050 attempted=true
2026-04-22 21:06:53 [kr36] slider_captcha_solve_result attempted=true
2026-04-22 21:06:53 [kr36] step4_slider_attempt url=https://36kr.com/p/1382700624657540 attempted=true
[kr36] 2026-04-22 21:07:33 finished with exit code -1.
