[kr36] 2026-04-23 10:25:22 starting daily brief run (no email)...
[kr36] PROJECT_ROOT=E:\AI\touzifenxi
[kr36] PYTHON_BIN=E:\AI\touzifenxi\.venv\Scripts\python.exe
[kr36] TIMEOUT=50s
[kr36] LOG_FILE=E:\AI\touzifenxi\logs\kr36\kr36_20260423_102522.log
[kr36] running: "E:\AI\touzifenxi\.venv\Scripts\python.exe" scripts\websearch.py run --source 36kr --timeout 50
2026-04-23 10:25:23 [kr36] listing_begin report_date=2026-04-23 rounds_total=11 candidate_limit=120 parallel=true step0.5_plus_step1
2026-04-23 10:25:23 [kr36] step0.5_topic_round_start page=1 round=1/11 stage=topics url=https://36kr.com/topics/
2026-04-23 10:25:23 [kr36] step1_listing_next round=2/11 stage=activity
2026-04-23 10:25:23 [kr36] 进入专题页(0.5步)，数据 0 条，累计 0 条
 url=https://36kr.com/activity
2026-04-23 10:25:23 [kr36] fetch_start url=https://36kr.com/topics/
条
2026-04-23 10:25:23 [kr36] fetch_start url=https://36kr.com/activity
2026-04-23 10:25:28 [kr36] fetch_ok method=curl url=https://36kr.com/activity html_length=61604
2026-04-23 10:25:28 [kr36] round_end page=2 round=2/11 stage=activity status=ok fetched=2 total_refs=2 elapsed_ms=5072
2026-04-23 10:25:28 [kr36] 完成活动页，数据 2 条，累计 2 条
2026-04-23 10:25:28 [kr36] round_next round=3/11 stage=search
2026-04-23 10:25:28 [kr36] round_start page=3 round=3/11 stage=search category=36氪独家 url=https://36kr.com/search/articles/36%E6%B0%AA%E7%8B%AC%E5%AE%B6
2026-04-23 10:25:28 [kr36] 进入搜索页(36氪独家)，数据 0 条，累计 2 条
2026-04-23 10:25:28 [kr36] throttle_wait url=https://36kr.com/search/articles/36%E6%B0%AA%E7%8B%AC%E5%AE%B6 wait_ms=31072 global_wait_ms=31072 same_url_wait_ms=0 risk_wait_ms=0
2026-04-23 10:25:28 [kr36] fetch_ok method=curl url=https://36kr.com/topics/ html_length=73868
2026-04-23 10:25:28 [kr36] throttle_wait url=https://36kr.com/topics/3770543132934659 wait_ms=25537 global_wait_ms=25537 same_url_wait_ms=0 risk_wait_ms=0
2026-04-23 10:25:53 [kr36] fetch_start url=https://36kr.com/topics/3770543132934659
2026-04-23 10:25:55 [kr36] fetch_ok method=curl url=https://36kr.com/topics/3770543132934659 html_length=1460
2026-04-23 10:25:55 [kr36] throttle_wait url=https://36kr.com/topics/3771153216865028 wait_ms=32290 global_wait_ms=32290 same_url_wait_ms=0 risk_wait_ms=0
2026-04-23 10:25:59 [kr36] fetch_start url=https://36kr.com/search/articles/36%E6%B0%AA%E7%8B%AC%E5%AE%B6
2026-04-23 10:26:01 [kr36] search_playwright_start url=https://36kr.com/search/articles/36%E6%B0%AA%E7%8B%AC%E5%AE%B6 timeout_ms=35000 max_attempts=2
2026-04-23 10:26:27 [kr36] fetch_start url=https://36kr.com/topics/3771153216865028
2026-04-23 10:26:29 [kr36] fetch_ok method=curl url=https://36kr.com/topics/3771153216865028 html_length=1460
2026-04-23 10:26:29 [kr36] step0.5_topic_round_end page=1 round=1/11 stage=topics status=ok fetched=2 total_topic_refs=2 elapsed_ms=66018
2026-04-23 10:26:29 [kr36] 完成专题页(0.5步)，数据 2 条，累计 2 条
2026-04-23 10:26:50 [kr36] search_playwright_selector_timeout url=https://36kr.com/search/articles/36%E6%B0%AA%E7%8B%AC%E5%AE%B6 selector=ul.kr-search-result-list-main
2026-04-23 10:27:08 [kr36] search_playwright_once_end url=https://36kr.com/search/articles/36%E6%B0%AA%E7%8B%AC%E5%AE%B6 html_length=103789
2026-04-23 10:27:08 [kr36] search_playwright_ok attempt=1 url=https://36kr.com/search/articles/36%E6%B0%AA%E7%8B%AC%E5%AE%B6 html_length=103789
2026-04-23 10:27:08 [kr36] search_listing_csr_enriched url=https://36kr.com/search/articles/36%E6%B0%AA%E7%8B%AC%E5%AE%B6 html_length=103789
2026-04-23 10:27:08 [kr36] fetch_ok method=curl_playwright_search url=https://36kr.com/search/articles/36%E6%B0%AA%E7%8B%AC%E5%AE%B6 html_length=103789
2026-04-23 10:27:08 [kr36] round_end page=3 round=3/11 stage=search category=36氪独家 status=ok fetched=5 total_refs=7 elapsed_ms=100096
2026-04-23 10:27:08 [kr36] 完成搜索页(36氪独家)，数据 5 条，累计 7 条
2026-04-23 10:27:08 [kr36] round_next round=4/11 stage=search_or_channel
2026-04-23 10:27:08 [kr36] round_start page=4 round=4/11 stage=search category=深氪 url=https://36kr.com/search/articles/%E6%B7%B1%E6%B0%AA
2026-04-23 10:27:08 [kr36] 进入搜索页(深氪)，数据 0 条，累计 7 条
2026-04-23 10:27:08 [kr36] fetch_start url=https://36kr.com/search/articles/%E6%B7%B1%E6%B0%AA
2026-04-23 10:27:10 [kr36] search_playwright_start url=https://36kr.com/search/articles/%E6%B7%B1%E6%B0%AA timeout_ms=35000 max_attempts=2
2026-04-23 10:27:35 [kr36] search_playwright_once_end url=https://36kr.com/search/articles/%E6%B7%B1%E6%B0%AA html_length=101582
2026-04-23 10:27:35 [kr36] search_playwright_ok attempt=1 url=https://36kr.com/search/articles/%E6%B7%B1%E6%B0%AA html_length=101582
2026-04-23 10:27:35 [kr36] search_listing_csr_enriched url=https://36kr.com/search/articles/%E6%B7%B1%E6%B0%AA html_length=101582
2026-04-23 10:27:35 [kr36] fetch_ok method=curl_playwright_search url=https://36kr.com/search/articles/%E6%B7%B1%E6%B0%AA html_length=101582
2026-04-23 10:27:35 [kr36] round_end page=4 round=4/11 stage=search category=深氪 status=ok fetched=5 total_refs=12 elapsed_ms=27022
2026-04-23 10:27:35 [kr36] 完成搜索页(深氪)，数据 5 条，累计 12 条
2026-04-23 10:27:35 [kr36] round_next round=5/11 stage=search_or_channel
2026-04-23 10:27:35 [kr36] round_start page=5 round=5/11 stage=search category=后浪白皮书 url=https://36kr.com/search/articles/%E5%90%8E%E6%B5%AA%E7%99%BD%E7%9A%AE%E4%B9%A6
2026-04-23 10:27:35 [kr36] 进入搜索页(后浪白皮书)，数据 0 条，累计 12 条
2026-04-23 10:27:35 [kr36] throttle_wait url=https://36kr.com/search/articles/%E5%90%8E%E6%B5%AA%E7%99%BD%E7%9A%AE%E4%B9%A6 wait_ms=850 global_wait_ms=850 same_url_wait_ms=0 risk_wait_ms=0
2026-04-23 10:27:36 [kr36] fetch_start url=https://36kr.com/search/articles/%E5%90%8E%E6%B5%AA%E7%99%BD%E7%9A%AE%E4%B9%A6
2026-04-23 10:27:38 [kr36] search_playwright_start url=https://36kr.com/search/articles/%E5%90%8E%E6%B5%AA%E7%99%BD%E7%9A%AE%E4%B9%A6 timeout_ms=35000 max_attempts=2
2026-04-23 10:28:00 [kr36] search_playwright_once_end url=https://36kr.com/search/articles/%E5%90%8E%E6%B5%AA%E7%99%BD%E7%9A%AE%E4%B9%A6 html_length=68130
2026-04-23 10:28:00 [kr36] search_playwright_ok attempt=1 url=https://36kr.com/search/articles/%E5%90%8E%E6%B5%AA%E7%99%BD%E7%9A%AE%E4%B9%A6 html_length=68130
2026-04-23 10:28:00 [kr36] search_listing_csr_enriched url=https://36kr.com/search/articles/%E5%90%8E%E6%B5%AA%E7%99%BD%E7%9A%AE%E4%B9%A6 html_length=68130
2026-04-23 10:28:00 [kr36] fetch_ok method=curl_playwright_search url=https://36kr.com/search/articles/%E5%90%8E%E6%B5%AA%E7%99%BD%E7%9A%AE%E4%B9%A6 html_length=68130
2026-04-23 10:28:00 [kr36] round_end page=5 round=5/11 stage=search category=后浪白皮书 status=ok fetched=3 total_refs=15 elapsed_ms=25410
2026-04-23 10:28:00 [kr36] 完成搜索页(后浪白皮书)，数据 3 条，累计 15 条
2026-04-23 10:28:00 [kr36] round_next round=6/11 stage=search_or_channel
2026-04-23 10:28:00 [kr36] round_start page=6 round=6/11 stage=search category=行业日报 url=https://36kr.com/search/articles/%E8%A1%8C%E4%B8%9A%E6%97%A5%E6%8A%A5
2026-04-23 10:28:00 [kr36] 进入搜索页(行业日报)，数据 0 条，累计 15 条
2026-04-23 10:28:00 [kr36] fetch_start url=https://36kr.com/search/articles/%E8%A1%8C%E4%B8%9A%E6%97%A5%E6%8A%A5
2026-04-23 10:28:02 [kr36] search_playwright_start url=https://36kr.com/search/articles/%E8%A1%8C%E4%B8%9A%E6%97%A5%E6%8A%A5 timeout_ms=35000 max_attempts=2
2026-04-23 10:28:25 [kr36] search_playwright_once_end url=https://36kr.com/search/articles/%E8%A1%8C%E4%B8%9A%E6%97%A5%E6%8A%A5 html_length=69375
2026-04-23 10:28:25 [kr36] search_playwright_ok attempt=1 url=https://36kr.com/search/articles/%E8%A1%8C%E4%B8%9A%E6%97%A5%E6%8A%A5 html_length=69375
2026-04-23 10:28:25 [kr36] search_listing_csr_enriched url=https://36kr.com/search/articles/%E8%A1%8C%E4%B8%9A%E6%97%A5%E6%8A%A5 html_length=69375
2026-04-23 10:28:25 [kr36] fetch_ok method=curl_playwright_search url=https://36kr.com/search/articles/%E8%A1%8C%E4%B8%9A%E6%97%A5%E6%8A%A5 html_length=69375
2026-04-23 10:28:25 [kr36] round_end page=6 round=6/11 stage=search category=行业日报 status=ok fetched=4 total_refs=19 elapsed_ms=24996
2026-04-23 10:28:25 [kr36] 完成搜索页(行业日报)，数据 4 条，累计 19 条
2026-04-23 10:28:25 [kr36] round_next round=7/11 stage=search_or_channel
2026-04-23 10:28:25 [kr36] round_start page=7 round=7/11 stage=search category=Long China 50 url=https://36kr.com/search/articles/Long%20China%2050
2026-04-23 10:28:25 [kr36] 进入搜索页(Long China 50)，数据 0 条，累计 19 条
2026-04-23 10:28:25 [kr36] throttle_wait url=https://36kr.com/search/articles/Long%20China%2050 wait_ms=321 global_wait_ms=321 same_url_wait_ms=0 risk_wait_ms=0
2026-04-23 10:28:26 [kr36] fetch_start url=https://36kr.com/search/articles/Long%20China%2050
2026-04-23 10:28:28 [kr36] search_playwright_start url=https://36kr.com/search/articles/Long%20China%2050 timeout_ms=35000 max_attempts=2
2026-04-23 10:28:51 [kr36] search_playwright_once_end url=https://36kr.com/search/articles/Long%20China%2050 html_length=103214
2026-04-23 10:28:51 [kr36] search_playwright_ok attempt=1 url=https://36kr.com/search/articles/Long%20China%2050 html_length=103214
2026-04-23 10:28:51 [kr36] search_listing_csr_enriched url=https://36kr.com/search/articles/Long%20China%2050 html_length=103214
2026-04-23 10:28:51 [kr36] fetch_ok method=curl_playwright_search url=https://36kr.com/search/articles/Long%20China%2050 html_length=103214
2026-04-23 10:28:51 [kr36] round_end page=7 round=7/11 stage=search category=Long China 50 status=ok fetched=5 total_refs=24 elapsed_ms=25998
2026-04-23 10:28:51 [kr36] 完成搜索页(Long China 50)，数据 5 条，累计 24 条
2026-04-23 10:28:51 [kr36] round_next round=8/11 stage=search_or_channel
2026-04-23 10:28:51 [kr36] round_start page=8 round=8/11 stage=search category=投资派 url=https://36kr.com/search/articles/%E6%8A%95%E8%B5%84%E6%B4%BE
2026-04-23 10:28:51 [kr36] 进入搜索页(投资派)，数据 0 条，累计 24 条
2026-04-23 10:28:51 [kr36] throttle_wait url=https://36kr.com/search/articles/%E6%8A%95%E8%B5%84%E6%B4%BE wait_ms=482 global_wait_ms=482 same_url_wait_ms=0 risk_wait_ms=0
2026-04-23 10:28:52 [kr36] fetch_start url=https://36kr.com/search/articles/%E6%8A%95%E8%B5%84%E6%B4%BE
2026-04-23 10:28:54 [kr36] search_playwright_start url=https://36kr.com/search/articles/%E6%8A%95%E8%B5%84%E6%B4%BE timeout_ms=35000 max_attempts=2
2026-04-23 10:29:38 [kr36] search_playwright_selector_timeout url=https://36kr.com/search/articles/%E6%8A%95%E8%B5%84%E6%B4%BE selector=ul.kr-search-result-list-main
2026-04-23 10:29:56 [kr36] search_playwright_selector_timeout url=https://36kr.com/search/articles/%E6%8A%95%E8%B5%84%E6%B4%BE selector=li.search-result-list-item-article
2026-04-23 10:29:59 [kr36] search_playwright_once_end url=https://36kr.com/search/articles/%E6%8A%95%E8%B5%84%E6%B4%BE html_length=4338
2026-04-23 10:29:59 [kr36] search_playwright_suspicious_body attempt=1/2 url=https://36kr.com/search/articles/%E6%8A%95%E8%B5%84%E6%B4%BE html_length=4338 hint=risk_or_transient
2026-04-23 10:30:48 [kr36] search_playwright_selector_timeout url=https://36kr.com/search/articles/%E6%8A%95%E8%B5%84%E6%B4%BE selector=ul.kr-search-result-list-main
2026-04-23 10:31:06 [kr36] search_playwright_selector_timeout url=https://36kr.com/search/articles/%E6%8A%95%E8%B5%84%E6%B4%BE selector=li.search-result-list-item-article
2026-04-23 10:31:09 [kr36] search_playwright_once_end url=https://36kr.com/search/articles/%E6%8A%95%E8%B5%84%E6%B4%BE html_length=4338
2026-04-23 10:31:09 [kr36] search_playwright_suspicious_body attempt=2/2 url=https://36kr.com/search/articles/%E6%8A%95%E8%B5%84%E6%B4%BE html_length=4338 hint=risk_or_transient
2026-04-23 10:31:09 [kr36] search_cookie_refresh_start url=https://36kr.com/search/articles/%E6%8A%95%E8%B5%84%E6%B4%BE
2026-04-23 10:31:25 [kr36] risk_cookie_refresh_ok url=https://36kr.com/search/articles/%E6%8A%95%E8%B5%84%E6%B4%BE html_length=2133
2026-04-23 10:31:25 [kr36] risk_cookie_refresh_ risk_post_success_dwell start_ms=180000
2026-04-23 10:34:27 [kr36] risk_cookie_refresh_end url=https://36kr.com/search/articles/%E6%8A%95%E8%B5%84%E6%B4%BE ok=true changed=false key_changed=false has_required_fields=true html_usable=true
2026-04-23 10:34:27 [kr36] search_playwright_start url=https://36kr.com/search/articles/%E6%8A%95%E8%B5%84%E6%B4%BE timeout_ms=35000 max_attempts=2
2026-04-23 10:35:15 [kr36] search_playwright_selector_timeout url=https://36kr.com/search/articles/%E6%8A%95%E8%B5%84%E6%B4%BE selector=ul.kr-search-result-list-main
2026-04-23 10:35:33 [kr36] search_playwright_selector_timeout url=https://36kr.com/search/articles/%E6%8A%95%E8%B5%84%E6%B4%BE selector=li.search-result-list-item-article
2026-04-23 10:35:37 [kr36] search_playwright_once_end url=https://36kr.com/search/articles/%E6%8A%95%E8%B5%84%E6%B4%BE html_length=4338
2026-04-23 10:35:37 [kr36] search_playwright_suspicious_body attempt=1/2 url=https://36kr.com/search/articles/%E6%8A%95%E8%B5%84%E6%B4%BE html_length=4338 hint=risk_or_transient
2026-04-23 10:36:25 [kr36] search_playwright_selector_timeout url=https://36kr.com/search/articles/%E6%8A%95%E8%B5%84%E6%B4%BE selector=ul.kr-search-result-list-main
2026-04-23 10:36:35 [kr36] search_playwright_error url=https://36kr.com/search/articles/%E6%8A%95%E8%B5%84%E6%B4%BE error=Page.wait_for_selector: Target page, context or browser has been closed
Call log:
  - waiting for locator("li.search-result-list-item-article") to be visible

2026-04-23 10:36:35 [kr36] search_playwright_suspicious_body attempt=2/2 url=https://36kr.com/search/articles/%E6%8A%95%E8%B5%84%E6%B4%BE html_length=0 hint=risk_or_transient
2026-04-23 10:36:35 [kr36] search_cookie_refresh_still_bad url=https://36kr.com/search/articles/%E6%8A%95%E8%B5%84%E6%B4%BE html_length=4338
2026-04-23 10:36:35 [kr36] search_listing_csr_enriched url=https://36kr.com/search/articles/%E6%8A%95%E8%B5%84%E6%B4%BE html_length=4338
2026-04-23 10:36:35 [kr36] fetch_ok method=curl_playwright_search url=https://36kr.com/search/articles/%E6%8A%95%E8%B5%84%E6%B4%BE html_length=4338
2026-04-23 10:36:35 [kr36] step4_recover_skipped reason=http_only url=https://36kr.com/search/articles/%E6%8A%95%E8%B5%84%E6%B4%BE phase=step1-search
2026-04-23 10:36:35 [kr36] page_result page=8 stage=search category=投资派 status=deferred_blocked url=https://36kr.com/search/articles/%E6%8A%95%E8%B5%84%E6%B4%BE fetched=0 total_refs=24
2026-04-23 10:36:35 [kr36] round_end page=8 round=8/11 stage=search category=投资派 status=ok fetched=0 total_refs=24 elapsed_ms=463668
2026-04-23 10:36:35 [kr36] 完成搜索页(投资派)，数据 0 条，累计 24 条
2026-04-23 10:36:35 [kr36] round_next round=9/11 stage=search_or_channel
2026-04-23 10:36:35 [kr36] round_start page=9 round=9/11 stage=search category=新青年观察 url=https://36kr.com/search/articles/%E6%96%B0%E9%9D%92%E5%B9%B4%E8%A7%82%E5%AF%9F
2026-04-23 10:36:35 [kr36] 进入搜索页(新青年观察)，数据 0 条，累计 24 条
2026-04-23 10:36:35 [kr36] fetch_start url=https://36kr.com/search/articles/%E6%96%B0%E9%9D%92%E5%B9%B4%E8%A7%82%E5%AF%9F
