[kr36] 2026-04-23 14:08:15 starting daily brief run (no email)...
[kr36] PROJECT_ROOT=E:\AI\touzifenxi
[kr36] PYTHON_BIN=E:\AI\touzifenxi\.venv\Scripts\python.exe
[kr36] TIMEOUT=30s
[kr36] LOG_FILE=E:\AI\touzifenxi\logs\kr36\kr36_20260423_140815.log
[kr36] running: "E:\AI\touzifenxi\.venv\Scripts\python.exe" scripts\websearch.py run --source 36kr --timeout 30
2026-04-23 14:08:18 [kr36] listing_begin report_date=2026-04-23 rounds_total=12 candidate_limit=120 mode=sequential step0.5_then_step1
2026-04-23 14:08:18 [kr36] step0.5_topic_round_start page=1 round=1/12 stage=topics url=https://36kr.com/topics/
2026-04-23 14:08:18 [kr36] 进入专题页(0.5步)，数据 0 条，累计 0 条
2026-04-23 14:08:18 [kr36] fetch_start url=https://36kr.com/topics/
2026-04-23 14:08:20 [kr36] fetch_ok method=curl url=https://36kr.com/topics/ html_length=73868
2026-04-23 14:08:20 [kr36] throttle_wait url=https://36kr.com/topics/3770543132934659 wait_ms=24188 global_wait_ms=24188 same_url_wait_ms=0 risk_wait_ms=0
2026-04-23 14:08:44 [kr36] fetch_start url=https://36kr.com/topics/3770543132934659
2026-04-23 14:08:46 [kr36] fetch_ok method=curl url=https://36kr.com/topics/3770543132934659 html_length=76044
2026-04-23 14:08:47 [kr36] throttle_wait url=https://36kr.com/video/3766585318896386 wait_ms=24398 global_wait_ms=24398 same_url_wait_ms=0 risk_wait_ms=0
2026-04-23 14:09:11 [kr36] fetch_start url=https://36kr.com/video/3766585318896386
2026-04-23 14:09:14 [kr36] fetch_ok method=curl url=https://36kr.com/video/3766585318896386 html_length=14308
2026-04-23 14:09:14 [kr36] topic_video_no_cdn_in_html len=14308 page='https://36kr.com/video/3766585318896386' trying_playwright_slider
2026-04-23 14:09:14 [kr36] topic_video_playwright_recover reason=no_cdn_in_html page='https://36kr.com/video/3766585318896386'
2026-04-23 14:09:14 [kr36] playwright_slider_start phase='step4-video' url=https://36kr.com/video/3766585318896386 headless=false channel='msedge'
2026-04-23 14:09:39 [kr36] playwright_slider_preloop phase='step4-video' url=https://36kr.com/video/3766585318896386 wait_after_load_ms=1800 slider_ui_ready_max_ms=20000
2026-04-23 14:09:43 [kr36] playwright_slider_ok phase='step4-video' url=https://36kr.com/video/3766585318896386 html_length=70103
2026-04-23 14:09:45 [kr36] throttle_wait url=https://36kr.com/video/3766585318896386 wait_ms=4360 global_wait_ms=4360 same_url_wait_ms=0 risk_wait_ms=0
2026-04-23 14:09:49 [kr36] fetch_start url=https://36kr.com/video/3766585318896386
2026-04-23 14:09:51 [kr36] fetch_ok method=curl url=https://36kr.com/video/3766585318896386 html_length=60283
2026-04-23 14:09:51 [kr36] topic_video_cdn_extract count=7 html_len=60283 preview='https://videos.36krcdn.com/20260414/v2_1776165984015_video_mp4_v11' page='https://36kr.com/video/3766585318896386'
2026-04-23 14:10:44 [kr36] topic_video_download_ok cdn='https://videos.36krcdn.com/20260414/v2_1776165984015_video_mp4_v11' local=E:\AI\touzifenxi\output\reports\kr36_report\kr36_search_202604231408\kr36_topic_downloads\本周有大事丨大疆八年熵减，汪滔十年修行；为了保住同伙，AI有多癫；新中产收割机，想挑战Lululemon_\2026-04-15\videos\氪大事___为了保住同伙，AI有多癫？_36kr_topic_video_3766585318896386.mp4
2026-04-23 14:11:04 [kr36] topic_asr_ok chars=1182 transcript=E:\AI\touzifenxi\output\reports\kr36_report\kr36_search_202604231408\kr36_topic_downloads\本周有大事丨大疆八年熵减，汪滔十年修行；为了保住同伙，AI有多癫；新中产收割机，想挑战Lululemon_\2026-04-15\videos\氪大事___为了保住同伙，AI有多癫？_36kr_topic_video_3766585318896386.transcript.txt code=20000000 role=topic_video_asr_transcript
2026-04-23 14:11:04 [kr36] fetch_start url=https://36kr.com/video/3764840757948933
2026-04-23 14:11:06 [kr36] fetch_ok method=curl url=https://36kr.com/video/3764840757948933 html_length=59765
2026-04-23 14:11:06 [kr36] topic_video_cdn_extract count=7 html_len=59765 preview='https://videos.36krcdn.com/20260413/v2_1776051795825_video_mp4_v11' page='https://36kr.com/video/3764840757948933'
2026-04-23 14:11:29 [kr36] topic_video_download_ok cdn='https://videos.36krcdn.com/20260413/v2_1776051795825_video_mp4_v11' local=E:\AI\touzifenxi\output\reports\kr36_report\kr36_search_202604231408\kr36_topic_downloads\本周有大事丨大疆八年熵减，汪滔十年修行；为了保住同伙，AI有多癫；新中产收割机，想挑战Lululemon_\2026-04-14\videos\于东来和魏建军，两个“最轴”的老板“约会”了_36kr_topic_video_3764840757948933.mp4
2026-04-23 14:11:46 [kr36] topic_asr_ok chars=418 transcript=E:\AI\touzifenxi\output\reports\kr36_report\kr36_search_202604231408\kr36_topic_downloads\本周有大事丨大疆八年熵减，汪滔十年修行；为了保住同伙，AI有多癫；新中产收割机，想挑战Lululemon_\2026-04-14\videos\于东来和魏建军，两个“最轴”的老板“约会”了_36kr_topic_video_3764840757948933.transcript.txt code=20000000 role=topic_video_asr_transcript
2026-04-23 14:11:46 [kr36] fetch_start url=https://36kr.com/video/3765091828527880
2026-04-23 14:11:48 [kr36] fetch_ok method=curl url=https://36kr.com/video/3765091828527880 html_length=1460
2026-04-23 14:11:48 [kr36] topic_video_no_cdn_in_html len=1460 page='https://36kr.com/video/3765091828527880' trying_playwright_slider
2026-04-23 14:11:48 [kr36] topic_video_playwright_recover reason=no_cdn_in_html page='https://36kr.com/video/3765091828527880'
2026-04-23 14:11:48 [kr36] playwright_slider_start phase='step4-video' url=https://36kr.com/video/3765091828527880 headless=false channel='msedge'
2026-04-23 14:12:10 [kr36] playwright_slider_preloop phase='step4-video' url=https://36kr.com/video/3765091828527880 wait_after_load_ms=1800 slider_ui_ready_max_ms=20000
2026-04-23 14:12:10 [kr36] playwright_slider_wait_ui phase='step4-video' url=https://36kr.com/video/3765091828527880 ui_ready=true
2026-04-23 14:12:16 [kr36] slider_captcha_solve_result attempted=true
2026-04-23 14:12:16 [kr36] playwright_slider_attempt phase='step4-video' url=https://36kr.com/video/3765091828527880 attempted=true
2026-04-23 14:12:25 [kr36] playwright_slider_ok phase='step4-video' url=https://36kr.com/video/3765091828527880 html_length=67264
2026-04-23 14:12:26 [kr36] fetch_start url=https://36kr.com/video/3765091828527880
2026-04-23 14:12:28 [kr36] fetch_ok method=curl url=https://36kr.com/video/3765091828527880 html_length=58994
2026-04-23 14:12:28 [kr36] topic_video_cdn_extract count=7 html_len=58994 preview='https://videos.36krcdn.com/20260413/v2_1776074530156_video_mp4_v9' page='https://36kr.com/video/3765091828527880'
2026-04-23 14:13:00 [kr36] topic_video_download_ok cdn='https://videos.36krcdn.com/20260413/v2_1776074530156_video_mp4_v9' local=E:\AI\touzifenxi\output\reports\kr36_report\kr36_search_202604231408\kr36_topic_downloads\本周有大事丨大疆八年熵减，汪滔十年修行；为了保住同伙，AI有多癫；新中产收割机，想挑战Lululemon_\2026-04-13\videos\AI盗脸风波：当技术“越界”_如何守住自己的数字人格？_36kr_topic_video_3765091828527880.mp4
2026-04-23 14:13:19 [kr36] topic_asr_ok chars=1061 transcript=E:\AI\touzifenxi\output\reports\kr36_report\kr36_search_202604231408\kr36_topic_downloads\本周有大事丨大疆八年熵减，汪滔十年修行；为了保住同伙，AI有多癫；新中产收割机，想挑战Lululemon_\2026-04-13\videos\AI盗脸风波：当技术“越界”_如何守住自己的数字人格？_36kr_topic_video_3765091828527880.transcript.txt code=20000000 role=topic_video_asr_transcript
2026-04-23 14:13:19 [kr36] fetch_start url=https://36kr.com/topics/3771153216865028
2026-04-23 14:13:21 [kr36] fetch_ok method=curl url=https://36kr.com/topics/3771153216865028 html_length=60355
2026-04-23 14:13:21 [kr36] throttle_wait url=https://36kr.com/p/3770688595214857 wait_ms=29012 global_wait_ms=29012 same_url_wait_ms=0 risk_wait_ms=0
2026-04-23 14:13:50 [kr36] fetch_start url=https://36kr.com/p/3770688595214857
2026-04-23 14:13:52 [kr36] fetch_ok method=curl url=https://36kr.com/p/3770688595214857 html_length=75336
2026-04-23 14:13:52 [kr36] throttle_wait url=https://36kr.com/p/3766410231726855 wait_ms=33907 global_wait_ms=33907 same_url_wait_ms=0 risk_wait_ms=0
2026-04-23 14:14:26 [kr36] fetch_start url=https://36kr.com/p/3766410231726855
2026-04-23 14:14:28 [kr36] fetch_ok method=curl url=https://36kr.com/p/3766410231726855 html_length=81790
2026-04-23 14:14:28 [kr36] throttle_wait url=https://36kr.com/p/3764728843289089 wait_ms=26669 global_wait_ms=26669 same_url_wait_ms=0 risk_wait_ms=0
2026-04-23 14:14:55 [kr36] fetch_start url=https://36kr.com/p/3764728843289089
2026-04-23 14:14:57 [kr36] fetch_ok method=curl url=https://36kr.com/p/3764728843289089 html_length=84520
2026-04-23 14:14:57 [kr36] throttle_wait url=https://36kr.com/p/3766718158324489 wait_ms=28932 global_wait_ms=28932 same_url_wait_ms=0 risk_wait_ms=0
2026-04-23 14:15:26 [kr36] fetch_start url=https://36kr.com/p/3766718158324489
2026-04-23 14:15:31 [kr36] fetch_ok method=curl url=https://36kr.com/p/3766718158324489 html_length=86708
2026-04-23 14:15:31 [kr36] throttle_wait url=https://36kr.com/p/3765076875117314 wait_ms=32039 global_wait_ms=32039 same_url_wait_ms=0 risk_wait_ms=0
2026-04-23 14:16:03 [kr36] fetch_start url=https://36kr.com/p/3765076875117314
2026-04-23 14:16:05 [kr36] fetch_ok method=curl url=https://36kr.com/p/3765076875117314 html_length=90286
2026-04-23 14:16:06 [kr36] throttle_wait url=https://36kr.com/p/3764953900990977 wait_ms=31509 global_wait_ms=31509 same_url_wait_ms=0 risk_wait_ms=0
2026-04-23 14:16:37 [kr36] fetch_start url=https://36kr.com/p/3764953900990977
2026-04-23 14:16:39 [kr36] fetch_ok method=curl url=https://36kr.com/p/3764953900990977 html_length=89259
2026-04-23 14:16:39 [kr36] throttle_wait url=https://36kr.com/p/3757975636050695 wait_ms=19754 global_wait_ms=19754 same_url_wait_ms=0 risk_wait_ms=0
2026-04-23 14:16:59 [kr36] fetch_start url=https://36kr.com/p/3757975636050695
2026-04-23 14:17:01 [kr36] fetch_ok method=curl url=https://36kr.com/p/3757975636050695 html_length=79618
2026-04-23 14:17:01 [kr36] step0.5_topic_round_end page=1 round=1/12 stage=topics status=ok fetched=10 total_topic_refs=10 elapsed_ms=523737
2026-04-23 14:17:01 [kr36] 完成专题页(0.5步)，数据 10 条，累计 10 条
2026-04-23 14:17:01 [kr36] step1_listing_next round=2/12 stage=activity
2026-04-23 14:17:01 [kr36] step1_main_round_start page=2 round=2/12 stage=activity url=https://36kr.com/activity
2026-04-23 14:17:01 [kr36] 进入活动页，数据 0 条，累计 0 条
2026-04-23 14:17:01 [kr36] throttle_wait url=https://36kr.com/activity wait_ms=23352 global_wait_ms=23352 same_url_wait_ms=0 risk_wait_ms=0
2026-04-23 14:17:25 [kr36] fetch_start url=https://36kr.com/activity
2026-04-23 14:17:27 [kr36] fetch_ok method=curl url=https://36kr.com/activity html_length=61604
2026-04-23 14:17:27 [kr36] round_end page=2 round=2/12 stage=activity status=ok fetched=2 total_refs=2 elapsed_ms=25452
2026-04-23 14:17:27 [kr36] 完成活动页，数据 2 条，累计 2 条
2026-04-23 14:17:27 [kr36] round_next round=3/12 stage=search
2026-04-23 14:17:27 [kr36] round_start page=3 round=3/12 stage=search category=36氪独家 url=https://36kr.com/search/articles/36%E6%B0%AA%E7%8B%AC%E5%AE%B6 date_window=2026-04-17~2026-04-19
2026-04-23 14:17:27 [kr36] 进入搜索页(36氪独家)，数据 0 条，累计 2 条
2026-04-23 14:17:27 [kr36] throttle_wait url=https://36kr.com/search/articles/36%E6%B0%AA%E7%8B%AC%E5%AE%B6 wait_ms=22924 global_wait_ms=22924 same_url_wait_ms=0 risk_wait_ms=0
2026-04-23 14:17:50 [kr36] fetch_start url=https://36kr.com/search/articles/36%E6%B0%AA%E7%8B%AC%E5%AE%B6
2026-04-23 14:17:52 [kr36] search_enrich_direct_step4 reason=auto_solver url=https://36kr.com/search/articles/36%E6%B0%AA%E7%8B%AC%E5%AE%B6
2026-04-23 14:17:52 [kr36] playwright_slider_start phase='search-listing-step4' url=https://36kr.com/search/articles/36%E6%B0%AA%E7%8B%AC%E5%AE%B6 headless=false channel='msedge'
2026-04-23 14:18:09 [kr36] playwright_slider_preloop phase='search-listing-step4' url=https://36kr.com/search/articles/36%E6%B0%AA%E7%8B%AC%E5%AE%B6 wait_after_load_ms=1800 slider_ui_ready_max_ms=20000
2026-04-23 14:18:13 [kr36] playwright_slider_ok phase='search-listing-step4' url=https://36kr.com/search/articles/36%E6%B0%AA%E7%8B%AC%E5%AE%B6 html_length=102526
2026-04-23 14:18:14 [kr36] search_listing_csr_enriched url=https://36kr.com/search/articles/36%E6%B0%AA%E7%8B%AC%E5%AE%B6 html_length=102526
2026-04-23 14:18:14 [kr36] fetch_ok method=curl_playwright_search url=https://36kr.com/search/articles/36%E6%B0%AA%E7%8B%AC%E5%AE%B6 html_length=102526
2026-04-23 14:18:14 [kr36] search_date_filtered fixed_category=36氪独家 pub=2026-04-21 window=2026-04-17~2026-04-19
2026-04-23 14:18:14 [kr36] search_date_filtered fixed_category=36氪独家 pub=2026-04-20 window=2026-04-17~2026-04-19
2026-04-23 14:18:14 [kr36] search_date_filtered fixed_category=36氪独家 pub=2026-04-09 window=2026-04-17~2026-04-19
2026-04-23 14:18:14 [kr36] search_date_filtered fixed_category=36氪独家 pub=2026-04-02 window=2026-04-17~2026-04-19
2026-04-23 14:18:14 [kr36] search_date_filtered fixed_category=36氪独家 pub=2026-04-02 window=2026-04-17~2026-04-19
2026-04-23 14:18:14 [kr36] search_date_filtered fixed_category=36氪独家 pub=2026-03-26 window=2026-04-17~2026-04-19
2026-04-23 14:18:14 [kr36] search_date_filtered fixed_category=36氪独家 pub=2026-03-31 window=2026-04-17~2026-04-19
2026-04-23 14:18:14 [kr36] search_date_filtered fixed_category=36氪独家 pub=2026-03-19 window=2026-04-17~2026-04-19
2026-04-23 14:18:14 [kr36] search_date_filtered fixed_category=36氪独家 pub=2026-03-05 window=2026-04-17~2026-04-19
2026-04-23 14:18:14 [kr36] search_date_filtered fixed_category=36氪独家 pub=2026-03-16 window=2026-04-17~2026-04-19
2026-04-23 14:18:14 [kr36] search_date_filtered fixed_category=36氪独家 pub=2026-03-24 window=2026-04-17~2026-04-19
2026-04-23 14:18:14 [kr36] search_date_filtered fixed_category=36氪独家 pub=2026-03-04 window=2026-04-17~2026-04-19
2026-04-23 14:18:14 [kr36] search_date_filtered fixed_category=36氪独家 pub=2026-01-22 window=2026-04-17~2026-04-19
2026-04-23 14:18:14 [kr36] search_date_filtered fixed_category=36氪独家 pub=2026-01-15 window=2026-04-17~2026-04-19
2026-04-23 14:18:14 [kr36] search_date_filtered fixed_category=36氪独家 pub=2026-01-14 window=2026-04-17~2026-04-19
2026-04-23 14:18:14 [kr36] search_date_filtered fixed_category=36氪独家 pub=2026-01-07 window=2026-04-17~2026-04-19
2026-04-23 14:18:14 [kr36] search_date_filtered fixed_category=36氪独家 pub=2026-01-15 window=2026-04-17~2026-04-19
2026-04-23 14:18:14 [kr36] search_date_filtered fixed_category=36氪独家 pub=2026-01-26 window=2026-04-17~2026-04-19
2026-04-23 14:18:14 [kr36] search_date_filtered fixed_category=36氪独家 pub=2026-02-26 window=2026-04-17~2026-04-19
2026-04-23 14:18:14 [kr36] round_end page=3 round=3/12 stage=search category=36氪独家 status=ok fetched=1 total_refs=3 elapsed_ms=46894
2026-04-23 14:18:14 [kr36] 完成搜索页(36氪独家)，数据 1 条，累计 3 条
2026-04-23 14:18:14 [kr36] round_next round=4/12 stage=search_or_channel
2026-04-23 14:18:14 [kr36] round_start page=4 round=4/12 stage=search category=深氪 url=https://36kr.com/search/articles/%E6%B7%B1%E6%B0%AA date_window=2026-04-17~2026-04-19
2026-04-23 14:18:14 [kr36] 进入搜索页(深氪)，数据 0 条，累计 3 条
2026-04-23 14:18:14 [kr36] throttle_wait url=https://36kr.com/search/articles/%E6%B7%B1%E6%B0%AA wait_ms=14458 global_wait_ms=14458 same_url_wait_ms=0 risk_wait_ms=0
2026-04-23 14:18:28 [kr36] fetch_start url=https://36kr.com/search/articles/%E6%B7%B1%E6%B0%AA
2026-04-23 14:18:32 [kr36] search_enrich_direct_step4 reason=auto_solver url=https://36kr.com/search/articles/%E6%B7%B1%E6%B0%AA
2026-04-23 14:18:32 [kr36] playwright_slider_start phase='search-listing-step4' url=https://36kr.com/search/articles/%E6%B7%B1%E6%B0%AA headless=false channel='msedge'
2026-04-23 14:18:52 [kr36] playwright_slider_preloop phase='search-listing-step4' url=https://36kr.com/search/articles/%E6%B7%B1%E6%B0%AA wait_after_load_ms=1800 slider_ui_ready_max_ms=20000
2026-04-23 14:18:56 [kr36] playwright_slider_ok phase='search-listing-step4' url=https://36kr.com/search/articles/%E6%B7%B1%E6%B0%AA html_length=100521
2026-04-23 14:18:57 [kr36] search_listing_csr_enriched url=https://36kr.com/search/articles/%E6%B7%B1%E6%B0%AA html_length=100521
2026-04-23 14:18:57 [kr36] fetch_ok method=curl_playwright_search url=https://36kr.com/search/articles/%E6%B7%B1%E6%B0%AA html_length=100521
2026-04-23 14:18:57 [kr36] search_date_filtered fixed_category=深氪 pub=2026-01-09 window=2026-04-17~2026-04-19
2026-04-23 14:18:57 [kr36] search_date_filtered fixed_category=深氪 pub=2025-12-08 window=2026-04-17~2026-04-19
2026-04-23 14:18:57 [kr36] search_date_filtered fixed_category=深氪 pub=2025-12-12 window=2026-04-17~2026-04-19
2026-04-23 14:18:57 [kr36] search_date_filtered fixed_category=深氪 pub=2025-12-31 window=2026-04-17~2026-04-19
2026-04-23 14:18:57 [kr36] search_date_filtered fixed_category=深氪 pub=2025-09-17 window=2026-04-17~2026-04-19
2026-04-23 14:18:57 [kr36] search_date_filtered fixed_category=深氪 pub=2025-11-14 window=2026-04-17~2026-04-19
2026-04-23 14:18:57 [kr36] search_date_filtered fixed_category=深氪 pub=2025-10-24 window=2026-04-17~2026-04-19
2026-04-23 14:18:57 [kr36] search_date_filtered fixed_category=深氪 pub=2025-10-10 window=2026-04-17~2026-04-19
2026-04-23 14:18:57 [kr36] search_date_filtered fixed_category=深氪 pub=2025-07-12 window=2026-04-17~2026-04-19
2026-04-23 14:18:57 [kr36] search_date_filtered fixed_category=深氪 pub=2025-05-28 window=2026-04-17~2026-04-19
2026-04-23 14:18:57 [kr36] search_date_filtered fixed_category=深氪 pub=2025-07-23 window=2026-04-17~2026-04-19
2026-04-23 14:18:57 [kr36] search_date_filtered fixed_category=深氪 pub=2025-08-21 window=2026-04-17~2026-04-19
2026-04-23 14:18:57 [kr36] search_date_filtered fixed_category=深氪 pub=2025-07-14 window=2026-04-17~2026-04-19
2026-04-23 14:18:57 [kr36] search_date_filtered fixed_category=深氪 pub=2025-07-21 window=2026-04-17~2026-04-19
2026-04-23 14:18:57 [kr36] search_date_filtered fixed_category=深氪 pub=2024-08-01 window=2026-04-17~2026-04-19
2026-04-23 14:18:57 [kr36] search_date_filtered fixed_category=深氪 pub=2025-04-25 window=2026-04-17~2026-04-19
2026-04-23 14:18:57 [kr36] search_date_filtered fixed_category=深氪 pub=2025-06-06 window=2026-04-17~2026-04-19
2026-04-23 14:18:57 [kr36] search_date_filtered fixed_category=深氪 pub=2025-03-06 window=2026-04-17~2026-04-19
2026-04-23 14:18:57 [kr36] search_date_filtered fixed_category=深氪 pub=2025-07-28 window=2026-04-17~2026-04-19
2026-04-23 14:18:57 [kr36] search_date_filtered fixed_category=深氪 pub=2024-10-09 window=2026-04-17~2026-04-19
2026-04-23 14:18:57 [kr36] search_date_filtered fixed_category=深氪 pub=2026-01-09 window=2026-04-17~2026-04-19
2026-04-23 14:18:57 [kr36] search_date_filtered fixed_category=深氪 pub=2025-12-08 window=2026-04-17~2026-04-19
2026-04-23 14:18:57 [kr36] search_date_filtered fixed_category=深氪 pub=2025-12-12 window=2026-04-17~2026-04-19
2026-04-23 14:18:57 [kr36] search_date_filtered fixed_category=深氪 pub=2025-12-31 window=2026-04-17~2026-04-19
2026-04-23 14:18:57 [kr36] search_date_filtered fixed_category=深氪 pub=2025-09-17 window=2026-04-17~2026-04-19
2026-04-23 14:18:57 [kr36] search_date_filtered fixed_category=深氪 pub=2025-11-14 window=2026-04-17~2026-04-19
2026-04-23 14:18:57 [kr36] search_date_filtered fixed_category=深氪 pub=2025-10-24 window=2026-04-17~2026-04-19
2026-04-23 14:18:57 [kr36] search_date_filtered fixed_category=深氪 pub=2025-10-10 window=2026-04-17~2026-04-19
2026-04-23 14:18:57 [kr36] search_date_filtered fixed_category=深氪 pub=2025-07-12 window=2026-04-17~2026-04-19
2026-04-23 14:18:57 [kr36] search_date_filtered fixed_category=深氪 pub=2025-05-28 window=2026-04-17~2026-04-19
2026-04-23 14:18:57 [kr36] search_date_filtered fixed_category=深氪 pub=2025-05-28 window=2026-04-17~2026-04-19
2026-04-23 14:18:57 [kr36] search_date_filtered fixed_category=深氪 pub=2025-07-23 window=2026-04-17~2026-04-19
2026-04-23 14:18:57 [kr36] search_date_filtered fixed_category=深氪 pub=2025-08-21 window=2026-04-17~2026-04-19
2026-04-23 14:18:57 [kr36] search_date_filtered fixed_category=深氪 pub=2025-07-14 window=2026-04-17~2026-04-19
2026-04-23 14:18:57 [kr36] search_date_filtered fixed_category=深氪 pub=2025-07-21 window=2026-04-17~2026-04-19
2026-04-23 14:18:57 [kr36] search_date_filtered fixed_category=深氪 pub=2024-08-01 window=2026-04-17~2026-04-19
2026-04-23 14:18:57 [kr36] search_date_filtered fixed_category=深氪 pub=2025-04-25 window=2026-04-17~2026-04-19
2026-04-23 14:18:57 [kr36] search_date_filtered fixed_category=深氪 pub=2025-06-06 window=2026-04-17~2026-04-19
2026-04-23 14:18:57 [kr36] search_date_filtered fixed_category=深氪 pub=2025-03-06 window=2026-04-17~2026-04-19
2026-04-23 14:18:57 [kr36] search_date_filtered fixed_category=深氪 pub=2025-07-28 window=2026-04-17~2026-04-19
2026-04-23 14:18:57 [kr36] search_date_parse_failed fixed_category=深氪 window=2026-04-17~2026-04-19 item_html_len=1335 action=exclude
2026-04-23 14:18:57 [kr36] search_date_filtered fixed_category=深氪 pub=2026-01-09 window=2026-04-17~2026-04-19
2026-04-23 14:18:57 [kr36] search_date_filtered fixed_category=深氪 pub=2026-01-09 window=2026-04-17~2026-04-19
2026-04-23 14:18:57 [kr36] search_date_filtered fixed_category=深氪 pub=2025-12-08 window=2026-04-17~2026-04-19
2026-04-23 14:18:57 [kr36] search_date_filtered fixed_category=深氪 pub=2025-12-08 window=2026-04-17~2026-04-19
2026-04-23 14:18:57 [kr36] search_date_filtered fixed_category=深氪 pub=2025-12-12 window=2026-04-17~2026-04-19
2026-04-23 14:18:57 [kr36] search_date_filtered fixed_category=深氪 pub=2025-12-12 window=2026-04-17~2026-04-19
2026-04-23 14:18:57 [kr36] search_date_filtered fixed_category=深氪 pub=2025-12-31 window=2026-04-17~2026-04-19
2026-04-23 14:18:57 [kr36] search_date_filtered fixed_category=深氪 pub=2025-12-31 window=2026-04-17~2026-04-19
2026-04-23 14:18:57 [kr36] search_date_filtered fixed_category=深氪 pub=2025-09-17 window=2026-04-17~2026-04-19
2026-04-23 14:18:57 [kr36] search_date_filtered fixed_category=深氪 pub=2025-09-17 window=2026-04-17~2026-04-19
2026-04-23 14:18:57 [kr36] search_date_filtered fixed_category=深氪 pub=2025-11-14 window=2026-04-17~2026-04-19
2026-04-23 14:18:57 [kr36] search_date_filtered fixed_category=深氪 pub=2025-11-14 window=2026-04-17~2026-04-19
2026-04-23 14:18:57 [kr36] search_date_filtered fixed_category=深氪 pub=2025-10-24 window=2026-04-17~2026-04-19
2026-04-23 14:18:57 [kr36] search_date_filtered fixed_category=深氪 pub=2025-10-24 window=2026-04-17~2026-04-19
2026-04-23 14:18:57 [kr36] search_date_filtered fixed_category=深氪 pub=2025-10-10 window=2026-04-17~2026-04-19
2026-04-23 14:18:57 [kr36] search_date_filtered fixed_category=深氪 pub=2025-10-10 window=2026-04-17~2026-04-19
2026-04-23 14:18:57 [kr36] search_date_filtered fixed_category=深氪 pub=2025-07-12 window=2026-04-17~2026-04-19
2026-04-23 14:18:57 [kr36] search_date_filtered fixed_category=深氪 pub=2025-07-12 window=2026-04-17~2026-04-19
2026-04-23 14:18:57 [kr36] search_date_filtered fixed_category=深氪 pub=2025-05-28 window=2026-04-17~2026-04-19
2026-04-23 14:18:57 [kr36] search_date_filtered fixed_category=深氪 pub=2025-05-28 window=2026-04-17~2026-04-19
2026-04-23 14:18:57 [kr36] search_date_filtered fixed_category=深氪 pub=2025-07-23 window=2026-04-17~2026-04-19
2026-04-23 14:18:57 [kr36] search_date_filtered fixed_category=深氪 pub=2025-07-23 window=2026-04-17~2026-04-19
2026-04-23 14:18:57 [kr36] search_date_filtered fixed_category=深氪 pub=2025-08-21 window=2026-04-17~2026-04-19
2026-04-23 14:18:57 [kr36] search_date_filtered fixed_category=深氪 pub=2025-08-21 window=2026-04-17~2026-04-19
2026-04-23 14:18:57 [kr36] search_date_filtered fixed_category=深氪 pub=2025-07-14 window=2026-04-17~2026-04-19
2026-04-23 14:18:57 [kr36] search_date_filtered fixed_category=深氪 pub=2025-07-14 window=2026-04-17~2026-04-19
2026-04-23 14:18:57 [kr36] search_date_filtered fixed_category=深氪 pub=2025-07-21 window=2026-04-17~2026-04-19
2026-04-23 14:18:57 [kr36] search_date_filtered fixed_category=深氪 pub=2025-07-21 window=2026-04-17~2026-04-19
2026-04-23 14:18:57 [kr36] search_date_filtered fixed_category=深氪 pub=2024-08-01 window=2026-04-17~2026-04-19
2026-04-23 14:18:57 [kr36] search_date_filtered fixed_category=深氪 pub=2024-08-01 window=2026-04-17~2026-04-19
2026-04-23 14:18:57 [kr36] search_date_filtered fixed_category=深氪 pub=2025-04-25 window=2026-04-17~2026-04-19
2026-04-23 14:18:57 [kr36] search_date_filtered fixed_category=深氪 pub=2025-04-25 window=2026-04-17~2026-04-19
2026-04-23 14:18:57 [kr36] search_date_filtered fixed_category=深氪 pub=2025-06-06 window=2026-04-17~2026-04-19
2026-04-23 14:18:57 [kr36] search_date_filtered fixed_category=深氪 pub=2025-06-06 window=2026-04-17~2026-04-19
2026-04-23 14:18:57 [kr36] search_date_filtered fixed_category=深氪 pub=2025-03-06 window=2026-04-17~2026-04-19
2026-04-23 14:18:57 [kr36] search_date_filtered fixed_category=深氪 pub=2025-03-06 window=2026-04-17~2026-04-19
2026-04-23 14:18:57 [kr36] search_date_filtered fixed_category=深氪 pub=2025-07-28 window=2026-04-17~2026-04-19
2026-04-23 14:18:57 [kr36] search_date_filtered fixed_category=深氪 pub=2025-07-28 window=2026-04-17~2026-04-19
2026-04-23 14:18:57 [kr36] search_date_filtered fixed_category=深氪 pub=2024-10-09 window=2026-04-17~2026-04-19
2026-04-23 14:18:57 [kr36] search_date_filtered fixed_category=深氪 pub=2024-10-09 window=2026-04-17~2026-04-19
2026-04-23 14:18:57 [kr36] round_end page=4 round=4/12 stage=search category=深氪 status=ok fetched=0 total_refs=3 elapsed_ms=43759
2026-04-23 14:18:57 [kr36] search_zero_result category=深氪 html_length=100521 has_list_main=true has_search_item=true has_p_link=true risk_like=false
2026-04-23 14:18:57 [kr36] 完成搜索页(深氪)，数据 0 条，累计 3 条
2026-04-23 14:18:57 [kr36] round_next round=5/12 stage=search_or_channel
2026-04-23 14:18:57 [kr36] round_start page=5 round=5/12 stage=search category=后浪白皮书 url=https://36kr.com/search/articles/%E5%90%8E%E6%B5%AA%E7%99%BD%E7%9A%AE%E4%B9%A6 date_window=2026-04-17~2026-04-19
2026-04-23 14:18:57 [kr36] 进入搜索页(后浪白皮书)，数据 0 条，累计 3 条
2026-04-23 14:18:57 [kr36] throttle_wait url=https://36kr.com/search/articles/%E5%90%8E%E6%B5%AA%E7%99%BD%E7%9A%AE%E4%B9%A6 wait_ms=8334 global_wait_ms=8334 same_url_wait_ms=0 risk_wait_ms=0
2026-04-23 14:19:06 [kr36] fetch_start url=https://36kr.com/search/articles/%E5%90%8E%E6%B5%AA%E7%99%BD%E7%9A%AE%E4%B9%A6
2026-04-23 14:19:08 [kr36] search_enrich_direct_step4 reason=auto_solver url=https://36kr.com/search/articles/%E5%90%8E%E6%B5%AA%E7%99%BD%E7%9A%AE%E4%B9%A6
2026-04-23 14:19:08 [kr36] playwright_slider_start phase='search-listing-step4' url=https://36kr.com/search/articles/%E5%90%8E%E6%B5%AA%E7%99%BD%E7%9A%AE%E4%B9%A6 headless=false channel='msedge'
2026-04-23 14:19:24 [kr36] playwright_slider_preloop phase='search-listing-step4' url=https://36kr.com/search/articles/%E5%90%8E%E6%B5%AA%E7%99%BD%E7%9A%AE%E4%B9%A6 wait_after_load_ms=1800 slider_ui_ready_max_ms=20000
2026-04-23 14:19:28 [kr36] playwright_slider_ok phase='search-listing-step4' url=https://36kr.com/search/articles/%E5%90%8E%E6%B5%AA%E7%99%BD%E7%9A%AE%E4%B9%A6 html_length=67381
2026-04-23 14:19:28 [kr36] search_listing_csr_enriched url=https://36kr.com/search/articles/%E5%90%8E%E6%B5%AA%E7%99%BD%E7%9A%AE%E4%B9%A6 html_length=67381
2026-04-23 14:19:28 [kr36] fetch_ok method=curl_playwright_search url=https://36kr.com/search/articles/%E5%90%8E%E6%B5%AA%E7%99%BD%E7%9A%AE%E4%B9%A6 html_length=67381
2026-04-23 14:19:28 [kr36] search_date_filtered fixed_category=后浪白皮书 pub=2021-09-05 window=2026-04-17~2026-04-19
2026-04-23 14:19:28 [kr36] search_date_filtered fixed_category=后浪白皮书 pub=2023-01-28 window=2026-04-17~2026-04-19
2026-04-23 14:19:28 [kr36] search_date_filtered fixed_category=后浪白皮书 pub=2021-09-05 window=2026-04-17~2026-04-19
2026-04-23 14:19:28 [kr36] search_date_filtered fixed_category=后浪白皮书 pub=2023-01-28 window=2026-04-17~2026-04-19
2026-04-23 14:19:28 [kr36] search_date_parse_failed fixed_category=后浪白皮书 window=2026-04-17~2026-04-19 item_html_len=1335 action=exclude
2026-04-23 14:19:28 [kr36] search_date_filtered fixed_category=后浪白皮书 pub=2021-09-05 window=2026-04-17~2026-04-19
2026-04-23 14:19:28 [kr36] search_date_filtered fixed_category=后浪白皮书 pub=2021-09-05 window=2026-04-17~2026-04-19
2026-04-23 14:19:28 [kr36] search_date_filtered fixed_category=后浪白皮书 pub=2023-01-28 window=2026-04-17~2026-04-19
2026-04-23 14:19:28 [kr36] search_date_filtered fixed_category=后浪白皮书 pub=2023-01-28 window=2026-04-17~2026-04-19
2026-04-23 14:19:28 [kr36] round_end page=5 round=5/12 stage=search category=后浪白皮书 status=ok fetched=0 total_refs=3 elapsed_ms=30904
2026-04-23 14:19:28 [kr36] search_zero_result category=后浪白皮书 html_length=67381 has_list_main=true has_search_item=true has_p_link=true risk_like=false
2026-04-23 14:19:28 [kr36] 完成搜索页(后浪白皮书)，数据 0 条，累计 3 条
2026-04-23 14:19:28 [kr36] round_next round=6/12 stage=search_or_channel
2026-04-23 14:19:28 [kr36] round_start page=6 round=6/12 stage=search category=行业日报 url=https://36kr.com/search/articles/%E8%A1%8C%E4%B8%9A%E6%97%A5%E6%8A%A5 date_window=2026-04-17~2026-04-19
2026-04-23 14:19:28 [kr36] 进入搜索页(行业日报)，数据 0 条，累计 3 条
2026-04-23 14:19:28 [kr36] throttle_wait url=https://36kr.com/search/articles/%E8%A1%8C%E4%B8%9A%E6%97%A5%E6%8A%A5 wait_ms=12957 global_wait_ms=12957 same_url_wait_ms=0 risk_wait_ms=0
2026-04-23 14:19:41 [kr36] fetch_start url=https://36kr.com/search/articles/%E8%A1%8C%E4%B8%9A%E6%97%A5%E6%8A%A5
2026-04-23 14:19:43 [kr36] search_enrich_direct_step4 reason=auto_solver url=https://36kr.com/search/articles/%E8%A1%8C%E4%B8%9A%E6%97%A5%E6%8A%A5
2026-04-23 14:19:43 [kr36] playwright_slider_start phase='search-listing-step4' url=https://36kr.com/search/articles/%E8%A1%8C%E4%B8%9A%E6%97%A5%E6%8A%A5 headless=false channel='msedge'
2026-04-23 14:20:05 [kr36] playwright_slider_preloop phase='search-listing-step4' url=https://36kr.com/search/articles/%E8%A1%8C%E4%B8%9A%E6%97%A5%E6%8A%A5 wait_after_load_ms=1800 slider_ui_ready_max_ms=20000
2026-04-23 14:20:09 [kr36] playwright_slider_ok phase='search-listing-step4' url=https://36kr.com/search/articles/%E8%A1%8C%E4%B8%9A%E6%97%A5%E6%8A%A5 html_length=68624
2026-04-23 14:20:09 [kr36] search_listing_csr_enriched url=https://36kr.com/search/articles/%E8%A1%8C%E4%B8%9A%E6%97%A5%E6%8A%A5 html_length=68624
2026-04-23 14:20:09 [kr36] fetch_ok method=curl_playwright_search url=https://36kr.com/search/articles/%E8%A1%8C%E4%B8%9A%E6%97%A5%E6%8A%A5 html_length=68624
2026-04-23 14:20:09 [kr36] search_date_filtered fixed_category=行业日报 pub=2026-03-25 window=2026-04-17~2026-04-19
2026-04-23 14:20:09 [kr36] search_date_filtered fixed_category=行业日报 pub=2021-03-24 window=2026-04-17~2026-04-19
2026-04-23 14:20:09 [kr36] search_date_filtered fixed_category=行业日报 pub=2020-01-02 window=2026-04-17~2026-04-19
2026-04-23 14:20:09 [kr36] search_date_filtered fixed_category=行业日报 pub=2026-03-25 window=2026-04-17~2026-04-19
2026-04-23 14:20:09 [kr36] search_date_filtered fixed_category=行业日报 pub=2021-03-24 window=2026-04-17~2026-04-19
2026-04-23 14:20:09 [kr36] search_date_filtered fixed_category=行业日报 pub=2020-01-02 window=2026-04-17~2026-04-19
2026-04-23 14:20:09 [kr36] search_date_parse_failed fixed_category=行业日报 window=2026-04-17~2026-04-19 item_html_len=1335 action=exclude
2026-04-23 14:20:09 [kr36] search_date_filtered fixed_category=行业日报 pub=2026-03-25 window=2026-04-17~2026-04-19
2026-04-23 14:20:09 [kr36] search_date_filtered fixed_category=行业日报 pub=2026-03-25 window=2026-04-17~2026-04-19
2026-04-23 14:20:09 [kr36] search_date_filtered fixed_category=行业日报 pub=2021-03-24 window=2026-04-17~2026-04-19
2026-04-23 14:20:09 [kr36] search_date_filtered fixed_category=行业日报 pub=2021-03-24 window=2026-04-17~2026-04-19
2026-04-23 14:20:09 [kr36] search_date_filtered fixed_category=行业日报 pub=2020-01-02 window=2026-04-17~2026-04-19
2026-04-23 14:20:09 [kr36] search_date_filtered fixed_category=行业日报 pub=2020-01-02 window=2026-04-17~2026-04-19
2026-04-23 14:20:09 [kr36] round_end page=6 round=6/12 stage=search category=行业日报 status=ok fetched=0 total_refs=3 elapsed_ms=40945
2026-04-23 14:20:09 [kr36] search_zero_result category=行业日报 html_length=68624 has_list_main=true has_search_item=true has_p_link=true risk_like=false
2026-04-23 14:20:09 [kr36] 完成搜索页(行业日报)，数据 0 条，累计 3 条
2026-04-23 14:20:09 [kr36] round_next round=7/12 stage=search_or_channel
2026-04-23 14:20:09 [kr36] round_start page=7 round=7/12 stage=search category=Long China 50 url=https://36kr.com/search/articles/Long%20China%2050 date_window=2026-04-17~2026-04-19
2026-04-23 14:20:09 [kr36] 进入搜索页(Long China 50)，数据 0 条，累计 3 条
2026-04-23 14:20:09 [kr36] throttle_wait url=https://36kr.com/search/articles/Long%20China%2050 wait_ms=2050 global_wait_ms=2050 same_url_wait_ms=0 risk_wait_ms=0
2026-04-23 14:20:11 [kr36] fetch_start url=https://36kr.com/search/articles/Long%20China%2050
2026-04-23 14:20:13 [kr36] search_enrich_direct_step4 reason=auto_solver url=https://36kr.com/search/articles/Long%20China%2050
2026-04-23 14:20:13 [kr36] playwright_slider_start phase='search-listing-step4' url=https://36kr.com/search/articles/Long%20China%2050 headless=false channel='msedge'
2026-04-23 14:20:37 [kr36] playwright_slider_preloop phase='search-listing-step4' url=https://36kr.com/search/articles/Long%20China%2050 wait_after_load_ms=1800 slider_ui_ready_max_ms=20000
2026-04-23 14:20:37 [kr36] playwright_slider_wait_ui phase='search-listing-step4' url=https://36kr.com/search/articles/Long%20China%2050 ui_ready=true
2026-04-23 14:20:42 [kr36] slider_captcha_solve_result attempted=true
2026-04-23 14:20:42 [kr36] playwright_slider_attempt phase='search-listing-step4' url=https://36kr.com/search/articles/Long%20China%2050 attempted=true
2026-04-23 14:20:48 [kr36] playwright_slider_csr_list_ready phase='search-listing-step4' url=https://36kr.com/search/articles/Long%20China%2050 selector='.kr-search-result-list-main'
2026-04-23 14:20:48 [kr36] playwright_slider_after_solve phase='search-listing-step4' url=https://36kr.com/search/articles/Long%20China%2050 html_length=99123
2026-04-23 14:20:48 [kr36] playwright_slider_close_on_pass phase='search-listing-step4' url=https://36kr.com/search/articles/Long%20China%2050
2026-04-23 14:20:49 [kr36] search_listing_csr_enriched url=https://36kr.com/search/articles/Long%20China%2050 html_length=99123
2026-04-23 14:20:49 [kr36] fetch_ok method=curl_playwright_search url=https://36kr.com/search/articles/Long%20China%2050 html_length=99123
2026-04-23 14:20:49 [kr36] search_date_filtered fixed_category=Long China 50 pub=2024-05-29 window=2026-04-17~2026-04-19
2026-04-23 14:20:49 [kr36] search_date_filtered fixed_category=Long China 50 pub=2024-04-29 window=2026-04-17~2026-04-19
2026-04-23 14:20:49 [kr36] search_date_filtered fixed_category=Long China 50 pub=2024-05-24 window=2026-04-17~2026-04-19
2026-04-23 14:20:49 [kr36] search_date_filtered fixed_category=Long China 50 pub=2024-03-13 window=2026-04-17~2026-04-19
2026-04-23 14:20:49 [kr36] search_date_filtered fixed_category=Long China 50 pub=2023-07-20 window=2026-04-17~2026-04-19
2026-04-23 14:20:49 [kr36] search_date_filtered fixed_category=Long China 50 pub=2023-02-17 window=2026-04-17~2026-04-19
2026-04-23 14:20:49 [kr36] search_date_filtered fixed_category=Long China 50 pub=2024-02-23 window=2026-04-17~2026-04-19
2026-04-23 14:20:49 [kr36] search_date_filtered fixed_category=Long China 50 pub=2022-06-12 window=2026-04-17~2026-04-19
2026-04-23 14:20:49 [kr36] search_date_filtered fixed_category=Long China 50 pub=2023-02-20 window=2026-04-17~2026-04-19
2026-04-23 14:20:49 [kr36] search_date_filtered fixed_category=Long China 50 pub=2023-02-20 window=2026-04-17~2026-04-19
2026-04-23 14:20:49 [kr36] search_date_filtered fixed_category=Long China 50 pub=2022-08-24 window=2026-04-17~2026-04-19
2026-04-23 14:20:49 [kr36] search_date_filtered fixed_category=Long China 50 pub=2022-08-05 window=2026-04-17~2026-04-19
2026-04-23 14:20:49 [kr36] search_date_filtered fixed_category=Long China 50 pub=2022-08-22 window=2026-04-17~2026-04-19
2026-04-23 14:20:49 [kr36] search_date_filtered fixed_category=Long China 50 pub=2023-03-09 window=2026-04-17~2026-04-19
2026-04-23 14:20:49 [kr36] search_date_filtered fixed_category=Long China 50 pub=2023-01-15 window=2026-04-17~2026-04-19
2026-04-23 14:20:49 [kr36] search_date_filtered fixed_category=Long China 50 pub=2022-07-19 window=2026-04-17~2026-04-19
2026-04-23 14:20:49 [kr36] search_date_filtered fixed_category=Long China 50 pub=2022-08-19 window=2026-04-17~2026-04-19
2026-04-23 14:20:49 [kr36] search_date_filtered fixed_category=Long China 50 pub=2022-06-03 window=2026-04-17~2026-04-19
2026-04-23 14:20:49 [kr36] search_date_filtered fixed_category=Long China 50 pub=2023-03-09 window=2026-04-17~2026-04-19
2026-04-23 14:20:49 [kr36] search_date_filtered fixed_category=Long China 50 pub=2022-09-09 window=2026-04-17~2026-04-19
2026-04-23 14:20:49 [kr36] search_date_filtered fixed_category=Long China 50 pub=2024-05-29 window=2026-04-17~2026-04-19
2026-04-23 14:20:49 [kr36] search_date_filtered fixed_category=Long China 50 pub=2024-05-29 window=2026-04-17~2026-04-19
2026-04-23 14:20:49 [kr36] search_date_filtered fixed_category=Long China 50 pub=2024-04-29 window=2026-04-17~2026-04-19
2026-04-23 14:20:49 [kr36] search_date_filtered fixed_category=Long China 50 pub=2024-05-24 window=2026-04-17~2026-04-19
2026-04-23 14:20:49 [kr36] search_date_filtered fixed_category=Long China 50 pub=2024-03-13 window=2026-04-17~2026-04-19
2026-04-23 14:20:49 [kr36] search_date_filtered fixed_category=Long China 50 pub=2023-07-20 window=2026-04-17~2026-04-19
2026-04-23 14:20:49 [kr36] search_date_filtered fixed_category=Long China 50 pub=2023-02-17 window=2026-04-17~2026-04-19
2026-04-23 14:20:49 [kr36] search_date_filtered fixed_category=Long China 50 pub=2024-02-23 window=2026-04-17~2026-04-19
2026-04-23 14:20:49 [kr36] search_date_filtered fixed_category=Long China 50 pub=2022-06-12 window=2026-04-17~2026-04-19
2026-04-23 14:20:49 [kr36] search_date_filtered fixed_category=Long China 50 pub=2023-02-20 window=2026-04-17~2026-04-19
2026-04-23 14:20:49 [kr36] search_date_filtered fixed_category=Long China 50 pub=2023-02-20 window=2026-04-17~2026-04-19
2026-04-23 14:20:49 [kr36] search_date_filtered fixed_category=Long China 50 pub=2022-08-24 window=2026-04-17~2026-04-19
2026-04-23 14:20:49 [kr36] search_date_filtered fixed_category=Long China 50 pub=2022-08-05 window=2026-04-17~2026-04-19
2026-04-23 14:20:49 [kr36] search_date_filtered fixed_category=Long China 50 pub=2022-08-22 window=2026-04-17~2026-04-19
2026-04-23 14:20:49 [kr36] search_date_filtered fixed_category=Long China 50 pub=2023-03-09 window=2026-04-17~2026-04-19
2026-04-23 14:20:49 [kr36] search_date_filtered fixed_category=Long China 50 pub=2023-01-15 window=2026-04-17~2026-04-19
2026-04-23 14:20:49 [kr36] search_date_filtered fixed_category=Long China 50 pub=2022-07-19 window=2026-04-17~2026-04-19
2026-04-23 14:20:49 [kr36] search_date_filtered fixed_category=Long China 50 pub=2022-08-19 window=2026-04-17~2026-04-19
2026-04-23 14:20:49 [kr36] search_date_filtered fixed_category=Long China 50 pub=2022-06-03 window=2026-04-17~2026-04-19
2026-04-23 14:20:49 [kr36] search_date_filtered fixed_category=Long China 50 pub=2023-03-09 window=2026-04-17~2026-04-19
2026-04-23 14:20:49 [kr36] search_date_parse_failed fixed_category=Long China 50 window=2026-04-17~2026-04-19 item_html_len=1335 action=exclude
2026-04-23 14:20:49 [kr36] search_date_filtered fixed_category=Long China 50 pub=2024-05-29 window=2026-04-17~2026-04-19
2026-04-23 14:20:49 [kr36] search_date_filtered fixed_category=Long China 50 pub=2024-05-29 window=2026-04-17~2026-04-19
2026-04-23 14:20:49 [kr36] search_date_filtered fixed_category=Long China 50 pub=2024-04-29 window=2026-04-17~2026-04-19
2026-04-23 14:20:49 [kr36] search_date_filtered fixed_category=Long China 50 pub=2024-04-29 window=2026-04-17~2026-04-19
2026-04-23 14:20:49 [kr36] search_date_filtered fixed_category=Long China 50 pub=2024-05-24 window=2026-04-17~2026-04-19
2026-04-23 14:20:49 [kr36] search_date_filtered fixed_category=Long China 50 pub=2024-05-24 window=2026-04-17~2026-04-19
2026-04-23 14:20:49 [kr36] search_date_filtered fixed_category=Long China 50 pub=2024-03-13 window=2026-04-17~2026-04-19
2026-04-23 14:20:49 [kr36] search_date_filtered fixed_category=Long China 50 pub=2024-03-13 window=2026-04-17~2026-04-19
2026-04-23 14:20:49 [kr36] search_date_filtered fixed_category=Long China 50 pub=2023-07-20 window=2026-04-17~2026-04-19
2026-04-23 14:20:49 [kr36] search_date_filtered fixed_category=Long China 50 pub=2023-07-20 window=2026-04-17~2026-04-19
2026-04-23 14:20:49 [kr36] search_date_filtered fixed_category=Long China 50 pub=2023-02-17 window=2026-04-17~2026-04-19
2026-04-23 14:20:49 [kr36] search_date_filtered fixed_category=Long China 50 pub=2023-02-17 window=2026-04-17~2026-04-19
2026-04-23 14:20:49 [kr36] search_date_filtered fixed_category=Long China 50 pub=2024-02-23 window=2026-04-17~2026-04-19
2026-04-23 14:20:49 [kr36] search_date_filtered fixed_category=Long China 50 pub=2024-02-23 window=2026-04-17~2026-04-19
2026-04-23 14:20:49 [kr36] search_date_filtered fixed_category=Long China 50 pub=2022-06-12 window=2026-04-17~2026-04-19
2026-04-23 14:20:49 [kr36] search_date_filtered fixed_category=Long China 50 pub=2022-06-12 window=2026-04-17~2026-04-19
2026-04-23 14:20:49 [kr36] search_date_filtered fixed_category=Long China 50 pub=2023-02-20 window=2026-04-17~2026-04-19
2026-04-23 14:20:49 [kr36] search_date_filtered fixed_category=Long China 50 pub=2023-02-20 window=2026-04-17~2026-04-19
2026-04-23 14:20:49 [kr36] search_date_filtered fixed_category=Long China 50 pub=2023-02-20 window=2026-04-17~2026-04-19
2026-04-23 14:20:49 [kr36] search_date_filtered fixed_category=Long China 50 pub=2023-02-20 window=2026-04-17~2026-04-19
2026-04-23 14:20:49 [kr36] search_date_filtered fixed_category=Long China 50 pub=2022-08-24 window=2026-04-17~2026-04-19
2026-04-23 14:20:49 [kr36] search_date_filtered fixed_category=Long China 50 pub=2022-08-24 window=2026-04-17~2026-04-19
2026-04-23 14:20:49 [kr36] search_date_filtered fixed_category=Long China 50 pub=2022-08-05 window=2026-04-17~2026-04-19
2026-04-23 14:20:49 [kr36] search_date_filtered fixed_category=Long China 50 pub=2022-08-05 window=2026-04-17~2026-04-19
2026-04-23 14:20:49 [kr36] search_date_filtered fixed_category=Long China 50 pub=2022-08-22 window=2026-04-17~2026-04-19
2026-04-23 14:20:49 [kr36] search_date_filtered fixed_category=Long China 50 pub=2022-08-22 window=2026-04-17~2026-04-19
2026-04-23 14:20:49 [kr36] search_date_filtered fixed_category=Long China 50 pub=2023-03-09 window=2026-04-17~2026-04-19
2026-04-23 14:20:49 [kr36] search_date_filtered fixed_category=Long China 50 pub=2023-03-09 window=2026-04-17~2026-04-19
2026-04-23 14:20:49 [kr36] search_date_filtered fixed_category=Long China 50 pub=2023-01-15 window=2026-04-17~2026-04-19
2026-04-23 14:20:49 [kr36] search_date_filtered fixed_category=Long China 50 pub=2023-01-15 window=2026-04-17~2026-04-19
2026-04-23 14:20:49 [kr36] search_date_filtered fixed_category=Long China 50 pub=2022-07-19 window=2026-04-17~2026-04-19
2026-04-23 14:20:49 [kr36] search_date_filtered fixed_category=Long China 50 pub=2022-07-19 window=2026-04-17~2026-04-19
2026-04-23 14:20:49 [kr36] search_date_filtered fixed_category=Long China 50 pub=2022-08-19 window=2026-04-17~2026-04-19
2026-04-23 14:20:49 [kr36] search_date_filtered fixed_category=Long China 50 pub=2022-08-19 window=2026-04-17~2026-04-19
2026-04-23 14:20:49 [kr36] search_date_filtered fixed_category=Long China 50 pub=2022-06-03 window=2026-04-17~2026-04-19
2026-04-23 14:20:49 [kr36] search_date_filtered fixed_category=Long China 50 pub=2022-06-03 window=2026-04-17~2026-04-19
2026-04-23 14:20:49 [kr36] search_date_filtered fixed_category=Long China 50 pub=2023-03-09 window=2026-04-17~2026-04-19
2026-04-23 14:20:49 [kr36] search_date_filtered fixed_category=Long China 50 pub=2023-03-09 window=2026-04-17~2026-04-19
2026-04-23 14:20:49 [kr36] search_date_filtered fixed_category=Long China 50 pub=2022-09-09 window=2026-04-17~2026-04-19
2026-04-23 14:20:49 [kr36] search_date_filtered fixed_category=Long China 50 pub=2022-09-09 window=2026-04-17~2026-04-19
2026-04-23 14:20:49 [kr36] round_end page=7 round=7/12 stage=search category=Long China 50 status=ok fetched=0 total_refs=3 elapsed_ms=40040
2026-04-23 14:20:49 [kr36] search_zero_result category=Long China 50 html_length=99123 has_list_main=true has_search_item=true has_p_link=true risk_like=false
2026-04-23 14:20:49 [kr36] 完成搜索页(Long China 50)，数据 0 条，累计 3 条
2026-04-23 14:20:49 [kr36] round_next round=8/12 stage=search_or_channel
2026-04-23 14:20:49 [kr36] round_start page=8 round=8/12 stage=search category=投资派 url=https://36kr.com/search/articles/%E6%8A%95%E8%B5%84%E6%B4%BE date_window=2026-04-17~2026-04-19
2026-04-23 14:20:49 [kr36] 进入搜索页(投资派)，数据 0 条，累计 3 条
2026-04-23 14:20:49 [kr36] fetch_start url=https://36kr.com/search/articles/%E6%8A%95%E8%B5%84%E6%B4%BE
2026-04-23 14:20:52 [kr36] search_enrich_direct_step4 reason=auto_solver url=https://36kr.com/search/articles/%E6%8A%95%E8%B5%84%E6%B4%BE
2026-04-23 14:20:52 [kr36] playwright_slider_start phase='search-listing-step4' url=https://36kr.com/search/articles/%E6%8A%95%E8%B5%84%E6%B4%BE headless=false channel='msedge'
2026-04-23 14:21:09 [kr36] playwright_slider_preloop phase='search-listing-step4' url=https://36kr.com/search/articles/%E6%8A%95%E8%B5%84%E6%B4%BE wait_after_load_ms=1800 slider_ui_ready_max_ms=20000
2026-04-23 14:21:13 [kr36] playwright_slider_ok phase='search-listing-step4' url=https://36kr.com/search/articles/%E6%8A%95%E8%B5%84%E6%B4%BE html_length=99956
2026-04-23 14:21:14 [kr36] search_listing_csr_enriched url=https://36kr.com/search/articles/%E6%8A%95%E8%B5%84%E6%B4%BE html_length=99956
2026-04-23 14:21:14 [kr36] fetch_ok method=curl_playwright_search url=https://36kr.com/search/articles/%E6%8A%95%E8%B5%84%E6%B4%BE html_length=99956
2026-04-23 14:21:14 [kr36] search_date_filtered fixed_category=投资派 pub=2024-06-05 window=2026-04-17~2026-04-19
2026-04-23 14:21:14 [kr36] search_date_filtered fixed_category=投资派 pub=2024-06-26 window=2026-04-17~2026-04-19
2026-04-23 14:21:14 [kr36] search_date_filtered fixed_category=投资派 pub=2024-07-11 window=2026-04-17~2026-04-19
2026-04-23 14:21:14 [kr36] search_date_filtered fixed_category=投资派 pub=2024-04-26 window=2026-04-17~2026-04-19
2026-04-23 14:21:14 [kr36] search_date_filtered fixed_category=投资派 pub=2024-04-23 window=2026-04-17~2026-04-19
2026-04-23 14:21:14 [kr36] search_date_filtered fixed_category=投资派 pub=2024-04-27 window=2026-04-17~2026-04-19
2026-04-23 14:21:14 [kr36] search_date_filtered fixed_category=投资派 pub=2024-05-06 window=2026-04-17~2026-04-19
2026-04-23 14:21:14 [kr36] search_date_filtered fixed_category=投资派 pub=2023-09-07 window=2026-04-17~2026-04-19
2026-04-23 14:21:14 [kr36] search_date_filtered fixed_category=投资派 pub=2023-08-24 window=2026-04-17~2026-04-19
2026-04-23 14:21:14 [kr36] search_date_filtered fixed_category=投资派 pub=2022-08-19 window=2026-04-17~2026-04-19
2026-04-23 14:21:14 [kr36] search_date_filtered fixed_category=投资派 pub=2022-02-17 window=2026-04-17~2026-04-19
2026-04-23 14:21:14 [kr36] search_date_filtered fixed_category=投资派 pub=2023-08-17 window=2026-04-17~2026-04-19
2026-04-23 14:21:14 [kr36] search_date_filtered fixed_category=投资派 pub=2022-02-11 window=2026-04-17~2026-04-19
2026-04-23 14:21:14 [kr36] search_date_filtered fixed_category=投资派 pub=2021-10-20 window=2026-04-17~2026-04-19
2026-04-23 14:21:14 [kr36] search_date_filtered fixed_category=投资派 pub=2022-01-12 window=2026-04-17~2026-04-19
2026-04-23 14:21:14 [kr36] search_date_filtered fixed_category=投资派 pub=2022-02-11 window=2026-04-17~2026-04-19
2026-04-23 14:21:14 [kr36] search_date_filtered fixed_category=投资派 pub=2022-02-09 window=2026-04-17~2026-04-19
2026-04-23 14:21:14 [kr36] search_date_filtered fixed_category=投资派 pub=2022-02-21 window=2026-04-17~2026-04-19
2026-04-23 14:21:14 [kr36] search_date_filtered fixed_category=投资派 pub=2021-10-27 window=2026-04-17~2026-04-19
2026-04-23 14:21:14 [kr36] search_date_filtered fixed_category=投资派 pub=2022-01-05 window=2026-04-17~2026-04-19
2026-04-23 14:21:14 [kr36] search_date_filtered fixed_category=投资派 pub=2024-06-05 window=2026-04-17~2026-04-19
2026-04-23 14:21:14 [kr36] search_date_filtered fixed_category=投资派 pub=2024-06-26 window=2026-04-17~2026-04-19
2026-04-23 14:21:14 [kr36] search_date_filtered fixed_category=投资派 pub=2024-07-11 window=2026-04-17~2026-04-19
2026-04-23 14:21:14 [kr36] search_date_filtered fixed_category=投资派 pub=2024-04-26 window=2026-04-17~2026-04-19
2026-04-23 14:21:14 [kr36] search_date_filtered fixed_category=投资派 pub=2024-04-23 window=2026-04-17~2026-04-19
2026-04-23 14:21:14 [kr36] search_date_filtered fixed_category=投资派 pub=2024-04-27 window=2026-04-17~2026-04-19
2026-04-23 14:21:14 [kr36] search_date_filtered fixed_category=投资派 pub=2024-05-06 window=2026-04-17~2026-04-19
2026-04-23 14:21:14 [kr36] search_date_filtered fixed_category=投资派 pub=2023-09-07 window=2026-04-17~2026-04-19
2026-04-23 14:21:14 [kr36] search_date_filtered fixed_category=投资派 pub=2023-08-24 window=2026-04-17~2026-04-19
2026-04-23 14:21:14 [kr36] search_date_filtered fixed_category=投资派 pub=2022-08-19 window=2026-04-17~2026-04-19
2026-04-23 14:21:14 [kr36] search_date_filtered fixed_category=投资派 pub=2022-08-19 window=2026-04-17~2026-04-19
2026-04-23 14:21:14 [kr36] search_date_filtered fixed_category=投资派 pub=2022-02-17 window=2026-04-17~2026-04-19
2026-04-23 14:21:14 [kr36] search_date_filtered fixed_category=投资派 pub=2023-08-17 window=2026-04-17~2026-04-19
2026-04-23 14:21:14 [kr36] search_date_filtered fixed_category=投资派 pub=2022-02-11 window=2026-04-17~2026-04-19
2026-04-23 14:21:14 [kr36] search_date_filtered fixed_category=投资派 pub=2021-10-20 window=2026-04-17~2026-04-19
2026-04-23 14:21:14 [kr36] search_date_filtered fixed_category=投资派 pub=2022-01-12 window=2026-04-17~2026-04-19
2026-04-23 14:21:14 [kr36] search_date_filtered fixed_category=投资派 pub=2022-02-11 window=2026-04-17~2026-04-19
2026-04-23 14:21:14 [kr36] search_date_filtered fixed_category=投资派 pub=2022-02-09 window=2026-04-17~2026-04-19
2026-04-23 14:21:14 [kr36] search_date_filtered fixed_category=投资派 pub=2022-02-21 window=2026-04-17~2026-04-19
2026-04-23 14:21:14 [kr36] search_date_filtered fixed_category=投资派 pub=2021-10-27 window=2026-04-17~2026-04-19
2026-04-23 14:21:14 [kr36] search_date_parse_failed fixed_category=投资派 window=2026-04-17~2026-04-19 item_html_len=1335 action=exclude
2026-04-23 14:21:14 [kr36] search_date_filtered fixed_category=投资派 pub=2024-06-05 window=2026-04-17~2026-04-19
2026-04-23 14:21:14 [kr36] search_date_filtered fixed_category=投资派 pub=2024-06-05 window=2026-04-17~2026-04-19
2026-04-23 14:21:14 [kr36] search_date_filtered fixed_category=投资派 pub=2024-06-26 window=2026-04-17~2026-04-19
2026-04-23 14:21:14 [kr36] search_date_filtered fixed_category=投资派 pub=2024-06-26 window=2026-04-17~2026-04-19
2026-04-23 14:21:14 [kr36] search_date_filtered fixed_category=投资派 pub=2024-07-11 window=2026-04-17~2026-04-19
2026-04-23 14:21:14 [kr36] search_date_filtered fixed_category=投资派 pub=2024-07-11 window=2026-04-17~2026-04-19
2026-04-23 14:21:14 [kr36] search_date_filtered fixed_category=投资派 pub=2024-04-26 window=2026-04-17~2026-04-19
2026-04-23 14:21:14 [kr36] search_date_filtered fixed_category=投资派 pub=2024-04-26 window=2026-04-17~2026-04-19
2026-04-23 14:21:14 [kr36] search_date_filtered fixed_category=投资派 pub=2024-04-23 window=2026-04-17~2026-04-19
2026-04-23 14:21:14 [kr36] search_date_filtered fixed_category=投资派 pub=2024-04-23 window=2026-04-17~2026-04-19
2026-04-23 14:21:14 [kr36] search_date_filtered fixed_category=投资派 pub=2024-04-27 window=2026-04-17~2026-04-19
2026-04-23 14:21:14 [kr36] search_date_filtered fixed_category=投资派 pub=2024-04-27 window=2026-04-17~2026-04-19
2026-04-23 14:21:14 [kr36] search_date_filtered fixed_category=投资派 pub=2024-05-06 window=2026-04-17~2026-04-19
2026-04-23 14:21:14 [kr36] search_date_filtered fixed_category=投资派 pub=2024-05-06 window=2026-04-17~2026-04-19
2026-04-23 14:21:14 [kr36] search_date_filtered fixed_category=投资派 pub=2023-09-07 window=2026-04-17~2026-04-19
2026-04-23 14:21:14 [kr36] search_date_filtered fixed_category=投资派 pub=2023-09-07 window=2026-04-17~2026-04-19
2026-04-23 14:21:14 [kr36] search_date_filtered fixed_category=投资派 pub=2023-08-24 window=2026-04-17~2026-04-19
2026-04-23 14:21:14 [kr36] search_date_filtered fixed_category=投资派 pub=2023-08-24 window=2026-04-17~2026-04-19
2026-04-23 14:21:14 [kr36] search_date_filtered fixed_category=投资派 pub=2022-08-19 window=2026-04-17~2026-04-19
2026-04-23 14:21:14 [kr36] search_date_filtered fixed_category=投资派 pub=2022-08-19 window=2026-04-17~2026-04-19
2026-04-23 14:21:14 [kr36] search_date_filtered fixed_category=投资派 pub=2022-02-17 window=2026-04-17~2026-04-19
2026-04-23 14:21:14 [kr36] search_date_filtered fixed_category=投资派 pub=2022-02-17 window=2026-04-17~2026-04-19
2026-04-23 14:21:14 [kr36] search_date_filtered fixed_category=投资派 pub=2023-08-17 window=2026-04-17~2026-04-19
2026-04-23 14:21:14 [kr36] search_date_filtered fixed_category=投资派 pub=2023-08-17 window=2026-04-17~2026-04-19
2026-04-23 14:21:14 [kr36] search_date_filtered fixed_category=投资派 pub=2022-02-11 window=2026-04-17~2026-04-19
2026-04-23 14:21:14 [kr36] search_date_filtered fixed_category=投资派 pub=2022-02-11 window=2026-04-17~2026-04-19
2026-04-23 14:21:14 [kr36] search_date_filtered fixed_category=投资派 pub=2021-10-20 window=2026-04-17~2026-04-19
2026-04-23 14:21:14 [kr36] search_date_filtered fixed_category=投资派 pub=2021-10-20 window=2026-04-17~2026-04-19
2026-04-23 14:21:14 [kr36] search_date_filtered fixed_category=投资派 pub=2022-01-12 window=2026-04-17~2026-04-19
2026-04-23 14:21:14 [kr36] search_date_filtered fixed_category=投资派 pub=2022-01-12 window=2026-04-17~2026-04-19
2026-04-23 14:21:14 [kr36] search_date_filtered fixed_category=投资派 pub=2022-02-11 window=2026-04-17~2026-04-19
2026-04-23 14:21:14 [kr36] search_date_filtered fixed_category=投资派 pub=2022-02-11 window=2026-04-17~2026-04-19
2026-04-23 14:21:14 [kr36] search_date_filtered fixed_category=投资派 pub=2022-02-09 window=2026-04-17~2026-04-19
2026-04-23 14:21:14 [kr36] search_date_filtered fixed_category=投资派 pub=2022-02-09 window=2026-04-17~2026-04-19
2026-04-23 14:21:14 [kr36] search_date_filtered fixed_category=投资派 pub=2022-02-21 window=2026-04-17~2026-04-19
2026-04-23 14:21:14 [kr36] search_date_filtered fixed_category=投资派 pub=2022-02-21 window=2026-04-17~2026-04-19
2026-04-23 14:21:14 [kr36] search_date_filtered fixed_category=投资派 pub=2021-10-27 window=2026-04-17~2026-04-19
2026-04-23 14:21:14 [kr36] search_date_filtered fixed_category=投资派 pub=2021-10-27 window=2026-04-17~2026-04-19
2026-04-23 14:21:14 [kr36] search_date_filtered fixed_category=投资派 pub=2022-01-05 window=2026-04-17~2026-04-19
2026-04-23 14:21:14 [kr36] search_date_filtered fixed_category=投资派 pub=2022-01-05 window=2026-04-17~2026-04-19
2026-04-23 14:21:14 [kr36] round_end page=8 round=8/12 stage=search category=投资派 status=ok fetched=0 total_refs=3 elapsed_ms=24754
2026-04-23 14:21:14 [kr36] search_zero_result category=投资派 html_length=99956 has_list_main=true has_search_item=true has_p_link=true risk_like=false
2026-04-23 14:21:14 [kr36] 完成搜索页(投资派)，数据 0 条，累计 3 条
2026-04-23 14:21:14 [kr36] round_next round=9/12 stage=search_or_channel
2026-04-23 14:21:14 [kr36] round_start page=9 round=9/12 stage=search category=新青年观察 url=https://36kr.com/search/articles/%E6%96%B0%E9%9D%92%E5%B9%B4%E8%A7%82%E5%AF%9F date_window=2026-04-17~2026-04-19
2026-04-23 14:21:14 [kr36] 进入搜索页(新青年观察)，数据 0 条，累计 3 条
2026-04-23 14:21:14 [kr36] throttle_wait url=https://36kr.com/search/articles/%E6%96%B0%E9%9D%92%E5%B9%B4%E8%A7%82%E5%AF%9F wait_ms=13899 global_wait_ms=13899 same_url_wait_ms=0 risk_wait_ms=0
2026-04-23 14:21:28 [kr36] fetch_start url=https://36kr.com/search/articles/%E6%96%B0%E9%9D%92%E5%B9%B4%E8%A7%82%E5%AF%9F
2026-04-23 14:21:30 [kr36] search_enrich_direct_step4 reason=auto_solver url=https://36kr.com/search/articles/%E6%96%B0%E9%9D%92%E5%B9%B4%E8%A7%82%E5%AF%9F
2026-04-23 14:21:30 [kr36] playwright_slider_start phase='search-listing-step4' url=https://36kr.com/search/articles/%E6%96%B0%E9%9D%92%E5%B9%B4%E8%A7%82%E5%AF%9F headless=false channel='msedge'
2026-04-23 14:21:47 [kr36] playwright_slider_preloop phase='search-listing-step4' url=https://36kr.com/search/articles/%E6%96%B0%E9%9D%92%E5%B9%B4%E8%A7%82%E5%AF%9F wait_after_load_ms=1800 slider_ui_ready_max_ms=20000
2026-04-23 14:21:51 [kr36] playwright_slider_ok phase='search-listing-step4' url=https://36kr.com/search/articles/%E6%96%B0%E9%9D%92%E5%B9%B4%E8%A7%82%E5%AF%9F html_length=68713
2026-04-23 14:21:52 [kr36] search_listing_csr_enriched url=https://36kr.com/search/articles/%E6%96%B0%E9%9D%92%E5%B9%B4%E8%A7%82%E5%AF%9F html_length=68713
2026-04-23 14:21:52 [kr36] fetch_ok method=curl_playwright_search url=https://36kr.com/search/articles/%E6%96%B0%E9%9D%92%E5%B9%B4%E8%A7%82%E5%AF%9F html_length=68713
2026-04-23 14:21:52 [kr36] search_date_filtered fixed_category=新青年观察 pub=2022-04-24 window=2026-04-17~2026-04-19
2026-04-23 14:21:52 [kr36] search_date_filtered fixed_category=新青年观察 pub=2020-09-18 window=2026-04-17~2026-04-19
2026-04-23 14:21:52 [kr36] search_date_filtered fixed_category=新青年观察 pub=2019-07-10 window=2026-04-17~2026-04-19
2026-04-23 14:21:52 [kr36] search_date_filtered fixed_category=新青年观察 pub=2022-04-24 window=2026-04-17~2026-04-19
2026-04-23 14:21:52 [kr36] search_date_filtered fixed_category=新青年观察 pub=2020-09-18 window=2026-04-17~2026-04-19
2026-04-23 14:21:52 [kr36] search_date_filtered fixed_category=新青年观察 pub=2019-07-10 window=2026-04-17~2026-04-19
2026-04-23 14:21:52 [kr36] search_date_parse_failed fixed_category=新青年观察 window=2026-04-17~2026-04-19 item_html_len=1335 action=exclude
2026-04-23 14:21:52 [kr36] search_date_filtered fixed_category=新青年观察 pub=2022-04-24 window=2026-04-17~2026-04-19
2026-04-23 14:21:52 [kr36] search_date_filtered fixed_category=新青年观察 pub=2022-04-24 window=2026-04-17~2026-04-19
2026-04-23 14:21:52 [kr36] search_date_filtered fixed_category=新青年观察 pub=2020-09-18 window=2026-04-17~2026-04-19
2026-04-23 14:21:52 [kr36] search_date_filtered fixed_category=新青年观察 pub=2020-09-18 window=2026-04-17~2026-04-19
2026-04-23 14:21:52 [kr36] search_date_filtered fixed_category=新青年观察 pub=2019-07-10 window=2026-04-17~2026-04-19
2026-04-23 14:21:52 [kr36] search_date_filtered fixed_category=新青年观察 pub=2019-07-10 window=2026-04-17~2026-04-19
2026-04-23 14:21:52 [kr36] round_end page=9 round=9/12 stage=search category=新青年观察 status=ok fetched=0 total_refs=3 elapsed_ms=37750
2026-04-23 14:21:52 [kr36] search_zero_result category=新青年观察 html_length=68713 has_list_main=true has_search_item=true has_p_link=true risk_like=false
2026-04-23 14:21:52 [kr36] 完成搜索页(新青年观察)，数据 0 条，累计 3 条
2026-04-23 14:21:52 [kr36] round_next round=10/12 stage=search_or_channel
2026-04-23 14:21:52 [kr36] round_start page=10 round=10/12 stage=search category=KRLab url=https://36kr.com/search/articles/KRLab date_window=2026-04-17~2026-04-19
2026-04-23 14:21:52 [kr36] 进入搜索页(KRLab)，数据 0 条，累计 3 条
2026-04-23 14:21:52 [kr36] throttle_wait url=https://36kr.com/search/articles/KRLab wait_ms=6812 global_wait_ms=6812 same_url_wait_ms=0 risk_wait_ms=0
2026-04-23 14:21:59 [kr36] fetch_start url=https://36kr.com/search/articles/KRLab
2026-04-23 14:22:01 [kr36] search_enrich_direct_step4 reason=auto_solver url=https://36kr.com/search/articles/KRLab
2026-04-23 14:22:01 [kr36] playwright_slider_start phase='search-listing-step4' url=https://36kr.com/search/articles/KRLab headless=false channel='msedge'
2026-04-23 14:22:20 [kr36] playwright_slider_preloop phase='search-listing-step4' url=https://36kr.com/search/articles/KRLab wait_after_load_ms=1800 slider_ui_ready_max_ms=20000
2026-04-23 14:22:24 [kr36] playwright_slider_ok phase='search-listing-step4' url=https://36kr.com/search/articles/KRLab html_length=62640
2026-04-23 14:22:25 [kr36] search_listing_csr_enriched url=https://36kr.com/search/articles/KRLab html_length=62640
2026-04-23 14:22:25 [kr36] fetch_ok method=curl_playwright_search url=https://36kr.com/search/articles/KRLab html_length=62640
2026-04-23 14:22:25 [kr36] search_date_parse_failed fixed_category=KRLab window=2026-04-17~2026-04-19 item_html_len=1335 action=exclude
2026-04-23 14:22:25 [kr36] round_end page=10 round=10/12 stage=search category=KRLab status=ok fetched=0 total_refs=3 elapsed_ms=32971
2026-04-23 14:22:25 [kr36] search_zero_result category=KRLab html_length=62640 has_list_main=false has_search_item=false has_p_link=true risk_like=false
2026-04-23 14:22:25 [kr36] 完成搜索页(KRLab)，数据 0 条，累计 3 条
2026-04-23 14:22:25 [kr36] round_next round=11/12 stage=search_or_channel
2026-04-23 14:22:25 [kr36] round_start page=11 round=11/12 stage=search category=AI协同创新中心 url=https://36kr.com/search/articles/AI%E5%8D%8F%E5%90%8C%E5%88%9B%E6%96%B0%E4%B8%AD%E5%BF%83 date_window=2026-04-17~2026-04-19
2026-04-23 14:22:25 [kr36] 进入搜索页(AI协同创新中心)，数据 0 条，累计 3 条
2026-04-23 14:22:25 [kr36] fetch_start url=https://36kr.com/search/articles/AI%E5%8D%8F%E5%90%8C%E5%88%9B%E6%96%B0%E4%B8%AD%E5%BF%83
2026-04-23 14:22:26 [kr36] search_enrich_direct_step4 reason=auto_solver url=https://36kr.com/search/articles/AI%E5%8D%8F%E5%90%8C%E5%88%9B%E6%96%B0%E4%B8%AD%E5%BF%83
2026-04-23 14:22:26 [kr36] playwright_slider_start phase='search-listing-step4' url=https://36kr.com/search/articles/AI%E5%8D%8F%E5%90%8C%E5%88%9B%E6%96%B0%E4%B8%AD%E5%BF%83 headless=false channel='msedge'
2026-04-23 14:22:51 [kr36] playwright_slider_preloop phase='search-listing-step4' url=https://36kr.com/search/articles/AI%E5%8D%8F%E5%90%8C%E5%88%9B%E6%96%B0%E4%B8%AD%E5%BF%83 wait_after_load_ms=1800 slider_ui_ready_max_ms=20000
2026-04-23 14:22:51 [kr36] playwright_slider_wait_ui phase='search-listing-step4' url=https://36kr.com/search/articles/AI%E5%8D%8F%E5%90%8C%E5%88%9B%E6%96%B0%E4%B8%AD%E5%BF%83 ui_ready=true
2026-04-23 14:22:56 [kr36] slider_captcha_solve_result attempted=true
2026-04-23 14:22:56 [kr36] playwright_slider_attempt phase='search-listing-step4' url=https://36kr.com/search/articles/AI%E5%8D%8F%E5%90%8C%E5%88%9B%E6%96%B0%E4%B8%AD%E5%BF%83 attempted=true
2026-04-23 14:23:06 [kr36] playwright_slider_csr_list_ready phase='search-listing-step4' url=https://36kr.com/search/articles/AI%E5%8D%8F%E5%90%8C%E5%88%9B%E6%96%B0%E4%B8%AD%E5%BF%83 selector='.kr-search-result-list-main'
2026-04-23 14:23:06 [kr36] playwright_slider_after_solve phase='search-listing-step4' url=https://36kr.com/search/articles/AI%E5%8D%8F%E5%90%8C%E5%88%9B%E6%96%B0%E4%B8%AD%E5%BF%83 html_length=83298
2026-04-23 14:23:06 [kr36] playwright_slider_close_on_pass phase='search-listing-step4' url=https://36kr.com/search/articles/AI%E5%8D%8F%E5%90%8C%E5%88%9B%E6%96%B0%E4%B8%AD%E5%BF%83
2026-04-23 14:23:06 [kr36] search_listing_csr_enriched url=https://36kr.com/search/articles/AI%E5%8D%8F%E5%90%8C%E5%88%9B%E6%96%B0%E4%B8%AD%E5%BF%83 html_length=83298
2026-04-23 14:23:06 [kr36] fetch_ok method=curl_playwright_search url=https://36kr.com/search/articles/AI%E5%8D%8F%E5%90%8C%E5%88%9B%E6%96%B0%E4%B8%AD%E5%BF%83 html_length=83298
2026-04-23 14:23:06 [kr36] search_date_filtered fixed_category=AI协同创新中心 pub=2023-10-24 window=2026-04-17~2026-04-19
2026-04-23 14:23:06 [kr36] search_date_filtered fixed_category=AI协同创新中心 pub=2023-10-23 window=2026-04-17~2026-04-19
2026-04-23 14:23:06 [kr36] search_date_filtered fixed_category=AI协同创新中心 pub=2023-10-16 window=2026-04-17~2026-04-19
2026-04-23 14:23:06 [kr36] search_date_filtered fixed_category=AI协同创新中心 pub=2025-12-24 window=2026-04-17~2026-04-19
2026-04-23 14:23:06 [kr36] search_date_filtered fixed_category=AI协同创新中心 pub=2023-12-05 window=2026-04-17~2026-04-19
2026-04-23 14:23:06 [kr36] search_date_filtered fixed_category=AI协同创新中心 pub=2023-10-13 window=2026-04-17~2026-04-19
2026-04-23 14:23:06 [kr36] search_date_filtered fixed_category=AI协同创新中心 pub=2026-04-23 window=2026-04-17~2026-04-19
2026-04-23 14:23:06 [kr36] search_date_filtered fixed_category=AI协同创新中心 pub=2023-10-18 window=2026-04-17~2026-04-19
2026-04-23 14:23:06 [kr36] search_date_filtered fixed_category=AI协同创新中心 pub=2023-11-30 window=2026-04-17~2026-04-19
2026-04-23 14:23:06 [kr36] search_date_filtered fixed_category=AI协同创新中心 pub=2023-12-14 window=2026-04-17~2026-04-19
2026-04-23 14:23:06 [kr36] search_date_filtered fixed_category=AI协同创新中心 pub=2023-11-30 window=2026-04-17~2026-04-19
2026-04-23 14:23:06 [kr36] search_date_filtered fixed_category=AI协同创新中心 pub=2023-10-24 window=2026-04-17~2026-04-19
2026-04-23 14:23:06 [kr36] search_date_filtered fixed_category=AI协同创新中心 pub=2023-10-24 window=2026-04-17~2026-04-19
2026-04-23 14:23:06 [kr36] search_date_filtered fixed_category=AI协同创新中心 pub=2023-10-23 window=2026-04-17~2026-04-19
2026-04-23 14:23:06 [kr36] search_date_filtered fixed_category=AI协同创新中心 pub=2023-10-16 window=2026-04-17~2026-04-19
2026-04-23 14:23:06 [kr36] search_date_filtered fixed_category=AI协同创新中心 pub=2025-12-24 window=2026-04-17~2026-04-19
2026-04-23 14:23:06 [kr36] search_date_filtered fixed_category=AI协同创新中心 pub=2023-12-05 window=2026-04-17~2026-04-19
2026-04-23 14:23:06 [kr36] search_date_filtered fixed_category=AI协同创新中心 pub=2023-10-13 window=2026-04-17~2026-04-19
2026-04-23 14:23:06 [kr36] search_date_filtered fixed_category=AI协同创新中心 pub=2023-11-09 window=2026-04-17~2026-04-19
2026-04-23 14:23:06 [kr36] search_date_filtered fixed_category=AI协同创新中心 pub=2023-10-18 window=2026-04-17~2026-04-19
2026-04-23 14:23:06 [kr36] search_date_filtered fixed_category=AI协同创新中心 pub=2023-11-30 window=2026-04-17~2026-04-19
2026-04-23 14:23:06 [kr36] search_date_filtered fixed_category=AI协同创新中心 pub=2023-12-14 window=2026-04-17~2026-04-19
2026-04-23 14:23:06 [kr36] search_date_parse_failed fixed_category=AI协同创新中心 window=2026-04-17~2026-04-19 item_html_len=1335 action=exclude
2026-04-23 14:23:06 [kr36] search_date_filtered fixed_category=AI协同创新中心 pub=2023-10-24 window=2026-04-17~2026-04-19
2026-04-23 14:23:06 [kr36] search_date_filtered fixed_category=AI协同创新中心 pub=2023-10-24 window=2026-04-17~2026-04-19
2026-04-23 14:23:06 [kr36] search_date_filtered fixed_category=AI协同创新中心 pub=2023-10-23 window=2026-04-17~2026-04-19
2026-04-23 14:23:06 [kr36] search_date_filtered fixed_category=AI协同创新中心 pub=2023-10-23 window=2026-04-17~2026-04-19
2026-04-23 14:23:06 [kr36] search_date_filtered fixed_category=AI协同创新中心 pub=2023-10-16 window=2026-04-17~2026-04-19
2026-04-23 14:23:06 [kr36] search_date_filtered fixed_category=AI协同创新中心 pub=2023-10-16 window=2026-04-17~2026-04-19
2026-04-23 14:23:06 [kr36] search_date_filtered fixed_category=AI协同创新中心 pub=2025-12-24 window=2026-04-17~2026-04-19
2026-04-23 14:23:06 [kr36] search_date_filtered fixed_category=AI协同创新中心 pub=2025-12-24 window=2026-04-17~2026-04-19
2026-04-23 14:23:06 [kr36] search_date_filtered fixed_category=AI协同创新中心 pub=2023-12-05 window=2026-04-17~2026-04-19
2026-04-23 14:23:06 [kr36] search_date_filtered fixed_category=AI协同创新中心 pub=2023-12-05 window=2026-04-17~2026-04-19
2026-04-23 14:23:06 [kr36] search_date_filtered fixed_category=AI协同创新中心 pub=2023-10-13 window=2026-04-17~2026-04-19
2026-04-23 14:23:06 [kr36] search_date_filtered fixed_category=AI协同创新中心 pub=2023-10-13 window=2026-04-17~2026-04-19
2026-04-23 14:23:06 [kr36] search_date_filtered fixed_category=AI协同创新中心 pub=2026-04-23 window=2026-04-17~2026-04-19
2026-04-23 14:23:06 [kr36] search_date_filtered fixed_category=AI协同创新中心 pub=2026-04-23 window=2026-04-17~2026-04-19
2026-04-23 14:23:06 [kr36] search_date_filtered fixed_category=AI协同创新中心 pub=2023-10-18 window=2026-04-17~2026-04-19
2026-04-23 14:23:06 [kr36] search_date_filtered fixed_category=AI协同创新中心 pub=2023-10-18 window=2026-04-17~2026-04-19
2026-04-23 14:23:06 [kr36] search_date_filtered fixed_category=AI协同创新中心 pub=2023-11-30 window=2026-04-17~2026-04-19
2026-04-23 14:23:06 [kr36] search_date_filtered fixed_category=AI协同创新中心 pub=2023-11-30 window=2026-04-17~2026-04-19
2026-04-23 14:23:06 [kr36] search_date_filtered fixed_category=AI协同创新中心 pub=2023-12-14 window=2026-04-17~2026-04-19
2026-04-23 14:23:06 [kr36] search_date_filtered fixed_category=AI协同创新中心 pub=2023-12-14 window=2026-04-17~2026-04-19
2026-04-23 14:23:06 [kr36] search_date_filtered fixed_category=AI协同创新中心 pub=2023-11-30 window=2026-04-17~2026-04-19
2026-04-23 14:23:06 [kr36] search_date_filtered fixed_category=AI协同创新中心 pub=2023-11-30 window=2026-04-17~2026-04-19
2026-04-23 14:23:06 [kr36] round_end page=11 round=11/12 stage=search category=AI协同创新中心 status=ok fetched=0 total_refs=3 elapsed_ms=41507
2026-04-23 14:23:06 [kr36] search_zero_result category=AI协同创新中心 html_length=83298 has_list_main=true has_search_item=true has_p_link=true risk_like=false
2026-04-23 14:23:06 [kr36] 完成搜索页(AI协同创新中心)，数据 0 条，累计 3 条
2026-04-23 14:23:06 [kr36] round_next round=12/12 stage=search_or_channel
2026-04-23 14:23:06 [kr36] round_start page=12 round=12/12 stage=search category=数智前瞻 url=https://36kr.com/search/articles/%E6%95%B0%E6%99%BA%E5%89%8D%E7%9E%BB date_window=2026-04-17~2026-04-19
2026-04-23 14:23:06 [kr36] 进入搜索页(数智前瞻)，数据 0 条，累计 3 条
2026-04-23 14:23:06 [kr36] fetch_start url=https://36kr.com/search/articles/%E6%95%B0%E6%99%BA%E5%89%8D%E7%9E%BB
2026-04-23 14:23:11 [kr36] search_enrich_direct_step4 reason=auto_solver url=https://36kr.com/search/articles/%E6%95%B0%E6%99%BA%E5%89%8D%E7%9E%BB
2026-04-23 14:23:11 [kr36] playwright_slider_start phase='search-listing-step4' url=https://36kr.com/search/articles/%E6%95%B0%E6%99%BA%E5%89%8D%E7%9E%BB headless=false channel='msedge'
2026-04-23 14:23:28 [kr36] playwright_slider_preloop phase='search-listing-step4' url=https://36kr.com/search/articles/%E6%95%B0%E6%99%BA%E5%89%8D%E7%9E%BB wait_after_load_ms=1800 slider_ui_ready_max_ms=20000
2026-04-23 14:23:32 [kr36] playwright_slider_ok phase='search-listing-step4' url=https://36kr.com/search/articles/%E6%95%B0%E6%99%BA%E5%89%8D%E7%9E%BB html_length=100393
2026-04-23 14:23:32 [kr36] search_listing_csr_enriched url=https://36kr.com/search/articles/%E6%95%B0%E6%99%BA%E5%89%8D%E7%9E%BB html_length=100393
2026-04-23 14:23:32 [kr36] fetch_ok method=curl_playwright_search url=https://36kr.com/search/articles/%E6%95%B0%E6%99%BA%E5%89%8D%E7%9E%BB html_length=100393
2026-04-23 14:23:32 [kr36] search_date_filtered fixed_category=数智前瞻 pub=2023-06-15 window=2026-04-17~2026-04-19
2026-04-23 14:23:32 [kr36] search_date_filtered fixed_category=数智前瞻 pub=2023-01-13 window=2026-04-17~2026-04-19
2026-04-23 14:23:32 [kr36] search_date_filtered fixed_category=数智前瞻 pub=2023-02-09 window=2026-04-17~2026-04-19
2026-04-23 14:23:32 [kr36] search_date_filtered fixed_category=数智前瞻 pub=2023-01-13 window=2026-04-17~2026-04-19
2026-04-23 14:23:32 [kr36] search_date_filtered fixed_category=数智前瞻 pub=2023-05-16 window=2026-04-17~2026-04-19
2026-04-23 14:23:32 [kr36] search_date_filtered fixed_category=数智前瞻 pub=2023-01-31 window=2026-04-17~2026-04-19
2026-04-23 14:23:32 [kr36] search_date_filtered fixed_category=数智前瞻 pub=2023-02-21 window=2026-04-17~2026-04-19
2026-04-23 14:23:32 [kr36] search_date_filtered fixed_category=数智前瞻 pub=2023-03-22 window=2026-04-17~2026-04-19
2026-04-23 14:23:32 [kr36] search_date_filtered fixed_category=数智前瞻 pub=2023-04-27 window=2026-04-17~2026-04-19
2026-04-23 14:23:32 [kr36] search_date_filtered fixed_category=数智前瞻 pub=2022-10-19 window=2026-04-17~2026-04-19
2026-04-23 14:23:32 [kr36] search_date_filtered fixed_category=数智前瞻 pub=2026-03-07 window=2026-04-17~2026-04-19
2026-04-23 14:23:32 [kr36] search_date_filtered fixed_category=数智前瞻 pub=2022-10-13 window=2026-04-17~2026-04-19
2026-04-23 14:23:32 [kr36] search_date_filtered fixed_category=数智前瞻 pub=2022-10-17 window=2026-04-17~2026-04-19
2026-04-23 14:23:32 [kr36] search_date_filtered fixed_category=数智前瞻 pub=2022-10-10 window=2026-04-17~2026-04-19
2026-04-23 14:23:32 [kr36] search_date_filtered fixed_category=数智前瞻 pub=2022-12-01 window=2026-04-17~2026-04-19
2026-04-23 14:23:32 [kr36] search_date_filtered fixed_category=数智前瞻 pub=2023-05-17 window=2026-04-17~2026-04-19
2026-04-23 14:23:32 [kr36] search_date_filtered fixed_category=数智前瞻 pub=2023-03-26 window=2026-04-17~2026-04-19
2026-04-23 14:23:32 [kr36] search_date_filtered fixed_category=数智前瞻 pub=2022-10-12 window=2026-04-17~2026-04-19
2026-04-23 14:23:32 [kr36] search_date_filtered fixed_category=数智前瞻 pub=2023-03-13 window=2026-04-17~2026-04-19
2026-04-23 14:23:32 [kr36] search_date_filtered fixed_category=数智前瞻 pub=2022-10-12 window=2026-04-17~2026-04-19
2026-04-23 14:23:32 [kr36] search_date_filtered fixed_category=数智前瞻 pub=2023-06-15 window=2026-04-17~2026-04-19
2026-04-23 14:23:32 [kr36] search_date_filtered fixed_category=数智前瞻 pub=2023-01-13 window=2026-04-17~2026-04-19
2026-04-23 14:23:32 [kr36] search_date_filtered fixed_category=数智前瞻 pub=2023-02-09 window=2026-04-17~2026-04-19
2026-04-23 14:23:32 [kr36] search_date_filtered fixed_category=数智前瞻 pub=2023-01-13 window=2026-04-17~2026-04-19
2026-04-23 14:23:32 [kr36] search_date_filtered fixed_category=数智前瞻 pub=2023-05-16 window=2026-04-17~2026-04-19
2026-04-23 14:23:32 [kr36] search_date_filtered fixed_category=数智前瞻 pub=2023-01-31 window=2026-04-17~2026-04-19
2026-04-23 14:23:32 [kr36] search_date_filtered fixed_category=数智前瞻 pub=2023-02-21 window=2026-04-17~2026-04-19
2026-04-23 14:23:32 [kr36] search_date_filtered fixed_category=数智前瞻 pub=2023-03-22 window=2026-04-17~2026-04-19
2026-04-23 14:23:32 [kr36] search_date_filtered fixed_category=数智前瞻 pub=2023-04-27 window=2026-04-17~2026-04-19
2026-04-23 14:23:32 [kr36] search_date_filtered fixed_category=数智前瞻 pub=2022-10-19 window=2026-04-17~2026-04-19
2026-04-23 14:23:32 [kr36] search_date_filtered fixed_category=数智前瞻 pub=2022-10-19 window=2026-04-17~2026-04-19
2026-04-23 14:23:32 [kr36] search_date_filtered fixed_category=数智前瞻 pub=2023-03-10 window=2026-04-17~2026-04-19
2026-04-23 14:23:32 [kr36] search_date_filtered fixed_category=数智前瞻 pub=2022-10-13 window=2026-04-17~2026-04-19
2026-04-23 14:23:32 [kr36] search_date_filtered fixed_category=数智前瞻 pub=2022-10-17 window=2026-04-17~2026-04-19
2026-04-23 14:23:32 [kr36] search_date_filtered fixed_category=数智前瞻 pub=2022-10-10 window=2026-04-17~2026-04-19
2026-04-23 14:23:32 [kr36] search_date_filtered fixed_category=数智前瞻 pub=2022-12-01 window=2026-04-17~2026-04-19
2026-04-23 14:23:33 [kr36] search_date_filtered fixed_category=数智前瞻 pub=2023-05-17 window=2026-04-17~2026-04-19
2026-04-23 14:23:33 [kr36] search_date_filtered fixed_category=数智前瞻 pub=2023-03-26 window=2026-04-17~2026-04-19
2026-04-23 14:23:33 [kr36] search_date_filtered fixed_category=数智前瞻 pub=2022-10-12 window=2026-04-17~2026-04-19
2026-04-23 14:23:33 [kr36] search_date_filtered fixed_category=数智前瞻 pub=2023-03-13 window=2026-04-17~2026-04-19
2026-04-23 14:23:33 [kr36] search_date_parse_failed fixed_category=数智前瞻 window=2026-04-17~2026-04-19 item_html_len=1335 action=exclude
2026-04-23 14:23:33 [kr36] search_date_filtered fixed_category=数智前瞻 pub=2023-06-15 window=2026-04-17~2026-04-19
2026-04-23 14:23:33 [kr36] search_date_filtered fixed_category=数智前瞻 pub=2023-06-15 window=2026-04-17~2026-04-19
2026-04-23 14:23:33 [kr36] search_date_filtered fixed_category=数智前瞻 pub=2023-01-13 window=2026-04-17~2026-04-19
2026-04-23 14:23:33 [kr36] search_date_filtered fixed_category=数智前瞻 pub=2023-01-13 window=2026-04-17~2026-04-19
2026-04-23 14:23:33 [kr36] search_date_filtered fixed_category=数智前瞻 pub=2023-02-09 window=2026-04-17~2026-04-19
2026-04-23 14:23:33 [kr36] search_date_filtered fixed_category=数智前瞻 pub=2023-02-09 window=2026-04-17~2026-04-19
2026-04-23 14:23:33 [kr36] search_date_filtered fixed_category=数智前瞻 pub=2023-01-13 window=2026-04-17~2026-04-19
2026-04-23 14:23:33 [kr36] search_date_filtered fixed_category=数智前瞻 pub=2023-01-13 window=2026-04-17~2026-04-19
2026-04-23 14:23:33 [kr36] search_date_filtered fixed_category=数智前瞻 pub=2023-05-16 window=2026-04-17~2026-04-19
2026-04-23 14:23:33 [kr36] search_date_filtered fixed_category=数智前瞻 pub=2023-05-16 window=2026-04-17~2026-04-19
2026-04-23 14:23:33 [kr36] search_date_filtered fixed_category=数智前瞻 pub=2023-01-31 window=2026-04-17~2026-04-19
2026-04-23 14:23:33 [kr36] search_date_filtered fixed_category=数智前瞻 pub=2023-01-31 window=2026-04-17~2026-04-19
2026-04-23 14:23:33 [kr36] search_date_filtered fixed_category=数智前瞻 pub=2023-02-21 window=2026-04-17~2026-04-19
2026-04-23 14:23:33 [kr36] search_date_filtered fixed_category=数智前瞻 pub=2023-02-21 window=2026-04-17~2026-04-19
2026-04-23 14:23:33 [kr36] search_date_filtered fixed_category=数智前瞻 pub=2023-03-22 window=2026-04-17~2026-04-19
2026-04-23 14:23:33 [kr36] search_date_filtered fixed_category=数智前瞻 pub=2023-03-22 window=2026-04-17~2026-04-19
2026-04-23 14:23:33 [kr36] search_date_filtered fixed_category=数智前瞻 pub=2023-04-27 window=2026-04-17~2026-04-19
2026-04-23 14:23:33 [kr36] search_date_filtered fixed_category=数智前瞻 pub=2023-04-27 window=2026-04-17~2026-04-19
2026-04-23 14:23:33 [kr36] search_date_filtered fixed_category=数智前瞻 pub=2022-10-19 window=2026-04-17~2026-04-19
2026-04-23 14:23:33 [kr36] search_date_filtered fixed_category=数智前瞻 pub=2022-10-19 window=2026-04-17~2026-04-19
2026-04-23 14:23:33 [kr36] search_date_filtered fixed_category=数智前瞻 pub=2026-03-07 window=2026-04-17~2026-04-19
2026-04-23 14:23:33 [kr36] search_date_filtered fixed_category=数智前瞻 pub=2026-03-07 window=2026-04-17~2026-04-19
2026-04-23 14:23:33 [kr36] search_date_filtered fixed_category=数智前瞻 pub=2022-10-13 window=2026-04-17~2026-04-19
2026-04-23 14:23:33 [kr36] search_date_filtered fixed_category=数智前瞻 pub=2022-10-13 window=2026-04-17~2026-04-19
2026-04-23 14:23:33 [kr36] search_date_filtered fixed_category=数智前瞻 pub=2022-10-17 window=2026-04-17~2026-04-19
2026-04-23 14:23:33 [kr36] search_date_filtered fixed_category=数智前瞻 pub=2022-10-17 window=2026-04-17~2026-04-19
2026-04-23 14:23:33 [kr36] search_date_filtered fixed_category=数智前瞻 pub=2022-10-10 window=2026-04-17~2026-04-19
2026-04-23 14:23:33 [kr36] search_date_filtered fixed_category=数智前瞻 pub=2022-10-10 window=2026-04-17~2026-04-19
2026-04-23 14:23:33 [kr36] search_date_filtered fixed_category=数智前瞻 pub=2022-12-01 window=2026-04-17~2026-04-19
2026-04-23 14:23:33 [kr36] search_date_filtered fixed_category=数智前瞻 pub=2022-12-01 window=2026-04-17~2026-04-19
2026-04-23 14:23:33 [kr36] search_date_filtered fixed_category=数智前瞻 pub=2023-05-17 window=2026-04-17~2026-04-19
2026-04-23 14:23:33 [kr36] search_date_filtered fixed_category=数智前瞻 pub=2023-05-17 window=2026-04-17~2026-04-19
2026-04-23 14:23:33 [kr36] search_date_filtered fixed_category=数智前瞻 pub=2023-03-26 window=2026-04-17~2026-04-19
2026-04-23 14:23:33 [kr36] search_date_filtered fixed_category=数智前瞻 pub=2023-03-26 window=2026-04-17~2026-04-19
2026-04-23 14:23:33 [kr36] search_date_filtered fixed_category=数智前瞻 pub=2022-10-12 window=2026-04-17~2026-04-19
2026-04-23 14:23:33 [kr36] search_date_filtered fixed_category=数智前瞻 pub=2022-10-12 window=2026-04-17~2026-04-19
2026-04-23 14:23:33 [kr36] search_date_filtered fixed_category=数智前瞻 pub=2023-03-13 window=2026-04-17~2026-04-19
2026-04-23 14:23:33 [kr36] search_date_filtered fixed_category=数智前瞻 pub=2023-03-13 window=2026-04-17~2026-04-19
2026-04-23 14:23:33 [kr36] search_date_filtered fixed_category=数智前瞻 pub=2022-10-12 window=2026-04-17~2026-04-19
2026-04-23 14:23:33 [kr36] search_date_filtered fixed_category=数智前瞻 pub=2022-10-12 window=2026-04-17~2026-04-19
2026-04-23 14:23:33 [kr36] round_end page=12 round=12/12 stage=search category=数智前瞻 status=ok fetched=0 total_refs=3 elapsed_ms=26236
2026-04-23 14:23:33 [kr36] search_zero_result category=数智前瞻 html_length=100393 has_list_main=true has_search_item=true has_p_link=true risk_like=false
2026-04-23 14:23:33 [kr36] 完成搜索页(数智前瞻)，数据 0 条，累计 3 条
2026-04-23 14:23:33 [kr36] listing_end report_date=2026-04-23 total_refs=13 stopped_by=normal_complete
[kr36] 2026-04-23 14:33:44 finished with exit code 0.
