[kr36] 2026-04-24 18:15:04 starting daily brief run (no email)...
[kr36] PROJECT_ROOT=E:\AI\touzifenxi
[kr36] PYTHON_BIN=E:\AI\touzifenxi\.venv\Scripts\python.exe
[kr36] TIMEOUT=40s
[kr36] LOG_FILE=E:\AI\touzifenxi\logs\kr36\kr36_20260424_181504.log
[kr36] running: "E:\AI\touzifenxi\.venv\Scripts\python.exe" scripts\websearch.py run --source 36kr --timeout 40
2026-04-24 18:15:05 [kr36] cookie_quality sv_missing
2026-04-24 18:15:05 [kr36] cookie_quality_auto_recover start method=slider_solver
2026-04-24 18:15:05 [slider] playwright_slider_start phase='cookie-bootstrap' url=https://36kr.com headless=false channel='msedge'
2026-04-24 18:15:24 [slider] playwright_slider_url_settled phase='cookie-bootstrap' final_url='https://36kr.com/'
2026-04-24 18:15:24 [slider] playwright_slider_preloop phase='cookie-bootstrap' url=https://36kr.com wait_after_load_ms=1800 slider_ui_ready_max_ms=20000
2026-04-24 18:15:29 [slider] playwright_slider_ok phase='cookie-bootstrap' url=https://36kr.com html_length=204141
2026-04-24 18:15:30 [kr36] cookie_quality_auto_recover failed has_sv=false
2026-04-24 18:15:30 [kr36] listing_begin report_date=2026-04-24 rounds_total=5 candidate_limit=120 mode=sequential step0.5_then_step1
2026-04-24 18:15:30 [kr36] step0.5_topic_round_start page=1 round=1/5 stage=topics url=https://36kr.com/topics/
2026-04-24 18:15:30 [kr36] 进入专题页(0.5步)，数据 0 条，累计 0 条
2026-04-24 18:15:30 [kr36] fetch_start url=https://36kr.com/topics/
2026-04-24 18:15:31 [kr36] fetch_ok method=curl url=https://36kr.com/topics/ html_length=73982
2026-04-24 18:15:31 [kr36] throttle_wait url=https://36kr.com/topics/3770543132934659 wait_ms=38757 global_wait_ms=38757 same_url_wait_ms=0 risk_wait_ms=0
2026-04-24 18:16:09 [kr36] fetch_start url=https://36kr.com/topics/3770543132934659
2026-04-24 18:16:10 [kr36] fetch_ok method=curl url=https://36kr.com/topics/3770543132934659 html_length=1460
2026-04-24 18:16:10 [slider] step4_recover_trigger url=https://36kr.com/topics/3770543132934659 phase=topic-detail reason=risk_interstitial
2026-04-24 18:16:10 [slider] playwright_slider_start phase='topic-detail' url=https://36kr.com/topics/3770543132934659 headless=false channel='msedge'
2026-04-24 18:16:24 [slider] playwright_slider_url_settled phase='topic-detail' final_url='https://36kr.com/topics/3770543132934659'
2026-04-24 18:16:24 [slider] playwright_slider_preloop phase='topic-detail' url=https://36kr.com/topics/3770543132934659 wait_after_load_ms=1800 slider_ui_ready_max_ms=20000
2026-04-24 18:16:25 [slider] playwright_slider_wait_ui phase='topic-detail' url=https://36kr.com/topics/3770543132934659 ui_ready=true
2026-04-24 18:16:53 [kr36] slider_captcha_solve_result attempted=true
2026-04-24 18:16:53 [slider] playwright_slider_attempt phase='topic-detail' url=https://36kr.com/topics/3770543132934659 attempted=true
2026-04-24 18:17:08 [slider] playwright_slider_csr_list_wait_timeout phase='topic-detail' url=https://36kr.com/topics/3770543132934659 selector='.topic-list-item, .topic-item, .kr-topic-item'
2026-04-24 18:17:12 [slider] playwright_slider_after_solve phase='topic-detail' url=https://36kr.com/topics/3770543132934659 html_length=88577
2026-04-24 18:17:12 [slider] playwright_slider_close_on_pass phase='topic-detail' url=https://36kr.com/topics/3770543132934659
2026-04-24 18:17:13 [kr36] fetch_start url=https://36kr.com/video/3766585318896386
2026-04-24 18:17:13 [kr36] fetch_ok method=curl url=https://36kr.com/video/3766585318896386 html_length=60634
2026-04-24 18:17:13 [kr36] topic_video_cdn_extract count=7 html_len=60634 preview='https://videos.36krcdn.com/20260414/v2_1776165984015_video_mp4_v11' page='https://36kr.com/video/3766585318896386'
2026-04-24 18:17:33 [kr36] topic_video_download_ok cdn='https://videos.36krcdn.com/20260414/v2_1776165984015_video_mp4_v11' local=E:\AI\touzifenxi\output\reports\kr36_report\kr36_search_202604241815\kr36_topic_downloads\本周有大事丨大疆八年熵减，汪滔十年修行；为了保住同伙，AI有多癫；新中产收割机，想挑战Lululemon_\2026-04-15\videos\氪大事___为了保住同伙，AI有多癫？_36kr_topic_video_3766585318896386.mp4
2026-04-24 18:17:40 [kr36] topic_asr_ok chars=1182 transcript=E:\AI\touzifenxi\output\reports\kr36_report\kr36_search_202604241815\kr36_topic_downloads\本周有大事丨大疆八年熵减，汪滔十年修行；为了保住同伙，AI有多癫；新中产收割机，想挑战Lululemon_\2026-04-15\videos\氪大事___为了保住同伙，AI有多癫？_36kr_topic_video_3766585318896386.transcript.txt code=20000000 role=topic_video_asr_transcript
2026-04-24 18:17:40 [kr36] fetch_start url=https://36kr.com/video/3764840757948933
2026-04-24 18:17:41 [kr36] fetch_ok method=curl url=https://36kr.com/video/3764840757948933 html_length=59896
2026-04-24 18:17:41 [kr36] topic_video_cdn_extract count=7 html_len=59896 preview='https://videos.36krcdn.com/20260413/v2_1776051795825_video_mp4_v11' page='https://36kr.com/video/3764840757948933'
2026-04-24 18:17:50 [kr36] topic_video_download_ok cdn='https://videos.36krcdn.com/20260413/v2_1776051795825_video_mp4_v11' local=E:\AI\touzifenxi\output\reports\kr36_report\kr36_search_202604241815\kr36_topic_downloads\本周有大事丨大疆八年熵减，汪滔十年修行；为了保住同伙，AI有多癫；新中产收割机，想挑战Lululemon_\2026-04-14\videos\于东来和魏建军，两个“最轴”的老板“约会”了_36kr_topic_video_3764840757948933.mp4
2026-04-24 18:17:54 [kr36] topic_asr_ok chars=418 transcript=E:\AI\touzifenxi\output\reports\kr36_report\kr36_search_202604241815\kr36_topic_downloads\本周有大事丨大疆八年熵减，汪滔十年修行；为了保住同伙，AI有多癫；新中产收割机，想挑战Lululemon_\2026-04-14\videos\于东来和魏建军，两个“最轴”的老板“约会”了_36kr_topic_video_3764840757948933.transcript.txt code=20000000 role=topic_video_asr_transcript
2026-04-24 18:17:54 [kr36] throttle_wait url=https://36kr.com/video/3765091828527880 wait_ms=16486 global_wait_ms=16486 same_url_wait_ms=0 risk_wait_ms=0
2026-04-24 18:18:10 [kr36] fetch_start url=https://36kr.com/video/3765091828527880
2026-04-24 18:18:11 [kr36] fetch_ok method=curl url=https://36kr.com/video/3765091828527880 html_length=59133
2026-04-24 18:18:11 [kr36] topic_video_cdn_extract count=7 html_len=59133 preview='https://videos.36krcdn.com/20260413/v2_1776074530156_video_mp4_v9' page='https://36kr.com/video/3765091828527880'
2026-04-24 18:18:28 [kr36] topic_video_download_ok cdn='https://videos.36krcdn.com/20260413/v2_1776074530156_video_mp4_v9' local=E:\AI\touzifenxi\output\reports\kr36_report\kr36_search_202604241815\kr36_topic_downloads\本周有大事丨大疆八年熵减，汪滔十年修行；为了保住同伙，AI有多癫；新中产收割机，想挑战Lululemon_\2026-04-13\videos\AI盗脸风波：当技术“越界”_如何守住自己的数字人格？_36kr_topic_video_3765091828527880.mp4
2026-04-24 18:18:34 [kr36] topic_asr_ok chars=1062 transcript=E:\AI\touzifenxi\output\reports\kr36_report\kr36_search_202604241815\kr36_topic_downloads\本周有大事丨大疆八年熵减，汪滔十年修行；为了保住同伙，AI有多癫；新中产收割机，想挑战Lululemon_\2026-04-13\videos\AI盗脸风波：当技术“越界”_如何守住自己的数字人格？_36kr_topic_video_3765091828527880.transcript.txt code=20000000 role=topic_video_asr_transcript
2026-04-24 18:18:34 [kr36] throttle_wait url=https://36kr.com/topics/3771153216865028 wait_ms=6384 global_wait_ms=6384 same_url_wait_ms=0 risk_wait_ms=0
2026-04-24 18:18:41 [kr36] fetch_start url=https://36kr.com/topics/3771153216865028
2026-04-24 18:18:41 [kr36] fetch_ok method=curl url=https://36kr.com/topics/3771153216865028 html_length=60469
2026-04-24 18:18:41 [kr36] throttle_wait url=https://36kr.com/p/3770688595214857 wait_ms=37904 global_wait_ms=37904 same_url_wait_ms=0 risk_wait_ms=0
2026-04-24 18:19:19 [kr36] fetch_start url=https://36kr.com/p/3770688595214857
2026-04-24 18:19:20 [kr36] fetch_ok method=curl url=https://36kr.com/p/3770688595214857 html_length=75571
2026-04-24 18:19:20 [kr36] throttle_wait url=https://36kr.com/p/3766410231726855 wait_ms=22400 global_wait_ms=22400 same_url_wait_ms=0 risk_wait_ms=0
2026-04-24 18:19:42 [kr36] fetch_start url=https://36kr.com/p/3766410231726855
2026-04-24 18:19:42 [kr36] fetch_ok method=curl url=https://36kr.com/p/3766410231726855 html_length=82010
2026-04-24 18:19:43 [kr36] throttle_wait url=https://36kr.com/p/3764728843289089 wait_ms=32581 global_wait_ms=32581 same_url_wait_ms=0 risk_wait_ms=0
2026-04-24 18:20:15 [kr36] fetch_start url=https://36kr.com/p/3764728843289089
2026-04-24 18:20:16 [kr36] fetch_ok method=curl url=https://36kr.com/p/3764728843289089 html_length=84902
2026-04-24 18:20:16 [kr36] throttle_wait url=https://36kr.com/p/3766718158324489 wait_ms=35913 global_wait_ms=35913 same_url_wait_ms=0 risk_wait_ms=0
2026-04-24 18:20:52 [kr36] fetch_start url=https://36kr.com/p/3766718158324489
2026-04-24 18:20:52 [kr36] fetch_ok method=curl url=https://36kr.com/p/3766718158324489 html_length=87090
2026-04-24 18:20:52 [kr36] throttle_wait url=https://36kr.com/p/3765076875117314 wait_ms=33495 global_wait_ms=33495 same_url_wait_ms=0 risk_wait_ms=0
2026-04-24 18:21:26 [kr36] fetch_start url=https://36kr.com/p/3765076875117314
2026-04-24 18:21:26 [kr36] fetch_ok method=curl url=https://36kr.com/p/3765076875117314 html_length=90381
2026-04-24 18:21:26 [kr36] throttle_wait url=https://36kr.com/p/3764953900990977 wait_ms=26636 global_wait_ms=26636 same_url_wait_ms=0 risk_wait_ms=0
2026-04-24 18:21:53 [kr36] fetch_start url=https://36kr.com/p/3764953900990977
2026-04-24 18:21:53 [kr36] fetch_ok method=curl url=https://36kr.com/p/3764953900990977 html_length=89479
2026-04-24 18:21:53 [kr36] throttle_wait url=https://36kr.com/p/3757975636050695 wait_ms=19633 global_wait_ms=19633 same_url_wait_ms=0 risk_wait_ms=0
2026-04-24 18:22:13 [kr36] fetch_start url=https://36kr.com/p/3757975636050695
2026-04-24 18:22:13 [kr36] fetch_ok method=curl url=https://36kr.com/p/3757975636050695 html_length=80018
2026-04-24 18:22:13 [kr36] step0.5_topic_round_end page=1 round=1/5 stage=topics status=ok fetched=10 total_topic_refs=10 elapsed_ms=403399
2026-04-24 18:22:13 [kr36] 完成专题页(0.5步)，数据 10 条，累计 10 条
2026-04-24 18:22:13 [kr36] step1_listing_next round=2/5 stage=activity
2026-04-24 18:22:13 [kr36] step1_main_round_start page=2 round=2/5 stage=activity url=https://36kr.com/activity
2026-04-24 18:22:13 [kr36] 进入活动页，数据 0 条，累计 0 条
2026-04-24 18:22:13 [kr36] throttle_wait url=https://36kr.com/activity wait_ms=24310 global_wait_ms=24310 same_url_wait_ms=0 risk_wait_ms=0
2026-04-24 18:22:38 [kr36] fetch_start url=https://36kr.com/activity
2026-04-24 18:22:38 [kr36] fetch_ok method=curl url=https://36kr.com/activity html_length=61718
2026-04-24 18:22:38 [kr36] round_end page=2 round=2/5 stage=activity status=ok fetched=1 total_refs=1 elapsed_ms=24809
2026-04-24 18:22:38 [kr36] 完成活动页，数据 1 条，累计 1 条
2026-04-24 18:22:38 [kr36] round_next round=3/5 stage=search
2026-04-24 18:22:38 [kr36] round_start page=3 round=3/5 stage=search category=36氪独家 url=https://36kr.com/search/articles/36%E6%B0%AA%E7%8B%AC%E5%AE%B6 date_window=2026-04-13~2026-04-19
2026-04-24 18:22:38 [kr36] 进入搜索页(36氪独家)，数据 0 条，累计 1 条
2026-04-24 18:22:38 [kr36] throttle_wait url=https://36kr.com/search/articles/36%E6%B0%AA%E7%8B%AC%E5%AE%B6 wait_ms=37217 global_wait_ms=37217 same_url_wait_ms=0 risk_wait_ms=0
2026-04-24 18:23:15 [kr36] fetch_start url=https://36kr.com/search/articles/36%E6%B0%AA%E7%8B%AC%E5%AE%B6
2026-04-24 18:23:16 [kr36] search_enrich_direct_step4 reason=auto_solver url=https://36kr.com/search/articles/36%E6%B0%AA%E7%8B%AC%E5%AE%B6
2026-04-24 18:23:16 [slider] playwright_slider_start phase='search-listing-step4' url=https://36kr.com/search/articles/36%E6%B0%AA%E7%8B%AC%E5%AE%B6 headless=false channel='msedge'
2026-04-24 18:23:29 [slider] playwright_slider_url_settled phase='search-listing-step4' final_url='https://36kr.com/search/articles/36%E6%B0%AA%E7%8B%AC%E5%AE%B6'
2026-04-24 18:23:29 [slider] playwright_slider_preloop phase='search-listing-step4' url=https://36kr.com/search/articles/36%E6%B0%AA%E7%8B%AC%E5%AE%B6 wait_after_load_ms=1800 slider_ui_ready_max_ms=20000
2026-04-24 18:23:34 [slider] playwright_slider_ok phase='search-listing-step4' url=https://36kr.com/search/articles/36%E6%B0%AA%E7%8B%AC%E5%AE%B6 html_length=102688
2026-04-24 18:23:34 [kr36] search_listing_csr_enriched url=https://36kr.com/search/articles/36%E6%B0%AA%E7%8B%AC%E5%AE%B6 html_length=102688
2026-04-24 18:23:34 [kr36] fetch_ok method=curl_playwright_search url=https://36kr.com/search/articles/36%E6%B0%AA%E7%8B%AC%E5%AE%B6 html_length=102688
2026-04-24 18:23:34 [kr36] search_date_filtered fixed_category=36氪独家 pub=2026-04-21 window=2026-04-13~2026-04-19
2026-04-24 18:23:34 [kr36] search_date_filtered fixed_category=36氪独家 pub=2026-04-20 window=2026-04-13~2026-04-19
2026-04-24 18:23:34 [kr36] search_date_filtered fixed_category=36氪独家 pub=2026-04-09 window=2026-04-13~2026-04-19
2026-04-24 18:23:34 [kr36] search_date_filtered fixed_category=36氪独家 pub=2026-04-02 window=2026-04-13~2026-04-19
2026-04-24 18:23:34 [kr36] search_date_filtered fixed_category=36氪独家 pub=2026-04-02 window=2026-04-13~2026-04-19
2026-04-24 18:23:34 [kr36] search_date_filtered fixed_category=36氪独家 pub=2026-03-26 window=2026-04-13~2026-04-19
2026-04-24 18:23:34 [kr36] search_date_filtered fixed_category=36氪独家 pub=2026-03-31 window=2026-04-13~2026-04-19
2026-04-24 18:23:34 [kr36] search_date_filtered fixed_category=36氪独家 pub=2026-03-19 window=2026-04-13~2026-04-19
2026-04-24 18:23:34 [kr36] search_date_filtered fixed_category=36氪独家 pub=2026-03-16 window=2026-04-13~2026-04-19
2026-04-24 18:23:35 [kr36] search_date_filtered fixed_category=36氪独家 pub=2026-03-05 window=2026-04-13~2026-04-19
2026-04-24 18:23:35 [kr36] search_date_filtered fixed_category=36氪独家 pub=2026-03-24 window=2026-04-13~2026-04-19
2026-04-24 18:23:35 [kr36] search_date_filtered fixed_category=36氪独家 pub=2026-03-04 window=2026-04-13~2026-04-19
2026-04-24 18:23:35 [kr36] search_date_filtered fixed_category=36氪独家 pub=2026-01-22 window=2026-04-13~2026-04-19
2026-04-24 18:23:35 [kr36] search_date_filtered fixed_category=36氪独家 pub=2026-01-15 window=2026-04-13~2026-04-19
2026-04-24 18:23:35 [kr36] search_date_filtered fixed_category=36氪独家 pub=2026-01-14 window=2026-04-13~2026-04-19
2026-04-24 18:23:35 [kr36] search_date_filtered fixed_category=36氪独家 pub=2026-01-07 window=2026-04-13~2026-04-19
2026-04-24 18:23:35 [kr36] search_date_filtered fixed_category=36氪独家 pub=2026-01-15 window=2026-04-13~2026-04-19
2026-04-24 18:23:35 [kr36] search_date_filtered fixed_category=36氪独家 pub=2026-01-26 window=2026-04-13~2026-04-19
2026-04-24 18:23:35 [kr36] search_date_filtered fixed_category=36氪独家 pub=2026-02-26 window=2026-04-13~2026-04-19
2026-04-24 18:23:35 [kr36] round_end page=3 round=3/5 stage=search category=36氪独家 status=ok fetched=1 total_refs=2 elapsed_ms=56410
2026-04-24 18:23:35 [kr36] 完成搜索页(36氪独家)，数据 1 条，累计 2 条
2026-04-24 18:23:35 [kr36] round_next round=4/5 stage=search_or_channel
2026-04-24 18:23:35 [kr36] round_start page=4 round=4/5 stage=channel url=https://36kr.com/information/AI/
2026-04-24 18:23:35 [kr36] 进入频道页，数据 0 条，累计 2 条
2026-04-24 18:23:35 [kr36] throttle_wait url=https://36kr.com/information/AI/ wait_ms=20269 global_wait_ms=20269 same_url_wait_ms=0 risk_wait_ms=0
2026-04-24 18:23:55 [kr36] fetch_start url=https://36kr.com/information/AI/
2026-04-24 18:23:56 [kr36] fetch_ok method=curl url=https://36kr.com/information/AI/ html_length=115201
2026-04-24 18:23:56 [kr36] round_end page=4 round=4/5 stage=channel status=ok url=https://36kr.com/information/AI/ fetched=50 total_refs=52 elapsed_ms=20907
2026-04-24 18:23:56 [kr36] 完成频道页，数据 50 条，累计 52 条
2026-04-24 18:23:56 [kr36] round_next round=5/5 stage=channel
2026-04-24 18:23:56 [kr36] round_start page=5 round=5/5 stage=channel url=https://36kr.com/information/contact/
2026-04-24 18:23:56 [kr36] 进入频道页，数据 0 条，累计 52 条
2026-04-24 18:23:56 [kr36] throttle_wait url=https://36kr.com/information/contact/ wait_ms=21071 global_wait_ms=21071 same_url_wait_ms=0 risk_wait_ms=0
2026-04-24 18:24:17 [kr36] fetch_start url=https://36kr.com/information/contact/
2026-04-24 18:24:17 [kr36] fetch_ok method=curl url=https://36kr.com/information/contact/ html_length=116352
2026-04-24 18:24:17 [kr36] round_end page=5 round=5/5 stage=channel status=ok url=https://36kr.com/information/contact/ fetched=20 total_refs=72 elapsed_ms=21705
2026-04-24 18:24:17 [kr36] 完成频道页，数据 20 条，累计 72 条
2026-04-24 18:24:17 [kr36] listing_end report_date=2026-04-24 total_refs=82 stopped_by=normal_complete
[kr36] 2026-04-24 18:43:54 finished with exit code 0.
