[kr36] 2026-04-22 22:44:55 starting daily brief run (no email)...
[kr36] PROJECT_ROOT=E:\AI\touzifenxi
[kr36] PYTHON_BIN=E:\AI\touzifenxi\.venv\Scripts\python.exe
[kr36] TIMEOUT=30s
[kr36] LOG_FILE=E:\AI\touzifenxi\logs\kr36\kr36_20260422_224455.log
[kr36] running: "E:\AI\touzifenxi\.venv\Scripts\python.exe" scripts\websearch.py run --source 36kr --timeout 30
2026-04-22 22:44:55 [kr36] listing_begin report_date=2026-04-22 rounds_total=11 candidate_limit=120
2026-04-22 22:44:55 [kr36] round_start page=1 round=1/11 stage=topics url=https://36kr.com/topics/
2026-04-22 22:44:55 [kr36] 进入专题页，数据 0 条，累计 0 条
2026-04-22 22:44:55 [kr36] fetch_start url=https://36kr.com/topics/
2026-04-22 22:44:56 [kr36] fetch_ok method=curl url=https://36kr.com/topics/ html_length=73982
2026-04-22 22:44:56 [kr36] throttle_wait url=https://36kr.com/topics/3770543132934659 wait_ms=24616 global_wait_ms=24616 same_url_wait_ms=0 risk_wait_ms=0
2026-04-22 22:45:21 [kr36] fetch_start url=https://36kr.com/topics/3770543132934659
2026-04-22 22:45:21 [kr36] fetch_ok method=curl url=https://36kr.com/topics/3770543132934659 html_length=76158
2026-04-22 22:45:21 [kr36] throttle_wait url=https://36kr.com/video/3766585318896386 wait_ms=32036 global_wait_ms=32036 same_url_wait_ms=0 risk_wait_ms=0
2026-04-22 22:45:53 [kr36] fetch_start url=https://36kr.com/video/3766585318896386
2026-04-22 22:45:53 [kr36] fetch_ok method=curl url=https://36kr.com/video/3766585318896386 html_length=14308
2026-04-22 22:45:53 [kr36] topic_video_no_cdn_in_html len=14308 page='https://36kr.com/video/3766585318896386' trying_playwright_slider
2026-04-22 22:45:53 [kr36] topic_video_playwright_recover reason=no_cdn_in_html page='https://36kr.com/video/3766585318896386'
2026-04-22 22:45:54 [kr36] step4_playwright_slider_start url=https://36kr.com/video/3766585318896386 headless=false
2026-04-22 22:46:02 [kr36] step4_playwright_ok url=https://36kr.com/video/3766585318896386 html_length=70224
2026-04-22 22:46:02 [kr36] throttle_wait url=https://36kr.com/video/3766585318896386 wait_ms=11652 global_wait_ms=11652 same_url_wait_ms=0 risk_wait_ms=0
2026-04-22 22:46:14 [kr36] fetch_start url=https://36kr.com/video/3766585318896386
2026-04-22 22:46:14 [kr36] fetch_ok method=curl url=https://36kr.com/video/3766585318896386 html_length=60400
2026-04-22 22:46:14 [kr36] topic_video_cdn_extract count=7 html_len=60400 preview='https://videos.36krcdn.com/20260414/v2_1776165984015_video_mp4_v11' page='https://36kr.com/video/3766585318896386'
2026-04-22 22:46:34 [kr36] topic_video_download_ok cdn='https://videos.36krcdn.com/20260414/v2_1776165984015_video_mp4_v11' local=E:\AI\touzifenxi\output\reports\kr36_report\kr36_search_202604222244\kr36_topic_downloads\本周有大事丨大疆八年熵减，汪滔十年修行；为了保住同伙，AI有多癫；新中产收割机，想挑战Lululemon_\2026-04-15\videos\氪大事___为了保住同伙，AI有多癫？_36kr_topic_video_3766585318896386.mp4
2026-04-22 22:47:15 [kr36] topic_asr_ok chars=1181 transcript=E:\AI\touzifenxi\output\reports\kr36_report\kr36_search_202604222244\kr36_topic_downloads\本周有大事丨大疆八年熵减，汪滔十年修行；为了保住同伙，AI有多癫；新中产收割机，想挑战Lululemon_\2026-04-15\videos\氪大事___为了保住同伙，AI有多癫？_36kr_topic_video_3766585318896386.transcript.txt code=20000000 role=topic_video_asr_transcript
2026-04-22 22:47:15 [kr36] fetch_start url=https://36kr.com/video/3764840757948933
2026-04-22 22:47:16 [kr36] fetch_ok method=curl url=https://36kr.com/video/3764840757948933 html_length=59882
2026-04-22 22:47:16 [kr36] topic_video_cdn_extract count=7 html_len=59882 preview='https://videos.36krcdn.com/20260413/v2_1776051795825_video_mp4_v11' page='https://36kr.com/video/3764840757948933'
2026-04-22 22:47:25 [kr36] topic_video_download_ok cdn='https://videos.36krcdn.com/20260413/v2_1776051795825_video_mp4_v11' local=E:\AI\touzifenxi\output\reports\kr36_report\kr36_search_202604222244\kr36_topic_downloads\本周有大事丨大疆八年熵减，汪滔十年修行；为了保住同伙，AI有多癫；新中产收割机，想挑战Lululemon_\2026-04-14\videos\于东来和魏建军，两个“最轴”的老板“约会”了_36kr_topic_video_3764840757948933.mp4
2026-04-22 22:47:28 [kr36] topic_asr_ok chars=417 transcript=E:\AI\touzifenxi\output\reports\kr36_report\kr36_search_202604222244\kr36_topic_downloads\本周有大事丨大疆八年熵减，汪滔十年修行；为了保住同伙，AI有多癫；新中产收割机，想挑战Lululemon_\2026-04-14\videos\于东来和魏建军，两个“最轴”的老板“约会”了_36kr_topic_video_3764840757948933.transcript.txt code=20000000 role=topic_video_asr_transcript
2026-04-22 22:47:28 [kr36] throttle_wait url=https://36kr.com/video/3765091828527880 wait_ms=21433 global_wait_ms=21433 same_url_wait_ms=0 risk_wait_ms=0
2026-04-22 22:47:49 [kr36] fetch_start url=https://36kr.com/video/3765091828527880
2026-04-22 22:47:51 [kr36] fetch_ok method=curl url=https://36kr.com/video/3765091828527880 html_length=59125
2026-04-22 22:47:51 [kr36] topic_video_cdn_extract count=7 html_len=59125 preview='https://videos.36krcdn.com/20260413/v2_1776074530156_video_mp4_v9' page='https://36kr.com/video/3765091828527880'
2026-04-22 22:48:07 [kr36] topic_video_download_ok cdn='https://videos.36krcdn.com/20260413/v2_1776074530156_video_mp4_v9' local=E:\AI\touzifenxi\output\reports\kr36_report\kr36_search_202604222244\kr36_topic_downloads\本周有大事丨大疆八年熵减，汪滔十年修行；为了保住同伙，AI有多癫；新中产收割机，想挑战Lululemon_\2026-04-13\videos\AI盗脸风波：当技术“越界”_如何守住自己的数字人格？_36kr_topic_video_3765091828527880.mp4
2026-04-22 22:48:13 [kr36] topic_asr_ok chars=1062 transcript=E:\AI\touzifenxi\output\reports\kr36_report\kr36_search_202604222244\kr36_topic_downloads\本周有大事丨大疆八年熵减，汪滔十年修行；为了保住同伙，AI有多癫；新中产收割机，想挑战Lululemon_\2026-04-13\videos\AI盗脸风波：当技术“越界”_如何守住自己的数字人格？_36kr_topic_video_3765091828527880.transcript.txt code=20000000 role=topic_video_asr_transcript
2026-04-22 22:48:13 [kr36] throttle_wait url=https://36kr.com/topics/3771153216865028 wait_ms=13782 global_wait_ms=13782 same_url_wait_ms=0 risk_wait_ms=0
2026-04-22 22:48:26 [kr36] fetch_start url=https://36kr.com/topics/3771153216865028
2026-04-22 22:48:27 [kr36] fetch_ok method=curl url=https://36kr.com/topics/3771153216865028 html_length=60469
2026-04-22 22:48:27 [kr36] throttle_wait url=https://36kr.com/p/3770688595214857 wait_ms=31550 global_wait_ms=31550 same_url_wait_ms=0 risk_wait_ms=0
2026-04-22 22:48:58 [kr36] fetch_start url=https://36kr.com/p/3770688595214857
2026-04-22 22:48:59 [kr36] fetch_ok method=curl url=https://36kr.com/p/3770688595214857 html_length=75440
2026-04-22 22:48:59 [kr36] throttle_wait url=https://36kr.com/p/3766410231726855 wait_ms=21321 global_wait_ms=21321 same_url_wait_ms=0 risk_wait_ms=0
2026-04-22 22:49:20 [kr36] fetch_start url=https://36kr.com/p/3766410231726855
2026-04-22 22:49:21 [kr36] fetch_ok method=curl url=https://36kr.com/p/3766410231726855 html_length=81967
2026-04-22 22:49:21 [kr36] throttle_wait url=https://36kr.com/p/3764728843289089 wait_ms=30856 global_wait_ms=30856 same_url_wait_ms=0 risk_wait_ms=0
2026-04-22 22:49:51 [kr36] fetch_start url=https://36kr.com/p/3764728843289089
2026-04-22 22:49:53 [kr36] fetch_ok method=curl url=https://36kr.com/p/3764728843289089 html_length=84697
2026-04-22 22:49:53 [kr36] throttle_wait url=https://36kr.com/p/3766718158324489 wait_ms=28583 global_wait_ms=28583 same_url_wait_ms=0 risk_wait_ms=0
2026-04-22 22:50:21 [kr36] fetch_start url=https://36kr.com/p/3766718158324489
2026-04-22 22:50:22 [kr36] risk_cooldown_set url=https://36kr.com/p/3766718158324489 cooldown_ms=175659 base_ms=180000 jitter_ms=-4341
2026-04-22 22:50:22 [kr36] risk_entered method=curl url=https://36kr.com/p/3766718158324489 html_length=1460 has_cookie_refresh_action=true
2026-04-22 22:50:22 [kr36] risk_verification_delay_before_command wait_ms=3000 url=https://36kr.com/p/3766718158324489
2026-04-22 22:50:25 [kr36] risk_verification_invoking_command url=https://36kr.com/p/3766718158324489
2026-04-22 22:52:19 [kr36] slider_captcha_solve_result attempted=true
2026-04-22 22:52:20 [kr36] risk_cookie_refresh_slider_solve_attempt url=https://36kr.com/p/3766718158324489 attempted=true
2026-04-22 22:52:23 [kr36] risk_cookie_refresh_cookies_saved_after_slider url=https://36kr.com/p/3766718158324489 has_sv=True has_sensors=True
2026-04-22 22:52:23 [kr36] risk_cookie_refresh_slider_done url=https://36kr.com/p/3766718158324489 html_usable=true
2026-04-22 22:52:23 [kr36] risk_cookie_refresh_end url=https://36kr.com/p/3766718158324489 ok=true changed=true key_changed=true has_required_fields=true html_usable=true
2026-04-22 22:52:24 [kr36] throttle_wait url=https://36kr.com/p/3766718158324489 wait_ms=53298 global_wait_ms=0 same_url_wait_ms=0 risk_wait_ms=53298
2026-04-22 22:53:18 [kr36] fetch_ok method=risk_cookie_refresh url=https://36kr.com/p/3766718158324489 html_length=86885
2026-04-22 22:53:18 [kr36] throttle_wait url=https://36kr.com/p/3765076875117314 wait_ms=37988 global_wait_ms=37988 same_url_wait_ms=0 risk_wait_ms=0
2026-04-22 22:53:56 [kr36] fetch_start url=https://36kr.com/p/3765076875117314
2026-04-22 22:53:57 [kr36] fetch_ok method=curl url=https://36kr.com/p/3765076875117314 html_length=90382
2026-04-22 22:53:57 [kr36] throttle_wait url=https://36kr.com/p/3764953900990977 wait_ms=38191 global_wait_ms=38191 same_url_wait_ms=0 risk_wait_ms=0
2026-04-22 22:54:35 [kr36] fetch_start url=https://36kr.com/p/3764953900990977
2026-04-22 22:54:35 [kr36] fetch_ok method=curl url=https://36kr.com/p/3764953900990977 html_length=89341
2026-04-22 22:54:35 [kr36] throttle_wait url=https://36kr.com/p/3757975636050695 wait_ms=35683 global_wait_ms=35683 same_url_wait_ms=0 risk_wait_ms=0
2026-04-22 22:55:11 [kr36] fetch_start url=https://36kr.com/p/3757975636050695
2026-04-22 22:55:12 [kr36] fetch_ok method=curl url=https://36kr.com/p/3757975636050695 html_length=79791
2026-04-22 22:55:12 [kr36] round_end page=1 round=1/11 stage=topics status=ok fetched=10 total_refs=10 elapsed_ms=616230
2026-04-22 22:55:12 [kr36] 完成专题页，数据 10 条，累计 10 条
2026-04-22 22:55:12 [kr36] round_next round=2/11 stage=activity
2026-04-22 22:55:12 [kr36] round_start page=2 round=2/11 stage=activity url=https://36kr.com/activity
2026-04-22 22:55:12 [kr36] 进入活动页，数据 0 条，累计 10 条
2026-04-22 22:55:12 [kr36] throttle_wait url=https://36kr.com/activity wait_ms=29795 global_wait_ms=29795 same_url_wait_ms=0 risk_wait_ms=0
2026-04-22 22:55:41 [kr36] fetch_start url=https://36kr.com/activity
2026-04-22 22:55:42 [kr36] fetch_ok method=curl url=https://36kr.com/activity html_length=61718
2026-04-22 22:55:42 [kr36] round_end page=2 round=2/11 stage=activity status=ok fetched=8 total_refs=18 elapsed_ms=30229
2026-04-22 22:55:42 [kr36] 完成活动页，数据 8 条，累计 18 条
2026-04-22 22:55:42 [kr36] round_next round=3/11 stage=search
2026-04-22 22:55:42 [kr36] round_start page=3 round=3/11 stage=search category=36氪独家 url=https://36kr.com/search/articles/36%E6%B0%AA%E7%8B%AC%E5%AE%B6
2026-04-22 22:55:42 [kr36] 进入搜索页(36氪独家)，数据 0 条，累计 18 条
2026-04-22 22:55:42 [kr36] throttle_wait url=https://36kr.com/search/articles/36%E6%B0%AA%E7%8B%AC%E5%AE%B6 wait_ms=34578 global_wait_ms=34578 same_url_wait_ms=0 risk_wait_ms=0
2026-04-22 22:56:16 [kr36] fetch_start url=https://36kr.com/search/articles/36%E6%B0%AA%E7%8B%AC%E5%AE%B6
2026-04-22 22:56:17 [kr36] search_playwright_start url=https://36kr.com/search/articles/36%E6%B0%AA%E7%8B%AC%E5%AE%B6 timeout_ms=35000 max_attempts=2
2026-04-22 22:56:30 [kr36] search_playwright_once_end url=https://36kr.com/search/articles/36%E6%B0%AA%E7%8B%AC%E5%AE%B6 html_length=103945
2026-04-22 22:56:30 [kr36] search_playwright_ok attempt=1 url=https://36kr.com/search/articles/36%E6%B0%AA%E7%8B%AC%E5%AE%B6 html_length=103945
2026-04-22 22:56:30 [kr36] search_listing_csr_enriched url=https://36kr.com/search/articles/36%E6%B0%AA%E7%8B%AC%E5%AE%B6 html_length=103945
2026-04-22 22:56:30 [kr36] fetch_ok method=curl_playwright_search url=https://36kr.com/search/articles/36%E6%B0%AA%E7%8B%AC%E5%AE%B6 html_length=103945
2026-04-22 22:56:30 [kr36] round_end page=3 round=3/11 stage=search category=36氪独家 status=ok fetched=5 total_refs=23 elapsed_ms=48434
2026-04-22 22:56:30 [kr36] 完成搜索页(36氪独家)，数据 5 条，累计 23 条
2026-04-22 22:56:30 [kr36] round_next round=4/11 stage=search_or_channel
2026-04-22 22:56:30 [kr36] round_start page=4 round=4/11 stage=search category=深氪 url=https://36kr.com/search/articles/%E6%B7%B1%E6%B0%AA
2026-04-22 22:56:30 [kr36] 进入搜索页(深氪)，数据 0 条，累计 23 条
2026-04-22 22:56:30 [kr36] throttle_wait url=https://36kr.com/search/articles/%E6%B7%B1%E6%B0%AA wait_ms=24714 global_wait_ms=24714 same_url_wait_ms=0 risk_wait_ms=0
2026-04-22 22:56:55 [kr36] fetch_start url=https://36kr.com/search/articles/%E6%B7%B1%E6%B0%AA
2026-04-22 22:56:56 [kr36] search_playwright_start url=https://36kr.com/search/articles/%E6%B7%B1%E6%B0%AA timeout_ms=35000 max_attempts=2
2026-04-22 22:57:09 [kr36] search_playwright_once_end url=https://36kr.com/search/articles/%E6%B7%B1%E6%B0%AA html_length=101738
2026-04-22 22:57:09 [kr36] search_playwright_ok attempt=1 url=https://36kr.com/search/articles/%E6%B7%B1%E6%B0%AA html_length=101738
2026-04-22 22:57:09 [kr36] search_listing_csr_enriched url=https://36kr.com/search/articles/%E6%B7%B1%E6%B0%AA html_length=101738
2026-04-22 22:57:09 [kr36] fetch_ok method=curl_playwright_search url=https://36kr.com/search/articles/%E6%B7%B1%E6%B0%AA html_length=101738
2026-04-22 22:57:09 [kr36] round_end page=4 round=4/11 stage=search category=深氪 status=ok fetched=5 total_refs=28 elapsed_ms=38370
2026-04-22 22:57:09 [kr36] 完成搜索页(深氪)，数据 5 条，累计 28 条
2026-04-22 22:57:09 [kr36] round_next round=5/11 stage=search_or_channel
2026-04-22 22:57:09 [kr36] round_start page=5 round=5/11 stage=search category=后浪白皮书 url=https://36kr.com/search/articles/%E5%90%8E%E6%B5%AA%E7%99%BD%E7%9A%AE%E4%B9%A6
2026-04-22 22:57:09 [kr36] 进入搜索页(后浪白皮书)，数据 0 条，累计 28 条
2026-04-22 22:57:09 [kr36] throttle_wait url=https://36kr.com/search/articles/%E5%90%8E%E6%B5%AA%E7%99%BD%E7%9A%AE%E4%B9%A6 wait_ms=22170 global_wait_ms=22170 same_url_wait_ms=0 risk_wait_ms=0
2026-04-22 22:57:31 [kr36] fetch_start url=https://36kr.com/search/articles/%E5%90%8E%E6%B5%AA%E7%99%BD%E7%9A%AE%E4%B9%A6
2026-04-22 22:57:31 [kr36] search_playwright_start url=https://36kr.com/search/articles/%E5%90%8E%E6%B5%AA%E7%99%BD%E7%9A%AE%E4%B9%A6 timeout_ms=35000 max_attempts=2
2026-04-22 22:57:44 [kr36] search_playwright_once_end url=https://36kr.com/search/articles/%E5%90%8E%E6%B5%AA%E7%99%BD%E7%9A%AE%E4%B9%A6 html_length=68271
2026-04-22 22:57:44 [kr36] search_playwright_ok attempt=1 url=https://36kr.com/search/articles/%E5%90%8E%E6%B5%AA%E7%99%BD%E7%9A%AE%E4%B9%A6 html_length=68271
2026-04-22 22:57:44 [kr36] search_listing_csr_enriched url=https://36kr.com/search/articles/%E5%90%8E%E6%B5%AA%E7%99%BD%E7%9A%AE%E4%B9%A6 html_length=68271
2026-04-22 22:57:44 [kr36] fetch_ok method=curl_playwright_search url=https://36kr.com/search/articles/%E5%90%8E%E6%B5%AA%E7%99%BD%E7%9A%AE%E4%B9%A6 html_length=68271
2026-04-22 22:57:44 [kr36] round_end page=5 round=5/11 stage=search category=后浪白皮书 status=ok fetched=3 total_refs=31 elapsed_ms=35406
2026-04-22 22:57:44 [kr36] 完成搜索页(后浪白皮书)，数据 3 条，累计 31 条
2026-04-22 22:57:44 [kr36] round_next round=6/11 stage=search_or_channel
2026-04-22 22:57:44 [kr36] round_start page=6 round=6/11 stage=search category=行业日报 url=https://36kr.com/search/articles/%E8%A1%8C%E4%B8%9A%E6%97%A5%E6%8A%A5
2026-04-22 22:57:44 [kr36] 进入搜索页(行业日报)，数据 0 条，累计 31 条
2026-04-22 22:57:44 [kr36] throttle_wait url=https://36kr.com/search/articles/%E8%A1%8C%E4%B8%9A%E6%97%A5%E6%8A%A5 wait_ms=18002 global_wait_ms=18002 same_url_wait_ms=0 risk_wait_ms=0
2026-04-22 22:58:02 [kr36] fetch_start url=https://36kr.com/search/articles/%E8%A1%8C%E4%B8%9A%E6%97%A5%E6%8A%A5
2026-04-22 22:58:03 [kr36] search_playwright_start url=https://36kr.com/search/articles/%E8%A1%8C%E4%B8%9A%E6%97%A5%E6%8A%A5 timeout_ms=35000 max_attempts=2
2026-04-22 22:58:16 [kr36] search_playwright_once_end url=https://36kr.com/search/articles/%E8%A1%8C%E4%B8%9A%E6%97%A5%E6%8A%A5 html_length=69531
2026-04-22 22:58:16 [kr36] search_playwright_ok attempt=1 url=https://36kr.com/search/articles/%E8%A1%8C%E4%B8%9A%E6%97%A5%E6%8A%A5 html_length=69531
2026-04-22 22:58:16 [kr36] search_listing_csr_enriched url=https://36kr.com/search/articles/%E8%A1%8C%E4%B8%9A%E6%97%A5%E6%8A%A5 html_length=69531
2026-04-22 22:58:16 [kr36] fetch_ok method=curl_playwright_search url=https://36kr.com/search/articles/%E8%A1%8C%E4%B8%9A%E6%97%A5%E6%8A%A5 html_length=69531
2026-04-22 22:58:16 [kr36] round_end page=6 round=6/11 stage=search category=行业日报 status=ok fetched=4 total_refs=35 elapsed_ms=31457
2026-04-22 22:58:16 [kr36] 完成搜索页(行业日报)，数据 4 条，累计 35 条
2026-04-22 22:58:16 [kr36] round_next round=7/11 stage=search_or_channel
2026-04-22 22:58:16 [kr36] round_start page=7 round=7/11 stage=search category=Long China 50 url=https://36kr.com/search/articles/Long%20China%2050
2026-04-22 22:58:16 [kr36] 进入搜索页(Long China 50)，数据 0 条，累计 35 条
2026-04-22 22:58:16 [kr36] throttle_wait url=https://36kr.com/search/articles/Long%20China%2050 wait_ms=8875 global_wait_ms=8875 same_url_wait_ms=0 risk_wait_ms=0
2026-04-22 22:58:25 [kr36] fetch_start url=https://36kr.com/search/articles/Long%20China%2050
2026-04-22 22:58:25 [kr36] search_playwright_start url=https://36kr.com/search/articles/Long%20China%2050 timeout_ms=35000 max_attempts=2
2026-04-22 22:58:59 [kr36] search_playwright_selector_timeout url=https://36kr.com/search/articles/Long%20China%2050 selector=ul.kr-search-result-list-main
2026-04-22 22:59:17 [kr36] search_playwright_selector_timeout url=https://36kr.com/search/articles/Long%20China%2050 selector=li.search-result-list-item-article
2026-04-22 22:59:20 [kr36] search_playwright_once_end url=https://36kr.com/search/articles/Long%20China%2050 html_length=4269
2026-04-22 22:59:20 [kr36] search_playwright_suspicious_body attempt=1/2 url=https://36kr.com/search/articles/Long%20China%2050 html_length=4269 hint=risk_or_transient
2026-04-22 22:59:57 [kr36] search_playwright_selector_timeout url=https://36kr.com/search/articles/Long%20China%2050 selector=ul.kr-search-result-list-main
2026-04-22 23:00:15 [kr36] search_playwright_selector_timeout url=https://36kr.com/search/articles/Long%20China%2050 selector=li.search-result-list-item-article
2026-04-22 23:00:18 [kr36] search_playwright_once_end url=https://36kr.com/search/articles/Long%20China%2050 html_length=4269
2026-04-22 23:00:18 [kr36] search_playwright_suspicious_body attempt=2/2 url=https://36kr.com/search/articles/Long%20China%2050 html_length=4269 hint=risk_or_transient
2026-04-22 23:00:18 [kr36] search_cookie_refresh_start url=https://36kr.com/search/articles/Long%20China%2050
2026-04-22 23:01:01 [kr36] slider_captcha_solve_result attempted=true
2026-04-22 23:01:01 [kr36] risk_cookie_refresh_slider_solve_attempt url=https://36kr.com/search/articles/Long%20China%2050 attempted=true
2026-04-22 23:01:04 [kr36] risk_cookie_refresh_slider_post_navigate url=https://36kr.com/search/articles/Long%20China%2050 reason=html_not_usable
2026-04-22 23:01:09 [kr36] risk_cookie_refresh_cookies_saved_after_slider url=https://36kr.com/search/articles/Long%20China%2050 has_sv=True has_sensors=False
2026-04-22 23:01:09 [kr36] risk_cookie_refresh_slider_done url=https://36kr.com/search/articles/Long%20China%2050 html_usable=false
2026-04-22 23:01:09 [kr36] risk_cookie_refresh_end url=https://36kr.com/search/articles/Long%20China%2050 ok=true changed=true key_changed=true has_required_fields=false html_usable=false
2026-04-22 23:01:10 [kr36] search_playwright_start url=https://36kr.com/search/articles/Long%20China%2050 timeout_ms=35000 max_attempts=2
2026-04-22 23:01:42 [kr36] search_playwright_selector_timeout url=https://36kr.com/search/articles/Long%20China%2050 selector=ul.kr-search-result-list-main
2026-04-22 23:02:00 [kr36] search_playwright_selector_timeout url=https://36kr.com/search/articles/Long%20China%2050 selector=li.search-result-list-item-article
2026-04-22 23:02:03 [kr36] search_playwright_once_end url=https://36kr.com/search/articles/Long%20China%2050 html_length=3618
2026-04-22 23:02:03 [kr36] search_playwright_suspicious_body attempt=1/2 url=https://36kr.com/search/articles/Long%20China%2050 html_length=3618 hint=risk_or_transient
2026-04-22 23:02:42 [kr36] search_playwright_selector_timeout url=https://36kr.com/search/articles/Long%20China%2050 selector=ul.kr-search-result-list-main
2026-04-22 23:03:00 [kr36] search_playwright_selector_timeout url=https://36kr.com/search/articles/Long%20China%2050 selector=li.search-result-list-item-article
2026-04-22 23:03:03 [kr36] search_playwright_once_end url=https://36kr.com/search/articles/Long%20China%2050 html_length=3618
2026-04-22 23:03:03 [kr36] search_playwright_suspicious_body attempt=2/2 url=https://36kr.com/search/articles/Long%20China%2050 html_length=3618 hint=risk_or_transient
2026-04-22 23:03:03 [kr36] search_cookie_refresh_still_bad url=https://36kr.com/search/articles/Long%20China%2050 html_length=3618
2026-04-22 23:03:03 [kr36] search_listing_csr_enriched url=https://36kr.com/search/articles/Long%20China%2050 html_length=3618
2026-04-22 23:03:03 [kr36] fetch_ok method=curl_playwright_search url=https://36kr.com/search/articles/Long%20China%2050 html_length=3618
2026-04-22 23:03:03 [kr36] page_result page=7 stage=search category=Long China 50 status=deferred_blocked url=https://36kr.com/search/articles/Long%20China%2050 fetched=0 total_refs=35
2026-04-22 23:03:03 [kr36] round_end page=7 round=7/11 stage=search category=Long China 50 status=ok fetched=0 total_refs=35 elapsed_ms=287551
2026-04-22 23:03:03 [kr36] 完成搜索页(Long China 50)，数据 0 条，累计 35 条
2026-04-22 23:03:03 [kr36] round_next round=8/11 stage=search_or_channel
2026-04-22 23:03:03 [kr36] round_start page=8 round=8/11 stage=search category=投资派 url=https://36kr.com/search/articles/%E6%8A%95%E8%B5%84%E6%B4%BE
2026-04-22 23:03:03 [kr36] 进入搜索页(投资派)，数据 0 条，累计 35 条
2026-04-22 23:03:03 [kr36] fetch_start url=https://36kr.com/search/articles/%E6%8A%95%E8%B5%84%E6%B4%BE
2026-04-22 23:03:03 [kr36] risk_cooldown_set url=https://36kr.com/search/articles/%E6%8A%95%E8%B5%84%E6%B4%BE cooldown_ms=175437 base_ms=180000 jitter_ms=-4563
2026-04-22 23:03:03 [kr36] risk_entered method=curl url=https://36kr.com/search/articles/%E6%8A%95%E8%B5%84%E6%B4%BE html_length=1460 has_cookie_refresh_action=true
2026-04-22 23:03:03 [kr36] risk_verification_delay_before_command wait_ms=3000 url=https://36kr.com/search/articles/%E6%8A%95%E8%B5%84%E6%B4%BE
2026-04-22 23:03:06 [kr36] risk_verification_invoking_command url=https://36kr.com/search/articles/%E6%8A%95%E8%B5%84%E6%B4%BE
2026-04-22 23:04:47 [kr36] slider_captcha_solve_result attempted=true
2026-04-22 23:04:47 [kr36] risk_cookie_refresh_slider_solve_attempt url=https://36kr.com/search/articles/%E6%8A%95%E8%B5%84%E6%B4%BE attempted=true
2026-04-22 23:04:50 [kr36] risk_cookie_refresh_cookies_saved_after_slider url=https://36kr.com/search/articles/%E6%8A%95%E8%B5%84%E6%B4%BE has_sv=True has_sensors=True
2026-04-22 23:04:50 [kr36] risk_cookie_refresh_slider_done url=https://36kr.com/search/articles/%E6%8A%95%E8%B5%84%E6%B4%BE html_usable=true
2026-04-22 23:04:51 [kr36] risk_cookie_refresh_end url=https://36kr.com/search/articles/%E6%8A%95%E8%B5%84%E6%B4%BE ok=true changed=true key_changed=true has_required_fields=true html_usable=true
2026-04-22 23:04:51 [kr36] throttle_wait url=https://36kr.com/search/articles/%E6%8A%95%E8%B5%84%E6%B4%BE wait_ms=67448 global_wait_ms=0 same_url_wait_ms=0 risk_wait_ms=67448
2026-04-22 23:05:59 [kr36] fetch_ok method=risk_cookie_refresh url=https://36kr.com/search/articles/%E6%8A%95%E8%B5%84%E6%B4%BE html_length=43891
2026-04-22 23:05:59 [kr36] round_end page=8 round=8/11 stage=search category=投资派 status=ok fetched=0 total_refs=35 elapsed_ms=176156
2026-04-22 23:05:59 [kr36] search_zero_result category=投资派 html_length=43891 has_list_main=false has_search_item=false has_p_link=false risk_like=false
2026-04-22 23:05:59 [kr36] 完成搜索页(投资派)，数据 0 条，累计 35 条
2026-04-22 23:05:59 [kr36] round_next round=9/11 stage=search_or_channel
2026-04-22 23:05:59 [kr36] round_start page=9 round=9/11 stage=search category=新青年观察 url=https://36kr.com/search/articles/%E6%96%B0%E9%9D%92%E5%B9%B4%E8%A7%82%E5%AF%9F
2026-04-22 23:05:59 [kr36] 进入搜索页(新青年观察)，数据 0 条，累计 35 条
2026-04-22 23:05:59 [kr36] throttle_wait url=https://36kr.com/search/articles/%E6%96%B0%E9%9D%92%E5%B9%B4%E8%A7%82%E5%AF%9F wait_ms=24105 global_wait_ms=24105 same_url_wait_ms=0 risk_wait_ms=0
2026-04-22 23:06:23 [kr36] fetch_start url=https://36kr.com/search/articles/%E6%96%B0%E9%9D%92%E5%B9%B4%E8%A7%82%E5%AF%9F
2026-04-22 23:06:24 [kr36] search_playwright_start url=https://36kr.com/search/articles/%E6%96%B0%E9%9D%92%E5%B9%B4%E8%A7%82%E5%AF%9F timeout_ms=35000 max_attempts=2
2026-04-22 23:06:35 [kr36] search_playwright_once_end url=https://36kr.com/search/articles/%E6%96%B0%E9%9D%92%E5%B9%B4%E8%A7%82%E5%AF%9F html_length=69623
2026-04-22 23:06:35 [kr36] search_playwright_ok attempt=1 url=https://36kr.com/search/articles/%E6%96%B0%E9%9D%92%E5%B9%B4%E8%A7%82%E5%AF%9F html_length=69623
2026-04-22 23:06:35 [kr36] search_listing_csr_enriched url=https://36kr.com/search/articles/%E6%96%B0%E9%9D%92%E5%B9%B4%E8%A7%82%E5%AF%9F html_length=69623
2026-04-22 23:06:35 [kr36] fetch_ok method=curl_playwright_search url=https://36kr.com/search/articles/%E6%96%B0%E9%9D%92%E5%B9%B4%E8%A7%82%E5%AF%9F html_length=69623
2026-04-22 23:06:35 [kr36] round_end page=9 round=9/11 stage=search category=新青年观察 status=ok fetched=4 total_refs=39 elapsed_ms=36157
2026-04-22 23:06:35 [kr36] 完成搜索页(新青年观察)，数据 4 条，累计 39 条
2026-04-22 23:06:35 [kr36] round_next round=10/11 stage=search_or_channel
2026-04-22 23:06:36 [kr36] round_start page=10 round=10/11 stage=search category=KRLab url=https://36kr.com/search/articles/KRLab
2026-04-22 23:06:36 [kr36] 进入搜索页(KRLab)，数据 0 条，累计 39 条
2026-04-22 23:06:36 [kr36] throttle_wait url=https://36kr.com/search/articles/KRLab wait_ms=13531 global_wait_ms=13531 same_url_wait_ms=0 risk_wait_ms=0
2026-04-22 23:06:49 [kr36] fetch_start url=https://36kr.com/search/articles/KRLab
2026-04-22 23:06:49 [kr36] search_playwright_start url=https://36kr.com/search/articles/KRLab timeout_ms=35000 max_attempts=2
2026-04-22 23:07:17 [kr36] search_playwright_selector_timeout url=https://36kr.com/search/articles/KRLab selector=ul.kr-search-result-list-main
2026-04-22 23:07:35 [kr36] search_playwright_selector_timeout url=https://36kr.com/search/articles/KRLab selector=li.search-result-list-item-article
2026-04-22 23:07:38 [kr36] search_playwright_once_end url=https://36kr.com/search/articles/KRLab html_length=63551
2026-04-22 23:07:38 [kr36] search_playwright_ok attempt=1 url=https://36kr.com/search/articles/KRLab html_length=63551
2026-04-22 23:07:38 [kr36] search_listing_csr_enriched url=https://36kr.com/search/articles/KRLab html_length=63551
2026-04-22 23:07:38 [kr36] fetch_ok method=curl_playwright_search url=https://36kr.com/search/articles/KRLab html_length=63551
2026-04-22 23:07:38 [kr36] round_end page=10 round=10/11 stage=search category=KRLab status=ok fetched=1 total_refs=40 elapsed_ms=62759
2026-04-22 23:07:38 [kr36] 完成搜索页(KRLab)，数据 1 条，累计 40 条
2026-04-22 23:07:38 [kr36] round_next round=11/11 stage=search_or_channel
2026-04-22 23:07:38 [kr36] round_start page=11 round=11/11 stage=search category=数智前瞻 url=https://36kr.com/search/articles/%E6%95%B0%E6%99%BA%E5%89%8D%E7%9E%BB
2026-04-22 23:07:38 [kr36] 进入搜索页(数智前瞻)，数据 0 条，累计 40 条
2026-04-22 23:07:38 [kr36] fetch_start url=https://36kr.com/search/articles/%E6%95%B0%E6%99%BA%E5%89%8D%E7%9E%BB
2026-04-22 23:07:39 [kr36] search_playwright_start url=https://36kr.com/search/articles/%E6%95%B0%E6%99%BA%E5%89%8D%E7%9E%BB timeout_ms=35000 max_attempts=2
2026-04-22 23:07:52 [kr36] search_playwright_once_end url=https://36kr.com/search/articles/%E6%95%B0%E6%99%BA%E5%89%8D%E7%9E%BB html_length=101499
2026-04-22 23:07:52 [kr36] search_playwright_ok attempt=1 url=https://36kr.com/search/articles/%E6%95%B0%E6%99%BA%E5%89%8D%E7%9E%BB html_length=101499
2026-04-22 23:07:52 [kr36] search_listing_csr_enriched url=https://36kr.com/search/articles/%E6%95%B0%E6%99%BA%E5%89%8D%E7%9E%BB html_length=101499
2026-04-22 23:07:52 [kr36] fetch_ok method=curl_playwright_search url=https://36kr.com/search/articles/%E6%95%B0%E6%99%BA%E5%89%8D%E7%9E%BB html_length=101499
2026-04-22 23:07:52 [kr36] round_end page=11 round=11/11 stage=search category=数智前瞻 status=ok fetched=5 total_refs=45 elapsed_ms=13391
2026-04-22 23:07:52 [kr36] 完成搜索页(数智前瞻)，数据 5 条，累计 45 条
2026-04-22 23:07:52 [kr36] deferred_retry_round_start total=1 attempts_per_page=3
2026-04-22 23:07:52 [kr36] deferred_retry_start retry_page=1/1 attempt=1/3 stage=search category=Long China 50 url=https://36kr.com/search/articles/Long%20China%2050
2026-04-22 23:07:52 [kr36] throttle_wait url=https://36kr.com/search/articles/Long%20China%2050 wait_ms=18481 global_wait_ms=18481 same_url_wait_ms=0 risk_wait_ms=0
2026-04-22 23:08:10 [kr36] fetch_start url=https://36kr.com/search/articles/Long%20China%2050
2026-04-22 23:08:11 [kr36] search_playwright_start url=https://36kr.com/search/articles/Long%20China%2050 timeout_ms=35000 max_attempts=2
2026-04-22 23:08:25 [kr36] search_playwright_once_end url=https://36kr.com/search/articles/Long%20China%2050 html_length=103268
2026-04-22 23:08:25 [kr36] search_playwright_ok attempt=1 url=https://36kr.com/search/articles/Long%20China%2050 html_length=103268
2026-04-22 23:08:25 [kr36] search_listing_csr_enriched url=https://36kr.com/search/articles/Long%20China%2050 html_length=103268
2026-04-22 23:08:25 [kr36] fetch_ok method=curl_playwright_search url=https://36kr.com/search/articles/Long%20China%2050 html_length=103268
2026-04-22 23:08:25 [kr36] deferred_retry_result retry_page=1/1 stage=search category=Long China 50 status=ok url=https://36kr.com/search/articles/Long%20China%2050 fetched=5 total_refs=50
2026-04-22 23:08:25 [kr36] deferred_retry_done stage=search category=Long China 50 url=https://36kr.com/search/articles/Long%20China%2050 fetched=5 total_refs=50
2026-04-22 23:08:25 [kr36] deferred_retry_round_end total_refs=50 retried=1 retry_success=1 retry_still_blocked=0
2026-04-22 23:08:25 [kr36] listing_end report_date=2026-04-22 total_refs=50 stopped_by=normal_complete
[kr36] 2026-04-22 23:20:43 finished with exit code 0.
