[kr36] 2026-04-23 17:28:05 starting daily brief run (no email)...
[kr36] PROJECT_ROOT=E:\AI\touzifenxi
[kr36] PYTHON_BIN=E:\AI\touzifenxi\.venv\Scripts\python.exe
[kr36] TIMEOUT=30s
[kr36] LOG_FILE=E:\AI\touzifenxi\logs\kr36\kr36_20260423_172805.log
[kr36] running: "E:\AI\touzifenxi\.venv\Scripts\python.exe" scripts\websearch.py run --source 36kr --timeout 30
2026-04-23 17:28:06 [kr36] listing_begin report_date=2026-04-23 rounds_total=3 candidate_limit=120 mode=sequential step0.5_then_step1
2026-04-23 17:28:06 [kr36] step0.5_topic_round_start page=1 round=1/3 stage=topics url=https://36kr.com/topics/
2026-04-23 17:28:06 [kr36] 进入专题页(0.5步)，数据 0 条，累计 0 条
2026-04-23 17:28:06 [kr36] fetch_start url=https://36kr.com/topics/
2026-04-23 17:28:09 [kr36] fetch_ok method=curl url=https://36kr.com/topics/ html_length=73868
2026-04-23 17:28:09 [kr36] throttle_wait url=https://36kr.com/topics/3770543132934659 wait_ms=35669 global_wait_ms=35669 same_url_wait_ms=0 risk_wait_ms=0
2026-04-23 17:28:44 [kr36] fetch_start url=https://36kr.com/topics/3770543132934659
2026-04-23 17:28:47 [kr36] fetch_ok method=curl url=https://36kr.com/topics/3770543132934659 html_length=76044
2026-04-23 17:28:47 [kr36] throttle_wait url=https://36kr.com/video/3766585318896386 wait_ms=28906 global_wait_ms=28906 same_url_wait_ms=0 risk_wait_ms=0
2026-04-23 17:29:16 [kr36] fetch_start url=https://36kr.com/video/3766585318896386
2026-04-23 17:29:17 [kr36] fetch_ok method=curl url=https://36kr.com/video/3766585318896386 html_length=14308
2026-04-23 17:29:17 [kr36] topic_video_no_cdn_in_html len=14308 page='https://36kr.com/video/3766585318896386' skip_playwright_slider auto_solver=false looks_risk_like=false
2026-04-23 17:29:17 [kr36] topic_video_cdn_extract count=0 html_len=14308 preview='-' page='https://36kr.com/video/3766585318896386'
2026-04-23 17:29:17 [kr36] topic_video_fallback_html_only cdn_tried=0 page='https://36kr.com/video/3766585318896386' html_len=14308
2026-04-23 17:29:17 [kr36] throttle_wait url=https://36kr.com/video/3764840757948933 wait_ms=21985 global_wait_ms=21985 same_url_wait_ms=0 risk_wait_ms=0
2026-04-23 17:29:39 [kr36] fetch_start url=https://36kr.com/video/3764840757948933
2026-04-23 17:29:41 [kr36] fetch_ok method=curl url=https://36kr.com/video/3764840757948933 html_length=14308
2026-04-23 17:29:41 [kr36] topic_video_no_cdn_in_html len=14308 page='https://36kr.com/video/3764840757948933' skip_playwright_slider auto_solver=false looks_risk_like=false
2026-04-23 17:29:41 [kr36] topic_video_cdn_extract count=0 html_len=14308 preview='-' page='https://36kr.com/video/3764840757948933'
2026-04-23 17:29:41 [kr36] topic_video_fallback_html_only cdn_tried=0 page='https://36kr.com/video/3764840757948933' html_len=14308
2026-04-23 17:29:41 [kr36] throttle_wait url=https://36kr.com/video/3765091828527880 wait_ms=27259 global_wait_ms=27259 same_url_wait_ms=0 risk_wait_ms=0
2026-04-23 17:30:08 [kr36] fetch_start url=https://36kr.com/video/3765091828527880
2026-04-23 17:30:10 [kr36] fetch_ok method=curl url=https://36kr.com/video/3765091828527880 html_length=14308
2026-04-23 17:30:10 [kr36] topic_video_no_cdn_in_html len=14308 page='https://36kr.com/video/3765091828527880' skip_playwright_slider auto_solver=false looks_risk_like=false
2026-04-23 17:30:10 [kr36] topic_video_cdn_extract count=0 html_len=14308 preview='-' page='https://36kr.com/video/3765091828527880'
2026-04-23 17:30:10 [kr36] topic_video_fallback_html_only cdn_tried=0 page='https://36kr.com/video/3765091828527880' html_len=14308
2026-04-23 17:30:10 [kr36] throttle_wait url=https://36kr.com/topics/3771153216865028 wait_ms=30664 global_wait_ms=30664 same_url_wait_ms=0 risk_wait_ms=0
2026-04-23 17:30:41 [kr36] fetch_start url=https://36kr.com/topics/3771153216865028
2026-04-23 17:30:43 [kr36] fetch_ok method=curl url=https://36kr.com/topics/3771153216865028 html_length=60355
2026-04-23 17:30:43 [kr36] throttle_wait url=https://36kr.com/p/3770688595214857 wait_ms=33888 global_wait_ms=33888 same_url_wait_ms=0 risk_wait_ms=0
2026-04-23 17:31:17 [kr36] fetch_start url=https://36kr.com/p/3770688595214857
2026-04-23 17:31:19 [kr36] fetch_ok method=curl url=https://36kr.com/p/3770688595214857 html_length=75385
2026-04-23 17:31:19 [kr36] throttle_wait url=https://36kr.com/p/3766410231726855 wait_ms=21987 global_wait_ms=21987 same_url_wait_ms=0 risk_wait_ms=0
2026-04-23 17:31:41 [kr36] fetch_start url=https://36kr.com/p/3766410231726855
2026-04-23 17:31:43 [kr36] fetch_ok method=curl url=https://36kr.com/p/3766410231726855 html_length=1460
2026-04-23 17:31:43 [kr36] throttle_wait url=https://36kr.com/p/3764728843289089 wait_ms=26797 global_wait_ms=26797 same_url_wait_ms=0 risk_wait_ms=0
2026-04-23 17:32:09 [kr36] fetch_start url=https://36kr.com/p/3764728843289089
2026-04-23 17:32:11 [kr36] fetch_ok method=curl url=https://36kr.com/p/3764728843289089 html_length=1460
2026-04-23 17:32:11 [kr36] throttle_wait url=https://36kr.com/p/3766718158324489 wait_ms=30567 global_wait_ms=30567 same_url_wait_ms=0 risk_wait_ms=0
2026-04-23 17:32:42 [kr36] fetch_start url=https://36kr.com/p/3766718158324489
2026-04-23 17:32:44 [kr36] fetch_ok method=curl url=https://36kr.com/p/3766718158324489 html_length=1460
2026-04-23 17:32:44 [kr36] throttle_wait url=https://36kr.com/p/3765076875117314 wait_ms=19361 global_wait_ms=19361 same_url_wait_ms=0 risk_wait_ms=0
2026-04-23 17:33:03 [kr36] fetch_start url=https://36kr.com/p/3765076875117314
2026-04-23 17:33:05 [kr36] fetch_ok method=curl url=https://36kr.com/p/3765076875117314 html_length=1460
2026-04-23 17:33:05 [kr36] throttle_wait url=https://36kr.com/p/3764953900990977 wait_ms=19485 global_wait_ms=19485 same_url_wait_ms=0 risk_wait_ms=0
2026-04-23 17:33:24 [kr36] fetch_start url=https://36kr.com/p/3764953900990977
2026-04-23 17:33:26 [kr36] fetch_ok method=curl url=https://36kr.com/p/3764953900990977 html_length=1460
2026-04-23 17:33:26 [kr36] throttle_wait url=https://36kr.com/p/3757975636050695 wait_ms=21756 global_wait_ms=21756 same_url_wait_ms=0 risk_wait_ms=0
2026-04-23 17:33:48 [kr36] fetch_start url=https://36kr.com/p/3757975636050695
2026-04-23 17:33:49 [kr36] fetch_ok method=curl url=https://36kr.com/p/3757975636050695 html_length=1460
2026-04-23 17:33:49 [kr36] step0.5_topic_round_end page=1 round=1/3 stage=topics status=ok fetched=10 total_topic_refs=10 elapsed_ms=342891
2026-04-23 17:33:49 [kr36] 完成专题页(0.5步)，数据 10 条，累计 10 条
2026-04-23 17:33:49 [kr36] step1_listing_next round=2/3 stage=activity
2026-04-23 17:33:49 [kr36] step1_main_round_start page=2 round=2/3 stage=activity url=https://36kr.com/activity
2026-04-23 17:33:49 [kr36] 进入活动页，数据 0 条，累计 0 条
2026-04-23 17:33:49 [kr36] throttle_wait url=https://36kr.com/activity wait_ms=32016 global_wait_ms=32016 same_url_wait_ms=0 risk_wait_ms=0
2026-04-23 17:34:21 [kr36] fetch_start url=https://36kr.com/activity
2026-04-23 17:34:23 [kr36] fetch_ok method=curl url=https://36kr.com/activity html_length=1460
2026-04-23 17:34:23 [kr36] round_end page=2 round=2/3 stage=activity status=ok fetched=0 total_refs=0 elapsed_ms=33581
2026-04-23 17:34:23 [kr36] 完成活动页，数据 0 条，累计 0 条
2026-04-23 17:34:23 [kr36] round_next round=3/3 stage=search
2026-04-23 17:34:23 [kr36] round_start page=3 round=3/3 stage=search category=36氪独家 url=https://36kr.com/search/articles/36%E6%B0%AA%E7%8B%AC%E5%AE%B6 date_window=2026-04-17~2026-04-19
2026-04-23 17:34:23 [kr36] 进入搜索页(36氪独家)，数据 0 条，累计 0 条
2026-04-23 17:34:23 [kr36] throttle_wait url=https://36kr.com/search/articles/36%E6%B0%AA%E7%8B%AC%E5%AE%B6 wait_ms=19335 global_wait_ms=19335 same_url_wait_ms=0 risk_wait_ms=0
2026-04-23 17:34:42 [kr36] fetch_start url=https://36kr.com/search/articles/36%E6%B0%AA%E7%8B%AC%E5%AE%B6
2026-04-23 17:34:44 [kr36] fetch_ok method=curl url=https://36kr.com/search/articles/36%E6%B0%AA%E7%8B%AC%E5%AE%B6 html_length=1460
2026-04-23 17:34:44 [kr36] round_end page=3 round=3/3 stage=search category=36氪独家 status=ok fetched=0 total_refs=0 elapsed_ms=20906
2026-04-23 17:34:44 [kr36] search_zero_result category=36氪独家 html_length=1460 has_list_main=false has_search_item=false has_p_link=false risk_like=false
2026-04-23 17:34:44 [kr36] 完成搜索页(36氪独家)，数据 0 条，累计 0 条
2026-04-23 17:34:44 [kr36] listing_end report_date=2026-04-23 total_refs=10 stopped_by=normal_complete
