[kr36] 2026-04-23 09:16:15 starting daily brief run (no email)...
[kr36] PROJECT_ROOT=E:\AI\touzifenxi
[kr36] PYTHON_BIN=E:\AI\touzifenxi\.venv\Scripts\python.exe
[kr36] TIMEOUT=50s
[kr36] LOG_FILE=E:\AI\touzifenxi\logs\kr36\kr36_20260423_091614.log
[kr36] running: "E:\AI\touzifenxi\.venv\Scripts\python.exe" scripts\websearch.py run --source 36kr --timeout 50
2026-04-23 09:16:15 [kr36] listing_begin report_date=2026-04-23 rounds_total=11 candidate_limit=120 parallel=true step0.5_plus_step1
2026-04-23 09:16:15 [kr36] step0.5_topic_round_start page=1 round=1/11 stage=topics url=https://36kr.com/topics/
2026-04-23 09:16:15 [kr36] step1_listing_next round=2/11 stage=activity
2026-04-23 09:16:15 [kr36] 进入专题页(0.5步)，数据 0 条，累计 0 条
2026-04-23 09:16:15 [kr36] step1_main_round_start page=2 round=2/11 stage=activity url=https://36kr.com/activity
2026-04-23 09:16:15 [kr36] fetch_start url=https://36kr.com/topics/
2026-04-23 09:16:15 [kr36] 进入活动页，数据 0 条，累计 0 条
2026-04-23 09:16:15 [kr36] fetch_start url=https://36kr.com/activity
2026-04-23 09:16:17 [kr36] fetch_ok method=curl url=https://36kr.com/topics/ html_length=2118
2026-04-23 09:16:17 [kr36] fetch_ok method=curl url=https://36kr.com/activity html_length=2118
hed=0 total_topic_refs=0 elapsed_ms=1608
2026-04-23 09:16:17 [kr36] round_end page=2 round=2/11 stage=activity status=ok fetched=0 total_refs=0 elapsed_ms=1607
2026-04-23 09:16:17 [kr36] 完成专题页(0.5步)，数据 0 条，累计 0 条
2026-04-23 09:16:17 [kr36] 完成活动页，数据 0 条，累计 0 条
2026-04-23 09:16:17 [kr36] round_next round=3/11 stage=search
2026-04-23 09:16:17 [kr36] round_start page=3 round=3/11 stage=search category=36氪独家 url=https://36kr.com/search/articles/36%E6%B0%AA%E7%8B%AC%E5%AE%B6
2026-04-23 09:16:17 [kr36] 进入搜索页(36氪独家)，数据 0 条，累计 0 条
2026-04-23 09:16:17 [kr36] throttle_wait url=https://36kr.com/search/articles/36%E6%B0%AA%E7%8B%AC%E5%AE%B6 wait_ms=19820 global_wait_ms=19820 same_url_wait_ms=0 risk_wait_ms=0
2026-04-23 09:16:37 [kr36] fetch_start url=https://36kr.com/search/articles/36%E6%B0%AA%E7%8B%AC%E5%AE%B6
2026-04-23 09:16:39 [kr36] search_playwright_start url=https://36kr.com/search/articles/36%E6%B0%AA%E7%8B%AC%E5%AE%B6 timeout_ms=35000 max_attempts=2
2026-04-23 09:17:24 [kr36] search_playwright_selector_timeout url=https://36kr.com/search/articles/36%E6%B0%AA%E7%8B%AC%E5%AE%B6 selector=ul.kr-search-result-list-main
2026-04-23 09:17:42 [kr36] search_playwright_selector_timeout url=https://36kr.com/search/articles/36%E6%B0%AA%E7%8B%AC%E5%AE%B6 selector=li.search-result-list-item-article
2026-04-23 09:17:45 [kr36] search_playwright_once_end url=https://36kr.com/search/articles/36%E6%B0%AA%E7%8B%AC%E5%AE%B6 html_length=3687
2026-04-23 09:17:45 [kr36] search_playwright_suspicious_body attempt=1/2 url=https://36kr.com/search/articles/36%E6%B0%AA%E7%8B%AC%E5%AE%B6 html_length=3687 hint=risk_or_transient
2026-04-23 09:18:17 [kr36] search_playwright_once_end url=https://36kr.com/search/articles/36%E6%B0%AA%E7%8B%AC%E5%AE%B6 html_length=103791
2026-04-23 09:18:17 [kr36] search_playwright_ok attempt=2 url=https://36kr.com/search/articles/36%E6%B0%AA%E7%8B%AC%E5%AE%B6 html_length=103791
2026-04-23 09:18:17 [kr36] search_listing_csr_enriched url=https://36kr.com/search/articles/36%E6%B0%AA%E7%8B%AC%E5%AE%B6 html_length=103791
2026-04-23 09:18:17 [kr36] fetch_ok method=curl_playwright_search url=https://36kr.com/search/articles/36%E6%B0%AA%E7%8B%AC%E5%AE%B6 html_length=103791
2026-04-23 09:18:17 [kr36] round_end page=3 round=3/11 stage=search category=36氪独家 status=ok fetched=5 total_refs=5 elapsed_ms=120332
2026-04-23 09:18:17 [kr36] 完成搜索页(36氪独家)，数据 5 条，累计 5 条
2026-04-23 09:18:17 [kr36] round_next round=4/11 stage=search_or_channel
2026-04-23 09:18:17 [kr36] round_start page=4 round=4/11 stage=search category=深氪 url=https://36kr.com/search/articles/%E6%B7%B1%E6%B0%AA
2026-04-23 09:18:17 [kr36] 进入搜索页(深氪)，数据 0 条，累计 5 条
2026-04-23 09:18:17 [kr36] fetch_start url=https://36kr.com/search/articles/%E6%B7%B1%E6%B0%AA
2026-04-23 09:18:19 [kr36] search_playwright_start url=https://36kr.com/search/articles/%E6%B7%B1%E6%B0%AA timeout_ms=35000 max_attempts=2
2026-04-23 09:18:45 [kr36] search_playwright_once_end url=https://36kr.com/search/articles/%E6%B7%B1%E6%B0%AA html_length=101580
2026-04-23 09:18:45 [kr36] search_playwright_ok attempt=1 url=https://36kr.com/search/articles/%E6%B7%B1%E6%B0%AA html_length=101580
2026-04-23 09:18:45 [kr36] search_listing_csr_enriched url=https://36kr.com/search/articles/%E6%B7%B1%E6%B0%AA html_length=101580
2026-04-23 09:18:45 [kr36] fetch_ok method=curl_playwright_search url=https://36kr.com/search/articles/%E6%B7%B1%E6%B0%AA html_length=101580
2026-04-23 09:18:45 [kr36] round_end page=4 round=4/11 stage=search category=深氪 status=ok fetched=5 total_refs=10 elapsed_ms=27320
2026-04-23 09:18:45 [kr36] 完成搜索页(深氪)，数据 5 条，累计 10 条
2026-04-23 09:18:45 [kr36] round_next round=5/11 stage=search_or_channel
2026-04-23 09:18:45 [kr36] round_start page=5 round=5/11 stage=search category=后浪白皮书 url=https://36kr.com/search/articles/%E5%90%8E%E6%B5%AA%E7%99%BD%E7%9A%AE%E4%B9%A6
2026-04-23 09:18:45 [kr36] 进入搜索页(后浪白皮书)，数据 0 条，累计 10 条
2026-04-23 09:18:45 [kr36] fetch_start url=https://36kr.com/search/articles/%E5%90%8E%E6%B5%AA%E7%99%BD%E7%9A%AE%E4%B9%A6
2026-04-23 09:18:47 [kr36] search_playwright_start url=https://36kr.com/search/articles/%E5%90%8E%E6%B5%AA%E7%99%BD%E7%9A%AE%E4%B9%A6 timeout_ms=35000 max_attempts=2
2026-04-23 09:19:08 [kr36] search_playwright_once_end url=https://36kr.com/search/articles/%E5%90%8E%E6%B5%AA%E7%99%BD%E7%9A%AE%E4%B9%A6 html_length=68130
2026-04-23 09:19:08 [kr36] search_playwright_ok attempt=1 url=https://36kr.com/search/articles/%E5%90%8E%E6%B5%AA%E7%99%BD%E7%9A%AE%E4%B9%A6 html_length=68130
2026-04-23 09:19:08 [kr36] search_listing_csr_enriched url=https://36kr.com/search/articles/%E5%90%8E%E6%B5%AA%E7%99%BD%E7%9A%AE%E4%B9%A6 html_length=68130
2026-04-23 09:19:08 [kr36] fetch_ok method=curl_playwright_search url=https://36kr.com/search/articles/%E5%90%8E%E6%B5%AA%E7%99%BD%E7%9A%AE%E4%B9%A6 html_length=68130
2026-04-23 09:19:08 [kr36] round_end page=5 round=5/11 stage=search category=后浪白皮书 status=ok fetched=3 total_refs=13 elapsed_ms=23642
2026-04-23 09:19:08 [kr36] 完成搜索页(后浪白皮书)，数据 3 条，累计 13 条
2026-04-23 09:19:08 [kr36] round_next round=6/11 stage=search_or_channel
2026-04-23 09:19:08 [kr36] round_start page=6 round=6/11 stage=search category=行业日报 url=https://36kr.com/search/articles/%E8%A1%8C%E4%B8%9A%E6%97%A5%E6%8A%A5
2026-04-23 09:19:08 [kr36] 进入搜索页(行业日报)，数据 0 条，累计 13 条
2026-04-23 09:19:08 [kr36] fetch_start url=https://36kr.com/search/articles/%E8%A1%8C%E4%B8%9A%E6%97%A5%E6%8A%A5
2026-04-23 09:19:10 [kr36] search_playwright_start url=https://36kr.com/search/articles/%E8%A1%8C%E4%B8%9A%E6%97%A5%E6%8A%A5 timeout_ms=35000 max_attempts=2
2026-04-23 09:19:35 [kr36] search_playwright_once_end url=https://36kr.com/search/articles/%E8%A1%8C%E4%B8%9A%E6%97%A5%E6%8A%A5 html_length=69373
2026-04-23 09:19:35 [kr36] search_playwright_ok attempt=1 url=https://36kr.com/search/articles/%E8%A1%8C%E4%B8%9A%E6%97%A5%E6%8A%A5 html_length=69373
2026-04-23 09:19:35 [kr36] search_listing_csr_enriched url=https://36kr.com/search/articles/%E8%A1%8C%E4%B8%9A%E6%97%A5%E6%8A%A5 html_length=69373
2026-04-23 09:19:35 [kr36] fetch_ok method=curl_playwright_search url=https://36kr.com/search/articles/%E8%A1%8C%E4%B8%9A%E6%97%A5%E6%8A%A5 html_length=69373
2026-04-23 09:19:35 [kr36] round_end page=6 round=6/11 stage=search category=行业日报 status=ok fetched=4 total_refs=17 elapsed_ms=26975
2026-04-23 09:19:35 [kr36] 完成搜索页(行业日报)，数据 4 条，累计 17 条
2026-04-23 09:19:35 [kr36] round_next round=7/11 stage=search_or_channel
2026-04-23 09:19:35 [kr36] round_start page=7 round=7/11 stage=search category=Long China 50 url=https://36kr.com/search/articles/Long%20China%2050
2026-04-23 09:19:35 [kr36] 进入搜索页(Long China 50)，数据 0 条，累计 17 条
2026-04-23 09:19:35 [kr36] fetch_start url=https://36kr.com/search/articles/Long%20China%2050
2026-04-23 09:19:37 [kr36] search_playwright_start url=https://36kr.com/search/articles/Long%20China%2050 timeout_ms=35000 max_attempts=2
2026-04-23 09:20:03 [kr36] search_playwright_once_end url=https://36kr.com/search/articles/Long%20China%2050 html_length=103110
2026-04-23 09:20:03 [kr36] search_playwright_ok attempt=1 url=https://36kr.com/search/articles/Long%20China%2050 html_length=103110
2026-04-23 09:20:03 [kr36] search_listing_csr_enriched url=https://36kr.com/search/articles/Long%20China%2050 html_length=103110
2026-04-23 09:20:03 [kr36] fetch_ok method=curl_playwright_search url=https://36kr.com/search/articles/Long%20China%2050 html_length=103110
2026-04-23 09:20:03 [kr36] round_end page=7 round=7/11 stage=search category=Long China 50 status=ok fetched=5 total_refs=22 elapsed_ms=27962
2026-04-23 09:20:03 [kr36] 完成搜索页(Long China 50)，数据 5 条，累计 22 条
2026-04-23 09:20:03 [kr36] round_next round=8/11 stage=search_or_channel
2026-04-23 09:20:03 [kr36] round_start page=8 round=8/11 stage=search category=投资派 url=https://36kr.com/search/articles/%E6%8A%95%E8%B5%84%E6%B4%BE
2026-04-23 09:20:03 [kr36] 进入搜索页(投资派)，数据 0 条，累计 22 条
2026-04-23 09:20:03 [kr36] throttle_wait url=https://36kr.com/search/articles/%E6%8A%95%E8%B5%84%E6%B4%BE wait_ms=1822 global_wait_ms=1822 same_url_wait_ms=0 risk_wait_ms=0
2026-04-23 09:20:05 [kr36] fetch_start url=https://36kr.com/search/articles/%E6%8A%95%E8%B5%84%E6%B4%BE
2026-04-23 09:20:07 [kr36] search_playwright_start url=https://36kr.com/search/articles/%E6%8A%95%E8%B5%84%E6%B4%BE timeout_ms=35000 max_attempts=2
2026-04-23 09:20:55 [kr36] search_playwright_selector_timeout url=https://36kr.com/search/articles/%E6%8A%95%E8%B5%84%E6%B4%BE selector=ul.kr-search-result-list-main
2026-04-23 09:21:13 [kr36] search_playwright_selector_timeout url=https://36kr.com/search/articles/%E6%8A%95%E8%B5%84%E6%B4%BE selector=li.search-result-list-item-article
2026-04-23 09:21:16 [kr36] search_playwright_once_end url=https://36kr.com/search/articles/%E6%8A%95%E8%B5%84%E6%B4%BE html_length=4338
2026-04-23 09:21:16 [kr36] search_playwright_suspicious_body attempt=1/2 url=https://36kr.com/search/articles/%E6%8A%95%E8%B5%84%E6%B4%BE html_length=4338 hint=risk_or_transient
2026-04-23 09:22:07 [kr36] search_playwright_selector_timeout url=https://36kr.com/search/articles/%E6%8A%95%E8%B5%84%E6%B4%BE selector=ul.kr-search-result-list-main
2026-04-23 09:22:25 [kr36] search_playwright_selector_timeout url=https://36kr.com/search/articles/%E6%8A%95%E8%B5%84%E6%B4%BE selector=li.search-result-list-item-article
2026-04-23 09:22:28 [kr36] search_playwright_once_end url=https://36kr.com/search/articles/%E6%8A%95%E8%B5%84%E6%B4%BE html_length=4338
2026-04-23 09:22:28 [kr36] search_playwright_suspicious_body attempt=2/2 url=https://36kr.com/search/articles/%E6%8A%95%E8%B5%84%E6%B4%BE html_length=4338 hint=risk_or_transient
2026-04-23 09:22:28 [kr36] search_cookie_refresh_start url=https://36kr.com/search/articles/%E6%8A%95%E8%B5%84%E6%B4%BE
2026-04-23 09:22:47 [kr36] risk_cookie_refresh_ok url=https://36kr.com/search/articles/%E6%8A%95%E8%B5%84%E6%B4%BE html_length=4308
2026-04-23 09:22:48 [kr36] risk_cookie_refresh_end url=https://36kr.com/search/articles/%E6%8A%95%E8%B5%84%E6%B4%BE ok=true changed=true key_changed=true has_required_fields=false html_usable=false
2026-04-23 09:22:49 [kr36] search_playwright_start url=https://36kr.com/search/articles/%E6%8A%95%E8%B5%84%E6%B4%BE timeout_ms=35000 max_attempts=2
2026-04-23 09:23:34 [kr36] search_playwright_selector_timeout url=https://36kr.com/search/articles/%E6%8A%95%E8%B5%84%E6%B4%BE selector=ul.kr-search-result-list-main
2026-04-23 09:23:53 [kr36] search_playwright_selector_timeout url=https://36kr.com/search/articles/%E6%8A%95%E8%B5%84%E6%B4%BE selector=li.search-result-list-item-article
2026-04-23 09:23:56 [kr36] search_playwright_once_end url=https://36kr.com/search/articles/%E6%8A%95%E8%B5%84%E6%B4%BE html_length=4338
2026-04-23 09:23:56 [kr36] search_playwright_suspicious_body attempt=1/2 url=https://36kr.com/search/articles/%E6%8A%95%E8%B5%84%E6%B4%BE html_length=4338 hint=risk_or_transient
2026-04-23 09:24:43 [kr36] search_playwright_selector_timeout url=https://36kr.com/search/articles/%E6%8A%95%E8%B5%84%E6%B4%BE selector=ul.kr-search-result-list-main
2026-04-23 09:25:01 [kr36] search_playwright_selector_timeout url=https://36kr.com/search/articles/%E6%8A%95%E8%B5%84%E6%B4%BE selector=li.search-result-list-item-article
2026-04-23 09:25:04 [kr36] search_playwright_once_end url=https://36kr.com/search/articles/%E6%8A%95%E8%B5%84%E6%B4%BE html_length=4338
2026-04-23 09:25:04 [kr36] search_playwright_suspicious_body attempt=2/2 url=https://36kr.com/search/articles/%E6%8A%95%E8%B5%84%E6%B4%BE html_length=4338 hint=risk_or_transient
2026-04-23 09:25:04 [kr36] search_cookie_refresh_still_bad url=https://36kr.com/search/articles/%E6%8A%95%E8%B5%84%E6%B4%BE html_length=4338
2026-04-23 09:25:04 [kr36] search_listing_csr_enriched url=https://36kr.com/search/articles/%E6%8A%95%E8%B5%84%E6%B4%BE html_length=4338
2026-04-23 09:25:04 [kr36] fetch_ok method=curl_playwright_search url=https://36kr.com/search/articles/%E6%8A%95%E8%B5%84%E6%B4%BE html_length=4338
2026-04-23 09:25:04 [kr36] page_result page=8 stage=search category=投资派 status=deferred_blocked url=https://36kr.com/search/articles/%E6%8A%95%E8%B5%84%E6%B4%BE fetched=0 total_refs=22
2026-04-23 09:25:04 [kr36] round_end page=8 round=8/11 stage=search category=投资派 status=ok fetched=0 total_refs=22 elapsed_ms=301174
2026-04-23 09:25:04 [kr36] 完成搜索页(投资派)，数据 0 条，累计 22 条
2026-04-23 09:25:04 [kr36] round_next round=9/11 stage=search_or_channel
2026-04-23 09:25:04 [kr36] round_start page=9 round=9/11 stage=search category=新青年观察 url=https://36kr.com/search/articles/%E6%96%B0%E9%9D%92%E5%B9%B4%E8%A7%82%E5%AF%9F
2026-04-23 09:25:04 [kr36] 进入搜索页(新青年观察)，数据 0 条，累计 22 条
2026-04-23 09:25:05 [kr36] fetch_start url=https://36kr.com/search/articles/%E6%96%B0%E9%9D%92%E5%B9%B4%E8%A7%82%E5%AF%9F
2026-04-23 09:25:06 [kr36] search_playwright_start url=https://36kr.com/search/articles/%E6%96%B0%E9%9D%92%E5%B9%B4%E8%A7%82%E5%AF%9F timeout_ms=35000 max_attempts=2
2026-04-23 09:25:51 [kr36] search_playwright_selector_timeout url=https://36kr.com/search/articles/%E6%96%B0%E9%9D%92%E5%B9%B4%E8%A7%82%E5%AF%9F selector=ul.kr-search-result-list-main
2026-04-23 09:26:09 [kr36] search_playwright_selector_timeout url=https://36kr.com/search/articles/%E6%96%B0%E9%9D%92%E5%B9%B4%E8%A7%82%E5%AF%9F selector=li.search-result-list-item-article
2026-04-23 09:26:12 [kr36] search_playwright_once_end url=https://36kr.com/search/articles/%E6%96%B0%E9%9D%92%E5%B9%B4%E8%A7%82%E5%AF%9F html_length=4338
2026-04-23 09:26:12 [kr36] search_playwright_suspicious_body attempt=1/2 url=https://36kr.com/search/articles/%E6%96%B0%E9%9D%92%E5%B9%B4%E8%A7%82%E5%AF%9F html_length=4338 hint=risk_or_transient
2026-04-23 09:27:06 [kr36] search_playwright_selector_timeout url=https://36kr.com/search/articles/%E6%96%B0%E9%9D%92%E5%B9%B4%E8%A7%82%E5%AF%9F selector=ul.kr-search-result-list-main
2026-04-23 09:27:24 [kr36] search_playwright_selector_timeout url=https://36kr.com/search/articles/%E6%96%B0%E9%9D%92%E5%B9%B4%E8%A7%82%E5%AF%9F selector=li.search-result-list-item-article
2026-04-23 09:27:27 [kr36] search_playwright_once_end url=https://36kr.com/search/articles/%E6%96%B0%E9%9D%92%E5%B9%B4%E8%A7%82%E5%AF%9F html_length=4338
2026-04-23 09:27:27 [kr36] search_playwright_suspicious_body attempt=2/2 url=https://36kr.com/search/articles/%E6%96%B0%E9%9D%92%E5%B9%B4%E8%A7%82%E5%AF%9F html_length=4338 hint=risk_or_transient
2026-04-23 09:27:27 [kr36] search_cookie_refresh_start url=https://36kr.com/search/articles/%E6%96%B0%E9%9D%92%E5%B9%B4%E8%A7%82%E5%AF%9F
2026-04-23 09:27:43 [kr36] risk_cookie_refresh_ok url=https://36kr.com/search/articles/%E6%96%B0%E9%9D%92%E5%B9%B4%E8%A7%82%E5%AF%9F html_length=1469
2026-04-23 09:27:50 [kr36] risk_cookie_refresh_end url=https://36kr.com/search/articles/%E6%96%B0%E9%9D%92%E5%B9%B4%E8%A7%82%E5%AF%9F ok=true changed=true key_changed=true has_required_fields=false html_usable=true
2026-04-23 09:27:50 [kr36] search_playwright_start url=https://36kr.com/search/articles/%E6%96%B0%E9%9D%92%E5%B9%B4%E8%A7%82%E5%AF%9F timeout_ms=35000 max_attempts=2
2026-04-23 09:28:39 [kr36] search_playwright_selector_timeout url=https://36kr.com/search/articles/%E6%96%B0%E9%9D%92%E5%B9%B4%E8%A7%82%E5%AF%9F selector=ul.kr-search-result-list-main
2026-04-23 09:28:57 [kr36] search_playwright_selector_timeout url=https://36kr.com/search/articles/%E6%96%B0%E9%9D%92%E5%B9%B4%E8%A7%82%E5%AF%9F selector=li.search-result-list-item-article
2026-04-23 09:29:01 [kr36] search_playwright_once_end url=https://36kr.com/search/articles/%E6%96%B0%E9%9D%92%E5%B9%B4%E8%A7%82%E5%AF%9F html_length=3687
2026-04-23 09:29:01 [kr36] search_playwright_suspicious_body attempt=1/2 url=https://36kr.com/search/articles/%E6%96%B0%E9%9D%92%E5%B9%B4%E8%A7%82%E5%AF%9F html_length=3687 hint=risk_or_transient
2026-04-23 09:29:52 [kr36] search_playwright_selector_timeout url=https://36kr.com/search/articles/%E6%96%B0%E9%9D%92%E5%B9%B4%E8%A7%82%E5%AF%9F selector=ul.kr-search-result-list-main
2026-04-23 09:30:10 [kr36] search_playwright_selector_timeout url=https://36kr.com/search/articles/%E6%96%B0%E9%9D%92%E5%B9%B4%E8%A7%82%E5%AF%9F selector=li.search-result-list-item-article
2026-04-23 09:30:14 [kr36] search_playwright_once_end url=https://36kr.com/search/articles/%E6%96%B0%E9%9D%92%E5%B9%B4%E8%A7%82%E5%AF%9F html_length=3687
2026-04-23 09:30:14 [kr36] search_playwright_suspicious_body attempt=2/2 url=https://36kr.com/search/articles/%E6%96%B0%E9%9D%92%E5%B9%B4%E8%A7%82%E5%AF%9F html_length=3687 hint=risk_or_transient
2026-04-23 09:30:14 [kr36] search_cookie_refresh_still_bad url=https://36kr.com/search/articles/%E6%96%B0%E9%9D%92%E5%B9%B4%E8%A7%82%E5%AF%9F html_length=3687
2026-04-23 09:30:14 [kr36] search_listing_csr_enriched url=https://36kr.com/search/articles/%E6%96%B0%E9%9D%92%E5%B9%B4%E8%A7%82%E5%AF%9F html_length=3687
2026-04-23 09:30:14 [kr36] fetch_ok method=curl_playwright_search url=https://36kr.com/search/articles/%E6%96%B0%E9%9D%92%E5%B9%B4%E8%A7%82%E5%AF%9F html_length=3687
2026-04-23 09:30:14 [kr36] page_result page=9 stage=search category=新青年观察 status=deferred_blocked url=https://36kr.com/search/articles/%E6%96%B0%E9%9D%92%E5%B9%B4%E8%A7%82%E5%AF%9F fetched=0 total_refs=22
2026-04-23 09:30:14 [kr36] round_end page=9 round=9/11 stage=search category=新青年观察 status=ok fetched=0 total_refs=22 elapsed_ms=309448
2026-04-23 09:30:14 [kr36] 完成搜索页(新青年观察)，数据 0 条，累计 22 条
2026-04-23 09:30:14 [kr36] round_next round=10/11 stage=search_or_channel
2026-04-23 09:30:14 [kr36] round_start page=10 round=10/11 stage=search category=KRLab url=https://36kr.com/search/articles/KRLab
2026-04-23 09:30:14 [kr36] 进入搜索页(KRLab)，数据 0 条，累计 22 条
2026-04-23 09:30:14 [kr36] fetch_start url=https://36kr.com/search/articles/KRLab
2026-04-23 09:30:16 [kr36] search_playwright_start url=https://36kr.com/search/articles/KRLab timeout_ms=35000 max_attempts=2
2026-04-23 09:31:00 [kr36] search_playwright_selector_timeout url=https://36kr.com/search/articles/KRLab selector=ul.kr-search-result-list-main
2026-04-23 09:31:19 [kr36] search_playwright_selector_timeout url=https://36kr.com/search/articles/KRLab selector=li.search-result-list-item-article
2026-04-23 09:31:22 [kr36] search_playwright_once_end url=https://36kr.com/search/articles/KRLab html_length=3687
2026-04-23 09:31:22 [kr36] search_playwright_suspicious_body attempt=1/2 url=https://36kr.com/search/articles/KRLab html_length=3687 hint=risk_or_transient
2026-04-23 09:32:11 [kr36] search_playwright_selector_timeout url=https://36kr.com/search/articles/KRLab selector=ul.kr-search-result-list-main
2026-04-23 09:32:29 [kr36] search_playwright_selector_timeout url=https://36kr.com/search/articles/KRLab selector=li.search-result-list-item-article
2026-04-23 09:32:32 [kr36] search_playwright_once_end url=https://36kr.com/search/articles/KRLab html_length=3687
2026-04-23 09:32:32 [kr36] search_playwright_suspicious_body attempt=2/2 url=https://36kr.com/search/articles/KRLab html_length=3687 hint=risk_or_transient
2026-04-23 09:32:32 [kr36] search_cookie_refresh_start url=https://36kr.com/search/articles/KRLab
2026-04-23 09:32:47 [kr36] risk_cookie_refresh_ok url=https://36kr.com/search/articles/KRLab html_length=3657
2026-04-23 09:32:48 [kr36] risk_cookie_refresh_end url=https://36kr.com/search/articles/KRLab ok=false changed=false key_changed=false has_required_fields=false html_usable=false
2026-04-23 09:32:48 [kr36] search_cookie_refresh_failed url=https://36kr.com/search/articles/KRLab
2026-04-23 09:32:48 [kr36] search_cookie_refresh_still_bad url=https://36kr.com/search/articles/KRLab html_length=0
2026-04-23 09:32:48 [kr36] fetch_ok method=curl url=https://36kr.com/search/articles/KRLab html_length=1460
2026-04-23 09:32:48 [kr36] round_end page=10 round=10/11 stage=search category=KRLab status=ok fetched=0 total_refs=22 elapsed_ms=153904
2026-04-23 09:32:48 [kr36] search_zero_result category=KRLab html_length=1460 has_list_main=false has_search_item=false has_p_link=false risk_like=false
2026-04-23 09:32:48 [kr36] 完成搜索页(KRLab)，数据 0 条，累计 22 条
2026-04-23 09:32:48 [kr36] round_next round=11/11 stage=search_or_channel
2026-04-23 09:32:48 [kr36] round_start page=11 round=11/11 stage=search category=数智前瞻 url=https://36kr.com/search/articles/%E6%95%B0%E6%99%BA%E5%89%8D%E7%9E%BB
2026-04-23 09:32:48 [kr36] 进入搜索页(数智前瞻)，数据 0 条，累计 22 条
2026-04-23 09:32:48 [kr36] fetch_start url=https://36kr.com/search/articles/%E6%95%B0%E6%99%BA%E5%89%8D%E7%9E%BB
2026-04-23 09:32:49 [kr36] search_playwright_start url=https://36kr.com/search/articles/%E6%95%B0%E6%99%BA%E5%89%8D%E7%9E%BB timeout_ms=35000 max_attempts=2
2026-04-23 09:33:33 [kr36] search_playwright_selector_timeout url=https://36kr.com/search/articles/%E6%95%B0%E6%99%BA%E5%89%8D%E7%9E%BB selector=ul.kr-search-result-list-main
2026-04-23 09:33:51 [kr36] search_playwright_selector_timeout url=https://36kr.com/search/articles/%E6%95%B0%E6%99%BA%E5%89%8D%E7%9E%BB selector=li.search-result-list-item-article
2026-04-23 09:33:55 [kr36] search_playwright_once_end url=https://36kr.com/search/articles/%E6%95%B0%E6%99%BA%E5%89%8D%E7%9E%BB html_length=3687
2026-04-23 09:33:55 [kr36] search_playwright_suspicious_body attempt=1/2 url=https://36kr.com/search/articles/%E6%95%B0%E6%99%BA%E5%89%8D%E7%9E%BB html_length=3687 hint=risk_or_transient
2026-04-23 09:34:45 [kr36] search_playwright_selector_timeout url=https://36kr.com/search/articles/%E6%95%B0%E6%99%BA%E5%89%8D%E7%9E%BB selector=ul.kr-search-result-list-main
2026-04-23 09:35:03 [kr36] search_playwright_selector_timeout url=https://36kr.com/search/articles/%E6%95%B0%E6%99%BA%E5%89%8D%E7%9E%BB selector=li.search-result-list-item-article
2026-04-23 09:35:06 [kr36] search_playwright_once_end url=https://36kr.com/search/articles/%E6%95%B0%E6%99%BA%E5%89%8D%E7%9E%BB html_length=3687
2026-04-23 09:35:06 [kr36] search_playwright_suspicious_body attempt=2/2 url=https://36kr.com/search/articles/%E6%95%B0%E6%99%BA%E5%89%8D%E7%9E%BB html_length=3687 hint=risk_or_transient
2026-04-23 09:35:06 [kr36] search_cookie_refresh_start url=https://36kr.com/search/articles/%E6%95%B0%E6%99%BA%E5%89%8D%E7%9E%BB
2026-04-23 09:35:22 [kr36] risk_cookie_refresh_ok url=https://36kr.com/search/articles/%E6%95%B0%E6%99%BA%E5%89%8D%E7%9E%BB html_length=3657
2026-04-23 09:35:22 [kr36] risk_cookie_refresh_end url=https://36kr.com/search/articles/%E6%95%B0%E6%99%BA%E5%89%8D%E7%9E%BB ok=false changed=false key_changed=false has_required_fields=false html_usable=false
2026-04-23 09:35:22 [kr36] search_cookie_refresh_failed url=https://36kr.com/search/articles/%E6%95%B0%E6%99%BA%E5%89%8D%E7%9E%BB
2026-04-23 09:35:22 [kr36] search_cookie_refresh_still_bad url=https://36kr.com/search/articles/%E6%95%B0%E6%99%BA%E5%89%8D%E7%9E%BB html_length=0
2026-04-23 09:35:22 [kr36] fetch_ok method=curl url=https://36kr.com/search/articles/%E6%95%B0%E6%99%BA%E5%89%8D%E7%9E%BB html_length=1460
2026-04-23 09:35:22 [kr36] round_end page=11 round=11/11 stage=search category=数智前瞻 status=ok fetched=0 total_refs=22 elapsed_ms=154526
2026-04-23 09:35:22 [kr36] search_zero_result category=数智前瞻 html_length=1460 has_list_main=false has_search_item=false has_p_link=false risk_like=false
2026-04-23 09:35:22 [kr36] 完成搜索页(数智前瞻)，数据 0 条，累计 22 条
2026-04-23 09:35:22 [kr36] deferred_retry_round_start total=2 attempts_per_page=3
2026-04-23 09:35:22 [kr36] deferred_retry_start retry_page=1/2 attempt=1/3 stage=search category=投资派 url=https://36kr.com/search/articles/%E6%8A%95%E8%B5%84%E6%B4%BE
2026-04-23 09:35:22 [kr36] fetch_start url=https://36kr.com/search/articles/%E6%8A%95%E8%B5%84%E6%B4%BE
2026-04-23 09:35:24 [kr36] search_playwright_start url=https://36kr.com/search/articles/%E6%8A%95%E8%B5%84%E6%B4%BE timeout_ms=35000 max_attempts=2
2026-04-23 09:36:10 [kr36] search_playwright_selector_timeout url=https://36kr.com/search/articles/%E6%8A%95%E8%B5%84%E6%B4%BE selector=ul.kr-search-result-list-main
2026-04-23 09:36:29 [kr36] search_playwright_selector_timeout url=https://36kr.com/search/articles/%E6%8A%95%E8%B5%84%E6%B4%BE selector=li.search-result-list-item-article
2026-04-23 09:36:32 [kr36] search_playwright_once_end url=https://36kr.com/search/articles/%E6%8A%95%E8%B5%84%E6%B4%BE html_length=3687
2026-04-23 09:36:32 [kr36] search_playwright_suspicious_body attempt=1/2 url=https://36kr.com/search/articles/%E6%8A%95%E8%B5%84%E6%B4%BE html_length=3687 hint=risk_or_transient
