[kr36] 2026-04-23 18:05:29 starting daily brief run (no email)...
[kr36] PROJECT_ROOT=E:\AI\touzifenxi
[kr36] PYTHON_BIN=E:\AI\touzifenxi\.venv\Scripts\python.exe
[kr36] TIMEOUT=50s
[kr36] LOG_FILE=E:\AI\touzifenxi\logs\kr36\kr36_20260423_180529.log
[kr36] running: "E:\AI\touzifenxi\.venv\Scripts\python.exe" scripts\websearch.py run --source 36kr --timeout 50
2026-04-23 18:05:30 [kr36] listing_begin report_date=2026-04-23 rounds_total=3 candidate_limit=120 mode=sequential step0.5_then_step1
2026-04-23 18:05:30 [kr36] step0.5_topic_round_start page=1 round=1/3 stage=topics url=https://36kr.com/topics/
2026-04-23 18:05:30 [kr36] 进入专题页(0.5步)，数据 0 条，累计 0 条
2026-04-23 18:05:30 [kr36] fetch_start url=https://36kr.com/topics/
2026-04-23 18:05:32 [kr36] fetch_ok method=curl url=https://36kr.com/topics/ html_length=73868
2026-04-23 18:05:32 [kr36] throttle_wait url=https://36kr.com/topics/3770543132934659 wait_ms=26632 global_wait_ms=26632 same_url_wait_ms=0 risk_wait_ms=0
2026-04-23 18:05:59 [kr36] fetch_start url=https://36kr.com/topics/3770543132934659
2026-04-23 18:06:04 [kr36] fetch_ok method=curl url=https://36kr.com/topics/3770543132934659 html_length=76044
2026-04-23 18:06:04 [kr36] throttle_wait url=https://36kr.com/video/3766585318896386 wait_ms=16141 global_wait_ms=16141 same_url_wait_ms=0 risk_wait_ms=0
2026-04-23 18:06:20 [kr36] fetch_start url=https://36kr.com/video/3766585318896386
2026-04-23 18:06:22 [kr36] fetch_ok method=curl url=https://36kr.com/video/3766585318896386 html_length=14308
2026-04-23 18:06:22 [kr36] topic_video_no_cdn_in_html page='https://36kr.com/video/3766585318896386' try_playwright reason=small_shell_len=14308
2026-04-23 18:06:22 [kr36] topic_video_playwright_recover reason=no_cdn_in_html page='https://36kr.com/video/3766585318896386'
2026-04-23 18:06:22 [kr36] playwright_slider_start phase='step4-video' url=https://36kr.com/video/3766585318896386 headless=false channel='msedge'
2026-04-23 18:06:46 [kr36] playwright_slider_preloop phase='step4-video' url=https://36kr.com/video/3766585318896386 wait_after_load_ms=1800 slider_ui_ready_max_ms=20000
2026-04-23 18:06:56 [kr36] playwright_slider_wait_ui phase='step4-video' url=https://36kr.com/video/3766585318896386 ui_ready=true
2026-04-23 18:07:28 [kr36] slider_captcha_solve_result attempted=true
2026-04-23 18:07:28 [kr36] playwright_slider_attempt phase='step4-video' url=https://36kr.com/video/3766585318896386 attempted=true
2026-04-23 18:07:35 [kr36] playwright_slider_wait_ui phase='step4-video' url=https://36kr.com/video/3766585318896386 ui_ready=true
2026-04-23 18:08:06 [kr36] slider_captcha_solve_result attempted=true
2026-04-23 18:08:06 [kr36] playwright_slider_attempt phase='step4-video' url=https://36kr.com/video/3766585318896386 attempted=true
2026-04-23 18:08:12 [kr36] playwright_slider_error phase='step4-video' url=https://36kr.com/video/3766585318896386 error=Page.wait_for_timeout: Target page, context or browser has been closed
2026-04-23 18:08:12 [kr36] fetch_start url=https://36kr.com/video/3766585318896386
2026-04-23 18:08:13 [kr36] fetch_ok method=curl url=https://36kr.com/video/3766585318896386 html_length=1460
2026-04-23 18:08:13 [kr36] topic_video_cdn_extract count=0 html_len=1460 preview='-' page='https://36kr.com/video/3766585318896386'
2026-04-23 18:08:13 [kr36] topic_video_fallback_html_only cdn_tried=0 page='https://36kr.com/video/3766585318896386' html_len=1460
2026-04-23 18:08:13 [kr36] throttle_wait url=https://36kr.com/video/3764840757948933 wait_ms=32231 global_wait_ms=32231 same_url_wait_ms=0 risk_wait_ms=0
