[kr36] 2026-04-23 10:52:14 starting daily brief run (no email)...
[kr36] PROJECT_ROOT=E:\AI\touzifenxi
[kr36] PYTHON_BIN=E:\AI\touzifenxi\.venv\Scripts\python.exe
[kr36] TIMEOUT=40s
[kr36] LOG_FILE=E:\AI\touzifenxi\logs\kr36\kr36_20260423_105213.log
[kr36] running: "E:\AI\touzifenxi\.venv\Scripts\python.exe" scripts\websearch.py run --source 36kr --timeout 40
2026-04-23 10:52:14 [kr36] listing_begin report_date=2026-04-23 rounds_total=11 candidate_limit=120 mode=sequential step0.5_then_step1
2026-04-23 10:52:14 [kr36] step0.5_topic_round_start page=1 round=1/11 stage=topics url=https://36kr.com/topics/
2026-04-23 10:52:14 [kr36] 进入专题页(0.5步)，数据 0 条，累计 0 条
2026-04-23 10:52:14 [kr36] fetch_start url=https://36kr.com/topics/
2026-04-23 10:52:16 [kr36] topics_activity_enrich_direct_step4 reason=auto_solver url=https://36kr.com/topics/ page_kind=topics
2026-04-23 10:52:16 [kr36] playwright_slider_start phase='topics-activity-step4-topics' url=https://36kr.com/topics/ headless=false channel='msedge'
2026-04-23 10:52:38 [kr36] playwright_slider_preloop phase='topics-activity-step4-topics' url=https://36kr.com/topics/ wait_after_load_ms=1800 slider_ui_ready_max_ms=20000
2026-04-23 10:52:41 [kr36] playwright_slider_wait_ui phase='topics-activity-step4-topics' url=https://36kr.com/topics/ ui_ready=true
2026-04-23 10:52:46 [kr36] slider_captcha_solve_result attempted=true
2026-04-23 10:52:46 [kr36] playwright_slider_attempt phase='topics-activity-step4-topics' url=https://36kr.com/topics/ attempted=true
2026-04-23 10:52:55 [kr36] playwright_slider_ok phase='topics-activity-step4-topics' url=https://36kr.com/topics/ html_length=82122
2026-04-23 10:52:56 [kr36] topics_activity_csr_enriched url=https://36kr.com/topics/ html_length=82122
2026-04-23 10:52:56 [kr36] fetch_ok method=curl_playwright_topics_activity url=https://36kr.com/topics/ html_length=82122
2026-04-23 10:52:56 [kr36] fetch_start url=https://36kr.com/topics/3770543132934659
2026-04-23 10:53:00 [kr36] fetch_ok method=curl url=https://36kr.com/topics/3770543132934659 html_length=76044
2026-04-23 10:53:00 [kr36] throttle_wait url=https://36kr.com/video/3766585318896386 wait_ms=29213 global_wait_ms=29213 same_url_wait_ms=0 risk_wait_ms=0
2026-04-23 10:53:30 [kr36] fetch_start url=https://36kr.com/video/3766585318896386
2026-04-23 10:53:32 [kr36] fetch_ok method=curl url=https://36kr.com/video/3766585318896386 html_length=60285
2026-04-23 10:53:32 [kr36] topic_video_cdn_extract count=7 html_len=60285 preview='https://videos.36krcdn.com/20260414/v2_1776165984015_video_mp4_v11' page='https://36kr.com/video/3766585318896386'
2026-04-23 10:54:04 [kr36] topic_video_download_ok cdn='https://videos.36krcdn.com/20260414/v2_1776165984015_video_mp4_v11' local=E:\AI\touzifenxi\output\reports\kr36_report\kr36_search_202604231052\kr36_topic_downloads\本周有大事丨大疆八年熵减，汪滔十年修行；为了保住同伙，AI有多癫；新中产收割机，想挑战Lululemon_\2026-04-15\videos\氪大事___为了保住同伙，AI有多癫？_36kr_topic_video_3766585318896386.mp4
2026-04-23 10:54:23 [kr36] topic_asr_ok chars=1181 transcript=E:\AI\touzifenxi\output\reports\kr36_report\kr36_search_202604231052\kr36_topic_downloads\本周有大事丨大疆八年熵减，汪滔十年修行；为了保住同伙，AI有多癫；新中产收割机，想挑战Lululemon_\2026-04-15\videos\氪大事___为了保住同伙，AI有多癫？_36kr_topic_video_3766585318896386.transcript.txt code=20000000 role=topic_video_asr_transcript
2026-04-23 10:54:23 [kr36] fetch_start url=https://36kr.com/video/3764840757948933
2026-04-23 10:54:25 [kr36] fetch_ok method=curl url=https://36kr.com/video/3764840757948933 html_length=59767
2026-04-23 10:54:25 [kr36] topic_video_cdn_extract count=7 html_len=59767 preview='https://videos.36krcdn.com/20260413/v2_1776051795825_video_mp4_v11' page='https://36kr.com/video/3764840757948933'
2026-04-23 10:54:48 [kr36] topic_video_download_ok cdn='https://videos.36krcdn.com/20260413/v2_1776051795825_video_mp4_v11' local=E:\AI\touzifenxi\output\reports\kr36_report\kr36_search_202604231052\kr36_topic_downloads\本周有大事丨大疆八年熵减，汪滔十年修行；为了保住同伙，AI有多癫；新中产收割机，想挑战Lululemon_\2026-04-14\videos\于东来和魏建军，两个“最轴”的老板“约会”了_36kr_topic_video_3764840757948933.mp4
2026-04-23 10:55:06 [kr36] topic_asr_ok chars=418 transcript=E:\AI\touzifenxi\output\reports\kr36_report\kr36_search_202604231052\kr36_topic_downloads\本周有大事丨大疆八年熵减，汪滔十年修行；为了保住同伙，AI有多癫；新中产收割机，想挑战Lululemon_\2026-04-14\videos\于东来和魏建军，两个“最轴”的老板“约会”了_36kr_topic_video_3764840757948933.transcript.txt code=20000000 role=topic_video_asr_transcript
2026-04-23 10:55:06 [kr36] fetch_start url=https://36kr.com/video/3765091828527880
2026-04-23 10:55:08 [kr36] fetch_ok method=curl url=https://36kr.com/video/3765091828527880 html_length=59010
2026-04-23 10:55:08 [kr36] topic_video_cdn_extract count=7 html_len=59010 preview='https://videos.36krcdn.com/20260413/v2_1776074530156_video_mp4_v9' page='https://36kr.com/video/3765091828527880'
2026-04-23 10:55:41 [kr36] topic_video_download_ok cdn='https://videos.36krcdn.com/20260413/v2_1776074530156_video_mp4_v9' local=E:\AI\touzifenxi\output\reports\kr36_report\kr36_search_202604231052\kr36_topic_downloads\本周有大事丨大疆八年熵减，汪滔十年修行；为了保住同伙，AI有多癫；新中产收割机，想挑战Lululemon_\2026-04-13\videos\AI盗脸风波：当技术“越界”_如何守住自己的数字人格？_36kr_topic_video_3765091828527880.mp4
2026-04-23 10:56:29 [kr36] topic_asr_ok chars=1061 transcript=E:\AI\touzifenxi\output\reports\kr36_report\kr36_search_202604231052\kr36_topic_downloads\本周有大事丨大疆八年熵减，汪滔十年修行；为了保住同伙，AI有多癫；新中产收割机，想挑战Lululemon_\2026-04-13\videos\AI盗脸风波：当技术“越界”_如何守住自己的数字人格？_36kr_topic_video_3765091828527880.transcript.txt code=20000000 role=topic_video_asr_transcript
2026-04-23 10:56:29 [kr36] fetch_start url=https://36kr.com/topics/3771153216865028
2026-04-23 10:56:31 [kr36] fetch_ok method=curl url=https://36kr.com/topics/3771153216865028 html_length=80129
2026-04-23 10:56:31 [kr36] step0.5_topic_round_end page=1 round=1/11 stage=topics status=ok fetched=3 total_topic_refs=3 elapsed_ms=256668
2026-04-23 10:56:31 [kr36] 完成专题页(0.5步)，数据 3 条，累计 3 条
2026-04-23 10:56:31 [kr36] step1_listing_next round=2/11 stage=activity
2026-04-23 10:56:31 [kr36] step1_main_round_start page=2 round=2/11 stage=activity url=https://36kr.com/activity
2026-04-23 10:56:31 [kr36] 进入活动页，数据 0 条，累计 0 条
2026-04-23 10:56:31 [kr36] throttle_wait url=https://36kr.com/activity wait_ms=33681 global_wait_ms=33681 same_url_wait_ms=0 risk_wait_ms=0
2026-04-23 10:57:04 [kr36] fetch_start url=https://36kr.com/activity
2026-04-23 10:57:07 [kr36] fetch_ok method=curl url=https://36kr.com/activity html_length=61604
2026-04-23 10:57:07 [kr36] round_end page=2 round=2/11 stage=activity status=ok fetched=2 total_refs=2 elapsed_ms=35801
2026-04-23 10:57:07 [kr36] 完成活动页，数据 2 条，累计 2 条
2026-04-23 10:57:07 [kr36] round_next round=3/11 stage=search
2026-04-23 10:57:07 [kr36] round_start page=3 round=3/11 stage=search category=36氪独家 url=https://36kr.com/search/articles/36%E6%B0%AA%E7%8B%AC%E5%AE%B6
2026-04-23 10:57:07 [kr36] 进入搜索页(36氪独家)，数据 0 条，累计 2 条
2026-04-23 10:57:07 [kr36] throttle_wait url=https://36kr.com/search/articles/36%E6%B0%AA%E7%8B%AC%E5%AE%B6 wait_ms=23612 global_wait_ms=23612 same_url_wait_ms=0 risk_wait_ms=0
2026-04-23 10:57:30 [kr36] fetch_start url=https://36kr.com/search/articles/36%E6%B0%AA%E7%8B%AC%E5%AE%B6
2026-04-23 10:57:32 [kr36] search_enrich_direct_step4 reason=auto_solver url=https://36kr.com/search/articles/36%E6%B0%AA%E7%8B%AC%E5%AE%B6
2026-04-23 10:57:32 [kr36] playwright_slider_start phase='search-listing-step4' url=https://36kr.com/search/articles/36%E6%B0%AA%E7%8B%AC%E5%AE%B6 headless=false channel='msedge'
2026-04-23 10:57:50 [kr36] playwright_slider_preloop phase='search-listing-step4' url=https://36kr.com/search/articles/36%E6%B0%AA%E7%8B%AC%E5%AE%B6 wait_after_load_ms=1800 slider_ui_ready_max_ms=20000
2026-04-23 10:57:54 [kr36] playwright_slider_ok phase='search-listing-step4' url=https://36kr.com/search/articles/36%E6%B0%AA%E7%8B%AC%E5%AE%B6 html_length=102530
2026-04-23 10:57:55 [kr36] search_listing_csr_enriched url=https://36kr.com/search/articles/36%E6%B0%AA%E7%8B%AC%E5%AE%B6 html_length=102530
2026-04-23 10:57:55 [kr36] fetch_ok method=curl_playwright_search url=https://36kr.com/search/articles/36%E6%B0%AA%E7%8B%AC%E5%AE%B6 html_length=102530
2026-04-23 10:57:55 [kr36] round_end page=3 round=3/11 stage=search category=36氪独家 status=ok fetched=5 total_refs=7 elapsed_ms=48085
2026-04-23 10:57:55 [kr36] 完成搜索页(36氪独家)，数据 5 条，累计 7 条
2026-04-23 10:57:55 [kr36] round_next round=4/11 stage=search_or_channel
2026-04-23 10:57:55 [kr36] round_start page=4 round=4/11 stage=search category=深氪 url=https://36kr.com/search/articles/%E6%B7%B1%E6%B0%AA
2026-04-23 10:57:55 [kr36] 进入搜索页(深氪)，数据 0 条，累计 7 条
2026-04-23 10:57:55 [kr36] throttle_wait url=https://36kr.com/search/articles/%E6%B7%B1%E6%B0%AA wait_ms=4166 global_wait_ms=4166 same_url_wait_ms=0 risk_wait_ms=0
2026-04-23 10:57:59 [kr36] fetch_start url=https://36kr.com/search/articles/%E6%B7%B1%E6%B0%AA
2026-04-23 10:58:01 [kr36] search_enrich_direct_step4 reason=auto_solver url=https://36kr.com/search/articles/%E6%B7%B1%E6%B0%AA
2026-04-23 10:58:01 [kr36] playwright_slider_start phase='search-listing-step4' url=https://36kr.com/search/articles/%E6%B7%B1%E6%B0%AA headless=false channel='msedge'
2026-04-23 10:58:17 [kr36] playwright_slider_preloop phase='search-listing-step4' url=https://36kr.com/search/articles/%E6%B7%B1%E6%B0%AA wait_after_load_ms=1800 slider_ui_ready_max_ms=20000
2026-04-23 10:58:21 [kr36] playwright_slider_ok phase='search-listing-step4' url=https://36kr.com/search/articles/%E6%B7%B1%E6%B0%AA html_length=100521
2026-04-23 10:58:22 [kr36] search_listing_csr_enriched url=https://36kr.com/search/articles/%E6%B7%B1%E6%B0%AA html_length=100521
2026-04-23 10:58:22 [kr36] fetch_ok method=curl_playwright_search url=https://36kr.com/search/articles/%E6%B7%B1%E6%B0%AA html_length=100521
2026-04-23 10:58:22 [kr36] round_end page=4 round=4/11 stage=search category=深氪 status=ok fetched=5 total_refs=12 elapsed_ms=27297
2026-04-23 10:58:22 [kr36] 完成搜索页(深氪)，数据 5 条，累计 12 条
2026-04-23 10:58:22 [kr36] round_next round=5/11 stage=search_or_channel
2026-04-23 10:58:22 [kr36] round_start page=5 round=5/11 stage=search category=后浪白皮书 url=https://36kr.com/search/articles/%E5%90%8E%E6%B5%AA%E7%99%BD%E7%9A%AE%E4%B9%A6
2026-04-23 10:58:22 [kr36] 进入搜索页(后浪白皮书)，数据 0 条，累计 12 条
2026-04-23 10:58:22 [kr36] throttle_wait url=https://36kr.com/search/articles/%E5%90%8E%E6%B5%AA%E7%99%BD%E7%9A%AE%E4%B9%A6 wait_ms=8411 global_wait_ms=8411 same_url_wait_ms=0 risk_wait_ms=0
2026-04-23 10:58:30 [kr36] fetch_start url=https://36kr.com/search/articles/%E5%90%8E%E6%B5%AA%E7%99%BD%E7%9A%AE%E4%B9%A6
2026-04-23 10:58:32 [kr36] search_enrich_direct_step4 reason=auto_solver url=https://36kr.com/search/articles/%E5%90%8E%E6%B5%AA%E7%99%BD%E7%9A%AE%E4%B9%A6
2026-04-23 10:58:32 [kr36] playwright_slider_start phase='search-listing-step4' url=https://36kr.com/search/articles/%E5%90%8E%E6%B5%AA%E7%99%BD%E7%9A%AE%E4%B9%A6 headless=false channel='msedge'
2026-04-23 10:58:49 [kr36] playwright_slider_preloop phase='search-listing-step4' url=https://36kr.com/search/articles/%E5%90%8E%E6%B5%AA%E7%99%BD%E7%9A%AE%E4%B9%A6 wait_after_load_ms=1800 slider_ui_ready_max_ms=20000
2026-04-23 10:58:53 [kr36] playwright_slider_ok phase='search-listing-step4' url=https://36kr.com/search/articles/%E5%90%8E%E6%B5%AA%E7%99%BD%E7%9A%AE%E4%B9%A6 html_length=67381
2026-04-23 10:58:53 [kr36] search_listing_csr_enriched url=https://36kr.com/search/articles/%E5%90%8E%E6%B5%AA%E7%99%BD%E7%9A%AE%E4%B9%A6 html_length=67381
2026-04-23 10:58:53 [kr36] fetch_ok method=curl_playwright_search url=https://36kr.com/search/articles/%E5%90%8E%E6%B5%AA%E7%99%BD%E7%9A%AE%E4%B9%A6 html_length=67381
2026-04-23 10:58:53 [kr36] round_end page=5 round=5/11 stage=search category=后浪白皮书 status=ok fetched=3 total_refs=15 elapsed_ms=31337
2026-04-23 10:58:53 [kr36] 完成搜索页(后浪白皮书)，数据 3 条，累计 15 条
2026-04-23 10:58:53 [kr36] round_next round=6/11 stage=search_or_channel
2026-04-23 10:58:53 [kr36] round_start page=6 round=6/11 stage=search category=行业日报 url=https://36kr.com/search/articles/%E8%A1%8C%E4%B8%9A%E6%97%A5%E6%8A%A5
2026-04-23 10:58:53 [kr36] 进入搜索页(行业日报)，数据 0 条，累计 15 条
2026-04-23 10:58:53 [kr36] throttle_wait url=https://36kr.com/search/articles/%E8%A1%8C%E4%B8%9A%E6%97%A5%E6%8A%A5 wait_ms=9792 global_wait_ms=9792 same_url_wait_ms=0 risk_wait_ms=0
2026-04-23 10:59:03 [kr36] fetch_start url=https://36kr.com/search/articles/%E8%A1%8C%E4%B8%9A%E6%97%A5%E6%8A%A5
2026-04-23 10:59:05 [kr36] search_enrich_direct_step4 reason=auto_solver url=https://36kr.com/search/articles/%E8%A1%8C%E4%B8%9A%E6%97%A5%E6%8A%A5
2026-04-23 10:59:05 [kr36] playwright_slider_start phase='search-listing-step4' url=https://36kr.com/search/articles/%E8%A1%8C%E4%B8%9A%E6%97%A5%E6%8A%A5 headless=false channel='msedge'
2026-04-23 10:59:21 [kr36] playwright_slider_preloop phase='search-listing-step4' url=https://36kr.com/search/articles/%E8%A1%8C%E4%B8%9A%E6%97%A5%E6%8A%A5 wait_after_load_ms=1800 slider_ui_ready_max_ms=20000
2026-04-23 10:59:25 [kr36] playwright_slider_ok phase='search-listing-step4' url=https://36kr.com/search/articles/%E8%A1%8C%E4%B8%9A%E6%97%A5%E6%8A%A5 html_length=68624
2026-04-23 10:59:26 [kr36] search_listing_csr_enriched url=https://36kr.com/search/articles/%E8%A1%8C%E4%B8%9A%E6%97%A5%E6%8A%A5 html_length=68624
2026-04-23 10:59:26 [kr36] fetch_ok method=curl_playwright_search url=https://36kr.com/search/articles/%E8%A1%8C%E4%B8%9A%E6%97%A5%E6%8A%A5 html_length=68624
2026-04-23 10:59:26 [kr36] round_end page=6 round=6/11 stage=search category=行业日报 status=ok fetched=4 total_refs=19 elapsed_ms=32525
2026-04-23 10:59:26 [kr36] 完成搜索页(行业日报)，数据 4 条，累计 19 条
2026-04-23 10:59:26 [kr36] round_next round=7/11 stage=search_or_channel
2026-04-23 10:59:26 [kr36] round_start page=7 round=7/11 stage=search category=Long China 50 url=https://36kr.com/search/articles/Long%20China%2050
2026-04-23 10:59:26 [kr36] 进入搜索页(Long China 50)，数据 0 条，累计 19 条
2026-04-23 10:59:26 [kr36] throttle_wait url=https://36kr.com/search/articles/Long%20China%2050 wait_ms=5662 global_wait_ms=5662 same_url_wait_ms=0 risk_wait_ms=0
2026-04-23 10:59:32 [kr36] fetch_start url=https://36kr.com/search/articles/Long%20China%2050
2026-04-23 10:59:34 [kr36] search_enrich_direct_step4 reason=auto_solver url=https://36kr.com/search/articles/Long%20China%2050
2026-04-23 10:59:34 [kr36] playwright_slider_start phase='search-listing-step4' url=https://36kr.com/search/articles/Long%20China%2050 headless=false channel='msedge'
2026-04-23 10:59:50 [kr36] playwright_slider_preloop phase='search-listing-step4' url=https://36kr.com/search/articles/Long%20China%2050 wait_after_load_ms=1800 slider_ui_ready_max_ms=20000
2026-04-23 10:59:54 [kr36] playwright_slider_ok phase='search-listing-step4' url=https://36kr.com/search/articles/Long%20China%2050 html_length=102119
2026-04-23 10:59:55 [kr36] search_listing_csr_enriched url=https://36kr.com/search/articles/Long%20China%2050 html_length=102119
2026-04-23 10:59:55 [kr36] fetch_ok method=curl_playwright_search url=https://36kr.com/search/articles/Long%20China%2050 html_length=102119
2026-04-23 10:59:55 [kr36] round_end page=7 round=7/11 stage=search category=Long China 50 status=ok fetched=5 total_refs=24 elapsed_ms=29008
2026-04-23 10:59:55 [kr36] 完成搜索页(Long China 50)，数据 5 条，累计 24 条
2026-04-23 10:59:55 [kr36] round_next round=8/11 stage=search_or_channel
2026-04-23 10:59:55 [kr36] round_start page=8 round=8/11 stage=search category=投资派 url=https://36kr.com/search/articles/%E6%8A%95%E8%B5%84%E6%B4%BE
2026-04-23 10:59:55 [kr36] 进入搜索页(投资派)，数据 0 条，累计 24 条
2026-04-23 10:59:55 [kr36] throttle_wait url=https://36kr.com/search/articles/%E6%8A%95%E8%B5%84%E6%B4%BE wait_ms=9974 global_wait_ms=9974 same_url_wait_ms=0 risk_wait_ms=0
2026-04-23 11:00:05 [kr36] fetch_start url=https://36kr.com/search/articles/%E6%8A%95%E8%B5%84%E6%B4%BE
2026-04-23 11:00:07 [kr36] search_enrich_direct_step4 reason=auto_solver url=https://36kr.com/search/articles/%E6%8A%95%E8%B5%84%E6%B4%BE
2026-04-23 11:00:07 [kr36] playwright_slider_start phase='search-listing-step4' url=https://36kr.com/search/articles/%E6%8A%95%E8%B5%84%E6%B4%BE headless=false channel='msedge'
2026-04-23 11:00:25 [kr36] playwright_slider_preloop phase='search-listing-step4' url=https://36kr.com/search/articles/%E6%8A%95%E8%B5%84%E6%B4%BE wait_after_load_ms=1800 slider_ui_ready_max_ms=20000
2026-04-23 11:00:29 [kr36] playwright_slider_ok phase='search-listing-step4' url=https://36kr.com/search/articles/%E6%8A%95%E8%B5%84%E6%B4%BE html_length=99956
2026-04-23 11:00:30 [kr36] search_listing_csr_enriched url=https://36kr.com/search/articles/%E6%8A%95%E8%B5%84%E6%B4%BE html_length=99956
2026-04-23 11:00:30 [kr36] fetch_ok method=curl_playwright_search url=https://36kr.com/search/articles/%E6%8A%95%E8%B5%84%E6%B4%BE html_length=99956
2026-04-23 11:00:30 [kr36] round_end page=8 round=8/11 stage=search category=投资派 status=ok fetched=5 total_refs=29 elapsed_ms=34912
2026-04-23 11:00:30 [kr36] 完成搜索页(投资派)，数据 5 条，累计 29 条
2026-04-23 11:00:30 [kr36] round_next round=9/11 stage=search_or_channel
2026-04-23 11:00:30 [kr36] round_start page=9 round=9/11 stage=search category=新青年观察 url=https://36kr.com/search/articles/%E6%96%B0%E9%9D%92%E5%B9%B4%E8%A7%82%E5%AF%9F
2026-04-23 11:00:30 [kr36] 进入搜索页(新青年观察)，数据 0 条，累计 29 条
2026-04-23 11:00:30 [kr36] throttle_wait url=https://36kr.com/search/articles/%E6%96%B0%E9%9D%92%E5%B9%B4%E8%A7%82%E5%AF%9F wait_ms=4462 global_wait_ms=4462 same_url_wait_ms=0 risk_wait_ms=0
2026-04-23 11:00:34 [kr36] fetch_start url=https://36kr.com/search/articles/%E6%96%B0%E9%9D%92%E5%B9%B4%E8%A7%82%E5%AF%9F
2026-04-23 11:00:36 [kr36] search_enrich_direct_step4 reason=auto_solver url=https://36kr.com/search/articles/%E6%96%B0%E9%9D%92%E5%B9%B4%E8%A7%82%E5%AF%9F
2026-04-23 11:00:36 [kr36] playwright_slider_start phase='search-listing-step4' url=https://36kr.com/search/articles/%E6%96%B0%E9%9D%92%E5%B9%B4%E8%A7%82%E5%AF%9F headless=false channel='msedge'
2026-04-23 11:00:54 [kr36] playwright_slider_preloop phase='search-listing-step4' url=https://36kr.com/search/articles/%E6%96%B0%E9%9D%92%E5%B9%B4%E8%A7%82%E5%AF%9F wait_after_load_ms=1800 slider_ui_ready_max_ms=20000
2026-04-23 11:00:58 [kr36] playwright_slider_ok phase='search-listing-step4' url=https://36kr.com/search/articles/%E6%96%B0%E9%9D%92%E5%B9%B4%E8%A7%82%E5%AF%9F html_length=68713
2026-04-23 11:00:59 [kr36] search_listing_csr_enriched url=https://36kr.com/search/articles/%E6%96%B0%E9%9D%92%E5%B9%B4%E8%A7%82%E5%AF%9F html_length=68713
2026-04-23 11:00:59 [kr36] fetch_ok method=curl_playwright_search url=https://36kr.com/search/articles/%E6%96%B0%E9%9D%92%E5%B9%B4%E8%A7%82%E5%AF%9F html_length=68713
2026-04-23 11:00:59 [kr36] round_end page=9 round=9/11 stage=search category=新青年观察 status=ok fetched=4 total_refs=33 elapsed_ms=28937
2026-04-23 11:00:59 [kr36] 完成搜索页(新青年观察)，数据 4 条，累计 33 条
2026-04-23 11:00:59 [kr36] round_next round=10/11 stage=search_or_channel
2026-04-23 11:00:59 [kr36] round_start page=10 round=10/11 stage=search category=KRLab url=https://36kr.com/search/articles/KRLab
2026-04-23 11:00:59 [kr36] 进入搜索页(KRLab)，数据 0 条，累计 33 条
2026-04-23 11:00:59 [kr36] throttle_wait url=https://36kr.com/search/articles/KRLab wait_ms=11737 global_wait_ms=11737 same_url_wait_ms=0 risk_wait_ms=0
2026-04-23 11:01:10 [kr36] fetch_start url=https://36kr.com/search/articles/KRLab
2026-04-23 11:01:12 [kr36] search_enrich_direct_step4 reason=auto_solver url=https://36kr.com/search/articles/KRLab
2026-04-23 11:01:12 [kr36] playwright_slider_start phase='search-listing-step4' url=https://36kr.com/search/articles/KRLab headless=false channel='msedge'
2026-04-23 11:01:54 [kr36] playwright_slider_error phase='search-listing-step4' url=https://36kr.com/search/articles/KRLab error=Page.goto: Timeout 35000ms exceeded.
Call log:
  - navigating to "https://36kr.com/search/articles/KRLab", waiting until "load"

2026-04-23 11:01:54 [kr36] fetch_ok method=curl url=https://36kr.com/search/articles/KRLab html_length=31583
2026-04-23 11:01:54 [kr36] round_end page=10 round=10/11 stage=search category=KRLab status=ok fetched=0 total_refs=33 elapsed_ms=55406
2026-04-23 11:01:54 [kr36] search_zero_result category=KRLab html_length=31583 has_list_main=false has_search_item=false has_p_link=false risk_like=false
2026-04-23 11:01:54 [kr36] 完成搜索页(KRLab)，数据 0 条，累计 33 条
2026-04-23 11:01:54 [kr36] round_next round=11/11 stage=search_or_channel
2026-04-23 11:01:54 [kr36] round_start page=11 round=11/11 stage=search category=数智前瞻 url=https://36kr.com/search/articles/%E6%95%B0%E6%99%BA%E5%89%8D%E7%9E%BB
2026-04-23 11:01:54 [kr36] 进入搜索页(数智前瞻)，数据 0 条，累计 33 条
2026-04-23 11:01:54 [kr36] fetch_start url=https://36kr.com/search/articles/%E6%95%B0%E6%99%BA%E5%89%8D%E7%9E%BB
2026-04-23 11:01:56 [kr36] search_enrich_direct_step4 reason=auto_solver url=https://36kr.com/search/articles/%E6%95%B0%E6%99%BA%E5%89%8D%E7%9E%BB
2026-04-23 11:01:56 [kr36] playwright_slider_start phase='search-listing-step4' url=https://36kr.com/search/articles/%E6%95%B0%E6%99%BA%E5%89%8D%E7%9E%BB headless=false channel='msedge'
2026-04-23 11:02:16 [kr36] playwright_slider_preloop phase='search-listing-step4' url=https://36kr.com/search/articles/%E6%95%B0%E6%99%BA%E5%89%8D%E7%9E%BB wait_after_load_ms=1800 slider_ui_ready_max_ms=20000
2026-04-23 11:02:20 [kr36] playwright_slider_ok phase='search-listing-step4' url=https://36kr.com/search/articles/%E6%95%B0%E6%99%BA%E5%89%8D%E7%9E%BB html_length=100394
2026-04-23 11:02:21 [kr36] search_listing_csr_enriched url=https://36kr.com/search/articles/%E6%95%B0%E6%99%BA%E5%89%8D%E7%9E%BB html_length=100394
2026-04-23 11:02:21 [kr36] fetch_ok method=curl_playwright_search url=https://36kr.com/search/articles/%E6%95%B0%E6%99%BA%E5%89%8D%E7%9E%BB html_length=100394
2026-04-23 11:02:21 [kr36] round_end page=11 round=11/11 stage=search category=数智前瞻 status=ok fetched=5 total_refs=38 elapsed_ms=26495
2026-04-23 11:02:21 [kr36] 完成搜索页(数智前瞻)，数据 5 条，累计 38 条
2026-04-23 11:02:21 [kr36] listing_end report_date=2026-04-23 total_refs=41 stopped_by=normal_complete
