[scheduler] task_id=chip_run
[scheduler] command=E:\AI\touzifenxi\scripts\chip\run_chip_daily_brief_no_email_windows.bat
[scheduler] cwd=E:\AI\touzifenxi
[scheduler] started_at=2026-06-02T17:50:40
[chip] 周二 2026/06/02 17:50:41.67 starting daily brief run (no email)...
[chip] PROJECT_ROOT=E:\AI\touzifenxi
[chip] PYTHON_CMD="E:\AI\touzifenxi\.venv\Scripts\python.exe"
Chip step 1-2 完成 2026-06-01
文章数: 3
主题数: 3
Step 1 CSV: E:\AI\touzifenxi\output\reports\chip_report\chip_search_202606021750\chip_step_1_analysis_20260601.csv
Step 2 YAML: E:\AI\touzifenxi\output\reports\chip_report\chip_search_202606021750\chip_step_2_search_checklist_20260601.yaml
Step 3 YAML: E:\AI\touzifenxi\output\reports\chip_report\chip_search_202606021750\chip_step_3_search_results_20260601.yaml
[半导体][Step4 正文抓取] 内容分析条目数=3（Step3/4 中一行一条；与「抓取次数」不是同一量纲）| 入选链接(去重前)=7 | 标题去重剔除=0 | 入选链接(标题去重后)=7 | 补充正文合并去重剔除=0 | 抓取次数合计(每条=1次原文+每条补充各1次)=6 | 成功=6 | 失败=0 | 细项(success/有正文)=6 | 正文为空(html_fallback empty)=0 | 网络/HTTP失败(failed)=0 | HTML直抓(每URL最多3次) | empty再试一次=false | 阿里云IQS HTTP轮次=6
Step 4 YAML: E:\AI\touzifenxi\output\reports\chip_report\chip_search_202606021750\chip_step_4_content_20260601.yaml
Step 5 YAML: E:\AI\touzifenxi\output\reports\chip_report\chip_search_202606021750\chip_step_5_content_analysis_20260601.yaml
Step 6 MD: E:\AI\touzifenxi\output\reports\chip_report\chip_search_202606021750\chip_step_6_brief_20260601.md
Step 6 HTML: E:\AI\touzifenxi\output\reports\chip_report\chip_search_202606021750\chip_step_6_brief_20260601.html
运行目录: E:\AI\touzifenxi\output\reports\chip_report\chip_search_202606021750
Step 6 文件: E:\AI\touzifenxi\output\reports\chip_report\chip_search_202606021750\chip_step_6_brief_20260601.md
已跳过邮件发送（--no-email）。
[chip] 周二 2026/06/02 17:58:45.43 finished with exit code 0.
[chip] detail log: E:\AI\touzifenxi\logs\chip\chip.log

[scheduler] finished_at=2026-06-02T17:58:45
[scheduler] exit_code=0
